Archive member included to satisfy reference by file (symbol)

C:\Users\19156\Desktop\DualModeKeyboard\SDK\StdPeriphDriver\libISP573.a(ISP573.o)
                              ./StdPeriphDriver/CH57x_pwr.o (FLASH_EEPROM_CMD)
C:\Users\19156\Desktop\DualModeKeyboard\SDK\LIB\libCH57xBLE.a(message.o)
                              ./Profile/hiddev.o (tmos_msg_deallocate)
C:\Users\19156\Desktop\DualModeKeyboard\SDK\LIB\libCH57xBLE.a(tmos.o)
                              ./Profile/battservice.o (tmos_memcpy)
C:\Users\19156\Desktop\DualModeKeyboard\SDK\LIB\libCH57xBLE.a(tmos_hw.o)
                              C:\Users\19156\Desktop\DualModeKeyboard\SDK\LIB\libCH57xBLE.a(tmos.o) (RTC_Get32KClock)
C:\Users\19156\Desktop\DualModeKeyboard\SDK\LIB\libCH57xBLE.a(tmos_snv.o)
                              C:\Users\19156\Desktop\DualModeKeyboard\SDK\LIB\libCH57xBLE.a(tmos.o) (tmos_snv_init)
C:\Users\19156\Desktop\DualModeKeyboard\SDK\LIB\libCH57xBLE.a(gap.o)
                              ./Profile/hiddev.o (GAP_SetParamValue)
C:\Users\19156\Desktop\DualModeKeyboard\SDK\LIB\libCH57xBLE.a(gap_central.o)
                              C:\Users\19156\Desktop\DualModeKeyboard\SDK\LIB\libCH57xBLE.a(gap.o) (GAP_CentralParamInit)
C:\Users\19156\Desktop\DualModeKeyboard\SDK\LIB\libCH57xBLE.a(gap_peripheral.o)
                              C:\Users\19156\Desktop\DualModeKeyboard\SDK\LIB\libCH57xBLE.a(gap.o) (GAP_PeripheralParamInit)
C:\Users\19156\Desktop\DualModeKeyboard\SDK\LIB\libCH57xBLE.a(gapgattserver.o)
                              ./APP/hid_ble.o (GGS_SetParameter)
C:\Users\19156\Desktop\DualModeKeyboard\SDK\LIB\libCH57xBLE.a(gatt.o)
                              ./Profile/battservice.o (GATT_bm_alloc)
C:\Users\19156\Desktop\DualModeKeyboard\SDK\LIB\libCH57xBLE.a(gatt_uuid.o)
                              ./Profile/battservice.o (reportRefUUID)
C:\Users\19156\Desktop\DualModeKeyboard\SDK\LIB\libCH57xBLE.a(gattclientapp.o)
                              C:\Users\19156\Desktop\DualModeKeyboard\SDK\LIB\libCH57xBLE.a(gatt.o) (gattGetClientStatus)
C:\Users\19156\Desktop\DualModeKeyboard\SDK\LIB\libCH57xBLE.a(gattservapp.o)
                              ./Profile/battservice.o (GATTServApp_ReadCharCfg)
C:\Users\19156\Desktop\DualModeKeyboard\SDK\LIB\libCH57xBLE.a(l2cap.o)
                              C:\Users\19156\Desktop\DualModeKeyboard\SDK\LIB\libCH57xBLE.a(gatt.o) (L2CAP_GetMTU)
C:\Users\19156\Desktop\DualModeKeyboard\SDK\LIB\libCH57xBLE.a(l2cap_input.o)
                              C:\Users\19156\Desktop\DualModeKeyboard\SDK\LIB\libCH57xBLE.a(l2cap.o) (l2capProcessRxData)
C:\Users\19156\Desktop\DualModeKeyboard\SDK\LIB\libCH57xBLE.a(l2cap_output.o)
                              C:\Users\19156\Desktop\DualModeKeyboard\SDK\LIB\libCH57xBLE.a(l2cap_input.o) (l2capNotifyData)
C:\Users\19156\Desktop\DualModeKeyboard\SDK\LIB\libCH57xBLE.a(l2cap_sdu.o)
                              C:\Users\19156\Desktop\DualModeKeyboard\SDK\LIB\libCH57xBLE.a(l2cap_input.o) (l2capBuildDisconnectRsp)
C:\Users\19156\Desktop\DualModeKeyboard\SDK\LIB\libCH57xBLE.a(linkdb.o)
                              C:\Users\19156\Desktop\DualModeKeyboard\SDK\LIB\libCH57xBLE.a(l2cap.o) (linkDB_Init)
C:\Users\19156\Desktop\DualModeKeyboard\SDK\LIB\libCH57xBLE.a(sm.o)
                              C:\Users\19156\Desktop\DualModeKeyboard\SDK\LIB\libCH57xBLE.a(gap.o) (smStartEncryption)
C:\Users\19156\Desktop\DualModeKeyboard\SDK\LIB\libCH57xBLE.a(host_input.o)
                              C:\Users\19156\Desktop\DualModeKeyboard\SDK\LIB\libCH57xBLE.a(gap.o) (gBleHostPara)
C:\Users\19156\Desktop\DualModeKeyboard\SDK\LIB\libCH57xBLE.a(host_output.o)
                              C:\Users\19156\Desktop\DualModeKeyboard\SDK\LIB\libCH57xBLE.a(gap.o) (HCI_DisconnectCmd)
C:\Users\19156\Desktop\DualModeKeyboard\SDK\LIB\libCH57xBLE.a(ll_connect.o)
                              C:\Users\19156\Desktop\DualModeKeyboard\SDK\LIB\libCH57xBLE.a(tmos.o) (LL_GetNextConnectEventTime)
C:\Users\19156\Desktop\DualModeKeyboard\SDK\LIB\libCH57xBLE.a(ll_core.o)
                              C:\Users\19156\Desktop\DualModeKeyboard\SDK\LIB\libCH57xBLE.a(ll_connect.o) (LL_CoreGetCore)
C:\Users\19156\Desktop\DualModeKeyboard\SDK\LIB\libCH57xBLE.a(ll_hop.o)
                              C:\Users\19156\Desktop\DualModeKeyboard\SDK\LIB\libCH57xBLE.a(ll_connect.o) (LL_HopGetChannel)
C:\Users\19156\Desktop\DualModeKeyboard\SDK\LIB\libCH57xBLE.a(ll_master.o)
                              C:\Users\19156\Desktop\DualModeKeyboard\SDK\LIB\libCH57xBLE.a(ll_connect.o) (ll_master_process)
C:\Users\19156\Desktop\DualModeKeyboard\SDK\LIB\libCH57xBLE.a(ll_pdu.o)
                              C:\Users\19156\Desktop\DualModeKeyboard\SDK\LIB\libCH57xBLE.a(ll_master.o) (LL_ConnectionUpdateReq)
C:\Users\19156\Desktop\DualModeKeyboard\SDK\LIB\libCH57xBLE.a(ll_report.o)
                              C:\Users\19156\Desktop\DualModeKeyboard\SDK\LIB\libCH57xBLE.a(ll_connect.o) (LL_ReportGenerateEvent)
[...]
Memory Configuration

Name             Origin             Length             Attributes
FLASH            0x0000000000000000 0x0000000000070000 xr
RAM              0x0000000020003800 0x0000000000004800 xrw
*default*        0x0000000000000000 0xffffffffffffffff

Linker script and memory map

LOAD ./UserPeriphDriver/USB/USB.o
LOAD ./UserPeriphDriver/SSD13xx/SSD13xx.o
LOAD ./UserPeriphDriver/IIC/IIC.o
LOAD ./StdPeriphDriver/CH57x_adc.o
LOAD ./StdPeriphDriver/CH57x_clk.o
LOAD ./StdPeriphDriver/CH57x_flash.o
LOAD ./StdPeriphDriver/CH57x_gpio.o
LOAD ./StdPeriphDriver/CH57x_pwm.o
LOAD ./StdPeriphDriver/CH57x_pwr.o
LOAD ./StdPeriphDriver/CH57x_spi0.o
LOAD ./StdPeriphDriver/CH57x_sys.o
LOAD ./StdPeriphDriver/CH57x_timer0.o
LOAD ./StdPeriphDriver/CH57x_timer1.o
LOAD ./StdPeriphDriver/CH57x_timer2.o
LOAD ./StdPeriphDriver/CH57x_timer3.o
LOAD ./StdPeriphDriver/CH57x_uart0.o
LOAD ./StdPeriphDriver/CH57x_uart1.o
LOAD ./StdPeriphDriver/CH57x_uart2.o
LOAD ./StdPeriphDriver/CH57x_uart3.o
LOAD ./StdPeriphDriver/CH57x_usbdev.o
LOAD ./StdPeriphDriver/CH57x_usbhostBase.o
LOAD ./StdPeriphDriver/CH57x_usbhostClass.o
LOAD ./Startup/startup_CH573.o
LOAD ./RVMSIS/core_riscv.o
LOAD ./Profile/battservice.o
LOAD ./Profile/devinfoservice.o
LOAD ./Profile/hiddev.o
LOAD ./Profile/hidkbdservice.o
LOAD ./Profile/scanparamservice.o
LOAD ./HAL/ENCODER.o
LOAD ./HAL/MCU.o
LOAD ./HAL/OLED.o
LOAD ./HAL/RTC.o
LOAD ./APP/hid_ble.o
LOAD ./APP/hid_usb.o
LOAD ./APP/input.o
LOAD ./APP/main.o
LOAD ./APP/output.o
LOAD ./APP/protoctrl.o
LOAD C:\Users\19156\Desktop\DualModeKeyboard\SDK\StdPeriphDriver\libISP573.a
LOAD C:\Users\19156\Desktop\DualModeKeyboard\SDK\LIB\libCH57xBLE.a
LOAD c:/mounriver/mounriver_studio/toolchain/risc-v embedded gcc/bin/../lib/gcc/riscv-none-embed/8.2.0/rv32imac/ilp32\libgcc.a
LOAD c:/mounriver/mounriver_studio/toolchain/risc-v embedded gcc/bin/../lib/gcc/riscv-none-embed/8.2.0/../../../../riscv-none-embed/lib/rv32imac/ilp32\libg_nano.a
LOAD c:/mounriver/mounriver_studio/toolchain/risc-v embedded gcc/bin/../lib/gcc/riscv-none-embed/8.2.0/../../../../riscv-none-embed/lib/rv32imac/ilp32\libc_nano.a
LOAD c:/mounriver/mounriver_studio/toolchain/risc-v embedded gcc/bin/../lib/gcc/riscv-none-embed/8.2.0/rv32imac/ilp32\libgcc.a
START GROUP
LOAD c:/mounriver/mounriver_studio/toolchain/risc-v embedded gcc/bin/../lib/gcc/riscv-none-embed/8.2.0/rv32imac/ilp32\libgcc.a
LOAD c:/mounriver/mounriver_studio/toolchain/risc-v embedded gcc/bin/../lib/gcc/riscv-none-embed/8.2.0/../../../../riscv-none-embed/lib/rv32imac/ilp32\libc_nano.a
LOAD c:/mounriver/mounriver_studio/toolchain/risc-v embedded gcc/bin/../lib/gcc/riscv-none-embed/8.2.0/../../../../riscv-none-embed/lib/rv32imac/ilp32\libnosys.a
END GROUP
START GROUP
LOAD c:/mounriver/mounriver_studio/toolchain/risc-v embedded gcc/bin/../lib/gcc/riscv-none-embed/8.2.0/rv32imac/ilp32\libgcc.a
LOAD c:/mounriver/mounriver_studio/toolchain/risc-v embedded gcc/bin/../lib/gcc/riscv-none-embed/8.2.0/../../../../riscv-none-embed/lib/rv32imac/ilp32\libc_nano.a
LOAD c:/mounriver/mounriver_studio/toolchain/risc-v embedded gcc/bin/../lib/gcc/riscv-none-embed/8.2.0/../../../../riscv-none-embed/lib/rv32imac/ilp32\libnosys.a
END GROUP

.init           0x0000000000000000        0x4
                0x0000000000000000                _sinit = .
                0x0000000000000000                . = ALIGN (0x4)
 *(SORT_NONE(.init))
 .init          0x0000000000000000        0x4 ./Startup/startup_CH573.o
                0x0000000000000000                _start
                0x0000000000000004                . = ALIGN (0x4)
                0x0000000000000004                _einit = .

.highcodelalign
                0x0000000000000004        0x0
                0x0000000000000004                . = ALIGN (0x4)
                0x0000000000000004                PROVIDE (_highcode_lma = .)

.highcode       0x0000000020003800     0x11f4 load address 0x0000000000000004
                0x0000000020003800                . = ALIGN (0x4)
                0x0000000020003800                PROVIDE (_highcode_vma_start = .)
 *(.vector)
 .vector        0x0000000020003800       0x90 ./Startup/startup_CH573.o
 *(SORT_NONE(.vector_handler))
 .vector_handler
                0x0000000020003890       0x2c ./Startup/startup_CH573.o
                0x0000000020003890                NMI_Handler
                0x0000000020003894                SysTick_Handler
                0x0000000020003896                SW_Handler
                0x0000000020003898                TMR0_IRQHandler
                0x000000002000389c                GPIOB_IRQHandler
                0x000000002000389e                SPI0_IRQHandler
                0x00000000200038a0                BB_IRQHandler
                0x00000000200038a2                LLE_IRQHandler
                0x00000000200038a6                TMR1_IRQHandler
                0x00000000200038a8                TMR2_IRQHandler
                0x00000000200038aa                UART0_IRQHandler
                0x00000000200038ac                UART1_IRQHandler
                0x00000000200038b0                ADC_IRQHandler
                0x00000000200038b2                PWMX_IRQHandler
                0x00000000200038b4                TMR3_IRQHandler
                0x00000000200038b6                UART2_IRQHandler
                0x00000000200038b8                UART3_IRQHandler
                0x00000000200038ba                WDOG_BAT_IRQHandler
 *(.highcode)
 .highcode      0x00000000200038bc       0x4a ./StdPeriphDriver/CH57x_clk.o
                0x00000000200038bc                Get_Calibration_Cnt_RAM
 .highcode      0x0000000020003906      0x1a8 ./StdPeriphDriver/CH57x_sys.o
                0x0000000020003906                SetSysClock
                0x0000000020003a02                SYS_ResetExecute
                0x0000000020003a3a                HardFault_Handler
                0x0000000020003a78                mDelayuS
                0x0000000020003a86                mDelaymS
 .highcode      0x0000000020003aae       0x16 ./HAL/RTC.o
                0x0000000020003aae                RTC_IRQHandler
 .highcode      0x0000000020003ac4        0xc ./APP/hid_usb.o
                0x0000000020003ac4                USB_IRQHandler
 .highcode      0x0000000020003ad0       0x2a ./APP/input.o
                0x0000000020003ad0                GPIOA_IRQHandler
 .highcode      0x0000000020003afa        0x8 ./APP/main.o
                0x0000000020003afa                Main_Circulation
 .highcode      0x0000000020003b02      0x3ee C:\Users\19156\Desktop\DualModeKeyboard\SDK\StdPeriphDriver\libISP573.a(ISP573.o)
                0x0000000020003b02                FLASH_ROM_BEG
                0x0000000020003b14                FLASH_ROM_END
                0x0000000020003b22                FLASH_ROM_IN
                0x0000000020003b30                FLASH_ROM_OUT
                0x0000000020003b3e                FLASH_ROM_ADDR
                0x0000000020003b86                FLASH_ROM_WAIT
                0x0000000020003bbe                FLASH_EEPROM_CMD
 .highcode      0x0000000020003ef0      0x230 C:\Users\19156\Desktop\DualModeKeyboard\SDK\LIB\libCH57xBLE.a(tmos.o)
                0x0000000020003f0c                tmos_memcpy
                0x0000000020003f2c                tmos_memcpy_word
                0x0000000020003f48                TMOS_SystemProcess
 .highcode      0x0000000020004120       0xc2 C:\Users\19156\Desktop\DualModeKeyboard\SDK\LIB\libCH57xBLE.a(tmos_hw.o)
                0x0000000020004120                BLE_GetHSEClock
                0x000000002000415e                RTC_Get32KClock
                0x0000000020004176                SYS_GetTickCount
 .highcode      0x00000000200041e2      0x128 C:\Users\19156\Desktop\DualModeKeyboard\SDK\LIB\libCH57xBLE.a(ll_connect.o)
                0x00000000200041e2                ll_connect_process_data
                0x0000000020004230                ll_connect_event_continue
 .highcode      0x000000002000430a      0x1c4 C:\Users\19156\Desktop\DualModeKeyboard\SDK\LIB\libCH57xBLE.a(bb.o)
                0x000000002000430a                BB_IRQLibHandler
                0x0000000020004484                BB_IRQLibFunction
 .highcode      0x00000000200044ce      0x198 C:\Users\19156\Desktop\DualModeKeyboard\SDK\LIB\libCH57xBLE.a(ip.o)
                0x00000000200044ce                ll_tx_wait_finish
                0x00000000200044fa                ll_tx_wait_tx_dma
                0x0000000020004558                ll_rx_wait_finish
                0x000000002000458e                ll_rx_wait_tx_dma
                0x00000000200045dc                ble_ll_chkcrc
 .highcode      0x0000000020004666      0x1a4 C:\Users\19156\Desktop\DualModeKeyboard\SDK\LIB\libCH57xBLE.a(lle.o)
                0x0000000020004666                LLE_IRQLibHandler
                0x00000000200047c0                LLE_IRQLibFunction
 .highcode      0x000000002000480a       0x82 C:\Users\19156\Desktop\DualModeKeyboard\SDK\LIB\libCH57xBLE.a(rf_fh.o)
                0x000000002000480a                RF_HopGetChannel
 .highcode      0x000000002000488c       0x2c C:\Users\19156\Desktop\DualModeKeyboard\SDK\LIB\libCH57xBLE.a(rfend.o)
                0x000000002000488c                RFEND_WaitTune
 .highcode      0x00000000200048b8      0x13a C:\Users\19156\Desktop\DualModeKeyboard\SDK\LIB\libCH57xBLE.a(memory.o)
                0x00000000200048b8                tmos_memory_allocate
                0x0000000020004952                tmos_memory_free
 *(.highcode.*)
                0x00000000200049f4                . = ALIGN (0x4)
 *fill*         0x00000000200049f2        0x2 
                0x00000000200049f4                PROVIDE (_highcode_vma_end = .)

.text           0x00000000000011f8    0x1dd30
                0x00000000000011f8                . = ALIGN (0x4)
 *(SORT_NONE(.handle_reset))
 .handle_reset  0x00000000000011f8       0xa2 ./Startup/startup_CH573.o
                0x00000000000011f8                handle_reset
 *(.text)
 *(.text.*)
 .text._Init    0x000000000000129a       0x26 ./UserPeriphDriver/USB/USB.o
                0x000000000000129a                _Init
 .text.DevEP1_OUT_Deal
                0x00000000000012c0       0x26 ./UserPeriphDriver/USB/USB.o
                0x00000000000012c0                DevEP1_OUT_Deal
 .text.DevEP2_OUT_Deal
                0x00000000000012e6       0x26 ./UserPeriphDriver/USB/USB.o
                0x00000000000012e6                DevEP2_OUT_Deal
 .text.DevEP3_OUT_Deal
                0x000000000000130c       0x26 ./UserPeriphDriver/USB/USB.o
                0x000000000000130c                DevEP3_OUT_Deal
 .text.DevEP4_OUT_Deal
                0x0000000000001332       0x26 ./UserPeriphDriver/USB/USB.o
                0x0000000000001332                DevEP4_OUT_Deal
 .text.USB_DevTransProcess
                0x0000000000001358      0x77c ./UserPeriphDriver/USB/USB.o
                0x0000000000001358                USB_DevTransProcess
 .text._WriteCommand
                0x0000000000001ad4       0x30 ./UserPeriphDriver/SSD13xx/SSD13xx.o
 .text._WriteData
                0x0000000000001b04       0x32 ./UserPeriphDriver/SSD13xx/SSD13xx.o
 .text._SetCursor
                0x0000000000001b36       0x2e ./UserPeriphDriver/SSD13xx/SSD13xx.o
 .text._Clear   0x0000000000001b64       0x40 ./UserPeriphDriver/SSD13xx/SSD13xx.o
 .text._PutChar
                0x0000000000001ba4       0x8a ./UserPeriphDriver/SSD13xx/SSD13xx.o
 .text._Print   0x0000000000001c2e       0x4a ./UserPeriphDriver/SSD13xx/SSD13xx.o
 .text._PrintF  0x0000000000001c78       0x88 ./UserPeriphDriver/SSD13xx/SSD13xx.o
 .text._Init    0x0000000000001d00       0xe2 ./UserPeriphDriver/SSD13xx/SSD13xx.o
 .text._ReceiveByte
                0x0000000000001de2        0x2 ./UserPeriphDriver/IIC/IIC.o
 .text._SCL_PullUp.isra.0
                0x0000000000001de4        0x4 ./UserPeriphDriver/IIC/IIC.o
 .text._Init    0x0000000000001de8       0x34 ./UserPeriphDriver/IIC/IIC.o
 .text._StopComunication
                0x0000000000001e1c       0x1a ./UserPeriphDriver/IIC/IIC.o
 .text._SendByte
                0x0000000000001e36       0x52 ./UserPeriphDriver/IIC/IIC.o
 .text._StartComunication
                0x0000000000001e88       0x1e ./UserPeriphDriver/IIC/IIC.o
 .text.ADC_InterTSSampInit
                0x0000000000001ea6       0x28 ./StdPeriphDriver/CH57x_adc.o
                0x0000000000001ea6                ADC_InterTSSampInit
 .text.Calibration_LSI_FLASH
                0x0000000000001ece      0x284 ./StdPeriphDriver/CH57x_clk.o
                0x0000000000001ece                Calibration_LSI_FLASH
 .text.Calibration_LSI_RAM
                0x0000000000002152      0x23e ./StdPeriphDriver/CH57x_clk.o
                0x0000000000002152                Calibration_LSI_RAM
 .text.RTC_InitTime
                0x0000000000002390      0x134 ./StdPeriphDriver/CH57x_clk.o
                0x0000000000002390                RTC_InitTime
 .text.GPIOA_ModeCfg
                0x00000000000024c4       0xa6 ./StdPeriphDriver/CH57x_gpio.o
                0x00000000000024c4                GPIOA_ModeCfg
 .text.GPIOB_ModeCfg
                0x000000000000256a       0xa6 ./StdPeriphDriver/CH57x_gpio.o
                0x000000000000256a                GPIOB_ModeCfg
 .text.GPIOA_ITModeCfg
                0x0000000000002610       0x82 ./StdPeriphDriver/CH57x_gpio.o
                0x0000000000002610                GPIOA_ITModeCfg
 .text.SYS_GetSysTickCnt
                0x0000000000002692        0xa ./StdPeriphDriver/CH57x_sys.o
                0x0000000000002692                SYS_GetSysTickCnt
 .text.USB_DeviceInit
                0x000000000000269c       0x7e ./StdPeriphDriver/CH57x_usbdev.o
                0x000000000000269c                USB_DeviceInit
 .text.DevEP1_IN_Deal
                0x000000000000271a       0x16 ./StdPeriphDriver/CH57x_usbdev.o
                0x000000000000271a                DevEP1_IN_Deal
 .text.DevEP2_IN_Deal
                0x0000000000002730       0x16 ./StdPeriphDriver/CH57x_usbdev.o
                0x0000000000002730                DevEP2_IN_Deal
 .text.DevEP3_IN_Deal
                0x0000000000002746       0x16 ./StdPeriphDriver/CH57x_usbdev.o
                0x0000000000002746                DevEP3_IN_Deal
 .text.DevEP4_IN_Deal
                0x000000000000275c       0x16 ./StdPeriphDriver/CH57x_usbdev.o
                0x000000000000275c                DevEP4_IN_Deal
 .text.battMeasure
                0x0000000000002772       0x78 ./Profile/battservice.o
 .text.battWriteAttrCB
                0x00000000000027ea       0x5e ./Profile/battservice.o
 .text.battReadAttrCB
                0x0000000000002848       0x72 ./Profile/battservice.o
 .text.battNotifyCB
                0x00000000000028ba       0x72 ./Profile/battservice.o
 .text.Batt_AddService
                0x000000000000292c       0x2c ./Profile/battservice.o
                0x000000000000292c                Batt_AddService
 .text.Batt_Register
                0x0000000000002958        0x6 ./Profile/battservice.o
                0x0000000000002958                Batt_Register
 .text.Batt_SetParameter
                0x000000000000295e       0x36 ./Profile/battservice.o
                0x000000000000295e                Batt_SetParameter
 .text.Batt_GetParameter
                0x0000000000002994       0x66 ./Profile/battservice.o
                0x0000000000002994                Batt_GetParameter
 .text.Batt_MeasLevel
                0x00000000000029fa       0x26 ./Profile/battservice.o
                0x00000000000029fa                Batt_MeasLevel
 .text.Batt_HandleConnStatusCB
                0x0000000000002a20       0x3e ./Profile/battservice.o
                0x0000000000002a20                Batt_HandleConnStatusCB
 .text.devInfo_ReadAttrCB
                0x0000000000002a5e      0x196 ./Profile/devinfoservice.o
 .text.DevInfo_AddService
                0x0000000000002bf4       0x18 ./Profile/devinfoservice.o
                0x0000000000002bf4                DevInfo_AddService
 .text.hidDevParamUpdateCB
                0x0000000000002c0c        0x2 ./Profile/hiddev.o
 .text.hidDevScanParamCB
                0x0000000000002c0e        0x2 ./Profile/hiddev.o
 .text.hidDevRptByHandle
                0x0000000000002c10       0x30 ./Profile/hiddev.o
 .text.hidDevBattCB
                0x0000000000002c40       0x28 ./Profile/hiddev.o
 .text.hidDevPairStateCB
                0x0000000000002c68       0x28 ./Profile/hiddev.o
 .text.hidDevPasscodeCB
                0x0000000000002c90       0x34 ./Profile/hiddev.o
 .text.HidDev_ProcessEvent
                0x0000000000002cc4       0x6c ./Profile/hiddev.o
                0x0000000000002cc4                HidDev_ProcessEvent
 .text.hidDevGapStateCB
                0x0000000000002d30      0x154 ./Profile/hiddev.o
 .text.HidDev_Init
                0x0000000000002e84       0x6a ./Profile/hiddev.o
                0x0000000000002e84                HidDev_Init
 .text.HidDev_Register
                0x0000000000002eee        0xa ./Profile/hiddev.o
                0x0000000000002eee                HidDev_Register
 .text.HidDev_RegisterReports
                0x0000000000002ef8        0xa ./Profile/hiddev.o
                0x0000000000002ef8                HidDev_RegisterReports
 .text.HidDev_Report
                0x0000000000002f02       0xda ./Profile/hiddev.o
                0x0000000000002f02                HidDev_Report
 .text.HidDev_Start
                0x0000000000002fdc       0x1e ./Profile/hiddev.o
                0x0000000000002fdc                HidDev_Start
 .text.HidDev_Close
                0x0000000000002ffa       0x32 ./Profile/hiddev.o
                0x0000000000002ffa                HidDev_Close
 .text.HidDev_ReadAttrCB
                0x000000000000302c      0x104 ./Profile/hiddev.o
                0x000000000000302c                HidDev_ReadAttrCB
 .text.HidDev_WriteAttrCB
                0x0000000000003130      0x148 ./Profile/hiddev.o
                0x0000000000003130                HidDev_WriteAttrCB
 .text.Hid_AddService
                0x0000000000003278      0x134 ./Profile/hidkbdservice.o
                0x0000000000003278                Hid_AddService
 .text.Hid_SetParameter
                0x00000000000033ac       0x5a ./Profile/hidkbdservice.o
                0x00000000000033ac                Hid_SetParameter
 .text.Hid_GetParameter
                0x0000000000003406       0x42 ./Profile/hidkbdservice.o
                0x0000000000003406                Hid_GetParameter
 .text.scanParamReadAttrCB
                0x0000000000003448        0x4 ./Profile/scanparamservice.o
 .text.scanParamWriteAttrCB
                0x000000000000344c       0x66 ./Profile/scanparamservice.o
 .text.ScanParam_AddService
                0x00000000000034b2       0x2c ./Profile/scanparamservice.o
                0x00000000000034b2                ScanParam_AddService
 .text.ScanParam_Register
                0x00000000000034de        0x6 ./Profile/scanparamservice.o
                0x00000000000034de                ScanParam_Register
 .text.ScanParam_RefreshNotify
                0x00000000000034e4       0x5c ./Profile/scanparamservice.o
                0x00000000000034e4                ScanParam_RefreshNotify
 .text.ScanParam_HandleConnStatusCB
                0x0000000000003540       0x3e ./Profile/scanparamservice.o
                0x0000000000003540                ScanParam_HandleConnStatusCB
 .text.Encoder_Init
                0x000000000000357e        0xe ./HAL/ENCODER.o
                0x000000000000357e                Encoder_Init
 .text.Encoder_Spin
                0x000000000000358c       0x38 ./HAL/ENCODER.o
                0x000000000000358c                Encoder_Spin
 .text.Lib_Calibration_LSI
                0x00000000000035c4       0x30 ./HAL/MCU.o
                0x00000000000035c4                Lib_Calibration_LSI
 .text.Lib_Read_Flash
                0x00000000000035f4       0x1c ./HAL/MCU.o
                0x00000000000035f4                Lib_Read_Flash
 .text.Lib_Write_Flash
                0x0000000000003610       0x40 ./HAL/MCU.o
                0x0000000000003610                Lib_Write_Flash
 .text.HAL_GetInterTempValue
                0x0000000000003650       0x72 ./HAL/MCU.o
                0x0000000000003650                HAL_GetInterTempValue
 .text.HAL_ProcessEvent
                0x00000000000036c2       0x72 ./HAL/MCU.o
                0x00000000000036c2                HAL_ProcessEvent
 .text.CH57X_BLEInit
                0x0000000000003734      0x112 ./HAL/MCU.o
                0x0000000000003734                CH57X_BLEInit
 .text.HAL_Init
                0x0000000000003846       0x34 ./HAL/MCU.o
                0x0000000000003846                HAL_Init
 .text.IIC_StartComunication
                0x000000000000387a       0x14 ./HAL/OLED.o
 .text.IIC_SendByte
                0x000000000000388e       0x16 ./HAL/OLED.o
 .text.IIC_StopComunication
                0x00000000000038a4       0x14 ./HAL/OLED.o
 .text.GPIO_SCL_PullUp
                0x00000000000038b8       0x16 ./HAL/OLED.o
 .text.GPIO_SCL_PullDown
                0x00000000000038ce       0x16 ./HAL/OLED.o
 .text.GPIO_SDA_PullUp
                0x00000000000038e4       0x16 ./HAL/OLED.o
 .text.GPIO_SDA_PullDown
                0x00000000000038fa       0x16 ./HAL/OLED.o
 .text.OLED_Init
                0x0000000000003910       0xae ./HAL/OLED.o
                0x0000000000003910                OLED_Init
 .text.HAL_TimeInit
                0x00000000000039be       0x5e ./HAL/RTC.o
                0x00000000000039be                HAL_TimeInit
 .text.hidEmuEvtCB
                0x0000000000003a1c        0x2 ./APP/hid_ble.o
 .text.HidEmu_ProcessEvent
                0x0000000000003a1e       0x92 ./APP/hid_ble.o
                0x0000000000003a1e                HidEmu_ProcessEvent
 .text.hidEmuStateCB
                0x0000000000003ab0       0x6a ./APP/hid_ble.o
 .text.hidEmuRptCB
                0x0000000000003b1a      0x104 ./APP/hid_ble.o
 .text.HidEmu_Init
                0x0000000000003c1e       0xec ./APP/hid_ble.o
                0x0000000000003c1e                HidEmu_Init
 .text.hidEmuSendKbdReport
                0x0000000000003d0a        0xe ./APP/hid_ble.o
                0x0000000000003d0a                hidEmuSendKbdReport
 .text.hidEmuSendConsumerReport
                0x0000000000003d18        0xe ./APP/hid_ble.o
                0x0000000000003d18                hidEmuSendConsumerReport
 .text.USB_KB_LEDCB
                0x0000000000003d26       0x78 ./APP/hid_usb.o
 .text.USB_Init
                0x0000000000003d9e       0x32 ./APP/hid_usb.o
                0x0000000000003d9e                USB_Init
 .text.USB_KB_UploadKey
                0x0000000000003dd0       0x22 ./APP/hid_usb.o
                0x0000000000003dd0                USB_KB_UploadKey
 .text.USB_KB_UploadConsumer
                0x0000000000003df2       0x20 ./APP/hid_usb.o
                0x0000000000003df2                USB_KB_UploadConsumer
 .text.TMOS_Keys_Enc_Scan
                0x0000000000003e12      0x2a0 ./APP/input.o
 .text.Input_Init
                0x00000000000040b2       0x9a ./APP/input.o
                0x00000000000040b2                Input_Init
 .text.startup.main
                0x000000000000414c       0x40 ./APP/main.o
                0x000000000000414c                main
 .text.Output_FreshDisplay
                0x000000000000418c       0x52 ./APP/output.o
 .text.Output_Init
                0x00000000000041de       0x7c ./APP/output.o
                0x00000000000041de                Output_Init
 .text.ProtoCtrl_StateUpdater
                0x000000000000425a      0x128 ./APP/protoctrl.o
 .text.ProtoCtrl_Init
                0x0000000000004382       0x26 ./APP/protoctrl.o
                0x0000000000004382                ProtoCtrl_Init
 .text.ProtoCtrl_SendKBReport
                0x00000000000043a8       0x18 ./APP/protoctrl.o
                0x00000000000043a8                ProtoCtrl_SendKBReport
 .text.ProtoCtrl_SendCSReport
                0x00000000000043c0       0x18 ./APP/protoctrl.o
                0x00000000000043c0                ProtoCtrl_SendCSReport
 .text.tmos_msg_enqueue
                0x00000000000043d8       0x1e C:\Users\19156\Desktop\DualModeKeyboard\SDK\LIB\libCH57xBLE.a(message.o)
                0x00000000000043d8                tmos_msg_enqueue
 .text.tmos_msg_deallocate
                0x00000000000043f6       0x2c C:\Users\19156\Desktop\DualModeKeyboard\SDK\LIB\libCH57xBLE.a(message.o)
                0x00000000000043f6                tmos_msg_deallocate
 .text.tmos_msg_allocate
                0x0000000000004422       0x3e C:\Users\19156\Desktop\DualModeKeyboard\SDK\LIB\libCH57xBLE.a(message.o)
                0x0000000000004422                tmos_msg_allocate
 .text.tmos_msg_receive
                0x0000000000004460       0x68 C:\Users\19156\Desktop\DualModeKeyboard\SDK\LIB\libCH57xBLE.a(message.o)
                0x0000000000004460                tmos_msg_receive
 .text.tmos_msg_send
                0x00000000000044c8       0x56 C:\Users\19156\Desktop\DualModeKeyboard\SDK\LIB\libCH57xBLE.a(message.o)
                0x00000000000044c8                tmos_msg_send
 .text.tmos_msg_init
                0x000000000000451e        0x6 C:\Users\19156\Desktop\DualModeKeyboard\SDK\LIB\libCH57xBLE.a(message.o)
                0x000000000000451e                tmos_msg_init
 .text.tmosFindTask
                0x0000000000004524       0x20 C:\Users\19156\Desktop\DualModeKeyboard\SDK\LIB\libCH57xBLE.a(tmos.o)
 .text.TMOS_CbTimerProcessEvent
                0x0000000000004544       0x7c C:\Users\19156\Desktop\DualModeKeyboard\SDK\LIB\libCH57xBLE.a(tmos.o)
                0x0000000000004544                TMOS_CbTimerProcessEvent
 .text.tmos_rand
                0x00000000000045c0       0x54 C:\Users\19156\Desktop\DualModeKeyboard\SDK\LIB\libCH57xBLE.a(tmos.o)
                0x00000000000045c0                tmos_rand
 .text.tmos_query_sleep_time
                0x0000000000004614      0x178 C:\Users\19156\Desktop\DualModeKeyboard\SDK\LIB\libCH57xBLE.a(tmos.o)
                0x0000000000004614                tmos_query_sleep_time
 .text.tmos_memset
                0x000000000000478c       0x12 C:\Users\19156\Desktop\DualModeKeyboard\SDK\LIB\libCH57xBLE.a(tmos.o)
                0x000000000000478c                tmos_memset
 .text.tmos_strlen
                0x000000000000479e       0x14 C:\Users\19156\Desktop\DualModeKeyboard\SDK\LIB\libCH57xBLE.a(tmos.o)
                0x000000000000479e                tmos_strlen
 .text.tmos_memdup
                0x00000000000047b2       0x3c C:\Users\19156\Desktop\DualModeKeyboard\SDK\LIB\libCH57xBLE.a(tmos.o)
                0x00000000000047b2                tmos_memdup
 .text.tmos_memcmp
                0x00000000000047ee       0x24 C:\Users\19156\Desktop\DualModeKeyboard\SDK\LIB\libCH57xBLE.a(tmos.o)
                0x00000000000047ee                tmos_memcmp
 .text.tmos_revmemcpy
                0x0000000000004812       0x1c C:\Users\19156\Desktop\DualModeKeyboard\SDK\LIB\libCH57xBLE.a(tmos.o)
                0x0000000000004812                tmos_revmemcpy
 .text.tmos_isbufset
                0x000000000000482e       0x1e C:\Users\19156\Desktop\DualModeKeyboard\SDK\LIB\libCH57xBLE.a(tmos.o)
                0x000000000000482e                tmos_isbufset
 .text.tmos_set_event
                0x000000000000484c       0x2a C:\Users\19156\Desktop\DualModeKeyboard\SDK\LIB\libCH57xBLE.a(tmos.o)
                0x000000000000484c                tmos_set_event
 .text.tmos_query_system_time
                0x0000000000004876       0xce C:\Users\19156\Desktop\DualModeKeyboard\SDK\LIB\libCH57xBLE.a(tmos.o)
                0x0000000000004876                tmos_query_system_time
 .text.tmos_clear_event
                0x0000000000004944       0x2e C:\Users\19156\Desktop\DualModeKeyboard\SDK\LIB\libCH57xBLE.a(tmos.o)
                0x0000000000004944                tmos_clear_event
 .text.tmos_start_task
                0x0000000000004972       0x90 C:\Users\19156\Desktop\DualModeKeyboard\SDK\LIB\libCH57xBLE.a(tmos.o)
                0x0000000000004972                tmos_start_task
 .text.tmos_start_callback_task
                0x0000000000004a02       0xac C:\Users\19156\Desktop\DualModeKeyboard\SDK\LIB\libCH57xBLE.a(tmos.o)
                0x0000000000004a02                tmos_start_callback_task
 .text.tmos_start_reload_task
                0x0000000000004aae       0x30 C:\Users\19156\Desktop\DualModeKeyboard\SDK\LIB\libCH57xBLE.a(tmos.o)
                0x0000000000004aae                tmos_start_reload_task
 .text.tmos_stop_task
                0x0000000000004ade       0x42 C:\Users\19156\Desktop\DualModeKeyboard\SDK\LIB\libCH57xBLE.a(tmos.o)
                0x0000000000004ade                tmos_stop_task
 .text.tmos_stop_callback_task
                0x0000000000004b20       0x5c C:\Users\19156\Desktop\DualModeKeyboard\SDK\LIB\libCH57xBLE.a(tmos.o)
                0x0000000000004b20                tmos_stop_callback_task
 .text.tmos_get_task_timer
                0x0000000000004b7c       0x16 C:\Users\19156\Desktop\DualModeKeyboard\SDK\LIB\libCH57xBLE.a(tmos.o)
                0x0000000000004b7c                tmos_get_task_timer
 .text.tmos_update_callback_timer
                0x0000000000004b92       0x62 C:\Users\19156\Desktop\DualModeKeyboard\SDK\LIB\libCH57xBLE.a(tmos.o)
                0x0000000000004b92                tmos_update_callback_timer
 .text.TMOS_Set32KTuneValue
                0x0000000000004bf4        0xa C:\Users\19156\Desktop\DualModeKeyboard\SDK\LIB\libCH57xBLE.a(tmos.o)
                0x0000000000004bf4                TMOS_Set32KTuneValue
 .text.TMOS_TimerRegister
                0x0000000000004bfe       0x1a C:\Users\19156\Desktop\DualModeKeyboard\SDK\LIB\libCH57xBLE.a(tmos.o)
                0x0000000000004bfe                TMOS_TimerRegister
 .text.TMOS_ProcessRegister
                0x0000000000004c18       0x16 C:\Users\19156\Desktop\DualModeKeyboard\SDK\LIB\libCH57xBLE.a(tmos.o)
                0x0000000000004c18                TMOS_ProcessRegister
 .text.TMOS_Init
                0x0000000000004c2e       0xea C:\Users\19156\Desktop\DualModeKeyboard\SDK\LIB\libCH57xBLE.a(tmos.o)
                0x0000000000004c2e                TMOS_Init
 .text.TMOS_ProcessEventRegister
                0x0000000000004d18       0x38 C:\Users\19156\Desktop\DualModeKeyboard\SDK\LIB\libCH57xBLE.a(tmos.o)
                0x0000000000004d18                TMOS_ProcessEventRegister
 .text.BLE_LibInit
                0x0000000000004d50      0x1a4 C:\Users\19156\Desktop\DualModeKeyboard\SDK\LIB\libCH57xBLE.a(tmos.o)
                0x0000000000004d50                BLE_LibInit
 .text.ble_ll_common_rand8
                0x0000000000004ef4       0x24 C:\Users\19156\Desktop\DualModeKeyboard\SDK\LIB\libCH57xBLE.a(tmos_hw.o)
                0x0000000000004ef4                ble_ll_common_rand8
 .text.ble_ll_common_rand16
                0x0000000000004f18       0x24 C:\Users\19156\Desktop\DualModeKeyboard\SDK\LIB\libCH57xBLE.a(tmos_hw.o)
                0x0000000000004f18                ble_ll_common_rand16
 .text.ble_ll_common_rand32
                0x0000000000004f3c       0x20 C:\Users\19156\Desktop\DualModeKeyboard\SDK\LIB\libCH57xBLE.a(tmos_hw.o)
                0x0000000000004f3c                ble_ll_common_rand32
 .text.ll_hw_temp_sample
                0x0000000000004f5c       0xc0 C:\Users\19156\Desktop\DualModeKeyboard\SDK\LIB\libCH57xBLE.a(tmos_hw.o)
                0x0000000000004f5c                ll_hw_temp_sample
 .text.TMOS_TimerInit
                0x000000000000501c       0x5e C:\Users\19156\Desktop\DualModeKeyboard\SDK\LIB\libCH57xBLE.a(tmos_hw.o)
                0x000000000000501c                TMOS_TimerInit
 .text.tmos_snv_init
                0x000000000000507a       0xbc C:\Users\19156\Desktop\DualModeKeyboard\SDK\LIB\libCH57xBLE.a(tmos_snv.o)
                0x000000000000507a                tmos_snv_init
 .text.tmos_snv_clear
                0x0000000000005136       0xae C:\Users\19156\Desktop\DualModeKeyboard\SDK\LIB\libCH57xBLE.a(tmos_snv.o)
                0x0000000000005136                tmos_snv_clear
 .text.tmos_snv_read
                0x00000000000051e4      0x292 C:\Users\19156\Desktop\DualModeKeyboard\SDK\LIB\libCH57xBLE.a(tmos_snv.o)
                0x00000000000051e4                tmos_snv_read
 .text.tmos_snv_notify
                0x0000000000005476       0x5a C:\Users\19156\Desktop\DualModeKeyboard\SDK\LIB\libCH57xBLE.a(tmos_snv.o)
                0x0000000000005476                tmos_snv_notify
 .text.tmos_snv_write
                0x00000000000054d0      0x2ce C:\Users\19156\Desktop\DualModeKeyboard\SDK\LIB\libCH57xBLE.a(tmos_snv.o)
                0x00000000000054d0                tmos_snv_write
 .text.tmos_snv_compact
                0x000000000000579e        0x4 C:\Users\19156\Desktop\DualModeKeyboard\SDK\LIB\libCH57xBLE.a(tmos_snv.o)
                0x000000000000579e                tmos_snv_compact
 .text.disconnectNext
                0x00000000000057a2       0x22 C:\Users\19156\Desktop\DualModeKeyboard\SDK\LIB\libCH57xBLE.a(gap.o)
 .text.GAP_ParamInit
                0x00000000000057c4       0x80 C:\Users\19156\Desktop\DualModeKeyboard\SDK\LIB\libCH57xBLE.a(gap.o)
                0x00000000000057c4                GAP_ParamInit
 .text.sendTerminateEvent
                0x0000000000005844       0x58 C:\Users\19156\Desktop\DualModeKeyboard\SDK\LIB\libCH57xBLE.a(gap.o)
                0x0000000000005844                sendTerminateEvent
 .text.gapRegisterCentral
                0x000000000000589c        0x6 C:\Users\19156\Desktop\DualModeKeyboard\SDK\LIB\libCH57xBLE.a(gap.o)
                0x000000000000589c                gapRegisterCentral
 .text.gapRegisterCentralConn
                0x00000000000058a2        0x6 C:\Users\19156\Desktop\DualModeKeyboard\SDK\LIB\libCH57xBLE.a(gap.o)
                0x00000000000058a2                gapRegisterCentralConn
 .text.gapRegisterPeripheral
                0x00000000000058a8        0x6 C:\Users\19156\Desktop\DualModeKeyboard\SDK\LIB\libCH57xBLE.a(gap.o)
                0x00000000000058a8                gapRegisterPeripheral
 .text.gapRegisterPeripheralConn
                0x00000000000058ae        0x6 C:\Users\19156\Desktop\DualModeKeyboard\SDK\LIB\libCH57xBLE.a(gap.o)
                0x00000000000058ae                gapRegisterPeripheralConn
 .text.smGenerateRandBuf
                0x00000000000058b4       0x56 C:\Users\19156\Desktop\DualModeKeyboard\SDK\LIB\libCH57xBLE.a(gap.o)
                0x00000000000058b4                smGenerateRandBuf
 .text.gapL2capConnParamUpdateReq
                0x000000000000590a       0x32 C:\Users\19156\Desktop\DualModeKeyboard\SDK\LIB\libCH57xBLE.a(gap.o)
                0x000000000000590a                gapL2capConnParamUpdateReq
 .text.gapValidADType
                0x000000000000593c       0x16 C:\Users\19156\Desktop\DualModeKeyboard\SDK\LIB\libCH57xBLE.a(gap.o)
                0x000000000000593c                gapValidADType
 .text.gapFindADType
                0x0000000000005952       0x8e C:\Users\19156\Desktop\DualModeKeyboard\SDK\LIB\libCH57xBLE.a(gap.o)
                0x0000000000005952                gapFindADType
 .text.GAP_SecParamsInit
                0x00000000000059e0       0x9a C:\Users\19156\Desktop\DualModeKeyboard\SDK\LIB\libCH57xBLE.a(gap.o)
                0x00000000000059e0                GAP_SecParamsInit
 .text.GAP_ParamsInit
                0x0000000000005a7a       0x48 C:\Users\19156\Desktop\DualModeKeyboard\SDK\LIB\libCH57xBLE.a(gap.o)
                0x0000000000005a7a                GAP_ParamsInit
 .text.gapAddAddrAdj
                0x0000000000005ac2       0x48 C:\Users\19156\Desktop\DualModeKeyboard\SDK\LIB\libCH57xBLE.a(gap.o)
                0x0000000000005ac2                gapAddAddrAdj
 .text.gapDetermineAddrType
                0x0000000000005b0a       0x28 C:\Users\19156\Desktop\DualModeKeyboard\SDK\LIB\libCH57xBLE.a(gap.o)
                0x0000000000005b0a                gapDetermineAddrType
 .text.gapFreeAuthLink
                0x0000000000005b32       0x4a C:\Users\19156\Desktop\DualModeKeyboard\SDK\LIB\libCH57xBLE.a(gap.o)
                0x0000000000005b32                gapFreeAuthLink
 .text.gapGetDevAddress
                0x0000000000005b7c       0x24 C:\Users\19156\Desktop\DualModeKeyboard\SDK\LIB\libCH57xBLE.a(gap.o)
                0x0000000000005b7c                gapGetDevAddress
 .text.gapGetDevAddressMode
                0x0000000000005ba0        0xa C:\Users\19156\Desktop\DualModeKeyboard\SDK\LIB\libCH57xBLE.a(gap.o)
                0x0000000000005ba0                gapGetDevAddressMode
 .text.gapGetIRK
                0x0000000000005baa        0xc C:\Users\19156\Desktop\DualModeKeyboard\SDK\LIB\libCH57xBLE.a(gap.o)
                0x0000000000005baa                gapGetIRK
 .text.gapGetSRK
                0x0000000000005bb6        0xc C:\Users\19156\Desktop\DualModeKeyboard\SDK\LIB\libCH57xBLE.a(gap.o)
                0x0000000000005bb6                gapGetSRK
 .text.gapGetSignCounter
                0x0000000000005bc2        0xe C:\Users\19156\Desktop\DualModeKeyboard\SDK\LIB\libCH57xBLE.a(gap.o)
                0x0000000000005bc2                gapGetSignCounter
 .text.gapIncSignCounter
                0x0000000000005bd0       0x28 C:\Users\19156\Desktop\DualModeKeyboard\SDK\LIB\libCH57xBLE.a(gap.o)
                0x0000000000005bd0                gapIncSignCounter
 .text.gapProcessConnEvt
                0x0000000000005bf8       0x48 C:\Users\19156\Desktop\DualModeKeyboard\SDK\LIB\libCH57xBLE.a(gap.o)
                0x0000000000005bf8                gapProcessConnEvt
 .text.gapProcessDisconnectCompleteEvt
                0x0000000000005c40       0xa8 C:\Users\19156\Desktop\DualModeKeyboard\SDK\LIB\libCH57xBLE.a(gap.o)
                0x0000000000005c40                gapProcessDisconnectCompleteEvt
 .text.sendAuthEvent
                0x0000000000005ce8      0x11c C:\Users\19156\Desktop\DualModeKeyboard\SDK\LIB\libCH57xBLE.a(gap.o)
                0x0000000000005ce8                sendAuthEvent
 .text.gapSendBondCompleteEvent
                0x0000000000005e04       0x70 C:\Users\19156\Desktop\DualModeKeyboard\SDK\LIB\libCH57xBLE.a(gap.o)
                0x0000000000005e04                gapSendBondCompleteEvent
 .text.gapSendPairingReqEvent
                0x0000000000005e74       0x92 C:\Users\19156\Desktop\DualModeKeyboard\SDK\LIB\libCH57xBLE.a(gap.o)
                0x0000000000005e74                gapSendPairingReqEvent
 .text.gapSendSlaveSecurityReqEvent
                0x0000000000005f06       0x68 C:\Users\19156\Desktop\DualModeKeyboard\SDK\LIB\libCH57xBLE.a(gap.o)
                0x0000000000005f06                gapSendSlaveSecurityReqEvent
 .text.gapSendDeviceInitDoneEvent
                0x0000000000005f6e       0x88 C:\Users\19156\Desktop\DualModeKeyboard\SDK\LIB\libCH57xBLE.a(gap.o)
                0x0000000000005f6e                gapSendDeviceInitDoneEvent
 .text.gapSendLinkUpdateEvent
                0x0000000000005ff6       0x84 C:\Users\19156\Desktop\DualModeKeyboard\SDK\LIB\libCH57xBLE.a(gap.o)
                0x0000000000005ff6                gapSendLinkUpdateEvent
 .text.gapSendEstLinkEvent
                0x000000000000607a       0xb8 C:\Users\19156\Desktop\DualModeKeyboard\SDK\LIB\libCH57xBLE.a(gap.o)
                0x000000000000607a                gapSendEstLinkEvent
 .text.gapProcessNewAddr
                0x0000000000006132       0x3e C:\Users\19156\Desktop\DualModeKeyboard\SDK\LIB\libCH57xBLE.a(gap.o)
                0x0000000000006132                gapProcessNewAddr
 .text.gapProcessRandomAddrComplete
                0x0000000000006170       0xb6 C:\Users\19156\Desktop\DualModeKeyboard\SDK\LIB\libCH57xBLE.a(gap.o)
                0x0000000000006170                gapProcessRandomAddrComplete
 .text.GAP_Authenticate
                0x0000000000006226       0xd2 C:\Users\19156\Desktop\DualModeKeyboard\SDK\LIB\libCH57xBLE.a(gap.o)
                0x0000000000006226                GAP_Authenticate
 .text.GAP_Bond
                0x00000000000062f8       0xa2 C:\Users\19156\Desktop\DualModeKeyboard\SDK\LIB\libCH57xBLE.a(gap.o)
                0x00000000000062f8                GAP_Bond
 .text.GAP_GetParamValue
                0x000000000000639a       0x1e C:\Users\19156\Desktop\DualModeKeyboard\SDK\LIB\libCH57xBLE.a(gap.o)
                0x000000000000639a                GAP_GetParamValue
 .text.GAP_PasscodeUpdate
                0x00000000000063b8       0x50 C:\Users\19156\Desktop\DualModeKeyboard\SDK\LIB\libCH57xBLE.a(gap.o)
                0x00000000000063b8                GAP_PasscodeUpdate
 .text.GAP_RegisterForMsgs
                0x0000000000006408        0x6 C:\Users\19156\Desktop\DualModeKeyboard\SDK\LIB\libCH57xBLE.a(gap.o)
                0x0000000000006408                GAP_RegisterForMsgs
 .text.GAP_ResolvePrivateAddr
                0x000000000000640e        0x4 C:\Users\19156\Desktop\DualModeKeyboard\SDK\LIB\libCH57xBLE.a(gap.o)
                0x000000000000640e                GAP_ResolvePrivateAddr
 .text.gapPairingCompleteCB
                0x0000000000006412      0x188 C:\Users\19156\Desktop\DualModeKeyboard\SDK\LIB\libCH57xBLE.a(gap.o)
                0x0000000000006412                gapPairingCompleteCB
 .text.gapPasskeyNeededCB
                0x000000000000659a       0x8e C:\Users\19156\Desktop\DualModeKeyboard\SDK\LIB\libCH57xBLE.a(gap.o)
                0x000000000000659a                gapPasskeyNeededCB
 .text.gapFreeEstLink
                0x0000000000006628       0x20 C:\Users\19156\Desktop\DualModeKeyboard\SDK\LIB\libCH57xBLE.a(gap.o)
                0x0000000000006628                gapFreeEstLink
 .text.gapUpdateConnSignCounter
                0x0000000000006648       0x7a C:\Users\19156\Desktop\DualModeKeyboard\SDK\LIB\libCH57xBLE.a(gap.o)
                0x0000000000006648                gapUpdateConnSignCounter
 .text.GAP_SendSlaveSecurityRequest
                0x00000000000066c2       0x4c C:\Users\19156\Desktop\DualModeKeyboard\SDK\LIB\libCH57xBLE.a(gap.o)
                0x00000000000066c2                GAP_SendSlaveSecurityRequest
 .text.GAP_Signable
                0x000000000000670e       0x66 C:\Users\19156\Desktop\DualModeKeyboard\SDK\LIB\libCH57xBLE.a(gap.o)
                0x000000000000670e                GAP_Signable
 .text.GAP_TerminateAuth
                0x0000000000006774       0x2a C:\Users\19156\Desktop\DualModeKeyboard\SDK\LIB\libCH57xBLE.a(gap.o)
                0x0000000000006774                GAP_TerminateAuth
 .text.GAP_NumActiveConnections
                0x000000000000679e        0x4 C:\Users\19156\Desktop\DualModeKeyboard\SDK\LIB\libCH57xBLE.a(gap.o)
                0x000000000000679e                GAP_NumActiveConnections
 .text.GAP_TerminateLinkReq
                0x00000000000067a2       0x8e C:\Users\19156\Desktop\DualModeKeyboard\SDK\LIB\libCH57xBLE.a(gap.o)
                0x00000000000067a2                GAP_TerminateLinkReq
 .text.GAP_SetParamValue
                0x0000000000006830       0x4a C:\Users\19156\Desktop\DualModeKeyboard\SDK\LIB\libCH57xBLE.a(gap.o)
                0x0000000000006830                GAP_SetParamValue
 .text.GAP_Init
                0x000000000000687a       0x44 C:\Users\19156\Desktop\DualModeKeyboard\SDK\LIB\libCH57xBLE.a(gap.o)
                0x000000000000687a                GAP_Init
 .text.GAP_ProcessEvent
                0x00000000000068be      0x578 C:\Users\19156\Desktop\DualModeKeyboard\SDK\LIB\libCH57xBLE.a(gap.o)
                0x00000000000068be                GAP_ProcessEvent
 .text.gapSendScanEnable
                0x0000000000006e36       0x1e C:\Users\19156\Desktop\DualModeKeyboard\SDK\LIB\libCH57xBLE.a(gap_central.o)
 .text.gapCentProcessConnEvt
                0x0000000000006e54      0x148 C:\Users\19156\Desktop\DualModeKeyboard\SDK\LIB\libCH57xBLE.a(gap_central.o)
                0x0000000000006e54                gapCentProcessConnEvt
 .text.gapCancelLinkReq
                0x0000000000006f9c       0x38 C:\Users\19156\Desktop\DualModeKeyboard\SDK\LIB\libCH57xBLE.a(gap_central.o)
                0x0000000000006f9c                gapCancelLinkReq
 .text.GAP_CentralParamInit
                0x0000000000006fd4       0x4c C:\Users\19156\Desktop\DualModeKeyboard\SDK\LIB\libCH57xBLE.a(gap_central.o)
                0x0000000000006fd4                GAP_CentralParamInit
 .text.gapProcessAdvertDevInfo
                0x0000000000007020      0x23a C:\Users\19156\Desktop\DualModeKeyboard\SDK\LIB\libCH57xBLE.a(gap_central.o)
                0x0000000000007020                gapProcessAdvertDevInfo
 .text.gapFreeScanRecs
                0x000000000000725a       0xa2 C:\Users\19156\Desktop\DualModeKeyboard\SDK\LIB\libCH57xBLE.a(gap_central.o)
                0x000000000000725a                gapFreeScanRecs
 .text.gapSendDevDiscEvent
                0x00000000000072fc      0x126 C:\Users\19156\Desktop\DualModeKeyboard\SDK\LIB\libCH57xBLE.a(gap_central.o)
                0x00000000000072fc                gapSendDevDiscEvent
 .text.gapSetScanParamStatus.part.2
                0x0000000000007422       0x42 C:\Users\19156\Desktop\DualModeKeyboard\SDK\LIB\libCH57xBLE.a(gap_central.o)
 .text.gapCentProcessHCICmdEvt
                0x0000000000007464       0x3c C:\Users\19156\Desktop\DualModeKeyboard\SDK\LIB\libCH57xBLE.a(gap_central.o)
                0x0000000000007464                gapCentProcessHCICmdEvt
 .text.gapProcessScanningEvt
                0x00000000000074a0      0x110 C:\Users\19156\Desktop\DualModeKeyboard\SDK\LIB\libCH57xBLE.a(gap_central.o)
                0x00000000000074a0                gapProcessScanningEvt
 .text.gapProcessScanningDirectEvt
                0x00000000000075b0       0xfe C:\Users\19156\Desktop\DualModeKeyboard\SDK\LIB\libCH57xBLE.a(gap_central.o)
                0x00000000000075b0                gapProcessScanningDirectEvt
 .text.GAP_CentConnRegister
                0x00000000000076ae       0x12 C:\Users\19156\Desktop\DualModeKeyboard\SDK\LIB\libCH57xBLE.a(gap_central.o)
                0x00000000000076ae                GAP_CentConnRegister
 .text.GAP_CentDevMgrInit
                0x00000000000076c0       0x94 C:\Users\19156\Desktop\DualModeKeyboard\SDK\LIB\libCH57xBLE.a(gap_central.o)
                0x00000000000076c0                GAP_CentDevMgrInit
 .text.gapFreeAdvertState
                0x0000000000007754       0x20 C:\Users\19156\Desktop\DualModeKeyboard\SDK\LIB\libCH57xBLE.a(gap_peripheral.o)
 .text.gapPeriProcessConnEvt
                0x0000000000007774       0xbc C:\Users\19156\Desktop\DualModeKeyboard\SDK\LIB\libCH57xBLE.a(gap_peripheral.o)
 .text.gapSetAdvParams
                0x0000000000007830       0x7e C:\Users\19156\Desktop\DualModeKeyboard\SDK\LIB\libCH57xBLE.a(gap_peripheral.o)
 .text.GAP_PeripheralParamInit
                0x00000000000078ae       0x4a C:\Users\19156\Desktop\DualModeKeyboard\SDK\LIB\libCH57xBLE.a(gap_peripheral.o)
                0x00000000000078ae                GAP_PeripheralParamInit
 .text.gapSendMakeDiscEvent
                0x00000000000078f8       0x50 C:\Users\19156\Desktop\DualModeKeyboard\SDK\LIB\libCH57xBLE.a(gap_peripheral.o)
                0x00000000000078f8                gapSendMakeDiscEvent
 .text.gapPeriProcessHCICmdCompleteEvt
                0x0000000000007948      0x194 C:\Users\19156\Desktop\DualModeKeyboard\SDK\LIB\libCH57xBLE.a(gap_peripheral.o)
 .text.GAP_MakeDiscoverable
                0x0000000000007adc       0xf0 C:\Users\19156\Desktop\DualModeKeyboard\SDK\LIB\libCH57xBLE.a(gap_peripheral.o)
                0x0000000000007adc                GAP_MakeDiscoverable
 .text.GAP_EndDiscoverable
                0x0000000000007bcc       0x5c C:\Users\19156\Desktop\DualModeKeyboard\SDK\LIB\libCH57xBLE.a(gap_peripheral.o)
                0x0000000000007bcc                GAP_EndDiscoverable
 .text.gapProcessAdvertisingEvt
                0x0000000000007c28       0x90 C:\Users\19156\Desktop\DualModeKeyboard\SDK\LIB\libCH57xBLE.a(gap_peripheral.o)
 .text.GAP_UpdateAdvertisingData
                0x0000000000007cb8       0xb8 C:\Users\19156\Desktop\DualModeKeyboard\SDK\LIB\libCH57xBLE.a(gap_peripheral.o)
                0x0000000000007cb8                GAP_UpdateAdvertisingData
 .text.GAP_ConfigDeviceAddr
                0x0000000000007d70      0x10e C:\Users\19156\Desktop\DualModeKeyboard\SDK\LIB\libCH57xBLE.a(gap_peripheral.o)
                0x0000000000007d70                GAP_ConfigDeviceAddr
 .text.GAP_PeriConnRegister
                0x0000000000007e7e       0x2a C:\Users\19156\Desktop\DualModeKeyboard\SDK\LIB\libCH57xBLE.a(gap_peripheral.o)
                0x0000000000007e7e                GAP_PeriConnRegister
 .text.GAP_PeriDevMgrInit
                0x0000000000007ea8       0xbc C:\Users\19156\Desktop\DualModeKeyboard\SDK\LIB\libCH57xBLE.a(gap_peripheral.o)
                0x0000000000007ea8                GAP_PeriDevMgrInit
 .text.ggs_SetAttrWPermit
                0x0000000000007f64       0x68 C:\Users\19156\Desktop\DualModeKeyboard\SDK\LIB\libCH57xBLE.a(gapgattserver.o)
 .text.ggs_ReadAttrCB
                0x0000000000007fcc      0x152 C:\Users\19156\Desktop\DualModeKeyboard\SDK\LIB\libCH57xBLE.a(gapgattserver.o)
 .text.ggs_WriteAttrCB
                0x000000000000811e      0x154 C:\Users\19156\Desktop\DualModeKeyboard\SDK\LIB\libCH57xBLE.a(gapgattserver.o)
 .text.GGS_ParamInit
                0x0000000000008272      0x23a C:\Users\19156\Desktop\DualModeKeyboard\SDK\LIB\libCH57xBLE.a(gapgattserver.o)
                0x0000000000008272                GGS_ParamInit
 .text.GGS_SetParameter
                0x00000000000084ac       0xde C:\Users\19156\Desktop\DualModeKeyboard\SDK\LIB\libCH57xBLE.a(gapgattserver.o)
                0x00000000000084ac                GGS_SetParameter
 .text.GGS_AddService
                0x000000000000858a       0x2c C:\Users\19156\Desktop\DualModeKeyboard\SDK\LIB\libCH57xBLE.a(gapgattserver.o)
                0x000000000000858a                GGS_AddService
 .text.GAP_DeviceInit
                0x00000000000085b6       0xd8 C:\Users\19156\Desktop\DualModeKeyboard\SDK\LIB\libCH57xBLE.a(gapgattserver.o)
                0x00000000000085b6                GAP_DeviceInit
 .text.gattGetPayload
                0x000000000000868e       0x7e C:\Users\19156\Desktop\DualModeKeyboard\SDK\LIB\libCH57xBLE.a(gatt.o)
                0x000000000000868e                gattGetPayload
 .text.gattNotifyEvent
                0x000000000000870c       0x80 C:\Users\19156\Desktop\DualModeKeyboard\SDK\LIB\libCH57xBLE.a(gatt.o)
                0x000000000000870c                gattNotifyEvent
 .text.gattSendFlowCtrlEvt
                0x000000000000878c       0x4a C:\Users\19156\Desktop\DualModeKeyboard\SDK\LIB\libCH57xBLE.a(gatt.o)
                0x000000000000878c                gattSendFlowCtrlEvt
 .text.gattStartTimer
                0x00000000000087d6        0xc C:\Users\19156\Desktop\DualModeKeyboard\SDK\LIB\libCH57xBLE.a(gatt.o)
                0x00000000000087d6                gattStartTimer
 .text.gattStopTimer
                0x00000000000087e2       0x32 C:\Users\19156\Desktop\DualModeKeyboard\SDK\LIB\libCH57xBLE.a(gatt.o)
                0x00000000000087e2                gattStopTimer
 .text.GATT_AppCompletedMsg
                0x0000000000008814       0x30 C:\Users\19156\Desktop\DualModeKeyboard\SDK\LIB\libCH57xBLE.a(gatt.o)
                0x0000000000008814                GATT_AppCompletedMsg
 .text.GATT_NotifyEvent
                0x0000000000008844       0x4e C:\Users\19156\Desktop\DualModeKeyboard\SDK\LIB\libCH57xBLE.a(gatt.o)
                0x0000000000008844                GATT_NotifyEvent
 .text.gattRegisterServer
                0x0000000000008892        0x6 C:\Users\19156\Desktop\DualModeKeyboard\SDK\LIB\libCH57xBLE.a(gatt.o)
                0x0000000000008892                gattRegisterServer
 .text.GATT_UpdateMTU
                0x0000000000008898       0x5c C:\Users\19156\Desktop\DualModeKeyboard\SDK\LIB\libCH57xBLE.a(gatt.o)
                0x0000000000008898                GATT_UpdateMTU
 .text.GATT_bm_alloc
                0x00000000000088f4       0xea C:\Users\19156\Desktop\DualModeKeyboard\SDK\LIB\libCH57xBLE.a(gatt.o)
                0x00000000000088f4                GATT_bm_alloc
 .text.GATT_ServiceChangedInd
                0x00000000000089de       0x94 C:\Users\19156\Desktop\DualModeKeyboard\SDK\LIB\libCH57xBLE.a(gatt.o)
                0x00000000000089de                GATT_ServiceChangedInd
 .text.GATT_bm_free
                0x0000000000008a72       0x1c C:\Users\19156\Desktop\DualModeKeyboard\SDK\LIB\libCH57xBLE.a(gatt.o)
                0x0000000000008a72                GATT_bm_free
 .text.GATT_RegisterForPeriMsgs
                0x0000000000008a8e        0x6 C:\Users\19156\Desktop\DualModeKeyboard\SDK\LIB\libCH57xBLE.a(gatt.o)
                0x0000000000008a8e                GATT_RegisterForPeriMsgs
 .text.GATT_Init
                0x0000000000008a94       0x30 C:\Users\19156\Desktop\DualModeKeyboard\SDK\LIB\libCH57xBLE.a(gatt.o)
                0x0000000000008a94                GATT_Init
 .text.GATT_ProcessEvent
                0x0000000000008ac4      0x136 C:\Users\19156\Desktop\DualModeKeyboard\SDK\LIB\libCH57xBLE.a(gatt.o)
                0x0000000000008ac4                GATT_ProcessEvent
 .text.gattProcessExchangeMTUReq
                0x0000000000008bfa        0x4 C:\Users\19156\Desktop\DualModeKeyboard\SDK\LIB\libCH57xBLE.a(gattservapp.o)
 .text.gattServApp_FindCharCfgItem
                0x0000000000008bfe       0x20 C:\Users\19156\Desktop\DualModeKeyboard\SDK\LIB\libCH57xBLE.a(gattservapp.o)
 .text.gattServerHandleTimerCB
                0x0000000000008c1e       0x3c C:\Users\19156\Desktop\DualModeKeyboard\SDK\LIB\libCH57xBLE.a(gattservapp.o)
 .text.GATTServApp_InitCharCfg.part.12
                0x0000000000008c5a       0x1c C:\Users\19156\Desktop\DualModeKeyboard\SDK\LIB\libCH57xBLE.a(gattservapp.o)
 .text.gattProcessExecuteWriteReq
                0x0000000000008c76        0x4 C:\Users\19156\Desktop\DualModeKeyboard\SDK\LIB\libCH57xBLE.a(gattservapp.o)
 .text.GATTServApp_ParamInit
                0x0000000000008c7a       0xd6 C:\Users\19156\Desktop\DualModeKeyboard\SDK\LIB\libCH57xBLE.a(gattservapp.o)
                0x0000000000008c7a                GATTServApp_ParamInit
 .text.GATTServApp_ReadCharCfg
                0x0000000000008d50       0x18 C:\Users\19156\Desktop\DualModeKeyboard\SDK\LIB\libCH57xBLE.a(gattservapp.o)
                0x0000000000008d50                GATTServApp_ReadCharCfg
 .text.GATTServApp_WriteCharCfg
                0x0000000000008d68       0x3c C:\Users\19156\Desktop\DualModeKeyboard\SDK\LIB\libCH57xBLE.a(gattservapp.o)
                0x0000000000008d68                GATTServApp_WriteCharCfg
 .text.GATTServApp_ProcessCCCWriteReq
                0x0000000000008da4       0x60 C:\Users\19156\Desktop\DualModeKeyboard\SDK\LIB\libCH57xBLE.a(gattservapp.o)
                0x0000000000008da4                GATTServApp_ProcessCCCWriteReq
 .text.gattServApp_WriteAttrCB
                0x0000000000008e04       0x34 C:\Users\19156\Desktop\DualModeKeyboard\SDK\LIB\libCH57xBLE.a(gattservapp.o)
                0x0000000000008e04                gattServApp_WriteAttrCB
 .text.GATTServApp_SendCCCUpdatedEvent
                0x0000000000008e38       0x5e C:\Users\19156\Desktop\DualModeKeyboard\SDK\LIB\libCH57xBLE.a(gattservapp.o)
                0x0000000000008e38                GATTServApp_SendCCCUpdatedEvent
 .text.GATTServApp_SendServiceChangedInd
                0x0000000000008e96       0x36 C:\Users\19156\Desktop\DualModeKeyboard\SDK\LIB\libCH57xBLE.a(gattservapp.o)
                0x0000000000008e96                GATTServApp_SendServiceChangedInd
 .text.gattServApp_ClearPrepareWriteQ
                0x0000000000008ecc       0x4c C:\Users\19156\Desktop\DualModeKeyboard\SDK\LIB\libCH57xBLE.a(gattservapp.o)
                0x0000000000008ecc                gattServApp_ClearPrepareWriteQ
 .text.gattServApp_FindPrepareWriteQ
                0x0000000000008f18       0x2c C:\Users\19156\Desktop\DualModeKeyboard\SDK\LIB\libCH57xBLE.a(gattservapp.o)
                0x0000000000008f18                gattServApp_FindPrepareWriteQ
 .text.gattServApp_FindServiceCBs
                0x0000000000008f44       0x18 C:\Users\19156\Desktop\DualModeKeyboard\SDK\LIB\libCH57xBLE.a(gattservapp.o)
                0x0000000000008f44                gattServApp_FindServiceCBs
 .text.gattServApp_FindAuthorizeAttrCB
                0x0000000000008f5c       0x16 C:\Users\19156\Desktop\DualModeKeyboard\SDK\LIB\libCH57xBLE.a(gattservapp.o)
                0x0000000000008f5c                gattServApp_FindAuthorizeAttrCB
 .text.gattServApp_IsWriteLong
                0x0000000000008f72       0xe6 C:\Users\19156\Desktop\DualModeKeyboard\SDK\LIB\libCH57xBLE.a(gattservapp.o)
                0x0000000000008f72                gattServApp_IsWriteLong
 .text.gattFindService
                0x0000000000009058       0x1c C:\Users\19156\Desktop\DualModeKeyboard\SDK\LIB\libCH57xBLE.a(gattservapp.o)
                0x0000000000009058                gattFindService
 .text.GATT_ServiceNumAttrs
                0x0000000000009074       0x18 C:\Users\19156\Desktop\DualModeKeyboard\SDK\LIB\libCH57xBLE.a(gattservapp.o)
                0x0000000000009074                GATT_ServiceNumAttrs
 .text.GATT_ServiceEncKeySize
                0x000000000000908c       0x18 C:\Users\19156\Desktop\DualModeKeyboard\SDK\LIB\libCH57xBLE.a(gattservapp.o)
                0x000000000000908c                GATT_ServiceEncKeySize
 .text.GATT_VerifyWritePermissions.part.7
                0x00000000000090a4       0x2e C:\Users\19156\Desktop\DualModeKeyboard\SDK\LIB\libCH57xBLE.a(gattservapp.o)
 .text.gattResetServerInfo
                0x00000000000090d2       0x1c C:\Users\19156\Desktop\DualModeKeyboard\SDK\LIB\libCH57xBLE.a(gattservapp.o)
                0x00000000000090d2                gattResetServerInfo
 .text.gattFindServerInfo
                0x00000000000090ee       0x28 C:\Users\19156\Desktop\DualModeKeyboard\SDK\LIB\libCH57xBLE.a(gattservapp.o)
                0x00000000000090ee                gattFindServerInfo
 .text.gattServerHandleConnStatusCB
                0x0000000000009116       0x98 C:\Users\19156\Desktop\DualModeKeyboard\SDK\LIB\libCH57xBLE.a(gattservapp.o)
                0x0000000000009116                gattServerHandleConnStatusCB
 .text.gattServerProcessMsgCB
                0x00000000000091ae      0x1c0 C:\Users\19156\Desktop\DualModeKeyboard\SDK\LIB\libCH57xBLE.a(gattservapp.o)
                0x00000000000091ae                gattServerProcessMsgCB
 .text.gattServerNotifyTxCB
                0x000000000000936e       0x28 C:\Users\19156\Desktop\DualModeKeyboard\SDK\LIB\libCH57xBLE.a(gattservapp.o)
 .text.GATT_FindHandle
                0x0000000000009396       0x4a C:\Users\19156\Desktop\DualModeKeyboard\SDK\LIB\libCH57xBLE.a(gattservapp.o)
                0x0000000000009396                GATT_FindHandle
 .text.GATTServApp_WriteAttr
                0x00000000000093e0       0xa8 C:\Users\19156\Desktop\DualModeKeyboard\SDK\LIB\libCH57xBLE.a(gattservapp.o)
                0x00000000000093e0                GATTServApp_WriteAttr
 .text.gattServApp_ProcessExecuteWriteReq
                0x0000000000009488      0x100 C:\Users\19156\Desktop\DualModeKeyboard\SDK\LIB\libCH57xBLE.a(gattservapp.o)
                0x0000000000009488                gattServApp_ProcessExecuteWriteReq
 .text.GATTServApp_UpdateCharCfg
                0x0000000000009588       0x1e C:\Users\19156\Desktop\DualModeKeyboard\SDK\LIB\libCH57xBLE.a(gattservapp.o)
                0x0000000000009588                GATTServApp_UpdateCharCfg
 .text.gattServApp_ProcessPrepareWriteReq
                0x00000000000095a6      0x10e C:\Users\19156\Desktop\DualModeKeyboard\SDK\LIB\libCH57xBLE.a(gattservapp.o)
                0x00000000000095a6                gattServApp_ProcessPrepareWriteReq
 .text.gattServApp_ProcessWriteReq
                0x00000000000096b4       0xb0 C:\Users\19156\Desktop\DualModeKeyboard\SDK\LIB\libCH57xBLE.a(gattservapp.o)
                0x00000000000096b4                gattServApp_ProcessWriteReq
 .text.GATT_Indication
                0x0000000000009764       0xa4 C:\Users\19156\Desktop\DualModeKeyboard\SDK\LIB\libCH57xBLE.a(gattservapp.o)
                0x0000000000009764                GATT_Indication
 .text.GATT_FindHandleUUID
                0x0000000000009808       0x94 C:\Users\19156\Desktop\DualModeKeyboard\SDK\LIB\libCH57xBLE.a(gattservapp.o)
                0x0000000000009808                GATT_FindHandleUUID
 .text.gattProcessReadByGrpTypeReq
                0x000000000000989c       0x60 C:\Users\19156\Desktop\DualModeKeyboard\SDK\LIB\libCH57xBLE.a(gattservapp.o)
 .text.gattProcessReadByTypeReq
                0x00000000000098fc       0x34 C:\Users\19156\Desktop\DualModeKeyboard\SDK\LIB\libCH57xBLE.a(gattservapp.o)
 .text.gattProcessFindByTypeValueReq
                0x0000000000009930       0x34 C:\Users\19156\Desktop\DualModeKeyboard\SDK\LIB\libCH57xBLE.a(gattservapp.o)
 .text.gattProcessFindInfoReq
                0x0000000000009964      0x1aa C:\Users\19156\Desktop\DualModeKeyboard\SDK\LIB\libCH57xBLE.a(gattservapp.o)
 .text.GATT_Notification
                0x0000000000009b0e       0x70 C:\Users\19156\Desktop\DualModeKeyboard\SDK\LIB\libCH57xBLE.a(gattservapp.o)
                0x0000000000009b0e                GATT_Notification
 .text.GATT_VerifyWritePermissions
                0x0000000000009b7e       0x6a C:\Users\19156\Desktop\DualModeKeyboard\SDK\LIB\libCH57xBLE.a(gattservapp.o)
                0x0000000000009b7e                GATT_VerifyWritePermissions
 .text.gattProcessWriteReq
                0x0000000000009be8       0x36 C:\Users\19156\Desktop\DualModeKeyboard\SDK\LIB\libCH57xBLE.a(gattservapp.o)
 .text.GATT_VerifyPrepareWritePermissions
                0x0000000000009c1e       0x56 C:\Users\19156\Desktop\DualModeKeyboard\SDK\LIB\libCH57xBLE.a(gattservapp.o)
                0x0000000000009c1e                GATT_VerifyPrepareWritePermissions
 .text.gattProcessPrepareWriteReq
                0x0000000000009c74       0x36 C:\Users\19156\Desktop\DualModeKeyboard\SDK\LIB\libCH57xBLE.a(gattservapp.o)
 .text.GATT_FindNextAttr
                0x0000000000009caa       0xc2 C:\Users\19156\Desktop\DualModeKeyboard\SDK\LIB\libCH57xBLE.a(gattservapp.o)
                0x0000000000009caa                GATT_FindNextAttr
 .text.GATTServApp_ReadAttr
                0x0000000000009d6c      0x2e2 C:\Users\19156\Desktop\DualModeKeyboard\SDK\LIB\libCH57xBLE.a(gattservapp.o)
                0x0000000000009d6c                GATTServApp_ReadAttr
 .text.gattServApp_ProcessReadMultiReq
                0x000000000000a04e      0x16e C:\Users\19156\Desktop\DualModeKeyboard\SDK\LIB\libCH57xBLE.a(gattservapp.o)
                0x000000000000a04e                gattServApp_ProcessReadMultiReq
 .text.gattServApp_ProcessFindByTypeValueReq
                0x000000000000a1bc      0x19c C:\Users\19156\Desktop\DualModeKeyboard\SDK\LIB\libCH57xBLE.a(gattservapp.o)
                0x000000000000a1bc                gattServApp_ProcessFindByTypeValueReq
 .text.GATT_VerifyReadPermissions
                0x000000000000a358       0x68 C:\Users\19156\Desktop\DualModeKeyboard\SDK\LIB\libCH57xBLE.a(gattservapp.o)
                0x000000000000a358                GATT_VerifyReadPermissions
 .text.gattProcessReadMultiReq
                0x000000000000a3c0       0xae C:\Users\19156\Desktop\DualModeKeyboard\SDK\LIB\libCH57xBLE.a(gattservapp.o)
 .text.gattProcessReadReq
                0x000000000000a46e       0x30 C:\Users\19156\Desktop\DualModeKeyboard\SDK\LIB\libCH57xBLE.a(gattservapp.o)
 .text.gattServApp_ProcessReadByGrpTypeReq
                0x000000000000a49e      0x21c C:\Users\19156\Desktop\DualModeKeyboard\SDK\LIB\libCH57xBLE.a(gattservapp.o)
                0x000000000000a49e                gattServApp_ProcessReadByGrpTypeReq
 .text.gattServApp_ProcessReadByTypeReq
                0x000000000000a6ba      0x1ae C:\Users\19156\Desktop\DualModeKeyboard\SDK\LIB\libCH57xBLE.a(gattservapp.o)
                0x000000000000a6ba                gattServApp_ProcessReadByTypeReq
 .text.GATT_RegisterService
                0x000000000000a868       0xfc C:\Users\19156\Desktop\DualModeKeyboard\SDK\LIB\libCH57xBLE.a(gattservapp.o)
                0x000000000000a868                GATT_RegisterService
 .text.GATTServApp_RegisterService
                0x000000000000a964       0x8a C:\Users\19156\Desktop\DualModeKeyboard\SDK\LIB\libCH57xBLE.a(gattservapp.o)
                0x000000000000a964                GATTServApp_RegisterService
 .text.GATTServApp_AddService
                0x000000000000a9ee       0x2c C:\Users\19156\Desktop\DualModeKeyboard\SDK\LIB\libCH57xBLE.a(gattservapp.o)
                0x000000000000a9ee                GATTServApp_AddService
 .text.GATTServApp_RegisterForMsg
                0x000000000000aa1a        0x6 C:\Users\19156\Desktop\DualModeKeyboard\SDK\LIB\libCH57xBLE.a(gattservapp.o)
                0x000000000000aa1a                GATTServApp_RegisterForMsg
 .text.GATTServApp_InitCharCfg
                0x000000000000aa20       0x28 C:\Users\19156\Desktop\DualModeKeyboard\SDK\LIB\libCH57xBLE.a(gattservapp.o)
                0x000000000000aa20                GATTServApp_InitCharCfg
 .text.gattServApp_HandleConnStatusCB
                0x000000000000aa48       0x74 C:\Users\19156\Desktop\DualModeKeyboard\SDK\LIB\libCH57xBLE.a(gattservapp.o)
                0x000000000000aa48                gattServApp_HandleConnStatusCB
 .text.GATT_InitServer
                0x000000000000aabc       0xf6 C:\Users\19156\Desktop\DualModeKeyboard\SDK\LIB\libCH57xBLE.a(gattservapp.o)
                0x000000000000aabc                GATT_InitServer
 .text.GATTServApp_Init
                0x000000000000abb2       0x34 C:\Users\19156\Desktop\DualModeKeyboard\SDK\LIB\libCH57xBLE.a(gattservapp.o)
                0x000000000000abb2                GATTServApp_Init
 .text.GATTServApp_ProcessEvent
                0x000000000000abe6      0x366 C:\Users\19156\Desktop\DualModeKeyboard\SDK\LIB\libCH57xBLE.a(gattservapp.o)
                0x000000000000abe6                GATTServApp_ProcessEvent
 .text.l2capAllocConnChannel
                0x000000000000af4c       0xd8 C:\Users\19156\Desktop\DualModeKeyboard\SDK\LIB\libCH57xBLE.a(l2cap.o)
                0x000000000000af4c                l2capAllocConnChannel
 .text.l2capFindLocalCID
                0x000000000000b024       0x2c C:\Users\19156\Desktop\DualModeKeyboard\SDK\LIB\libCH57xBLE.a(l2cap.o)
                0x000000000000b024                l2capFindLocalCID
 .text.l2capFindLocalId
                0x000000000000b050       0x30 C:\Users\19156\Desktop\DualModeKeyboard\SDK\LIB\libCH57xBLE.a(l2cap.o)
                0x000000000000b050                l2capFindLocalId
 .text.l2capFindPsm
                0x000000000000b080       0x2c C:\Users\19156\Desktop\DualModeKeyboard\SDK\LIB\libCH57xBLE.a(l2cap.o)
                0x000000000000b080                l2capFindPsm
 .text.l2capFindRemoteCID
                0x000000000000b0ac       0x3c C:\Users\19156\Desktop\DualModeKeyboard\SDK\LIB\libCH57xBLE.a(l2cap.o)
                0x000000000000b0ac                l2capFindRemoteCID
 .text.l2capFreeChannel
                0x000000000000b0e8       0x4a C:\Users\19156\Desktop\DualModeKeyboard\SDK\LIB\libCH57xBLE.a(l2cap.o)
                0x000000000000b0e8                l2capFreeChannel
 .text.l2capDisconnectChannel
                0x000000000000b132       0x28 C:\Users\19156\Desktop\DualModeKeyboard\SDK\LIB\libCH57xBLE.a(l2cap.o)
                0x000000000000b132                l2capDisconnectChannel
 .text.l2capHandleTimerCB
                0x000000000000b15a       0x2c C:\Users\19156\Desktop\DualModeKeyboard\SDK\LIB\libCH57xBLE.a(l2cap.o)
                0x000000000000b15a                l2capHandleTimerCB
 .text.l2capFreePendingPkt
                0x000000000000b186       0x58 C:\Users\19156\Desktop\DualModeKeyboard\SDK\LIB\libCH57xBLE.a(l2cap.o)
                0x000000000000b186                l2capFreePendingPkt
 .text.l2capGetCoChannelInfo
                0x000000000000b1de       0x7e C:\Users\19156\Desktop\DualModeKeyboard\SDK\LIB\libCH57xBLE.a(l2cap.o)
                0x000000000000b1de                l2capGetCoChannelInfo
 .text.l2capNumActiveChannnels
                0x000000000000b25c       0x44 C:\Users\19156\Desktop\DualModeKeyboard\SDK\LIB\libCH57xBLE.a(l2cap.o)
                0x000000000000b25c                l2capNumActiveChannnels
 .text.l2capStartTimer
                0x000000000000b2a0       0x1a C:\Users\19156\Desktop\DualModeKeyboard\SDK\LIB\libCH57xBLE.a(l2cap.o)
                0x000000000000b2a0                l2capStartTimer
 .text.l2capStopTimer
                0x000000000000b2ba       0x1e C:\Users\19156\Desktop\DualModeKeyboard\SDK\LIB\libCH57xBLE.a(l2cap.o)
                0x000000000000b2ba                l2capStopTimer
 .text.l2capDisconnectAllChannels
                0x000000000000b2d8       0xdc C:\Users\19156\Desktop\DualModeKeyboard\SDK\LIB\libCH57xBLE.a(l2cap.o)
                0x000000000000b2d8                l2capDisconnectAllChannels
 .text.l2capHandleConnStatusCB
                0x000000000000b3b4       0x3c C:\Users\19156\Desktop\DualModeKeyboard\SDK\LIB\libCH57xBLE.a(l2cap.o)
                0x000000000000b3b4                l2capHandleConnStatusCB
 .text.l2capHandleRxError
                0x000000000000b3f0        0x6 C:\Users\19156\Desktop\DualModeKeyboard\SDK\LIB\libCH57xBLE.a(l2cap.o)
                0x000000000000b3f0                l2capHandleRxError
 .text.L2CAP_GetMTU
                0x000000000000b3f6        0x6 C:\Users\19156\Desktop\DualModeKeyboard\SDK\LIB\libCH57xBLE.a(l2cap.o)
                0x000000000000b3f6                L2CAP_GetMTU
 .text.L2CAP_HostNumCompletedPkts
                0x000000000000b3fc       0x28 C:\Users\19156\Desktop\DualModeKeyboard\SDK\LIB\libCH57xBLE.a(l2cap.o)
                0x000000000000b3fc                L2CAP_HostNumCompletedPkts
 .text.L2CAP_ParseConnectReq
                0x000000000000b424       0x5e C:\Users\19156\Desktop\DualModeKeyboard\SDK\LIB\libCH57xBLE.a(l2cap.o)
                0x000000000000b424                L2CAP_ParseConnectReq
 .text.L2CAP_ParseFlowCtrlCredit
                0x000000000000b482       0x2e C:\Users\19156\Desktop\DualModeKeyboard\SDK\LIB\libCH57xBLE.a(l2cap.o)
                0x000000000000b482                L2CAP_ParseFlowCtrlCredit
 .text.L2CAP_RegisterApp
                0x000000000000b4b0       0x30 C:\Users\19156\Desktop\DualModeKeyboard\SDK\LIB\libCH57xBLE.a(l2cap.o)
                0x000000000000b4b0                L2CAP_RegisterApp
 .text.L2CAP_SetBufSize
                0x000000000000b4e0       0x1e C:\Users\19156\Desktop\DualModeKeyboard\SDK\LIB\libCH57xBLE.a(l2cap.o)
                0x000000000000b4e0                L2CAP_SetBufSize
 .text.L2CAP_bm_alloc
                0x000000000000b4fe       0x30 C:\Users\19156\Desktop\DualModeKeyboard\SDK\LIB\libCH57xBLE.a(l2cap.o)
                0x000000000000b4fe                L2CAP_bm_alloc
 .text.L2CAP_Init
                0x000000000000b52e       0xf0 C:\Users\19156\Desktop\DualModeKeyboard\SDK\LIB\libCH57xBLE.a(l2cap.o)
                0x000000000000b52e                L2CAP_Init
 .text.L2CAP_ProcessEvent
                0x000000000000b61e       0xc8 C:\Users\19156\Desktop\DualModeKeyboard\SDK\LIB\libCH57xBLE.a(l2cap.o)
                0x000000000000b61e                L2CAP_ProcessEvent
 .text.l2capParseCmdReject
                0x000000000000b6e6       0x5e C:\Users\19156\Desktop\DualModeKeyboard\SDK\LIB\libCH57xBLE.a(l2cap_input.o)
                0x000000000000b6e6                l2capParseCmdReject
 .text.l2capParseDisconnectReq
                0x000000000000b744       0x2e C:\Users\19156\Desktop\DualModeKeyboard\SDK\LIB\libCH57xBLE.a(l2cap_input.o)
                0x000000000000b744                l2capParseDisconnectReq
 .text.l2capParseDisconnectRsp
                0x000000000000b772       0x2e C:\Users\19156\Desktop\DualModeKeyboard\SDK\LIB\libCH57xBLE.a(l2cap_input.o)
                0x000000000000b772                l2capParseDisconnectRsp
 .text.L2CAP_ParseParamUpdateReq
                0x000000000000b7a0       0x4e C:\Users\19156\Desktop\DualModeKeyboard\SDK\LIB\libCH57xBLE.a(l2cap_input.o)
                0x000000000000b7a0                L2CAP_ParseParamUpdateReq
 .text.l2capParseParamUpdateRsp
                0x000000000000b7ee       0x1e C:\Users\19156\Desktop\DualModeKeyboard\SDK\LIB\libCH57xBLE.a(l2cap_input.o)
                0x000000000000b7ee                l2capParseParamUpdateRsp
 .text.l2capProcessConnectReq
                0x000000000000b80c       0xfc C:\Users\19156\Desktop\DualModeKeyboard\SDK\LIB\libCH57xBLE.a(l2cap_input.o)
                0x000000000000b80c                l2capProcessConnectReq
 .text.l2capParseConnectRsp
                0x000000000000b908       0x5e C:\Users\19156\Desktop\DualModeKeyboard\SDK\LIB\libCH57xBLE.a(l2cap_input.o)
                0x000000000000b908                l2capParseConnectRsp
 .text.l2capParseSignalHdr
                0x000000000000b966       0x22 C:\Users\19156\Desktop\DualModeKeyboard\SDK\LIB\libCH57xBLE.a(l2cap_input.o)
                0x000000000000b966                l2capParseSignalHdr
 .text.l2capParsePacket
                0x000000000000b988       0x8c C:\Users\19156\Desktop\DualModeKeyboard\SDK\LIB\libCH57xBLE.a(l2cap_input.o)
                0x000000000000b988                l2capParsePacket
 .text.l2capProcessReq
                0x000000000000ba14      0x15a C:\Users\19156\Desktop\DualModeKeyboard\SDK\LIB\libCH57xBLE.a(l2cap_input.o)
                0x000000000000ba14                l2capProcessReq
 .text.l2capProcessRsp
                0x000000000000bb6e      0x150 C:\Users\19156\Desktop\DualModeKeyboard\SDK\LIB\libCH57xBLE.a(l2cap_input.o)
                0x000000000000bb6e                l2capProcessRsp
 .text.l2capProcessRxData
                0x000000000000bcbe       0xf8 C:\Users\19156\Desktop\DualModeKeyboard\SDK\LIB\libCH57xBLE.a(l2cap_input.o)
                0x000000000000bcbe                l2capProcessRxData
 .text.l2capNotifyData
                0x000000000000bdb6       0x5a C:\Users\19156\Desktop\DualModeKeyboard\SDK\LIB\libCH57xBLE.a(l2cap_output.o)
                0x000000000000bdb6                l2capNotifyData
 .text.l2capNotifySignal
                0x000000000000be10       0x76 C:\Users\19156\Desktop\DualModeKeyboard\SDK\LIB\libCH57xBLE.a(l2cap_output.o)
                0x000000000000be10                l2capNotifySignal
 .text.l2capNotifyCreditEvt
                0x000000000000be86       0x9c C:\Users\19156\Desktop\DualModeKeyboard\SDK\LIB\libCH57xBLE.a(l2cap_output.o)
                0x000000000000be86                l2capNotifyCreditEvt
 .text.l2capNotifyChannelEstEvt
                0x000000000000bf22       0x58 C:\Users\19156\Desktop\DualModeKeyboard\SDK\LIB\libCH57xBLE.a(l2cap_output.o)
                0x000000000000bf22                l2capNotifyChannelEstEvt
 .text.l2capNotifyChannelTermEvt
                0x000000000000bf7a       0x3e C:\Users\19156\Desktop\DualModeKeyboard\SDK\LIB\libCH57xBLE.a(l2cap_output.o)
                0x000000000000bf7a                l2capNotifyChannelTermEvt
 .text.l2capNotifyEvent
                0x000000000000bfb8       0x66 C:\Users\19156\Desktop\DualModeKeyboard\SDK\LIB\libCH57xBLE.a(l2cap_output.o)
                0x000000000000bfb8                l2capNotifyEvent
 .text.l2capStoreFCPkt
                0x000000000000c01e       0x32 C:\Users\19156\Desktop\DualModeKeyboard\SDK\LIB\libCH57xBLE.a(l2cap_output.o)
                0x000000000000c01e                l2capStoreFCPkt
 .text.l2capFreeTxSDU
                0x000000000000c050       0x9a C:\Users\19156\Desktop\DualModeKeyboard\SDK\LIB\libCH57xBLE.a(l2cap_output.o)
                0x000000000000c050                l2capFreeTxSDU
 .text.l2capReassembleSegment
                0x000000000000c0ea      0x174 C:\Users\19156\Desktop\DualModeKeyboard\SDK\LIB\libCH57xBLE.a(l2cap_output.o)
                0x000000000000c0ea                l2capReassembleSegment
 .text.l2capEncapSendData
                0x000000000000c25e       0xec C:\Users\19156\Desktop\DualModeKeyboard\SDK\LIB\libCH57xBLE.a(l2cap_output.o)
                0x000000000000c25e                l2capEncapSendData
 .text.l2capSendFCPkt.part.3
                0x000000000000c34a       0x70 C:\Users\19156\Desktop\DualModeKeyboard\SDK\LIB\libCH57xBLE.a(l2cap_output.o)
 .text.l2capSendSegment
                0x000000000000c3ba      0x108 C:\Users\19156\Desktop\DualModeKeyboard\SDK\LIB\libCH57xBLE.a(l2cap_output.o)
                0x000000000000c3ba                l2capSendSegment
 .text.l2capSendNextSegment
                0x000000000000c4c2       0xb4 C:\Users\19156\Desktop\DualModeKeyboard\SDK\LIB\libCH57xBLE.a(l2cap_output.o)
                0x000000000000c4c2                l2capSendNextSegment
 .text.l2capSendPkt
                0x000000000000c576       0x3a C:\Users\19156\Desktop\DualModeKeyboard\SDK\LIB\libCH57xBLE.a(l2cap_output.o)
                0x000000000000c576                l2capSendPkt
 .text.L2CAP_SendData
                0x000000000000c5b0       0x82 C:\Users\19156\Desktop\DualModeKeyboard\SDK\LIB\libCH57xBLE.a(l2cap_output.o)
                0x000000000000c5b0                L2CAP_SendData
 .text.l2capSendCmd
                0x000000000000c632       0x8a C:\Users\19156\Desktop\DualModeKeyboard\SDK\LIB\libCH57xBLE.a(l2cap_output.o)
                0x000000000000c632                l2capSendCmd
 .text.l2capSendReq
                0x000000000000c6bc       0xbc C:\Users\19156\Desktop\DualModeKeyboard\SDK\LIB\libCH57xBLE.a(l2cap_output.o)
                0x000000000000c6bc                l2capSendReq
 .text.l2capBuildDisconnectReq
                0x000000000000c778       0x28 C:\Users\19156\Desktop\DualModeKeyboard\SDK\LIB\libCH57xBLE.a(l2cap_sdu.o)
 .text.l2capBuildParamUpdateReq
                0x000000000000c7a0       0x4c C:\Users\19156\Desktop\DualModeKeyboard\SDK\LIB\libCH57xBLE.a(l2cap_sdu.o)
 .text.l2capBuildParamUpdateRsp
                0x000000000000c7ec       0x16 C:\Users\19156\Desktop\DualModeKeyboard\SDK\LIB\libCH57xBLE.a(l2cap_sdu.o)
 .text.l2capBuildConnectRsp
                0x000000000000c802       0x5e C:\Users\19156\Desktop\DualModeKeyboard\SDK\LIB\libCH57xBLE.a(l2cap_sdu.o)
 .text.l2capBuildCmdReject
                0x000000000000c860       0x62 C:\Users\19156\Desktop\DualModeKeyboard\SDK\LIB\libCH57xBLE.a(l2cap_sdu.o)
                0x000000000000c860                l2capBuildCmdReject
 .text.l2capBuildDisconnectRsp
                0x000000000000c8c2       0x28 C:\Users\19156\Desktop\DualModeKeyboard\SDK\LIB\libCH57xBLE.a(l2cap_sdu.o)
                0x000000000000c8c2                l2capBuildDisconnectRsp
 .text.l2capSendConnectRsp
                0x000000000000c8ea       0xa2 C:\Users\19156\Desktop\DualModeKeyboard\SDK\LIB\libCH57xBLE.a(l2cap_sdu.o)
                0x000000000000c8ea                l2capSendConnectRsp
 .text.L2CAP_CmdReject
                0x000000000000c98c       0x12 C:\Users\19156\Desktop\DualModeKeyboard\SDK\LIB\libCH57xBLE.a(l2cap_sdu.o)
                0x000000000000c98c                L2CAP_CmdReject
 .text.L2CAP_DisconnectReq
                0x000000000000c99e       0x2a C:\Users\19156\Desktop\DualModeKeyboard\SDK\LIB\libCH57xBLE.a(l2cap_sdu.o)
                0x000000000000c99e                L2CAP_DisconnectReq
 .text.L2CAP_ConnParamUpdateReq
                0x000000000000c9c8       0x16 C:\Users\19156\Desktop\DualModeKeyboard\SDK\LIB\libCH57xBLE.a(l2cap_sdu.o)
                0x000000000000c9c8                L2CAP_ConnParamUpdateReq
 .text.L2CAP_ConnParamUpdateRsp
                0x000000000000c9de       0x12 C:\Users\19156\Desktop\DualModeKeyboard\SDK\LIB\libCH57xBLE.a(l2cap_sdu.o)
                0x000000000000c9de                L2CAP_ConnParamUpdateRsp
 .text.reportStatusChange
                0x000000000000c9f0       0x3e C:\Users\19156\Desktop\DualModeKeyboard\SDK\LIB\libCH57xBLE.a(linkdb.o)
 .text.linkDB_Init
                0x000000000000ca2e       0x88 C:\Users\19156\Desktop\DualModeKeyboard\SDK\LIB\libCH57xBLE.a(linkdb.o)
                0x000000000000ca2e                linkDB_Init
 .text.linkDB_Find
                0x000000000000cab6       0x2c C:\Users\19156\Desktop\DualModeKeyboard\SDK\LIB\libCH57xBLE.a(linkdb.o)
                0x000000000000cab6                linkDB_Find
 .text.linkDB_Authen
                0x000000000000cae2       0x5c C:\Users\19156\Desktop\DualModeKeyboard\SDK\LIB\libCH57xBLE.a(linkdb.o)
                0x000000000000cae2                linkDB_Authen
 .text.linkDB_FindByAddr
                0x000000000000cb3e       0x76 C:\Users\19156\Desktop\DualModeKeyboard\SDK\LIB\libCH57xBLE.a(linkdb.o)
                0x000000000000cb3e                linkDB_FindByAddr
 .text.linkDB_FindFirst
                0x000000000000cbb4       0x38 C:\Users\19156\Desktop\DualModeKeyboard\SDK\LIB\libCH57xBLE.a(linkdb.o)
                0x000000000000cbb4                linkDB_FindFirst
 .text.linkDB_MTU
                0x000000000000cbec       0x18 C:\Users\19156\Desktop\DualModeKeyboard\SDK\LIB\libCH57xBLE.a(linkdb.o)
                0x000000000000cbec                linkDB_MTU
 .text.linkDB_NumActive
                0x000000000000cc04       0x2e C:\Users\19156\Desktop\DualModeKeyboard\SDK\LIB\libCH57xBLE.a(linkdb.o)
                0x000000000000cc04                linkDB_NumActive
 .text.linkDB_NumConns
                0x000000000000cc32        0x6 C:\Users\19156\Desktop\DualModeKeyboard\SDK\LIB\libCH57xBLE.a(linkdb.o)
                0x000000000000cc32                linkDB_NumConns
 .text.linkDB_Register
                0x000000000000cc38       0x28 C:\Users\19156\Desktop\DualModeKeyboard\SDK\LIB\libCH57xBLE.a(linkdb.o)
                0x000000000000cc38                linkDB_Register
 .text.linkDB_Remove
                0x000000000000cc60       0x48 C:\Users\19156\Desktop\DualModeKeyboard\SDK\LIB\libCH57xBLE.a(linkdb.o)
                0x000000000000cc60                linkDB_Remove
 .text.linkDB_Role
                0x000000000000cca8       0x18 C:\Users\19156\Desktop\DualModeKeyboard\SDK\LIB\libCH57xBLE.a(linkdb.o)
                0x000000000000cca8                linkDB_Role
 .text.linkDB_State
                0x000000000000ccc0       0x30 C:\Users\19156\Desktop\DualModeKeyboard\SDK\LIB\libCH57xBLE.a(linkdb.o)
                0x000000000000ccc0                linkDB_State
 .text.linkDB_UpdateMTU
                0x000000000000ccf0       0x28 C:\Users\19156\Desktop\DualModeKeyboard\SDK\LIB\libCH57xBLE.a(linkdb.o)
                0x000000000000ccf0                linkDB_UpdateMTU
 .text.linkDB_PerformFunc
                0x000000000000cd18       0x52 C:\Users\19156\Desktop\DualModeKeyboard\SDK\LIB\libCH57xBLE.a(linkdb.o)
                0x000000000000cd18                linkDB_PerformFunc
 .text.linkDB_PeripheralLinkNum
                0x000000000000cd6a       0x3e C:\Users\19156\Desktop\DualModeKeyboard\SDK\LIB\libCH57xBLE.a(linkdb.o)
                0x000000000000cd6a                linkDB_PeripheralLinkNum
 .text.linkDB_GetSMEvtID
                0x000000000000cda8       0x58 C:\Users\19156\Desktop\DualModeKeyboard\SDK\LIB\libCH57xBLE.a(linkdb.o)
                0x000000000000cda8                linkDB_GetSMEvtID
 .text.linkDB_Add
                0x000000000000ce00       0xb2 C:\Users\19156\Desktop\DualModeKeyboard\SDK\LIB\libCH57xBLE.a(linkdb.o)
                0x000000000000ce00                linkDB_Add
 .text.linkDB_GetHandleFromSMEvtID
                0x000000000000ceb2       0x32 C:\Users\19156\Desktop\DualModeKeyboard\SDK\LIB\libCH57xBLE.a(linkdb.o)
                0x000000000000ceb2                linkDB_GetHandleFromSMEvtID
 .text.linkDB_GetPairingParam
                0x000000000000cee4       0x54 C:\Users\19156\Desktop\DualModeKeyboard\SDK\LIB\libCH57xBLE.a(linkdb.o)
                0x000000000000cee4                linkDB_GetPairingParam
 .text.linkDB_NeedSendKey
                0x000000000000cf38       0x42 C:\Users\19156\Desktop\DualModeKeyboard\SDK\LIB\libCH57xBLE.a(linkdb.o)
                0x000000000000cf38                linkDB_NeedSendKey
 .text.smpBuildPairingFailed
                0x000000000000cf7a       0x1a C:\Users\19156\Desktop\DualModeKeyboard\SDK\LIB\libCH57xBLE.a(sm.o)
                0x000000000000cf7a                smpBuildPairingFailed
 .text.SM_StartEncryption
                0x000000000000cf94       0x98 C:\Users\19156\Desktop\DualModeKeyboard\SDK\LIB\libCH57xBLE.a(sm.o)
                0x000000000000cf94                SM_StartEncryption
 .text.smpBuildEncInfo
                0x000000000000d02c       0x30 C:\Users\19156\Desktop\DualModeKeyboard\SDK\LIB\libCH57xBLE.a(sm.o)
                0x000000000000d02c                smpBuildEncInfo
 .text.smpBuildIdentityAddrInfo
                0x000000000000d05c       0x3a C:\Users\19156\Desktop\DualModeKeyboard\SDK\LIB\libCH57xBLE.a(sm.o)
                0x000000000000d05c                smpBuildIdentityAddrInfo
 .text.smpBuildIdentityInfo
                0x000000000000d096       0x30 C:\Users\19156\Desktop\DualModeKeyboard\SDK\LIB\libCH57xBLE.a(sm.o)
                0x000000000000d096                smpBuildIdentityInfo
 .text.smpBuildMasterID
                0x000000000000d0c6       0x44 C:\Users\19156\Desktop\DualModeKeyboard\SDK\LIB\libCH57xBLE.a(sm.o)
                0x000000000000d0c6                smpBuildMasterID
 .text.smpBuildPairingConfirm
                0x000000000000d10a       0x30 C:\Users\19156\Desktop\DualModeKeyboard\SDK\LIB\libCH57xBLE.a(sm.o)
                0x000000000000d10a                smpBuildPairingConfirm
 .text.smpBuildPairingRandom
                0x000000000000d13a       0x30 C:\Users\19156\Desktop\DualModeKeyboard\SDK\LIB\libCH57xBLE.a(sm.o)
                0x000000000000d13a                smpBuildPairingRandom
 .text.smpBuildSigningInfo
                0x000000000000d16a       0x30 C:\Users\19156\Desktop\DualModeKeyboard\SDK\LIB\libCH57xBLE.a(sm.o)
                0x000000000000d16a                smpBuildSigningInfo
 .text.SM_ParamInit
                0x000000000000d19a       0x5a C:\Users\19156\Desktop\DualModeKeyboard\SDK\LIB\libCH57xBLE.a(sm.o)
                0x000000000000d19a                SM_ParamInit
 .text.smDetermineKeySize
                0x000000000000d1f4       0x20 C:\Users\19156\Desktop\DualModeKeyboard\SDK\LIB\libCH57xBLE.a(sm.o)
                0x000000000000d1f4                smDetermineKeySize
 .text.smProcessRandComplete
                0x000000000000d214       0x9e C:\Users\19156\Desktop\DualModeKeyboard\SDK\LIB\libCH57xBLE.a(sm.o)
                0x000000000000d214                smProcessRandComplete
 .text.smSavePairInfo
                0x000000000000d2b2      0x186 C:\Users\19156\Desktop\DualModeKeyboard\SDK\LIB\libCH57xBLE.a(sm.o)
                0x000000000000d2b2                smSavePairInfo
 .text.smSetPairingReqRsp
                0x000000000000d438       0x38 C:\Users\19156\Desktop\DualModeKeyboard\SDK\LIB\libCH57xBLE.a(sm.o)
                0x000000000000d438                smSetPairingReqRsp
 .text.smStartEncryption
                0x000000000000d470       0x16 C:\Users\19156\Desktop\DualModeKeyboard\SDK\LIB\libCH57xBLE.a(sm.o)
                0x000000000000d470                smStartEncryption
 .text.smStartRspTimer
                0x000000000000d486       0x36 C:\Users\19156\Desktop\DualModeKeyboard\SDK\LIB\libCH57xBLE.a(sm.o)
                0x000000000000d486                smStartRspTimer
 .text.smSendSMMsg
                0x000000000000d4bc       0x5c C:\Users\19156\Desktop\DualModeKeyboard\SDK\LIB\libCH57xBLE.a(sm.o)
                0x000000000000d4bc                smSendSMMsg
 .text.smGenerateConfirm
                0x000000000000d518       0x34 C:\Users\19156\Desktop\DualModeKeyboard\SDK\LIB\libCH57xBLE.a(sm.o)
                0x000000000000d518                smGenerateConfirm
 .text.smGenerateRandMsg
                0x000000000000d54c       0x34 C:\Users\19156\Desktop\DualModeKeyboard\SDK\LIB\libCH57xBLE.a(sm.o)
                0x000000000000d54c                smGenerateRandMsg
 .text.smPairingSendEncInfo
                0x000000000000d580       0x10 C:\Users\19156\Desktop\DualModeKeyboard\SDK\LIB\libCH57xBLE.a(sm.o)
                0x000000000000d580                smPairingSendEncInfo
 .text.smPairingSendIdentityAddrInfo
                0x000000000000d590       0x38 C:\Users\19156\Desktop\DualModeKeyboard\SDK\LIB\libCH57xBLE.a(sm.o)
                0x000000000000d590                smPairingSendIdentityAddrInfo
 .text.smPairingSendIdentityInfo
                0x000000000000d5c8       0x10 C:\Users\19156\Desktop\DualModeKeyboard\SDK\LIB\libCH57xBLE.a(sm.o)
                0x000000000000d5c8                smPairingSendIdentityInfo
 .text.smPairingSendMasterID
                0x000000000000d5d8       0x38 C:\Users\19156\Desktop\DualModeKeyboard\SDK\LIB\libCH57xBLE.a(sm.o)
                0x000000000000d5d8                smPairingSendMasterID
 .text.smPairingSendSingingInfo
                0x000000000000d610       0x10 C:\Users\19156\Desktop\DualModeKeyboard\SDK\LIB\libCH57xBLE.a(sm.o)
                0x000000000000d610                smPairingSendSingingInfo
 .text.smInitiatorSendNextKeyInfo
                0x000000000000d620      0x1c2 C:\Users\19156\Desktop\DualModeKeyboard\SDK\LIB\libCH57xBLE.a(sm.o)
                0x000000000000d620                smInitiatorSendNextKeyInfo
 .text.smResponderSendNextKeyInfo
                0x000000000000d7e2      0x216 C:\Users\19156\Desktop\DualModeKeyboard\SDK\LIB\libCH57xBLE.a(sm.o)
                0x000000000000d7e2                smResponderSendNextKeyInfo
 .text.smGeneratePairingReqRsp
                0x000000000000d9f8       0x3e C:\Users\19156\Desktop\DualModeKeyboard\SDK\LIB\libCH57xBLE.a(sm.o)
                0x000000000000d9f8                smGeneratePairingReqRsp
 .text.smStopRspTimer
                0x000000000000da36        0xa C:\Users\19156\Desktop\DualModeKeyboard\SDK\LIB\libCH57xBLE.a(sm.o)
                0x000000000000da36                smStopRspTimer
 .text.smFreePairingParams
                0x000000000000da40       0x68 C:\Users\19156\Desktop\DualModeKeyboard\SDK\LIB\libCH57xBLE.a(sm.o)
                0x000000000000da40                smFreePairingParams
 .text.smEndPairing
                0x000000000000daa8       0x5c C:\Users\19156\Desktop\DualModeKeyboard\SDK\LIB\libCH57xBLE.a(sm.o)
                0x000000000000daa8                smEndPairing
 .text.setupInitiatorKeys
                0x000000000000db04       0x82 C:\Users\19156\Desktop\DualModeKeyboard\SDK\LIB\libCH57xBLE.a(sm.o)
                0x000000000000db04                setupInitiatorKeys
 .text.smNextPairingState
                0x000000000000db86       0x56 C:\Users\19156\Desktop\DualModeKeyboard\SDK\LIB\libCH57xBLE.a(sm.o)
                0x000000000000db86                smNextPairingState
 .text.smProcessEncryptChange
                0x000000000000dbdc       0xde C:\Users\19156\Desktop\DualModeKeyboard\SDK\LIB\libCH57xBLE.a(sm.o)
                0x000000000000dbdc                smProcessEncryptChange
 .text.smSendFailAndEnd
                0x000000000000dcba       0x38 C:\Users\19156\Desktop\DualModeKeyboard\SDK\LIB\libCH57xBLE.a(sm.o)
                0x000000000000dcba                smSendFailAndEnd
 .text.smProcessPairingReq
                0x000000000000dcf2       0x3c C:\Users\19156\Desktop\DualModeKeyboard\SDK\LIB\libCH57xBLE.a(sm.o)
                0x000000000000dcf2                smProcessPairingReq
 .text.smLinkCheck
                0x000000000000dd2e       0x34 C:\Users\19156\Desktop\DualModeKeyboard\SDK\LIB\libCH57xBLE.a(sm.o)
                0x000000000000dd2e                smLinkCheck
 .text.smTimedOut
                0x000000000000dd62       0x20 C:\Users\19156\Desktop\DualModeKeyboard\SDK\LIB\libCH57xBLE.a(sm.o)
                0x000000000000dd62                smTimedOut
 .text.smUint8ToAuthReq
                0x000000000000dd82        0x6 C:\Users\19156\Desktop\DualModeKeyboard\SDK\LIB\libCH57xBLE.a(sm.o)
                0x000000000000dd82                smUint8ToAuthReq
 .text.sm_ah    0x000000000000dd88       0x80 C:\Users\19156\Desktop\DualModeKeyboard\SDK\LIB\libCH57xBLE.a(sm.o)
                0x000000000000dd88                sm_ah
 .text.sm_xor   0x000000000000de08       0x24 C:\Users\19156\Desktop\DualModeKeyboard\SDK\LIB\libCH57xBLE.a(sm.o)
                0x000000000000de08                sm_xor
 .text.sm_c1new
                0x000000000000de2c      0x11c C:\Users\19156\Desktop\DualModeKeyboard\SDK\LIB\libCH57xBLE.a(sm.o)
                0x000000000000de2c                sm_c1new
 .text.sm_s1    0x000000000000df48       0x86 C:\Users\19156\Desktop\DualModeKeyboard\SDK\LIB\libCH57xBLE.a(sm.o)
                0x000000000000df48                sm_s1
 .text.smResponderProcessLTKReq
                0x000000000000dfce      0x1e6 C:\Users\19156\Desktop\DualModeKeyboard\SDK\LIB\libCH57xBLE.a(sm.o)
                0x000000000000dfce                smResponderProcessLTKReq
 .text.xor_128  0x000000000000e1b4       0x28 C:\Users\19156\Desktop\DualModeKeyboard\SDK\LIB\libCH57xBLE.a(sm.o)
                0x000000000000e1b4                xor_128
 .text.leftshift_onebit
                0x000000000000e1dc       0x2e C:\Users\19156\Desktop\DualModeKeyboard\SDK\LIB\libCH57xBLE.a(sm.o)
                0x000000000000e1dc                leftshift_onebit
 .text.padding  0x000000000000e20a       0x38 C:\Users\19156\Desktop\DualModeKeyboard\SDK\LIB\libCH57xBLE.a(sm.o)
                0x000000000000e20a                padding
 .text.generate_subkey
                0x000000000000e242       0xd0 C:\Users\19156\Desktop\DualModeKeyboard\SDK\LIB\libCH57xBLE.a(sm.o)
                0x000000000000e242                generate_subkey
 .text.sm_CMAC  0x000000000000e312      0x16e C:\Users\19156\Desktop\DualModeKeyboard\SDK\LIB\libCH57xBLE.a(sm.o)
                0x000000000000e312                sm_CMAC
 .text.smpBuildPairingReqRsp
                0x000000000000e480       0xc6 C:\Users\19156\Desktop\DualModeKeyboard\SDK\LIB\libCH57xBLE.a(sm.o)
                0x000000000000e480                smpBuildPairingReqRsp
 .text.smpBuildPairingReq
                0x000000000000e546        0xa C:\Users\19156\Desktop\DualModeKeyboard\SDK\LIB\libCH57xBLE.a(sm.o)
                0x000000000000e546                smpBuildPairingReq
 .text.smpBuildPairingRsp