Archive member included to satisfy reference by file (symbol)

C:\Users\19156\Desktop\SRC\StdPeriphDriver\libISP573.a(ISP573.o)
                              ./StdPeriphDriver/CH57x_pwr.o (FLASH_EEPROM_CMD)
C:\Users\19156\Desktop\DualModeKeyboard\LIB\libCH57xBLE.a(message.o)
                              ./Profile/hiddev.o (tmos_msg_deallocate)
C:\Users\19156\Desktop\DualModeKeyboard\LIB\libCH57xBLE.a(tmos.o)
                              ./Profile/battservice.o (tmos_memcpy)
C:\Users\19156\Desktop\DualModeKeyboard\LIB\libCH57xBLE.a(tmos_hw.o)
                              C:\Users\19156\Desktop\DualModeKeyboard\LIB\libCH57xBLE.a(tmos.o) (RTC_Get32KClock)
C:\Users\19156\Desktop\DualModeKeyboard\LIB\libCH57xBLE.a(tmos_snv.o)
                              C:\Users\19156\Desktop\DualModeKeyboard\LIB\libCH57xBLE.a(tmos.o) (tmos_snv_init)
C:\Users\19156\Desktop\DualModeKeyboard\LIB\libCH57xBLE.a(gap.o)
                              ./Profile/hiddev.o (GAP_SetParamValue)
C:\Users\19156\Desktop\DualModeKeyboard\LIB\libCH57xBLE.a(gap_central.o)
                              C:\Users\19156\Desktop\DualModeKeyboard\LIB\libCH57xBLE.a(gap.o) (GAP_CentralParamInit)
C:\Users\19156\Desktop\DualModeKeyboard\LIB\libCH57xBLE.a(gap_peripheral.o)
                              C:\Users\19156\Desktop\DualModeKeyboard\LIB\libCH57xBLE.a(gap.o) (GAP_PeripheralParamInit)
C:\Users\19156\Desktop\DualModeKeyboard\LIB\libCH57xBLE.a(gapgattserver.o)
                              ./APP/app_ble.o (GGS_SetParameter)
C:\Users\19156\Desktop\DualModeKeyboard\LIB\libCH57xBLE.a(gatt.o)
                              ./Profile/battservice.o (GATT_bm_alloc)
C:\Users\19156\Desktop\DualModeKeyboard\LIB\libCH57xBLE.a(gatt_uuid.o)
                              ./Profile/battservice.o (reportRefUUID)
C:\Users\19156\Desktop\DualModeKeyboard\LIB\libCH57xBLE.a(gattclientapp.o)
                              C:\Users\19156\Desktop\DualModeKeyboard\LIB\libCH57xBLE.a(gatt.o) (gattGetClientStatus)
C:\Users\19156\Desktop\DualModeKeyboard\LIB\libCH57xBLE.a(gattservapp.o)
                              ./Profile/battservice.o (GATTServApp_ReadCharCfg)
C:\Users\19156\Desktop\DualModeKeyboard\LIB\libCH57xBLE.a(l2cap.o)
                              C:\Users\19156\Desktop\DualModeKeyboard\LIB\libCH57xBLE.a(gatt.o) (L2CAP_GetMTU)
C:\Users\19156\Desktop\DualModeKeyboard\LIB\libCH57xBLE.a(l2cap_input.o)
                              C:\Users\19156\Desktop\DualModeKeyboard\LIB\libCH57xBLE.a(l2cap.o) (l2capProcessRxData)
C:\Users\19156\Desktop\DualModeKeyboard\LIB\libCH57xBLE.a(l2cap_output.o)
                              C:\Users\19156\Desktop\DualModeKeyboard\LIB\libCH57xBLE.a(l2cap_input.o) (l2capNotifyData)
C:\Users\19156\Desktop\DualModeKeyboard\LIB\libCH57xBLE.a(l2cap_sdu.o)
                              C:\Users\19156\Desktop\DualModeKeyboard\LIB\libCH57xBLE.a(l2cap_input.o) (l2capBuildDisconnectRsp)
C:\Users\19156\Desktop\DualModeKeyboard\LIB\libCH57xBLE.a(linkdb.o)
                              C:\Users\19156\Desktop\DualModeKeyboard\LIB\libCH57xBLE.a(l2cap.o) (linkDB_Init)
C:\Users\19156\Desktop\DualModeKeyboard\LIB\libCH57xBLE.a(sm.o)
                              C:\Users\19156\Desktop\DualModeKeyboard\LIB\libCH57xBLE.a(gap.o) (smStartEncryption)
C:\Users\19156\Desktop\DualModeKeyboard\LIB\libCH57xBLE.a(host_input.o)
                              C:\Users\19156\Desktop\DualModeKeyboard\LIB\libCH57xBLE.a(gap.o) (gBleHostPara)
C:\Users\19156\Desktop\DualModeKeyboard\LIB\libCH57xBLE.a(host_output.o)
                              C:\Users\19156\Desktop\DualModeKeyboard\LIB\libCH57xBLE.a(gap.o) (HCI_DisconnectCmd)
C:\Users\19156\Desktop\DualModeKeyboard\LIB\libCH57xBLE.a(ll_connect.o)
                              C:\Users\19156\Desktop\DualModeKeyboard\LIB\libCH57xBLE.a(tmos.o) (LL_GetNextConnectEventTime)
C:\Users\19156\Desktop\DualModeKeyboard\LIB\libCH57xBLE.a(ll_core.o)
                              C:\Users\19156\Desktop\DualModeKeyboard\LIB\libCH57xBLE.a(ll_connect.o) (LL_CoreGetCore)
C:\Users\19156\Desktop\DualModeKeyboard\LIB\libCH57xBLE.a(ll_hop.o)
                              C:\Users\19156\Desktop\DualModeKeyboard\LIB\libCH57xBLE.a(ll_connect.o) (LL_HopGetChannel)
C:\Users\19156\Desktop\DualModeKeyboard\LIB\libCH57xBLE.a(ll_master.o)
                              C:\Users\19156\Desktop\DualModeKeyboard\LIB\libCH57xBLE.a(ll_connect.o) (ll_master_process)
C:\Users\19156\Desktop\DualModeKeyboard\LIB\libCH57xBLE.a(ll_pdu.o)
                              C:\Users\19156\Desktop\DualModeKeyboard\LIB\libCH57xBLE.a(ll_master.o) (LL_ConnectionUpdateReq)
C:\Users\19156\Desktop\DualModeKeyboard\LIB\libCH57xBLE.a(ll_report.o)
                              C:\Users\19156\Desktop\DualModeKeyboard\LIB\libCH57xBLE.a(ll_connect.o) (LL_ReportGenerateEvent)
C:\Users\19156\Desktop\DualModeKeyboard\LIB\libCH57xBLE.a(ll_scan.o)
                              C:\Users\19156\Desktop\DualModeKeyboard\LIB\libCH57xBLE.a(ll_master.o) (LL_ScanEnable)
[...]
Memory Configuration

Name             Origin             Length             Attributes
FLASH            0x0000000000000000 0x0000000000070000 xr
RAM              0x0000000020003800 0x0000000000004800 xrw
*default*        0x0000000000000000 0xffffffffffffffff

Linker script and memory map

LOAD ./StdPeriphDriver/CH57x_adc.o
LOAD ./StdPeriphDriver/CH57x_clk.o
LOAD ./StdPeriphDriver/CH57x_flash.o
LOAD ./StdPeriphDriver/CH57x_gpio.o
LOAD ./StdPeriphDriver/CH57x_pwr.o
LOAD ./StdPeriphDriver/CH57x_sys.o
LOAD ./StdPeriphDriver/CH57x_uart1.o
LOAD ./StdPeriphDriver/CH57x_usbdev.o
LOAD ./Startup/startup_CH573.o
LOAD ./RVMSIS/core_riscv.o
LOAD ./Profile/battservice.o
LOAD ./Profile/devinfoservice.o
LOAD ./Profile/hiddev.o
LOAD ./Profile/hidkbdservice.o
LOAD ./Profile/scanparamservice.o
LOAD ./HAL/MCU.o
LOAD ./HAL/RTC.o
LOAD ./HAL/SLEEP.o
LOAD ./APP/MAIN.o
LOAD ./APP/app_ble.o
LOAD ./APP/app_usb.o
LOAD ./APP/keyin.o
LOAD ./APP/led.o
LOAD ./APP/protocol.o
LOAD ./APP/usercfg.o
LOAD C:\Users\19156\Desktop\SRC\StdPeriphDriver\libISP573.a
LOAD C:\Users\19156\Desktop\DualModeKeyboard\LIB\libCH57xBLE.a
LOAD c:/mounriver/mounriver_studio/toolchain/risc-v embedded gcc/bin/../lib/gcc/riscv-none-embed/8.2.0/rv32imac/ilp32\libgcc.a
LOAD c:/mounriver/mounriver_studio/toolchain/risc-v embedded gcc/bin/../lib/gcc/riscv-none-embed/8.2.0/../../../../riscv-none-embed/lib/rv32imac/ilp32\libg_nano.a
LOAD c:/mounriver/mounriver_studio/toolchain/risc-v embedded gcc/bin/../lib/gcc/riscv-none-embed/8.2.0/../../../../riscv-none-embed/lib/rv32imac/ilp32\libc_nano.a
LOAD c:/mounriver/mounriver_studio/toolchain/risc-v embedded gcc/bin/../lib/gcc/riscv-none-embed/8.2.0/rv32imac/ilp32\libgcc.a
START GROUP
LOAD c:/mounriver/mounriver_studio/toolchain/risc-v embedded gcc/bin/../lib/gcc/riscv-none-embed/8.2.0/rv32imac/ilp32\libgcc.a
LOAD c:/mounriver/mounriver_studio/toolchain/risc-v embedded gcc/bin/../lib/gcc/riscv-none-embed/8.2.0/../../../../riscv-none-embed/lib/rv32imac/ilp32\libc_nano.a
LOAD c:/mounriver/mounriver_studio/toolchain/risc-v embedded gcc/bin/../lib/gcc/riscv-none-embed/8.2.0/../../../../riscv-none-embed/lib/rv32imac/ilp32\libnosys.a
END GROUP
START GROUP
LOAD c:/mounriver/mounriver_studio/toolchain/risc-v embedded gcc/bin/../lib/gcc/riscv-none-embed/8.2.0/rv32imac/ilp32\libgcc.a
LOAD c:/mounriver/mounriver_studio/toolchain/risc-v embedded gcc/bin/../lib/gcc/riscv-none-embed/8.2.0/../../../../riscv-none-embed/lib/rv32imac/ilp32\libc_nano.a
LOAD c:/mounriver/mounriver_studio/toolchain/risc-v embedded gcc/bin/../lib/gcc/riscv-none-embed/8.2.0/../../../../riscv-none-embed/lib/rv32imac/ilp32\libnosys.a
END GROUP

.init           0x0000000000000000        0x4
                0x0000000000000000                _sinit = .
                0x0000000000000000                . = ALIGN (0x4)
 *(SORT_NONE(.init))
 .init          0x0000000000000000        0x4 ./Startup/startup_CH573.o
                0x0000000000000000                _start
                0x0000000000000004                . = ALIGN (0x4)
                0x0000000000000004                _einit = .

.highcodelalign
                0x0000000000000004        0x0
                0x0000000000000004                . = ALIGN (0x4)
                0x0000000000000004                PROVIDE (_highcode_lma = .)

.highcode       0x0000000020003800     0x11c8 load address 0x0000000000000004
                0x0000000020003800                . = ALIGN (0x4)
                0x0000000020003800                PROVIDE (_highcode_vma_start = .)
 *(.vector)
 .vector        0x0000000020003800       0x90 ./Startup/startup_CH573.o
 *(SORT_NONE(.vector_handler))
 .vector_handler
                0x0000000020003890       0x2c ./Startup/startup_CH573.o
                0x0000000020003890                NMI_Handler
                0x0000000020003894                SysTick_Handler
                0x0000000020003896                SW_Handler
                0x0000000020003898                TMR0_IRQHandler
                0x000000002000389a                GPIOA_IRQHandler
                0x000000002000389c                GPIOB_IRQHandler
                0x000000002000389e                SPI0_IRQHandler
                0x00000000200038a0                BB_IRQHandler
                0x00000000200038a2                LLE_IRQHandler
                0x00000000200038a6                TMR1_IRQHandler
                0x00000000200038a8                TMR2_IRQHandler
                0x00000000200038aa                UART0_IRQHandler
                0x00000000200038ac                UART1_IRQHandler
                0x00000000200038b0                ADC_IRQHandler
                0x00000000200038b2                PWMX_IRQHandler
                0x00000000200038b4                TMR3_IRQHandler
                0x00000000200038b6                UART2_IRQHandler
                0x00000000200038b8                UART3_IRQHandler
                0x00000000200038ba                WDOG_BAT_IRQHandler
 *(.highcode)
 .highcode      0x00000000200038bc       0x4a ./StdPeriphDriver/CH57x_clk.o
                0x00000000200038bc                Get_Calibration_Cnt_RAM
 .highcode      0x0000000020003906      0x1a8 ./StdPeriphDriver/CH57x_sys.o
                0x0000000020003906                SetSysClock
                0x0000000020003a02                SYS_ResetExecute
                0x0000000020003a3a                HardFault_Handler
                0x0000000020003a78                mDelayuS
                0x0000000020003a86                mDelaymS
 .highcode      0x0000000020003aae       0x16 ./HAL/RTC.o
                0x0000000020003aae                RTC_IRQHandler
 .highcode      0x0000000020003ac4        0x8 ./APP/MAIN.o
                0x0000000020003ac4                Main_Circulation
 .highcode      0x0000000020003acc        0xc ./APP/app_usb.o
                0x0000000020003acc                USB_IRQHandler
 .highcode      0x0000000020003ad8      0x3ee C:\Users\19156\Desktop\SRC\StdPeriphDriver\libISP573.a(ISP573.o)
                0x0000000020003ad8                FLASH_ROM_BEG
                0x0000000020003aea                FLASH_ROM_END
                0x0000000020003af8                FLASH_ROM_IN
                0x0000000020003b06                FLASH_ROM_OUT
                0x0000000020003b14                FLASH_ROM_ADDR
                0x0000000020003b5c                FLASH_ROM_WAIT
                0x0000000020003b94                FLASH_EEPROM_CMD
 .highcode      0x0000000020003ec6      0x230 C:\Users\19156\Desktop\DualModeKeyboard\LIB\libCH57xBLE.a(tmos.o)
                0x0000000020003ee2                tmos_memcpy
                0x0000000020003f02                tmos_memcpy_word
                0x0000000020003f1e                TMOS_SystemProcess
 .highcode      0x00000000200040f6       0xc2 C:\Users\19156\Desktop\DualModeKeyboard\LIB\libCH57xBLE.a(tmos_hw.o)
                0x00000000200040f6                BLE_GetHSEClock
                0x0000000020004134                RTC_Get32KClock
                0x000000002000414c                SYS_GetTickCount
 .highcode      0x00000000200041b8      0x128 C:\Users\19156\Desktop\DualModeKeyboard\LIB\libCH57xBLE.a(ll_connect.o)
                0x00000000200041b8                ll_connect_process_data
                0x0000000020004206                ll_connect_event_continue
 .highcode      0x00000000200042e0      0x1c4 C:\Users\19156\Desktop\DualModeKeyboard\LIB\libCH57xBLE.a(bb.o)
                0x00000000200042e0                BB_IRQLibHandler
                0x000000002000445a                BB_IRQLibFunction
 .highcode      0x00000000200044a4      0x198 C:\Users\19156\Desktop\DualModeKeyboard\LIB\libCH57xBLE.a(ip.o)
                0x00000000200044a4                ll_tx_wait_finish
                0x00000000200044d0                ll_tx_wait_tx_dma
                0x000000002000452e                ll_rx_wait_finish
                0x0000000020004564                ll_rx_wait_tx_dma
                0x00000000200045b2                ble_ll_chkcrc
 .highcode      0x000000002000463c      0x1a4 C:\Users\19156\Desktop\DualModeKeyboard\LIB\libCH57xBLE.a(lle.o)
                0x000000002000463c                LLE_IRQLibHandler
                0x0000000020004796                LLE_IRQLibFunction
 .highcode      0x00000000200047e0       0x82 C:\Users\19156\Desktop\DualModeKeyboard\LIB\libCH57xBLE.a(rf_fh.o)
                0x00000000200047e0                RF_HopGetChannel
 .highcode      0x0000000020004862       0x2c C:\Users\19156\Desktop\DualModeKeyboard\LIB\libCH57xBLE.a(rfend.o)
                0x0000000020004862                RFEND_WaitTune
 .highcode      0x000000002000488e      0x13a C:\Users\19156\Desktop\DualModeKeyboard\LIB\libCH57xBLE.a(memory.o)
                0x000000002000488e                tmos_memory_allocate
                0x0000000020004928                tmos_memory_free
 *(.highcode.*)
                0x00000000200049c8                . = ALIGN (0x4)
 *fill*         0x00000000200049c8        0x0 
                0x00000000200049c8                PROVIDE (_highcode_vma_end = .)

.text           0x00000000000011d0    0x1d1e4
                0x00000000000011d0                . = ALIGN (0x4)
 *(SORT_NONE(.handle_reset))
 .handle_reset  0x00000000000011d0       0xa2 ./Startup/startup_CH573.o
                0x00000000000011d0                handle_reset
 *(.text)
 *(.text.*)
 .text.ADC_InterTSSampInit
                0x0000000000001272       0x28 ./StdPeriphDriver/CH57x_adc.o
                0x0000000000001272                ADC_InterTSSampInit
 .text.Calibration_LSI_FLASH
                0x000000000000129a      0x284 ./StdPeriphDriver/CH57x_clk.o
                0x000000000000129a                Calibration_LSI_FLASH
 .text.Calibration_LSI_RAM
                0x000000000000151e      0x23e ./StdPeriphDriver/CH57x_clk.o
                0x000000000000151e                Calibration_LSI_RAM
 .text.RTC_InitTime
                0x000000000000175c      0x134 ./StdPeriphDriver/CH57x_clk.o
                0x000000000000175c                RTC_InitTime
 .text.GPIOA_ModeCfg
                0x0000000000001890       0xa6 ./StdPeriphDriver/CH57x_gpio.o
                0x0000000000001890                GPIOA_ModeCfg
 .text.GPIOB_ModeCfg
                0x0000000000001936       0xa6 ./StdPeriphDriver/CH57x_gpio.o
                0x0000000000001936                GPIOB_ModeCfg
 .text.SYS_GetSysTickCnt
                0x00000000000019dc        0xa ./StdPeriphDriver/CH57x_sys.o
                0x00000000000019dc                SYS_GetSysTickCnt
 .text.USB_DeviceInit
                0x00000000000019e6       0x7e ./StdPeriphDriver/CH57x_usbdev.o
                0x00000000000019e6                USB_DeviceInit
 .text.DevEP1_IN_Deal
                0x0000000000001a64       0x16 ./StdPeriphDriver/CH57x_usbdev.o
                0x0000000000001a64                DevEP1_IN_Deal
 .text.DevEP2_IN_Deal
                0x0000000000001a7a       0x16 ./StdPeriphDriver/CH57x_usbdev.o
                0x0000000000001a7a                DevEP2_IN_Deal
 .text.DevEP3_IN_Deal
                0x0000000000001a90       0x16 ./StdPeriphDriver/CH57x_usbdev.o
                0x0000000000001a90                DevEP3_IN_Deal
 .text.battMeasure
                0x0000000000001aa6       0x7c ./Profile/battservice.o
 .text.battWriteAttrCB
                0x0000000000001b22       0x5e ./Profile/battservice.o
 .text.battReadAttrCB
                0x0000000000001b80       0x7e ./Profile/battservice.o
 .text.battNotifyCB
                0x0000000000001bfe       0x76 ./Profile/battservice.o
 .text.Batt_AddService
                0x0000000000001c74       0x2c ./Profile/battservice.o
                0x0000000000001c74                Batt_AddService
 .text.Batt_Register
                0x0000000000001ca0        0x6 ./Profile/battservice.o
                0x0000000000001ca0                Batt_Register
 .text.Batt_SetParameter
                0x0000000000001ca6       0x3a ./Profile/battservice.o
                0x0000000000001ca6                Batt_SetParameter
 .text.Batt_GetParameter
                0x0000000000001ce0       0x6a ./Profile/battservice.o
                0x0000000000001ce0                Batt_GetParameter
 .text.Batt_MeasLevel
                0x0000000000001d4a       0x2e ./Profile/battservice.o
                0x0000000000001d4a                Batt_MeasLevel
 .text.Batt_HandleConnStatusCB
                0x0000000000001d78       0x3e ./Profile/battservice.o
                0x0000000000001d78                Batt_HandleConnStatusCB
 .text.devInfo_ReadAttrCB
                0x0000000000001db6      0x196 ./Profile/devinfoservice.o
 .text.DevInfo_AddService
                0x0000000000001f4c       0x18 ./Profile/devinfoservice.o
                0x0000000000001f4c                DevInfo_AddService
 .text.hidDevParamUpdateCB
                0x0000000000001f64        0x2 ./Profile/hiddev.o
 .text.hidDevScanParamCB
                0x0000000000001f66        0x2 ./Profile/hiddev.o
 .text.hidDevRptByHandle
                0x0000000000001f68       0x30 ./Profile/hiddev.o
 .text.hidDevBattCB
                0x0000000000001f98       0x28 ./Profile/hiddev.o
 .text.hidDevPairStateCB
                0x0000000000001fc0       0x28 ./Profile/hiddev.o
 .text.hidDevPasscodeCB
                0x0000000000001fe8       0x34 ./Profile/hiddev.o
 .text.HidDev_ProcessEvent
                0x000000000000201c       0x6c ./Profile/hiddev.o
                0x000000000000201c                HidDev_ProcessEvent
 .text.hidDevGapStateCB
                0x0000000000002088      0x17c ./Profile/hiddev.o
 .text.HidDev_Init
                0x0000000000002204       0x66 ./Profile/hiddev.o
                0x0000000000002204                HidDev_Init
 .text.HidDev_Register
                0x000000000000226a        0xa ./Profile/hiddev.o
                0x000000000000226a                HidDev_Register
 .text.HidDev_RegisterReports
                0x0000000000002274        0xa ./Profile/hiddev.o
                0x0000000000002274                HidDev_RegisterReports
 .text.HidDev_Report
                0x000000000000227e       0xda ./Profile/hiddev.o
                0x000000000000227e                HidDev_Report
 .text.HidDev_Start
                0x0000000000002358       0x1e ./Profile/hiddev.o
                0x0000000000002358                HidDev_Start
 .text.HidDev_Close
                0x0000000000002376       0x30 ./Profile/hiddev.o
                0x0000000000002376                HidDev_Close
 .text.HidDev_ReadAttrCB
                0x00000000000023a6      0x104 ./Profile/hiddev.o
                0x00000000000023a6                HidDev_ReadAttrCB
 .text.HidDev_WriteAttrCB
                0x00000000000024aa      0x146 ./Profile/hiddev.o
                0x00000000000024aa                HidDev_WriteAttrCB
 .text.Hid_AddService
                0x00000000000025f0      0x134 ./Profile/hidkbdservice.o
                0x00000000000025f0                Hid_AddService
 .text.Hid_SetParameter
                0x0000000000002724       0x5a ./Profile/hidkbdservice.o
                0x0000000000002724                Hid_SetParameter
 .text.Hid_GetParameter
                0x000000000000277e       0x42 ./Profile/hidkbdservice.o
                0x000000000000277e                Hid_GetParameter
 .text.scanParamReadAttrCB
                0x00000000000027c0        0x4 ./Profile/scanparamservice.o
 .text.scanParamWriteAttrCB
                0x00000000000027c4       0x66 ./Profile/scanparamservice.o
 .text.ScanParam_AddService
                0x000000000000282a       0x2c ./Profile/scanparamservice.o
                0x000000000000282a                ScanParam_AddService
 .text.ScanParam_Register
                0x0000000000002856        0x6 ./Profile/scanparamservice.o
                0x0000000000002856                ScanParam_Register
 .text.ScanParam_RefreshNotify
                0x000000000000285c       0x5c ./Profile/scanparamservice.o
                0x000000000000285c                ScanParam_RefreshNotify
 .text.ScanParam_HandleConnStatusCB
                0x00000000000028b8       0x3e ./Profile/scanparamservice.o
                0x00000000000028b8                ScanParam_HandleConnStatusCB
 .text.Lib_Calibration_LSI
                0x00000000000028f6       0x30 ./HAL/MCU.o
                0x00000000000028f6                Lib_Calibration_LSI
 .text.Lib_Read_Flash
                0x0000000000002926       0x1c ./HAL/MCU.o
                0x0000000000002926                Lib_Read_Flash
 .text.Lib_Write_Flash
                0x0000000000002942       0x40 ./HAL/MCU.o
                0x0000000000002942                Lib_Write_Flash
 .text.HAL_GetInterTempValue
                0x0000000000002982       0x72 ./HAL/MCU.o
                0x0000000000002982                HAL_GetInterTempValue
 .text.HAL_ProcessEvent
                0x00000000000029f4       0x72 ./HAL/MCU.o
                0x00000000000029f4                HAL_ProcessEvent
 .text.CH57X_BLEInit
                0x0000000000002a66      0x112 ./HAL/MCU.o
                0x0000000000002a66                CH57X_BLEInit
 .text.HAL_Init
                0x0000000000002b78       0x34 ./HAL/MCU.o
                0x0000000000002b78                HAL_Init
 .text.HAL_TimeInit
                0x0000000000002bac       0x5e ./HAL/RTC.o
                0x0000000000002bac                HAL_TimeInit
 .text.startup.main
                0x0000000000002c0a       0x80 ./APP/MAIN.o
                0x0000000000002c0a                main
 .text.hidEmuEvtCB
                0x0000000000002c8a        0x2 ./APP/app_ble.o
 .text.hidEmuStateCB
                0x0000000000002c8c       0x44 ./APP/app_ble.o
 .text.hidEmuRptCB
                0x0000000000002cd0       0x44 ./APP/app_ble.o
 .text.HidEmu_ProcessEvent
                0x0000000000002d14       0x66 ./APP/app_ble.o
                0x0000000000002d14                HidEmu_ProcessEvent
 .text.HidEmu_Init
                0x0000000000002d7a      0x10c ./APP/app_ble.o
                0x0000000000002d7a                HidEmu_Init
 .text.hidEmuSendReport
                0x0000000000002e86       0x50 ./APP/app_ble.o
                0x0000000000002e86                hidEmuSendReport
 .text.USB_Init
                0x0000000000002ed6       0x4a ./APP/app_usb.o
                0x0000000000002ed6                USB_Init
 .text.DevEP1_OUT_Deal
                0x0000000000002f20       0x26 ./APP/app_usb.o
                0x0000000000002f20                DevEP1_OUT_Deal
 .text.DevEP2_OUT_Deal
                0x0000000000002f46       0x26 ./APP/app_usb.o
                0x0000000000002f46                DevEP2_OUT_Deal
 .text.DevEP4_OUT_Deal
                0x0000000000002f6c       0xca ./APP/app_usb.o
                0x0000000000002f6c                DevEP4_OUT_Deal
 .text.USB_DevTransProcess
                0x0000000000003036      0x760 ./APP/app_usb.o
                0x0000000000003036                USB_DevTransProcess
 .text.TMOS_Keys_Debounce
                0x0000000000003796      0x228 ./APP/keyin.o
 .text.TMOS_Enco_Debounce
                0x00000000000039be       0xc0 ./APP/keyin.o
 .text.TMOS_Keys_TaskManager
                0x0000000000003a7e      0x154 ./APP/keyin.o
 .text.TMOS_Keys_TransMacro
                0x0000000000003bd2      0xaac ./APP/keyin.o
 .text.Keyin_Init
                0x000000000000467e       0xac ./APP/keyin.o
                0x000000000000467e                Keyin_Init
 .text.TMOSTASK_ProtoCtrl_UploadData
                0x000000000000472a       0x92 ./APP/protocol.o
 .text.TMOSTASK_ProtoCtrl_Fresh
                0x00000000000047bc       0x9a ./APP/protocol.o
 .text.ProtoCtrl_Init
                0x0000000000004856       0x7e ./APP/protocol.o
                0x0000000000004856                ProtoCtrl_Init
 .text.UserCfg_Init
                0x00000000000048d4       0x62 ./APP/usercfg.o
                0x00000000000048d4                UserCfg_Init
 .text.KeyCfg_JumpNext
                0x0000000000004936       0x6c ./APP/usercfg.o
                0x0000000000004936                KeyCfg_JumpNext
 .text.KeyCfg_Reset
                0x00000000000049a2       0x12 ./APP/usercfg.o
                0x00000000000049a2                KeyCfg_Reset
 .text.tmos_msg_enqueue
                0x00000000000049b4       0x1e C:\Users\19156\Desktop\DualModeKeyboard\LIB\libCH57xBLE.a(message.o)
                0x00000000000049b4                tmos_msg_enqueue
 .text.tmos_msg_deallocate
                0x00000000000049d2       0x2c C:\Users\19156\Desktop\DualModeKeyboard\LIB\libCH57xBLE.a(message.o)
                0x00000000000049d2                tmos_msg_deallocate
 .text.tmos_msg_allocate
                0x00000000000049fe       0x3e C:\Users\19156\Desktop\DualModeKeyboard\LIB\libCH57xBLE.a(message.o)
                0x00000000000049fe                tmos_msg_allocate
 .text.tmos_msg_receive
                0x0000000000004a3c       0x68 C:\Users\19156\Desktop\DualModeKeyboard\LIB\libCH57xBLE.a(message.o)
                0x0000000000004a3c                tmos_msg_receive
 .text.tmos_msg_send
                0x0000000000004aa4       0x56 C:\Users\19156\Desktop\DualModeKeyboard\LIB\libCH57xBLE.a(message.o)
                0x0000000000004aa4                tmos_msg_send
 .text.tmos_msg_init
                0x0000000000004afa        0x6 C:\Users\19156\Desktop\DualModeKeyboard\LIB\libCH57xBLE.a(message.o)
                0x0000000000004afa                tmos_msg_init
 .text.tmosFindTask
                0x0000000000004b00       0x20 C:\Users\19156\Desktop\DualModeKeyboard\LIB\libCH57xBLE.a(tmos.o)
 .text.TMOS_CbTimerProcessEvent
                0x0000000000004b20       0x7c C:\Users\19156\Desktop\DualModeKeyboard\LIB\libCH57xBLE.a(tmos.o)
                0x0000000000004b20                TMOS_CbTimerProcessEvent
 .text.tmos_rand
                0x0000000000004b9c       0x54 C:\Users\19156\Desktop\DualModeKeyboard\LIB\libCH57xBLE.a(tmos.o)
                0x0000000000004b9c                tmos_rand
 .text.tmos_query_sleep_time
                0x0000000000004bf0      0x178 C:\Users\19156\Desktop\DualModeKeyboard\LIB\libCH57xBLE.a(tmos.o)
                0x0000000000004bf0                tmos_query_sleep_time
 .text.tmos_memset
                0x0000000000004d68       0x12 C:\Users\19156\Desktop\DualModeKeyboard\LIB\libCH57xBLE.a(tmos.o)
                0x0000000000004d68                tmos_memset
 .text.tmos_strlen
                0x0000000000004d7a       0x14 C:\Users\19156\Desktop\DualModeKeyboard\LIB\libCH57xBLE.a(tmos.o)
                0x0000000000004d7a                tmos_strlen
 .text.tmos_memdup
                0x0000000000004d8e       0x3c C:\Users\19156\Desktop\DualModeKeyboard\LIB\libCH57xBLE.a(tmos.o)
                0x0000000000004d8e                tmos_memdup
 .text.tmos_memcmp
                0x0000000000004dca       0x24 C:\Users\19156\Desktop\DualModeKeyboard\LIB\libCH57xBLE.a(tmos.o)
                0x0000000000004dca                tmos_memcmp
 .text.tmos_revmemcpy
                0x0000000000004dee       0x1c C:\Users\19156\Desktop\DualModeKeyboard\LIB\libCH57xBLE.a(tmos.o)
                0x0000000000004dee                tmos_revmemcpy
 .text.tmos_isbufset
                0x0000000000004e0a       0x1e C:\Users\19156\Desktop\DualModeKeyboard\LIB\libCH57xBLE.a(tmos.o)
                0x0000000000004e0a                tmos_isbufset
 .text.tmos_set_event
                0x0000000000004e28       0x2a C:\Users\19156\Desktop\DualModeKeyboard\LIB\libCH57xBLE.a(tmos.o)
                0x0000000000004e28                tmos_set_event
 .text.tmos_query_system_time
                0x0000000000004e52       0xce C:\Users\19156\Desktop\DualModeKeyboard\LIB\libCH57xBLE.a(tmos.o)
                0x0000000000004e52                tmos_query_system_time
 .text.tmos_clear_event
                0x0000000000004f20       0x2e C:\Users\19156\Desktop\DualModeKeyboard\LIB\libCH57xBLE.a(tmos.o)
                0x0000000000004f20                tmos_clear_event
 .text.tmos_start_task
                0x0000000000004f4e       0x90 C:\Users\19156\Desktop\DualModeKeyboard\LIB\libCH57xBLE.a(tmos.o)
                0x0000000000004f4e                tmos_start_task
 .text.tmos_start_callback_task
                0x0000000000004fde       0xac C:\Users\19156\Desktop\DualModeKeyboard\LIB\libCH57xBLE.a(tmos.o)
                0x0000000000004fde                tmos_start_callback_task
 .text.tmos_start_reload_task
                0x000000000000508a       0x30 C:\Users\19156\Desktop\DualModeKeyboard\LIB\libCH57xBLE.a(tmos.o)
                0x000000000000508a                tmos_start_reload_task
 .text.tmos_stop_task
                0x00000000000050ba       0x42 C:\Users\19156\Desktop\DualModeKeyboard\LIB\libCH57xBLE.a(tmos.o)
                0x00000000000050ba                tmos_stop_task
 .text.tmos_stop_callback_task
                0x00000000000050fc       0x5c C:\Users\19156\Desktop\DualModeKeyboard\LIB\libCH57xBLE.a(tmos.o)
                0x00000000000050fc                tmos_stop_callback_task
 .text.tmos_get_task_timer
                0x0000000000005158       0x16 C:\Users\19156\Desktop\DualModeKeyboard\LIB\libCH57xBLE.a(tmos.o)
                0x0000000000005158                tmos_get_task_timer
 .text.tmos_update_callback_timer
                0x000000000000516e       0x62 C:\Users\19156\Desktop\DualModeKeyboard\LIB\libCH57xBLE.a(tmos.o)
                0x000000000000516e                tmos_update_callback_timer
 .text.TMOS_Set32KTuneValue
                0x00000000000051d0        0xa C:\Users\19156\Desktop\DualModeKeyboard\LIB\libCH57xBLE.a(tmos.o)
                0x00000000000051d0                TMOS_Set32KTuneValue
 .text.TMOS_TimerRegister
                0x00000000000051da       0x1a C:\Users\19156\Desktop\DualModeKeyboard\LIB\libCH57xBLE.a(tmos.o)
                0x00000000000051da                TMOS_TimerRegister
 .text.TMOS_ProcessRegister
                0x00000000000051f4       0x16 C:\Users\19156\Desktop\DualModeKeyboard\LIB\libCH57xBLE.a(tmos.o)
                0x00000000000051f4                TMOS_ProcessRegister
 .text.TMOS_Init
                0x000000000000520a       0xea C:\Users\19156\Desktop\DualModeKeyboard\LIB\libCH57xBLE.a(tmos.o)
                0x000000000000520a                TMOS_Init
 .text.TMOS_ProcessEventRegister
                0x00000000000052f4       0x38 C:\Users\19156\Desktop\DualModeKeyboard\LIB\libCH57xBLE.a(tmos.o)
                0x00000000000052f4                TMOS_ProcessEventRegister
 .text.BLE_LibInit
                0x000000000000532c      0x1a4 C:\Users\19156\Desktop\DualModeKeyboard\LIB\libCH57xBLE.a(tmos.o)
                0x000000000000532c                BLE_LibInit
 .text.ble_ll_common_rand8
                0x00000000000054d0       0x24 C:\Users\19156\Desktop\DualModeKeyboard\LIB\libCH57xBLE.a(tmos_hw.o)
                0x00000000000054d0                ble_ll_common_rand8
 .text.ble_ll_common_rand16
                0x00000000000054f4       0x24 C:\Users\19156\Desktop\DualModeKeyboard\LIB\libCH57xBLE.a(tmos_hw.o)
                0x00000000000054f4                ble_ll_common_rand16
 .text.ble_ll_common_rand32
                0x0000000000005518       0x20 C:\Users\19156\Desktop\DualModeKeyboard\LIB\libCH57xBLE.a(tmos_hw.o)
                0x0000000000005518                ble_ll_common_rand32
 .text.ll_hw_temp_sample
                0x0000000000005538       0xc0 C:\Users\19156\Desktop\DualModeKeyboard\LIB\libCH57xBLE.a(tmos_hw.o)
                0x0000000000005538                ll_hw_temp_sample
 .text.TMOS_TimerInit
                0x00000000000055f8       0x5e C:\Users\19156\Desktop\DualModeKeyboard\LIB\libCH57xBLE.a(tmos_hw.o)
                0x00000000000055f8                TMOS_TimerInit
 .text.tmos_snv_init
                0x0000000000005656       0xbc C:\Users\19156\Desktop\DualModeKeyboard\LIB\libCH57xBLE.a(tmos_snv.o)
                0x0000000000005656                tmos_snv_init
 .text.tmos_snv_clear
                0x0000000000005712       0xae C:\Users\19156\Desktop\DualModeKeyboard\LIB\libCH57xBLE.a(tmos_snv.o)
                0x0000000000005712                tmos_snv_clear
 .text.tmos_snv_read
                0x00000000000057c0      0x292 C:\Users\19156\Desktop\DualModeKeyboard\LIB\libCH57xBLE.a(tmos_snv.o)
                0x00000000000057c0                tmos_snv_read
 .text.tmos_snv_notify
                0x0000000000005a52       0x5a C:\Users\19156\Desktop\DualModeKeyboard\LIB\libCH57xBLE.a(tmos_snv.o)
                0x0000000000005a52                tmos_snv_notify
 .text.tmos_snv_write
                0x0000000000005aac      0x2ce C:\Users\19156\Desktop\DualModeKeyboard\LIB\libCH57xBLE.a(tmos_snv.o)
                0x0000000000005aac                tmos_snv_write
 .text.tmos_snv_compact
                0x0000000000005d7a        0x4 C:\Users\19156\Desktop\DualModeKeyboard\LIB\libCH57xBLE.a(tmos_snv.o)
                0x0000000000005d7a                tmos_snv_compact
 .text.disconnectNext
                0x0000000000005d7e       0x22 C:\Users\19156\Desktop\DualModeKeyboard\LIB\libCH57xBLE.a(gap.o)
 .text.GAP_ParamInit
                0x0000000000005da0       0x80 C:\Users\19156\Desktop\DualModeKeyboard\LIB\libCH57xBLE.a(gap.o)
                0x0000000000005da0                GAP_ParamInit
 .text.sendTerminateEvent
                0x0000000000005e20       0x58 C:\Users\19156\Desktop\DualModeKeyboard\LIB\libCH57xBLE.a(gap.o)
                0x0000000000005e20                sendTerminateEvent
 .text.gapRegisterCentral
                0x0000000000005e78        0x6 C:\Users\19156\Desktop\DualModeKeyboard\LIB\libCH57xBLE.a(gap.o)
                0x0000000000005e78                gapRegisterCentral
 .text.gapRegisterCentralConn
                0x0000000000005e7e        0x6 C:\Users\19156\Desktop\DualModeKeyboard\LIB\libCH57xBLE.a(gap.o)
                0x0000000000005e7e                gapRegisterCentralConn
 .text.gapRegisterPeripheral
                0x0000000000005e84        0x6 C:\Users\19156\Desktop\DualModeKeyboard\LIB\libCH57xBLE.a(gap.o)
                0x0000000000005e84                gapRegisterPeripheral
 .text.gapRegisterPeripheralConn
                0x0000000000005e8a        0x6 C:\Users\19156\Desktop\DualModeKeyboard\LIB\libCH57xBLE.a(gap.o)
                0x0000000000005e8a                gapRegisterPeripheralConn
 .text.smGenerateRandBuf
                0x0000000000005e90       0x56 C:\Users\19156\Desktop\DualModeKeyboard\LIB\libCH57xBLE.a(gap.o)
                0x0000000000005e90                smGenerateRandBuf
 .text.gapL2capConnParamUpdateReq
                0x0000000000005ee6       0x32 C:\Users\19156\Desktop\DualModeKeyboard\LIB\libCH57xBLE.a(gap.o)
                0x0000000000005ee6                gapL2capConnParamUpdateReq
 .text.gapValidADType
                0x0000000000005f18       0x16 C:\Users\19156\Desktop\DualModeKeyboard\LIB\libCH57xBLE.a(gap.o)
                0x0000000000005f18                gapValidADType
 .text.gapFindADType
                0x0000000000005f2e       0x8e C:\Users\19156\Desktop\DualModeKeyboard\LIB\libCH57xBLE.a(gap.o)
                0x0000000000005f2e                gapFindADType
 .text.GAP_SecParamsInit
                0x0000000000005fbc       0x9a C:\Users\19156\Desktop\DualModeKeyboard\LIB\libCH57xBLE.a(gap.o)
                0x0000000000005fbc                GAP_SecParamsInit
 .text.GAP_ParamsInit
                0x0000000000006056       0x48 C:\Users\19156\Desktop\DualModeKeyboard\LIB\libCH57xBLE.a(gap.o)
                0x0000000000006056                GAP_ParamsInit
 .text.gapAddAddrAdj
                0x000000000000609e       0x48 C:\Users\19156\Desktop\DualModeKeyboard\LIB\libCH57xBLE.a(gap.o)
                0x000000000000609e                gapAddAddrAdj
 .text.gapDetermineAddrType
                0x00000000000060e6       0x28 C:\Users\19156\Desktop\DualModeKeyboard\LIB\libCH57xBLE.a(gap.o)
                0x00000000000060e6                gapDetermineAddrType
 .text.gapFreeAuthLink
                0x000000000000610e       0x4a C:\Users\19156\Desktop\DualModeKeyboard\LIB\libCH57xBLE.a(gap.o)
                0x000000000000610e                gapFreeAuthLink
 .text.gapGetDevAddress
                0x0000000000006158       0x24 C:\Users\19156\Desktop\DualModeKeyboard\LIB\libCH57xBLE.a(gap.o)
                0x0000000000006158                gapGetDevAddress
 .text.gapGetDevAddressMode
                0x000000000000617c        0xa C:\Users\19156\Desktop\DualModeKeyboard\LIB\libCH57xBLE.a(gap.o)
                0x000000000000617c                gapGetDevAddressMode
 .text.gapGetIRK
                0x0000000000006186        0xc C:\Users\19156\Desktop\DualModeKeyboard\LIB\libCH57xBLE.a(gap.o)
                0x0000000000006186                gapGetIRK
 .text.gapGetSRK
                0x0000000000006192        0xc C:\Users\19156\Desktop\DualModeKeyboard\LIB\libCH57xBLE.a(gap.o)
                0x0000000000006192                gapGetSRK
 .text.gapGetSignCounter
                0x000000000000619e        0xe C:\Users\19156\Desktop\DualModeKeyboard\LIB\libCH57xBLE.a(gap.o)
                0x000000000000619e                gapGetSignCounter
 .text.gapIncSignCounter
                0x00000000000061ac       0x28 C:\Users\19156\Desktop\DualModeKeyboard\LIB\libCH57xBLE.a(gap.o)
                0x00000000000061ac                gapIncSignCounter
 .text.gapProcessConnEvt
                0x00000000000061d4       0x48 C:\Users\19156\Desktop\DualModeKeyboard\LIB\libCH57xBLE.a(gap.o)
                0x00000000000061d4                gapProcessConnEvt
 .text.gapProcessDisconnectCompleteEvt
                0x000000000000621c       0xa8 C:\Users\19156\Desktop\DualModeKeyboard\LIB\libCH57xBLE.a(gap.o)
                0x000000000000621c                gapProcessDisconnectCompleteEvt
 .text.sendAuthEvent
                0x00000000000062c4      0x11a C:\Users\19156\Desktop\DualModeKeyboard\LIB\libCH57xBLE.a(gap.o)
                0x00000000000062c4                sendAuthEvent
 .text.gapSendBondCompleteEvent
                0x00000000000063de       0x70 C:\Users\19156\Desktop\DualModeKeyboard\LIB\libCH57xBLE.a(gap.o)
                0x00000000000063de                gapSendBondCompleteEvent
 .text.gapSendPairingReqEvent
                0x000000000000644e       0x92 C:\Users\19156\Desktop\DualModeKeyboard\LIB\libCH57xBLE.a(gap.o)
                0x000000000000644e                gapSendPairingReqEvent
 .text.gapSendSlaveSecurityReqEvent
                0x00000000000064e0       0x68 C:\Users\19156\Desktop\DualModeKeyboard\LIB\libCH57xBLE.a(gap.o)
                0x00000000000064e0                gapSendSlaveSecurityReqEvent
 .text.gapSendDeviceInitDoneEvent
                0x0000000000006548       0x88 C:\Users\19156\Desktop\DualModeKeyboard\LIB\libCH57xBLE.a(gap.o)
                0x0000000000006548                gapSendDeviceInitDoneEvent
 .text.gapSendLinkUpdateEvent
                0x00000000000065d0       0x84 C:\Users\19156\Desktop\DualModeKeyboard\LIB\libCH57xBLE.a(gap.o)
                0x00000000000065d0                gapSendLinkUpdateEvent
 .text.gapSendEstLinkEvent
                0x0000000000006654       0xb8 C:\Users\19156\Desktop\DualModeKeyboard\LIB\libCH57xBLE.a(gap.o)
                0x0000000000006654                gapSendEstLinkEvent
 .text.gapProcessNewAddr
                0x000000000000670c       0x3e C:\Users\19156\Desktop\DualModeKeyboard\LIB\libCH57xBLE.a(gap.o)
                0x000000000000670c                gapProcessNewAddr
 .text.gapProcessRandomAddrComplete
                0x000000000000674a       0xb6 C:\Users\19156\Desktop\DualModeKeyboard\LIB\libCH57xBLE.a(gap.o)
                0x000000000000674a                gapProcessRandomAddrComplete
 .text.GAP_Authenticate
                0x0000000000006800       0xd2 C:\Users\19156\Desktop\DualModeKeyboard\LIB\libCH57xBLE.a(gap.o)
                0x0000000000006800                GAP_Authenticate
 .text.GAP_Bond
                0x00000000000068d2       0xa2 C:\Users\19156\Desktop\DualModeKeyboard\LIB\libCH57xBLE.a(gap.o)
                0x00000000000068d2                GAP_Bond
 .text.GAP_GetParamValue
                0x0000000000006974       0x1e C:\Users\19156\Desktop\DualModeKeyboard\LIB\libCH57xBLE.a(gap.o)
                0x0000000000006974                GAP_GetParamValue
 .text.GAP_PasscodeUpdate
                0x0000000000006992       0x50 C:\Users\19156\Desktop\DualModeKeyboard\LIB\libCH57xBLE.a(gap.o)
                0x0000000000006992                GAP_PasscodeUpdate
 .text.GAP_RegisterForMsgs
                0x00000000000069e2        0x6 C:\Users\19156\Desktop\DualModeKeyboard\LIB\libCH57xBLE.a(gap.o)
                0x00000000000069e2                GAP_RegisterForMsgs
 .text.GAP_ResolvePrivateAddr
                0x00000000000069e8        0x4 C:\Users\19156\Desktop\DualModeKeyboard\LIB\libCH57xBLE.a(gap.o)
                0x00000000000069e8                GAP_ResolvePrivateAddr
 .text.gapPairingCompleteCB
                0x00000000000069ec      0x188 C:\Users\19156\Desktop\DualModeKeyboard\LIB\libCH57xBLE.a(gap.o)
                0x00000000000069ec                gapPairingCompleteCB
 .text.gapPasskeyNeededCB
                0x0000000000006b74       0x8e C:\Users\19156\Desktop\DualModeKeyboard\LIB\libCH57xBLE.a(gap.o)
                0x0000000000006b74                gapPasskeyNeededCB
 .text.gapFreeEstLink
                0x0000000000006c02       0x20 C:\Users\19156\Desktop\DualModeKeyboard\LIB\libCH57xBLE.a(gap.o)
                0x0000000000006c02                gapFreeEstLink
 .text.gapUpdateConnSignCounter
                0x0000000000006c22       0x7a C:\Users\19156\Desktop\DualModeKeyboard\LIB\libCH57xBLE.a(gap.o)
                0x0000000000006c22                gapUpdateConnSignCounter
 .text.GAP_SendSlaveSecurityRequest
                0x0000000000006c9c       0x4c C:\Users\19156\Desktop\DualModeKeyboard\LIB\libCH57xBLE.a(gap.o)
                0x0000000000006c9c                GAP_SendSlaveSecurityRequest
 .text.GAP_Signable
                0x0000000000006ce8       0x66 C:\Users\19156\Desktop\DualModeKeyboard\LIB\libCH57xBLE.a(gap.o)
                0x0000000000006ce8                GAP_Signable
 .text.GAP_TerminateAuth
                0x0000000000006d4e       0x2a C:\Users\19156\Desktop\DualModeKeyboard\LIB\libCH57xBLE.a(gap.o)
                0x0000000000006d4e                GAP_TerminateAuth
 .text.GAP_NumActiveConnections
                0x0000000000006d78        0x4 C:\Users\19156\Desktop\DualModeKeyboard\LIB\libCH57xBLE.a(gap.o)
                0x0000000000006d78                GAP_NumActiveConnections
 .text.GAP_TerminateLinkReq
                0x0000000000006d7c       0x8e C:\Users\19156\Desktop\DualModeKeyboard\LIB\libCH57xBLE.a(gap.o)
                0x0000000000006d7c                GAP_TerminateLinkReq
 .text.GAP_SetParamValue
                0x0000000000006e0a       0x4a C:\Users\19156\Desktop\DualModeKeyboard\LIB\libCH57xBLE.a(gap.o)
                0x0000000000006e0a                GAP_SetParamValue
 .text.GAP_Init
                0x0000000000006e54       0x44 C:\Users\19156\Desktop\DualModeKeyboard\LIB\libCH57xBLE.a(gap.o)
                0x0000000000006e54                GAP_Init
 .text.GAP_ProcessEvent
                0x0000000000006e98      0x578 C:\Users\19156\Desktop\DualModeKeyboard\LIB\libCH57xBLE.a(gap.o)
                0x0000000000006e98                GAP_ProcessEvent
 .text.gapSendScanEnable
                0x0000000000007410       0x1e C:\Users\19156\Desktop\DualModeKeyboard\LIB\libCH57xBLE.a(gap_central.o)
 .text.gapCentProcessConnEvt
                0x000000000000742e      0x148 C:\Users\19156\Desktop\DualModeKeyboard\LIB\libCH57xBLE.a(gap_central.o)
                0x000000000000742e                gapCentProcessConnEvt
 .text.gapCancelLinkReq
                0x0000000000007576       0x38 C:\Users\19156\Desktop\DualModeKeyboard\LIB\libCH57xBLE.a(gap_central.o)
                0x0000000000007576                gapCancelLinkReq
 .text.GAP_CentralParamInit
                0x00000000000075ae       0x4c C:\Users\19156\Desktop\DualModeKeyboard\LIB\libCH57xBLE.a(gap_central.o)
                0x00000000000075ae                GAP_CentralParamInit
 .text.gapProcessAdvertDevInfo
                0x00000000000075fa      0x23a C:\Users\19156\Desktop\DualModeKeyboard\LIB\libCH57xBLE.a(gap_central.o)
                0x00000000000075fa                gapProcessAdvertDevInfo
 .text.gapFreeScanRecs
                0x0000000000007834       0xa2 C:\Users\19156\Desktop\DualModeKeyboard\LIB\libCH57xBLE.a(gap_central.o)
                0x0000000000007834                gapFreeScanRecs
 .text.gapSendDevDiscEvent
                0x00000000000078d6      0x124 C:\Users\19156\Desktop\DualModeKeyboard\LIB\libCH57xBLE.a(gap_central.o)
                0x00000000000078d6                gapSendDevDiscEvent
 .text.gapSetScanParamStatus.part.2
                0x00000000000079fa       0x40 C:\Users\19156\Desktop\DualModeKeyboard\LIB\libCH57xBLE.a(gap_central.o)
 .text.gapCentProcessHCICmdEvt
                0x0000000000007a3a       0x3c C:\Users\19156\Desktop\DualModeKeyboard\LIB\libCH57xBLE.a(gap_central.o)
                0x0000000000007a3a                gapCentProcessHCICmdEvt
 .text.gapProcessScanningEvt
                0x0000000000007a76      0x110 C:\Users\19156\Desktop\DualModeKeyboard\LIB\libCH57xBLE.a(gap_central.o)
                0x0000000000007a76                gapProcessScanningEvt
 .text.gapProcessScanningDirectEvt
                0x0000000000007b86       0xfe C:\Users\19156\Desktop\DualModeKeyboard\LIB\libCH57xBLE.a(gap_central.o)
                0x0000000000007b86                gapProcessScanningDirectEvt
 .text.GAP_CentConnRegister
                0x0000000000007c84       0x12 C:\Users\19156\Desktop\DualModeKeyboard\LIB\libCH57xBLE.a(gap_central.o)
                0x0000000000007c84                GAP_CentConnRegister
 .text.GAP_CentDevMgrInit
                0x0000000000007c96       0x94 C:\Users\19156\Desktop\DualModeKeyboard\LIB\libCH57xBLE.a(gap_central.o)
                0x0000000000007c96                GAP_CentDevMgrInit
 .text.gapFreeAdvertState
                0x0000000000007d2a       0x20 C:\Users\19156\Desktop\DualModeKeyboard\LIB\libCH57xBLE.a(gap_peripheral.o)
 .text.gapPeriProcessConnEvt
                0x0000000000007d4a       0xbc C:\Users\19156\Desktop\DualModeKeyboard\LIB\libCH57xBLE.a(gap_peripheral.o)
 .text.gapSetAdvParams
                0x0000000000007e06       0x7e C:\Users\19156\Desktop\DualModeKeyboard\LIB\libCH57xBLE.a(gap_peripheral.o)
 .text.GAP_PeripheralParamInit
                0x0000000000007e84       0x4a C:\Users\19156\Desktop\DualModeKeyboard\LIB\libCH57xBLE.a(gap_peripheral.o)
                0x0000000000007e84                GAP_PeripheralParamInit
 .text.gapSendMakeDiscEvent
                0x0000000000007ece       0x50 C:\Users\19156\Desktop\DualModeKeyboard\LIB\libCH57xBLE.a(gap_peripheral.o)
                0x0000000000007ece                gapSendMakeDiscEvent
 .text.gapPeriProcessHCICmdCompleteEvt
                0x0000000000007f1e      0x192 C:\Users\19156\Desktop\DualModeKeyboard\LIB\libCH57xBLE.a(gap_peripheral.o)
 .text.GAP_MakeDiscoverable
                0x00000000000080b0       0xf0 C:\Users\19156\Desktop\DualModeKeyboard\LIB\libCH57xBLE.a(gap_peripheral.o)
                0x00000000000080b0                GAP_MakeDiscoverable
 .text.GAP_EndDiscoverable
                0x00000000000081a0       0x5c C:\Users\19156\Desktop\DualModeKeyboard\LIB\libCH57xBLE.a(gap_peripheral.o)
                0x00000000000081a0                GAP_EndDiscoverable
 .text.gapProcessAdvertisingEvt
                0x00000000000081fc       0x90 C:\Users\19156\Desktop\DualModeKeyboard\LIB\libCH57xBLE.a(gap_peripheral.o)
 .text.GAP_UpdateAdvertisingData
                0x000000000000828c       0xb8 C:\Users\19156\Desktop\DualModeKeyboard\LIB\libCH57xBLE.a(gap_peripheral.o)
                0x000000000000828c                GAP_UpdateAdvertisingData
 .text.GAP_ConfigDeviceAddr
                0x0000000000008344      0x10e C:\Users\19156\Desktop\DualModeKeyboard\LIB\libCH57xBLE.a(gap_peripheral.o)
                0x0000000000008344                GAP_ConfigDeviceAddr
 .text.GAP_PeriConnRegister
                0x0000000000008452       0x2a C:\Users\19156\Desktop\DualModeKeyboard\LIB\libCH57xBLE.a(gap_peripheral.o)
                0x0000000000008452                GAP_PeriConnRegister
 .text.GAP_PeriDevMgrInit
                0x000000000000847c       0xbc C:\Users\19156\Desktop\DualModeKeyboard\LIB\libCH57xBLE.a(gap_peripheral.o)
                0x000000000000847c                GAP_PeriDevMgrInit
 .text.ggs_SetAttrWPermit
                0x0000000000008538       0x68 C:\Users\19156\Desktop\DualModeKeyboard\LIB\libCH57xBLE.a(gapgattserver.o)
 .text.ggs_ReadAttrCB
                0x00000000000085a0      0x152 C:\Users\19156\Desktop\DualModeKeyboard\LIB\libCH57xBLE.a(gapgattserver.o)
 .text.ggs_WriteAttrCB
                0x00000000000086f2      0x154 C:\Users\19156\Desktop\DualModeKeyboard\LIB\libCH57xBLE.a(gapgattserver.o)
 .text.GGS_ParamInit
                0x0000000000008846      0x23a C:\Users\19156\Desktop\DualModeKeyboard\LIB\libCH57xBLE.a(gapgattserver.o)
                0x0000000000008846                GGS_ParamInit
 .text.GGS_SetParameter
                0x0000000000008a80       0xde C:\Users\19156\Desktop\DualModeKeyboard\LIB\libCH57xBLE.a(gapgattserver.o)
                0x0000000000008a80                GGS_SetParameter
 .text.GGS_AddService
                0x0000000000008b5e       0x2c C:\Users\19156\Desktop\DualModeKeyboard\LIB\libCH57xBLE.a(gapgattserver.o)
                0x0000000000008b5e                GGS_AddService
 .text.GAP_DeviceInit
                0x0000000000008b8a       0xd8 C:\Users\19156\Desktop\DualModeKeyboard\LIB\libCH57xBLE.a(gapgattserver.o)
                0x0000000000008b8a                GAP_DeviceInit
 .text.gattGetPayload
                0x0000000000008c62       0x7e C:\Users\19156\Desktop\DualModeKeyboard\LIB\libCH57xBLE.a(gatt.o)
                0x0000000000008c62                gattGetPayload
 .text.gattNotifyEvent
                0x0000000000008ce0       0x80 C:\Users\19156\Desktop\DualModeKeyboard\LIB\libCH57xBLE.a(gatt.o)
                0x0000000000008ce0                gattNotifyEvent
 .text.gattSendFlowCtrlEvt
                0x0000000000008d60       0x4a C:\Users\19156\Desktop\DualModeKeyboard\LIB\libCH57xBLE.a(gatt.o)
                0x0000000000008d60                gattSendFlowCtrlEvt
 .text.gattStartTimer
                0x0000000000008daa        0xc C:\Users\19156\Desktop\DualModeKeyboard\LIB\libCH57xBLE.a(gatt.o)
                0x0000000000008daa                gattStartTimer
 .text.gattStopTimer
                0x0000000000008db6       0x32 C:\Users\19156\Desktop\DualModeKeyboard\LIB\libCH57xBLE.a(gatt.o)
                0x0000000000008db6                gattStopTimer
 .text.GATT_AppCompletedMsg
                0x0000000000008de8       0x30 C:\Users\19156\Desktop\DualModeKeyboard\LIB\libCH57xBLE.a(gatt.o)
                0x0000000000008de8                GATT_AppCompletedMsg
 .text.GATT_NotifyEvent
                0x0000000000008e18       0x4e C:\Users\19156\Desktop\DualModeKeyboard\LIB\libCH57xBLE.a(gatt.o)
                0x0000000000008e18                GATT_NotifyEvent
 .text.gattRegisterServer
                0x0000000000008e66        0x6 C:\Users\19156\Desktop\DualModeKeyboard\LIB\libCH57xBLE.a(gatt.o)
                0x0000000000008e66                gattRegisterServer
 .text.GATT_UpdateMTU
                0x0000000000008e6c       0x5c C:\Users\19156\Desktop\DualModeKeyboard\LIB\libCH57xBLE.a(gatt.o)
                0x0000000000008e6c                GATT_UpdateMTU
 .text.GATT_bm_alloc
                0x0000000000008ec8       0xea C:\Users\19156\Desktop\DualModeKeyboard\LIB\libCH57xBLE.a(gatt.o)
                0x0000000000008ec8                GATT_bm_alloc
 .text.GATT_ServiceChangedInd
                0x0000000000008fb2       0x94 C:\Users\19156\Desktop\DualModeKeyboard\LIB\libCH57xBLE.a(gatt.o)
                0x0000000000008fb2                GATT_ServiceChangedInd
 .text.GATT_bm_free
                0x0000000000009046       0x1c C:\Users\19156\Desktop\DualModeKeyboard\LIB\libCH57xBLE.a(gatt.o)
                0x0000000000009046                GATT_bm_free
 .text.GATT_RegisterForPeriMsgs
                0x0000000000009062        0x6 C:\Users\19156\Desktop\DualModeKeyboard\LIB\libCH57xBLE.a(gatt.o)
                0x0000000000009062                GATT_RegisterForPeriMsgs
 .text.GATT_Init
                0x0000000000009068       0x30 C:\Users\19156\Desktop\DualModeKeyboard\LIB\libCH57xBLE.a(gatt.o)
                0x0000000000009068                GATT_Init
 .text.GATT_ProcessEvent
                0x0000000000009098      0x136 C:\Users\19156\Desktop\DualModeKeyboard\LIB\libCH57xBLE.a(gatt.o)
                0x0000000000009098                GATT_ProcessEvent
 .text.gattProcessExchangeMTUReq
                0x00000000000091ce        0x4 C:\Users\19156\Desktop\DualModeKeyboard\LIB\libCH57xBLE.a(gattservapp.o)
 .text.gattServApp_FindCharCfgItem
                0x00000000000091d2       0x20 C:\Users\19156\Desktop\DualModeKeyboard\LIB\libCH57xBLE.a(gattservapp.o)
 .text.gattServerHandleTimerCB
                0x00000000000091f2       0x3c C:\Users\19156\Desktop\DualModeKeyboard\LIB\libCH57xBLE.a(gattservapp.o)
 .text.GATTServApp_InitCharCfg.part.12
                0x000000000000922e       0x1c C:\Users\19156\Desktop\DualModeKeyboard\LIB\libCH57xBLE.a(gattservapp.o)
 .text.gattProcessExecuteWriteReq
                0x000000000000924a        0x4 C:\Users\19156\Desktop\DualModeKeyboard\LIB\libCH57xBLE.a(gattservapp.o)
 .text.GATTServApp_ParamInit
                0x000000000000924e       0xd6 C:\Users\19156\Desktop\DualModeKeyboard\LIB\libCH57xBLE.a(gattservapp.o)
                0x000000000000924e                GATTServApp_ParamInit
 .text.GATTServApp_ReadCharCfg
                0x0000000000009324       0x18 C:\Users\19156\Desktop\DualModeKeyboard\LIB\libCH57xBLE.a(gattservapp.o)
                0x0000000000009324                GATTServApp_ReadCharCfg
 .text.GATTServApp_WriteCharCfg
                0x000000000000933c       0x3c C:\Users\19156\Desktop\DualModeKeyboard\LIB\libCH57xBLE.a(gattservapp.o)
                0x000000000000933c                GATTServApp_WriteCharCfg
 .text.GATTServApp_ProcessCCCWriteReq
                0x0000000000009378       0x60 C:\Users\19156\Desktop\DualModeKeyboard\LIB\libCH57xBLE.a(gattservapp.o)
                0x0000000000009378                GATTServApp_ProcessCCCWriteReq
 .text.gattServApp_WriteAttrCB
                0x00000000000093d8       0x34 C:\Users\19156\Desktop\DualModeKeyboard\LIB\libCH57xBLE.a(gattservapp.o)
                0x00000000000093d8                gattServApp_WriteAttrCB
 .text.GATTServApp_SendCCCUpdatedEvent
                0x000000000000940c       0x5e C:\Users\19156\Desktop\DualModeKeyboard\LIB\libCH57xBLE.a(gattservapp.o)
                0x000000000000940c                GATTServApp_SendCCCUpdatedEvent
 .text.GATTServApp_SendServiceChangedInd
                0x000000000000946a       0x36 C:\Users\19156\Desktop\DualModeKeyboard\LIB\libCH57xBLE.a(gattservapp.o)
                0x000000000000946a                GATTServApp_SendServiceChangedInd
 .text.gattServApp_ClearPrepareWriteQ
                0x00000000000094a0       0x4c C:\Users\19156\Desktop\DualModeKeyboard\LIB\libCH57xBLE.a(gattservapp.o)
                0x00000000000094a0                gattServApp_ClearPrepareWriteQ
 .text.gattServApp_FindPrepareWriteQ
                0x00000000000094ec       0x2c C:\Users\19156\Desktop\DualModeKeyboard\LIB\libCH57xBLE.a(gattservapp.o)
                0x00000000000094ec                gattServApp_FindPrepareWriteQ
 .text.gattServApp_FindServiceCBs
                0x0000000000009518       0x18 C:\Users\19156\Desktop\DualModeKeyboard\LIB\libCH57xBLE.a(gattservapp.o)
                0x0000000000009518                gattServApp_FindServiceCBs
 .text.gattServApp_FindAuthorizeAttrCB
                0x0000000000009530       0x16 C:\Users\19156\Desktop\DualModeKeyboard\LIB\libCH57xBLE.a(gattservapp.o)
                0x0000000000009530                gattServApp_FindAuthorizeAttrCB
 .text.gattServApp_IsWriteLong
                0x0000000000009546       0xe6 C:\Users\19156\Desktop\DualModeKeyboard\LIB\libCH57xBLE.a(gattservapp.o)
                0x0000000000009546                gattServApp_IsWriteLong
 .text.gattFindService
                0x000000000000962c       0x1c C:\Users\19156\Desktop\DualModeKeyboard\LIB\libCH57xBLE.a(gattservapp.o)
                0x000000000000962c                gattFindService
 .text.GATT_ServiceNumAttrs
                0x0000000000009648       0x18 C:\Users\19156\Desktop\DualModeKeyboard\LIB\libCH57xBLE.a(gattservapp.o)
                0x0000000000009648                GATT_ServiceNumAttrs
 .text.GATT_ServiceEncKeySize
                0x0000000000009660       0x18 C:\Users\19156\Desktop\DualModeKeyboard\LIB\libCH57xBLE.a(gattservapp.o)
                0x0000000000009660                GATT_ServiceEncKeySize
 .text.GATT_VerifyWritePermissions.part.7
                0x0000000000009678       0x2e C:\Users\19156\Desktop\DualModeKeyboard\LIB\libCH57xBLE.a(gattservapp.o)
 .text.gattResetServerInfo
                0x00000000000096a6       0x1c C:\Users\19156\Desktop\DualModeKeyboard\LIB\libCH57xBLE.a(gattservapp.o)
                0x00000000000096a6                gattResetServerInfo
 .text.gattFindServerInfo
                0x00000000000096c2       0x28 C:\Users\19156\Desktop\DualModeKeyboard\LIB\libCH57xBLE.a(gattservapp.o)
                0x00000000000096c2                gattFindServerInfo
 .text.gattServerHandleConnStatusCB
                0x00000000000096ea       0x98 C:\Users\19156\Desktop\DualModeKeyboard\LIB\libCH57xBLE.a(gattservapp.o)
                0x00000000000096ea                gattServerHandleConnStatusCB
 .text.gattServerProcessMsgCB
                0x0000000000009782      0x1c0 C:\Users\19156\Desktop\DualModeKeyboard\LIB\libCH57xBLE.a(gattservapp.o)
                0x0000000000009782                gattServerProcessMsgCB
 .text.gattServerNotifyTxCB
                0x0000000000009942       0x28 C:\Users\19156\Desktop\DualModeKeyboard\LIB\libCH57xBLE.a(gattservapp.o)
 .text.GATT_FindHandle
                0x000000000000996a       0x4a C:\Users\19156\Desktop\DualModeKeyboard\LIB\libCH57xBLE.a(gattservapp.o)
                0x000000000000996a                GATT_FindHandle
 .text.GATTServApp_WriteAttr
                0x00000000000099b4       0xa8 C:\Users\19156\Desktop\DualModeKeyboard\LIB\libCH57xBLE.a(gattservapp.o)
                0x00000000000099b4                GATTServApp_WriteAttr
 .text.gattServApp_ProcessExecuteWriteReq
                0x0000000000009a5c      0x100 C:\Users\19156\Desktop\DualModeKeyboard\LIB\libCH57xBLE.a(gattservapp.o)
                0x0000000000009a5c                gattServApp_ProcessExecuteWriteReq
 .text.GATTServApp_UpdateCharCfg
                0x0000000000009b5c       0x1e C:\Users\19156\Desktop\DualModeKeyboard\LIB\libCH57xBLE.a(gattservapp.o)
                0x0000000000009b5c                GATTServApp_UpdateCharCfg
 .text.gattServApp_ProcessPrepareWriteReq
                0x0000000000009b7a      0x10e C:\Users\19156\Desktop\DualModeKeyboard\LIB\libCH57xBLE.a(gattservapp.o)
                0x0000000000009b7a                gattServApp_ProcessPrepareWriteReq
 .text.gattServApp_ProcessWriteReq
                0x0000000000009c88       0xb0 C:\Users\19156\Desktop\DualModeKeyboard\LIB\libCH57xBLE.a(gattservapp.o)
                0x0000000000009c88                gattServApp_ProcessWriteReq
 .text.GATT_Indication
                0x0000000000009d38       0xa4 C:\Users\19156\Desktop\DualModeKeyboard\LIB\libCH57xBLE.a(gattservapp.o)
                0x0000000000009d38                GATT_Indication
 .text.GATT_FindHandleUUID
                0x0000000000009ddc       0x94 C:\Users\19156\Desktop\DualModeKeyboard\LIB\libCH57xBLE.a(gattservapp.o)
                0x0000000000009ddc                GATT_FindHandleUUID
 .text.gattProcessReadByGrpTypeReq
                0x0000000000009e70       0x60 C:\Users\19156\Desktop\DualModeKeyboard\LIB\libCH57xBLE.a(gattservapp.o)
 .text.gattProcessReadByTypeReq
                0x0000000000009ed0       0x34 C:\Users\19156\Desktop\DualModeKeyboard\LIB\libCH57xBLE.a(gattservapp.o)
 .text.gattProcessFindByTypeValueReq
                0x0000000000009f04       0x34 C:\Users\19156\Desktop\DualModeKeyboard\LIB\libCH57xBLE.a(gattservapp.o)
 .text.gattProcessFindInfoReq
                0x0000000000009f38      0x1aa C:\Users\19156\Desktop\DualModeKeyboard\LIB\libCH57xBLE.a(gattservapp.o)
 .text.GATT_Notification
                0x000000000000a0e2       0x70 C:\Users\19156\Desktop\DualModeKeyboard\LIB\libCH57xBLE.a(gattservapp.o)
                0x000000000000a0e2                GATT_Notification
 .text.GATT_VerifyWritePermissions
                0x000000000000a152       0x6a C:\Users\19156\Desktop\DualModeKeyboard\LIB\libCH57xBLE.a(gattservapp.o)
                0x000000000000a152                GATT_VerifyWritePermissions
 .text.gattProcessWriteReq
                0x000000000000a1bc       0x36 C:\Users\19156\Desktop\DualModeKeyboard\LIB\libCH57xBLE.a(gattservapp.o)
 .text.GATT_VerifyPrepareWritePermissions
                0x000000000000a1f2       0x56 C:\Users\19156\Desktop\DualModeKeyboard\LIB\libCH57xBLE.a(gattservapp.o)
                0x000000000000a1f2                GATT_VerifyPrepareWritePermissions
 .text.gattProcessPrepareWriteReq
                0x000000000000a248       0x36 C:\Users\19156\Desktop\DualModeKeyboard\LIB\libCH57xBLE.a(gattservapp.o)
 .text.GATT_FindNextAttr
                0x000000000000a27e       0xc2 C:\Users\19156\Desktop\DualModeKeyboard\LIB\libCH57xBLE.a(gattservapp.o)
                0x000000000000a27e                GATT_FindNextAttr
 .text.GATTServApp_ReadAttr
                0x000000000000a340      0x2e2 C:\Users\19156\Desktop\DualModeKeyboard\LIB\libCH57xBLE.a(gattservapp.o)
                0x000000000000a340                GATTServApp_ReadAttr
 .text.gattServApp_ProcessReadMultiReq
                0x000000000000a622      0x16e C:\Users\19156\Desktop\DualModeKeyboard\LIB\libCH57xBLE.a(gattservapp.o)
                0x000000000000a622                gattServApp_ProcessReadMultiReq
 .text.gattServApp_ProcessFindByTypeValueReq
                0x000000000000a790      0x19c C:\Users\19156\Desktop\DualModeKeyboard\LIB\libCH57xBLE.a(gattservapp.o)
                0x000000000000a790                gattServApp_ProcessFindByTypeValueReq
 .text.GATT_VerifyReadPermissions
                0x000000000000a92c       0x68 C:\Users\19156\Desktop\DualModeKeyboard\LIB\libCH57xBLE.a(gattservapp.o)
                0x000000000000a92c                GATT_VerifyReadPermissions
 .text.gattProcessReadMultiReq
                0x000000000000a994       0xae C:\Users\19156\Desktop\DualModeKeyboard\LIB\libCH57xBLE.a(gattservapp.o)
 .text.gattProcessReadReq
                0x000000000000aa42       0x30 C:\Users\19156\Desktop\DualModeKeyboard\LIB\libCH57xBLE.a(gattservapp.o)
 .text.gattServApp_ProcessReadByGrpTypeReq
                0x000000000000aa72      0x21c C:\Users\19156\Desktop\DualModeKeyboard\LIB\libCH57xBLE.a(gattservapp.o)
                0x000000000000aa72                gattServApp_ProcessReadByGrpTypeReq
 .text.gattServApp_ProcessReadByTypeReq
                0x000000000000ac8e      0x1ae C:\Users\19156\Desktop\DualModeKeyboard\LIB\libCH57xBLE.a(gattservapp.o)
                0x000000000000ac8e                gattServApp_ProcessReadByTypeReq
 .text.GATT_RegisterService
                0x000000000000ae3c       0xfc C:\Users\19156\Desktop\DualModeKeyboard\LIB\libCH57xBLE.a(gattservapp.o)
                0x000000000000ae3c                GATT_RegisterService
 .text.GATTServApp_RegisterService
                0x000000000000af38       0x8a C:\Users\19156\Desktop\DualModeKeyboard\LIB\libCH57xBLE.a(gattservapp.o)
                0x000000000000af38                GATTServApp_RegisterService
 .text.GATTServApp_AddService
                0x000000000000afc2       0x2c C:\Users\19156\Desktop\DualModeKeyboard\LIB\libCH57xBLE.a(gattservapp.o)
                0x000000000000afc2                GATTServApp_AddService
 .text.GATTServApp_RegisterForMsg
                0x000000000000afee        0x6 C:\Users\19156\Desktop\DualModeKeyboard\LIB\libCH57xBLE.a(gattservapp.o)
                0x000000000000afee                GATTServApp_RegisterForMsg
 .text.GATTServApp_InitCharCfg
                0x000000000000aff4       0x28 C:\Users\19156\Desktop\DualModeKeyboard\LIB\libCH57xBLE.a(gattservapp.o)
                0x000000000000aff4                GATTServApp_InitCharCfg
 .text.gattServApp_HandleConnStatusCB
                0x000000000000b01c       0x74 C:\Users\19156\Desktop\DualModeKeyboard\LIB\libCH57xBLE.a(gattservapp.o)
                0x000000000000b01c                gattServApp_HandleConnStatusCB
 .text.GATT_InitServer
                0x000000000000b090       0xf6 C:\Users\19156\Desktop\DualModeKeyboard\LIB\libCH57xBLE.a(gattservapp.o)
                0x000000000000b090                GATT_InitServer
 .text.GATTServApp_Init
                0x000000000000b186       0x34 C:\Users\19156\Desktop\DualModeKeyboard\LIB\libCH57xBLE.a(gattservapp.o)
                0x000000000000b186                GATTServApp_Init
 .text.GATTServApp_ProcessEvent
                0x000000000000b1ba      0x366 C:\Users\19156\Desktop\DualModeKeyboard\LIB\libCH57xBLE.a(gattservapp.o)
                0x000000000000b1ba                GATTServApp_ProcessEvent
 .text.l2capAllocConnChannel
                0x000000000000b520       0xd8 C:\Users\19156\Desktop\DualModeKeyboard\LIB\libCH57xBLE.a(l2cap.o)
                0x000000000000b520                l2capAllocConnChannel
 .text.l2capFindLocalCID
                0x000000000000b5f8       0x2c C:\Users\19156\Desktop\DualModeKeyboard\LIB\libCH57xBLE.a(l2cap.o)
                0x000000000000b5f8                l2capFindLocalCID
 .text.l2capFindLocalId
                0x000000000000b624       0x30 C:\Users\19156\Desktop\DualModeKeyboard\LIB\libCH57xBLE.a(l2cap.o)
                0x000000000000b624                l2capFindLocalId
 .text.l2capFindPsm
                0x000000000000b654       0x2c C:\Users\19156\Desktop\DualModeKeyboard\LIB\libCH57xBLE.a(l2cap.o)
                0x000000000000b654                l2capFindPsm
 .text.l2capFindRemoteCID
                0x000000000000b680       0x3c C:\Users\19156\Desktop\DualModeKeyboard\LIB\libCH57xBLE.a(l2cap.o)
                0x000000000000b680                l2capFindRemoteCID
 .text.l2capFreeChannel
                0x000000000000b6bc       0x4a C:\Users\19156\Desktop\DualModeKeyboard\LIB\libCH57xBLE.a(l2cap.o)
                0x000000000000b6bc                l2capFreeChannel
 .text.l2capDisconnectChannel
                0x000000000000b706       0x28 C:\Users\19156\Desktop\DualModeKeyboard\LIB\libCH57xBLE.a(l2cap.o)
                0x000000000000b706                l2capDisconnectChannel
 .text.l2capHandleTimerCB
                0x000000000000b72e       0x2c C:\Users\19156\Desktop\DualModeKeyboard\LIB\libCH57xBLE.a(l2cap.o)
                0x000000000000b72e                l2capHandleTimerCB
 .text.l2capFreePendingPkt
                0x000000000000b75a       0x58 C:\Users\19156\Desktop\DualModeKeyboard\LIB\libCH57xBLE.a(l2cap.o)
                0x000000000000b75a                l2capFreePendingPkt
 .text.l2capGetCoChannelInfo
                0x000000000000b7b2       0x7e C:\Users\19156\Desktop\DualModeKeyboard\LIB\libCH57xBLE.a(l2cap.o)
                0x000000000000b7b2                l2capGetCoChannelInfo
 .text.l2capNumActiveChannnels
                0x000000000000b830       0x44 C:\Users\19156\Desktop\DualModeKeyboard\LIB\libCH57xBLE.a(l2cap.o)
                0x000000000000b830                l2capNumActiveChannnels
 .text.l2capStartTimer
                0x000000000000b874       0x1a C:\Users\19156\Desktop\DualModeKeyboard\LIB\libCH57xBLE.a(l2cap.o)
                0x000000000000b874                l2capStartTimer
 .text.l2capStopTimer
                0x000000000000b88e       0x1e C:\Users\19156\Desktop\DualModeKeyboard\LIB\libCH57xBLE.a(l2cap.o)
                0x000000000000b88e                l2capStopTimer
 .text.l2capDisconnectAllChannels
                0x000000000000b8ac       0xdc C:\Users\19156\Desktop\DualModeKeyboard\LIB\libCH57xBLE.a(l2cap.o)
                0x000000000000b8ac                l2capDisconnectAllChannels
 .text.l2capHandleConnStatusCB
                0x000000000000b988       0x3c C:\Users\19156\Desktop\DualModeKeyboard\LIB\libCH57xBLE.a(l2cap.o)
                0x000000000000b988                l2capHandleConnStatusCB
 .text.l2capHandleRxError
                0x000000000000b9c4        0x6 C:\Users\19156\Desktop\DualModeKeyboard\LIB\libCH57xBLE.a(l2cap.o)
                0x000000000000b9c4                l2capHandleRxError
 .text.L2CAP_GetMTU
                0x000000000000b9ca        0x6 C:\Users\19156\Desktop\DualModeKeyboard\LIB\libCH57xBLE.a(l2cap.o)
                0x000000000000b9ca                L2CAP_GetMTU
 .text.L2CAP_HostNumCompletedPkts
                0x000000000000b9d0       0x28 C:\Users\19156\Desktop\DualModeKeyboard\LIB\libCH57xBLE.a(l2cap.o)
                0x000000000000b9d0                L2CAP_HostNumCompletedPkts
 .text.L2CAP_ParseConnectReq
                0x000000000000b9f8       0x5e C:\Users\19156\Desktop\DualModeKeyboard\LIB\libCH57xBLE.a(l2cap.o)
                0x000000000000b9f8                L2CAP_ParseConnectReq
 .text.L2CAP_ParseFlowCtrlCredit
                0x000000000000ba56       0x2e C:\Users\19156\Desktop\DualModeKeyboard\LIB\libCH57xBLE.a(l2cap.o)
                0x000000000000ba56                L2CAP_ParseFlowCtrlCredit
 .text.L2CAP_RegisterApp
                0x000000000000ba84       0x30 C:\Users\19156\Desktop\DualModeKeyboard\LIB\libCH57xBLE.a(l2cap.o)
                0x000000000000ba84                L2CAP_RegisterApp
 .text.L2CAP_SetBufSize
                0x000000000000bab4       0x1e C:\Users\19156\Desktop\DualModeKeyboard\LIB\libCH57xBLE.a(l2cap.o)
                0x000000000000bab4                L2CAP_SetBufSize
 .text.L2CAP_bm_alloc
                0x000000000000bad2       0x30 C:\Users\19156\Desktop\DualModeKeyboard\LIB\libCH57xBLE.a(l2cap.o)
                0x000000000000bad2                L2CAP_bm_alloc
 .text.L2CAP_Init
                0x000000000000bb02       0xf0 C:\Users\19156\Desktop\DualModeKeyboard\LIB\libCH57xBLE.a(l2cap.o)
                0x000000000000bb02                L2CAP_Init
 .text.L2CAP_ProcessEvent
                0x000000000000bbf2       0xc8 C:\Users\19156\Desktop\DualModeKeyboard\LIB\libCH57xBLE.a(l2cap.o)
                0x000000000000bbf2                L2CAP_ProcessEvent
 .text.l2capParseCmdReject
                0x000000000000bcba       0x5e C:\Users\19156\Desktop\DualModeKeyboard\LIB\libCH57xBLE.a(l2cap_input.o)
                0x000000000000bcba                l2capParseCmdReject
 .text.l2capParseDisconnectReq
                0x000000000000bd18       0x2e C:\Users\19156\Desktop\DualModeKeyboard\LIB\libCH57xBLE.a(l2cap_input.o)
                0x000000000000bd18                l2capParseDisconnectReq
 .text.l2capParseDisconnectRsp
                0x000000000000bd46       0x2e C:\Users\19156\Desktop\DualModeKeyboard\LIB\libCH57xBLE.a(l2cap_input.o)
                0x000000000000bd46                l2capParseDisconnectRsp
 .text.L2CAP_ParseParamUpdateReq
                0x000000000000bd74       0x4e C:\Users\19156\Desktop\DualModeKeyboard\LIB\libCH57xBLE.a(l2cap_input.o)
                0x000000000000bd74                L2CAP_ParseParamUpdateReq
 .text.l2capParseParamUpdateRsp
                0x000000000000bdc2       0x1e C:\Users\19156\Desktop\DualModeKeyboard\LIB\libCH57xBLE.a(l2cap_input.o)
                0x000000000000bdc2                l2capParseParamUpdateRsp
 .text.l2capProcessConnectReq
                0x000000000000bde0       0xfc C:\Users\19156\Desktop\DualModeKeyboard\LIB\libCH57xBLE.a(l2cap_input.o)
                0x000000000000bde0                l2capProcessConnectReq
 .text.l2capParseConnectRsp
                0x000000000000bedc       0x5e C:\Users\19156\Desktop\DualModeKeyboard\LIB\libCH57xBLE.a(l2cap_input.o)
                0x000000000000bedc                l2capParseConnectRsp
 .text.l2capParseSignalHdr
                0x000000000000bf3a       0x22 C:\Users\19156\Desktop\DualModeKeyboard\LIB\libCH57xBLE.a(l2cap_input.o)
                0x000000000000bf3a                l2capParseSignalHdr
 .text.l2capParsePacket
                0x000000000000bf5c       0x8c C:\Users\19156\Desktop\DualModeKeyboard\LIB\libCH57xBLE.a(l2cap_input.o)
                0x000000000000bf5c                l2capParsePacket
 .text.l2capProcessReq
                0x000000000000bfe8      0x15a C:\Users\19156\Desktop\DualModeKeyboard\LIB\libCH57xBLE.a(l2cap_input.o)
                0x000000000000bfe8                l2capProcessReq
 .text.l2capProcessRsp
                0x000000000000c142      0x150 C:\Users\19156\Desktop\DualModeKeyboard\LIB\libCH57xBLE.a(l2cap_input.o)
                0x000000000000c142                l2capProcessRsp
 .text.l2capProcessRxData
                0x000000000000c292       0xf8 C:\Users\19156\Desktop\DualModeKeyboard\LIB\libCH57xBLE.a(l2cap_input.o)
                0x000000000000c292                l2capProcessRxData
 .text.l2capNotifyData
                0x000000000000c38a       0x5a C:\Users\19156\Desktop\DualModeKeyboard\LIB\libCH57xBLE.a(l2cap_output.o)
                0x000000000000c38a                l2capNotifyData
 .text.l2capNotifySignal
                0x000000000000c3e4       0x76 C:\Users\19156\Desktop\DualModeKeyboard\LIB\libCH57xBLE.a(l2cap_output.o)
                0x000000000000c3e4                l2capNotifySignal
 .text.l2capNotifyCreditEvt
                0x000000000000c45a       0x9c C:\Users\19156\Desktop\DualModeKeyboard\LIB\libCH57xBLE.a(l2cap_output.o)
                0x000000000000c45a                l2capNotifyCreditEvt
 .text.l2capNotifyChannelEstEvt
                0x000000000000c4f6       0x58 C:\Users\19156\Desktop\DualModeKeyboard\LIB\libCH57xBLE.a(l2cap_output.o)
                0x000000000000c4f6                l2capNotifyChannelEstEvt
 .text.l2capNotifyChannelTermEvt
                0x000000000000c54e       0x3e C:\Users\19156\Desktop\DualModeKeyboard\LIB\libCH57xBLE.a(l2cap_output.o)
                0x000000000000c54e                l2capNotifyChannelTermEvt
 .text.l2capNotifyEvent
                0x000000000000c58c       0x66 C:\Users\19156\Desktop\DualModeKeyboard\LIB\libCH57xBLE.a(l2cap_output.o)
                0x000000000000c58c                l2capNotifyEvent
 .text.l2capStoreFCPkt
                0x000000000000c5f2       0x32 C:\Users\19156\Desktop\DualModeKeyboard\LIB\libCH57xBLE.a(l2cap_output.o)
                0x000000000000c5f2                l2capStoreFCPkt
 .text.l2capFreeTxSDU
                0x000000000000c624       0x9a C:\Users\19156\Desktop\DualModeKeyboard\LIB\libCH57xBLE.a(l2cap_output.o)
                0x000000000000c624                l2capFreeTxSDU
 .text.l2capReassembleSegment
                0x000000000000c6be      0x174 C:\Users\19156\Desktop\DualModeKeyboard\LIB\libCH57xBLE.a(l2cap_output.o)
                0x000000000000c6be                l2capReassembleSegment
 .text.l2capEncapSendData
                0x000000000000c832       0xec C:\Users\19156\Desktop\DualModeKeyboard\LIB\libCH57xBLE.a(l2cap_output.o)
                0x000000000000c832                l2capEncapSendData
 .text.l2capSendFCPkt.part.3
                0x000000000000c91e       0x70 C:\Users\19156\Desktop\DualModeKeyboard\LIB\libCH57xBLE.a(l2cap_output.o)
 .text.l2capSendSegment
                0x000000000000c98e      0x108 C:\Users\19156\Desktop\DualModeKeyboard\LIB\libCH57xBLE.a(l2cap_output.o)
                0x000000000000c98e                l2capSendSegment
 .text.l2capSendNextSegment
                0x000000000000ca96       0xb4 C:\Users\19156\Desktop\DualModeKeyboard\LIB\libCH57xBLE.a(l2cap_output.o)
                0x000000000000ca96                l2capSendNextSegment
 .text.l2capSendPkt
                0x000000000000cb4a       0x3a C:\Users\19156\Desktop\DualModeKeyboard\LIB\libCH57xBLE.a(l2cap_output.o)
                0x000000000000cb4a                l2capSendPkt
 .text.L2CAP_SendData
                0x000000000000cb84       0x82 C:\Users\19156\Desktop\DualModeKeyboard\LIB\libCH57xBLE.a(l2cap_output.o)
                0x000000000000cb84                L2CAP_SendData
 .text.l2capSendCmd
                0x000000000000cc06       0x8a C:\Users\19156\Desktop\DualModeKeyboard\LIB\libCH57xBLE.a(l2cap_output.o)
                0x000000000000cc06                l2capSendCmd
 .text.l2capSendReq
                0x000000000000cc90       0xbc C:\Users\19156\Desktop\DualModeKeyboard\LIB\libCH57xBLE.a(l2cap_output.o)
                0x000000000000cc90                l2capSendReq
 .text.l2capBuildDisconnectReq
                0x000000000000cd4c       0x28 C:\Users\19156\Desktop\DualModeKeyboard\LIB\libCH57xBLE.a(l2cap_sdu.o)
 .text.l2capBuildParamUpdateReq
                0x000000000000cd74       0x4c C:\Users\19156\Desktop\DualModeKeyboard\LIB\libCH57xBLE.a(l2cap_sdu.o)
 .text.l2capBuildParamUpdateRsp
                0x000000000000cdc0       0x16 C:\Users\19156\Desktop\DualModeKeyboard\LIB\libCH57xBLE.a(l2cap_sdu.o)
 .text.l2capBuildConnectRsp
                0x000000000000cdd6       0x5e C:\Users\19156\Desktop\DualModeKeyboard\LIB\libCH57xBLE.a(l2cap_sdu.o)
 .text.l2capBuildCmdReject
                0x000000000000ce34       0x62 C:\Users\19156\Desktop\DualModeKeyboard\LIB\libCH57xBLE.a(l2cap_sdu.o)
                0x000000000000ce34                l2capBuildCmdReject
 .text.l2capBuildDisconnectRsp
                0x000000000000ce96       0x28 C:\Users\19156\Desktop\DualModeKeyboard\LIB\libCH57xBLE.a(l2cap_sdu.o)
                0x000000000000ce96                l2capBuildDisconnectRsp
 .text.l2capSendConnectRsp
                0x000000000000cebe       0xa2 C:\Users\19156\Desktop\DualModeKeyboard\LIB\libCH57xBLE.a(l2cap_sdu.o)
                0x000000000000cebe                l2capSendConnectRsp
 .text.L2CAP_CmdReject
                0x000000000000cf60       0x12 C:\Users\19156\Desktop\DualModeKeyboard\LIB\libCH57xBLE.a(l2cap_sdu.o)
                0x000000000000cf60                L2CAP_CmdReject
 .text.L2CAP_DisconnectReq
                0x000000000000cf72       0x2a C:\Users\19156\Desktop\DualModeKeyboard\LIB\libCH57xBLE.a(l2cap_sdu.o)
                0x000000000000cf72                L2CAP_DisconnectReq
 .text.L2CAP_ConnParamUpdateReq
                0x000000000000cf9c       0x16 C:\Users\19156\Desktop\DualModeKeyboard\LIB\libCH57xBLE.a(l2cap_sdu.o)
                0x000000000000cf9c                L2CAP_ConnParamUpdateReq
 .text.L2CAP_ConnParamUpdateRsp
                0x000000000000cfb2       0x12 C:\Users\19156\Desktop\DualModeKeyboard\LIB\libCH57xBLE.a(l2cap_sdu.o)
                0x000000000000cfb2                L2CAP_ConnParamUpdateRsp
 .text.reportStatusChange
                0x000000000000cfc4       0x3e C:\Users\19156\Desktop\DualModeKeyboard\LIB\libCH57xBLE.a(linkdb.o)
 .text.linkDB_Init
                0x000000000000d002       0x88 C:\Users\19156\Desktop\DualModeKeyboard\LIB\libCH57xBLE.a(linkdb.o)
                0x000000000000d002                linkDB_Init
 .text.linkDB_Find
                0x000000000000d08a       0x2c C:\Users\19156\Desktop\DualModeKeyboard\LIB\libCH57xBLE.a(linkdb.o)
                0x000000000000d08a                linkDB_Find
 .text.linkDB_Authen
                0x000000000000d0b6       0x5c C:\Users\19156\Desktop\DualModeKeyboard\LIB\libCH57xBLE.a(linkdb.o)
                0x000000000000d0b6                linkDB_Authen
 .text.linkDB_FindByAddr
                0x000000000000d112       0x76 C:\Users\19156\Desktop\DualModeKeyboard\LIB\libCH57xBLE.a(linkdb.o)
                0x000000000000d112                linkDB_FindByAddr
 .text.linkDB_FindFirst
                0x000000000000d188       0x38 C:\Users\19156\Desktop\DualModeKeyboard\LIB\libCH57xBLE.a(linkdb.o)
                0x000000000000d188                linkDB_FindFirst
 .text.linkDB_MTU
                0x000000000000d1c0       0x18 C:\Users\19156\Desktop\DualModeKeyboard\LIB\libCH57xBLE.a(linkdb.o)
                0x000000000000d1c0                linkDB_MTU
 .text.linkDB_NumActive
                0x000000000000d1d8       0x2e C:\Users\19156\Desktop\DualModeKeyboard\LIB\libCH57xBLE.a(linkdb.o)
                0x000000000000d1d8                linkDB_NumActive
 .text.linkDB_NumConns
                0x000000000000d206        0x6 C:\Users\19156\Desktop\DualModeKeyboard\LIB\libCH57xBLE.a(linkdb.o)
                0x000000000000d206                linkDB_NumConns
 .text.linkDB_Register
                0x000000000000d20c       0x28 C:\Users\19156\Desktop\DualModeKeyboard\LIB\libCH57xBLE.a(linkdb.o)
                0x000000000000d20c                linkDB_Register
 .text.linkDB_Remove
                0x000000000000d234       0x48 C:\Users\19156\Desktop\DualModeKeyboard\LIB\libCH57xBLE.a(linkdb.o)
                0x000000000000d234                linkDB_Remove
 .text.linkDB_Role
                0x000000000000d27c       0x18 C:\Users\19156\Desktop\DualModeKeyboard\LIB\libCH57xBLE.a(linkdb.o)
                0x000000000000d27c                linkDB_Role
 .text.linkDB_State
                0x000000000000d294       0x30 C:\Users\19156\Desktop\DualModeKeyboard\LIB\libCH57xBLE.a(linkdb.o)
                0x000000000000d294                linkDB_State
 .text.linkDB_UpdateMTU
                0x000000000000d2c4       0x28 C:\Users\19156\Desktop\DualModeKeyboard\LIB\libCH57xBLE.a(linkdb.o)
                0x000000000000d2c4                linkDB_UpdateMTU
 .text.linkDB_PerformFunc
                0x000000000000d2ec       0x52 C:\Users\19156\Desktop\DualModeKeyboard\LIB\libCH57xBLE.a(linkdb.o)
                0x000000000000d2ec                linkDB_PerformFunc
 .text.linkDB_PeripheralLinkNum
                0x000000000000d33e       0x3e C:\Users\19156\Desktop\DualModeKeyboard\LIB\libCH57xBLE.a(linkdb.o)
                0x000000000000d33e                linkDB_PeripheralLinkNum
 .text.linkDB_GetSMEvtID
                0x000000000000d37c       0x58 C:\Users\19156\Desktop\DualModeKeyboard\LIB\libCH57xBLE.a(linkdb.o)
                0x000000000000d37c                linkDB_GetSMEvtID
 .text.linkDB_Add
                0x000000000000d3d4       0xb2 C:\Users\19156\Desktop\DualModeKeyboard\LIB\libCH57xBLE.a(linkdb.o)
                0x000000000000d3d4                linkDB_Add
 .text.linkDB_GetHandleFromSMEvtID
                0x000000000000d486       0x32 C:\Users\19156\Desktop\DualModeKeyboard\LIB\libCH57xBLE.a(linkdb.o)
                0x000000000000d486                linkDB_GetHandleFromSMEvtID
 .text.linkDB_GetPairingParam
                0x000000000000d4b8       0x54 C:\Users\19156\Desktop\DualModeKeyboard\LIB\libCH57xBLE.a(linkdb.o)
                0x000000000000d4b8                linkDB_GetPairingParam
 .text.linkDB_NeedSendKey
                0x000000000000d50c       0x42 C:\Users\19156\Desktop\DualModeKeyboard\LIB\libCH57xBLE.a(linkdb.o)
                0x000000000000d50c                linkDB_NeedSendKey
 .text.smpBuildPairingFailed
                0x000000000000d54e       0x1a C:\Users\19156\Desktop\DualModeKeyboard\LIB\libCH57xBLE.a(sm.o)
                0x000000000000d54e                smpBuildPairingFailed
 .text.SM_StartEncryption
                0x000000000000d568       0x98 C:\Users\19156\Desktop\DualModeKeyboard\LIB\libCH57xBLE.a(sm.o)
                0x000000000000d568                SM_StartEncryption
 .text.smpBuildEncInfo
                0x000000000000d600       0x30 C:\Users\19156\Desktop\DualModeKeyboard\LIB\libCH57xBLE.a(sm.o)
                0x000000000000d600                smpBuildEncInfo
 .text.smpBuildIdentityAddrInfo
                0x000000000000d630       0x3a C:\Users\19156\Desktop\DualModeKeyboard\LIB\libCH57xBLE.a(sm.o)
                0x000000000000d630                smpBuildIdentityAddrInfo
 .text.smpBuildIdentityInfo
                0x000000000000d66a       0x30 C:\Users\19156\Desktop\DualModeKeyboard\LIB\libCH57xBLE.a(sm.o)
                0x000000000000d66a                smpBuildIdentityInfo
 .text.smpBuildMasterID
                0x000000000000d69a       0x44 C:\Users\19156\Desktop\DualModeKeyboard\LIB\libCH57xBLE.a(sm.o)
                0x000000000000d69a                smpBuildMasterID
 .text.smpBuildPairingConfirm
                0x000000000000d6de       0x30 C:\Users\19156\Desktop\DualModeKeyboard\LIB\libCH57xBLE.a(sm.o)
                0x000000000000d6de                smpBuildPairingConfirm
 .text.smpBuildPairingRandom
                0x000000000000d70e       0x30 C:\Users\19156\Desktop\DualModeKeyboard\LIB\libCH57xBLE.a(sm.o)
                0x000000000000d70e                smpBuildPairingRandom
 .text.smpBuildSigningInfo
                0x000000000000d73e       0x30 C:\Users\19156\Desktop\DualModeKeyboard\LIB\libCH57xBLE.a(sm.o)
                0x000000000000d73e                smpBuildSigningInfo
 .text.SM_ParamInit
                0x000000000000d76e       0x5a C:\Users\19156\Desktop\DualModeKeyboard\LIB\libCH57xBLE.a(sm.o)
                0x000000000000d76e                SM_ParamInit
 .text.smDetermineKeySize
                0x000000000000d7c8       0x20 C:\Users\19156\Desktop\DualModeKeyboard\LIB\libCH57xBLE.a(sm.o)
                0x000000000000d7c8                smDetermineKeySize
 .text.smProcessRandComplete
                0x000000000000d7e8       0x9e C:\Users\19156\Desktop\DualModeKeyboard\LIB\libCH57xBLE.a(sm.o)
                0x000000000000d7e8                smProcessRandComplete
 .text.smSavePairInfo
                0x000000000000d886      0x186 C:\Users\19156\Desktop\DualModeKeyboard\LIB\libCH57xBLE.a(sm.o)
                0x000000000000d886                smSavePairInfo
 .text.smSetPairingReqRsp
                0x000000000000da0c       0x38 C:\Users\19156\Desktop\DualModeKeyboard\LIB\libCH57xBLE.a(sm.o)
                0x000000000000da0c                smSetPairingReqRsp
 .text.smStartEncryption
                0x000000000000da44       0x16 C:\Users\19156\Desktop\DualModeKeyboard\LIB\libCH57xBLE.a(sm.o)
                0x000000000000da44                smStartEncryption
 .text.smStartRspTimer
                0x000000000000da5a       0x36 C:\Users\19156\Desktop\DualModeKeyboard\LIB\libCH57xBLE.a(sm.o)
                0x000000000000da5a                smStartRspTimer
 .text.smSendSMMsg
                0x000000000000da90       0x5c C:\Users\19156\Desktop\DualModeKeyboard\LIB\libCH57xBLE.a(sm.o)
                0x000000000000da90                smSendSMMsg
 .text.smGenerateConfirm
                0x000000000000daec       0x34 C:\Users\19156\Desktop\DualModeKeyboard\LIB\libCH57xBLE.a(sm.o)
                0x000000000000daec                smGenerateConfirm
 .text.smGenerateRandMsg
                0x000000000000db20       0x34 C:\Users\19156\Desktop\DualModeKeyboard\LIB\libCH57xBLE.a(sm.o)
                0x000000000000db20                smGenerateRandMsg
 .text.smPairingSendEncInfo
                0x000000000000db54       0x10 C:\Users\19156\Desktop\DualModeKeyboard\LIB\libCH57xBLE.a(sm.o)
                0x000000000000db54                smPairingSendEncInfo
 .text.smPairingSendIdentityAddrInfo
                0x000000000000db64       0x38 C:\Users\19156\Desktop\DualModeKeyboard\LIB\libCH57xBLE.a(sm.o)
                0x000000000000db64                smPairingSendIdentityAddrInfo
 .text.smPairingSendIdentityInfo
                0x000000000000db9c       0x10 C:\Users\19156\Desktop\DualModeKeyboard\LIB\libCH57xBLE.a(sm.o)
                0x000000000000db9c                smPairingSendIdentityInfo
 .text.smPairingSendMasterID
                0x000000000000dbac       0x38 C:\Users\19156\Desktop\DualModeKeyboard\LIB\libCH57xBLE.a(sm.o)
                0x000000000000dbac                smPairingSendMasterID
 .text.smPairingSendSingingInfo
                0x000000000000dbe4       0x10 C:\Users\19156\Desktop\DualModeKeyboard\LIB\libCH57xBLE.a(sm.o)
                0x000000000000dbe4                smPairingSendSingingInfo
 .text.smInitiatorSendNextKeyInfo
                0x000000000000dbf4      0x1c2 C:\Users\19156\Desktop\DualModeKeyboard\LIB\libCH57xBLE.a(sm.o)
                0x000000000000dbf4                smInitiatorSendNextKeyInfo
 .text.smResponderSendNextKeyInfo
                0x000000000000ddb6      0x216 C:\Users\19156\Desktop\DualModeKeyboard\LIB\libCH57xBLE.a(sm.o)
                0x000000000000ddb6                smResponderSendNextKeyInfo
 .text.smGeneratePairingReqRsp
                0x000000000000dfcc       0x3e C:\Users\19156\Desktop\DualModeKeyboard\LIB\libCH57xBLE.a(sm.o)
                0x000000000000dfcc                smGeneratePairingReqRsp
 .text.smStopRspTimer
                0x000000000000e00a        0xa C:\Users\19156\Desktop\DualModeKeyboard\LIB\libCH57xBLE.a(sm.o)
                0x000000000000e00a                smStopRspTimer
 .text.smFreePairingParams
                0x000000000000e014       0x68 C:\Users\19156\Desktop\DualModeKeyboard\LIB\libCH57xBLE.a(sm.o)
                0x000000000000e014                smFreePairingParams
 .text.smEndPairing
                0x000000000000e07c       0x5c C:\Users\19156\Desktop\DualModeKeyboard\LIB\libCH57xBLE.a(sm.o)
                0x000000000000e07c                smEndPairing
 .text.setupInitiatorKeys
                0x000000000000e0d8       0x82 C:\Users\19156\Desktop\DualModeKeyboard\LIB\libCH57xBLE.a(sm.o)
                0x000000000000e0d8                setupInitiatorKeys
 .text.smNextPairingState
                0x000000000000e15a       0x56 C:\Users\19156\Desktop\DualModeKeyboard\LIB\libCH57xBLE.a(sm.o)
                0x000000000000e15a                smNextPairingState
 .text.smProcessEncryptChange
                0x000000000000e1b0       0xde C:\Users\19156\Desktop\DualModeKeyboard\LIB\libCH57xBLE.a(sm.o)
                0x000000000000e1b0                smProcessEncryptChange
 .text.smSendFailAndEnd
                0x000000000000e28e       0x38 C:\Users\19156\Desktop\DualModeKeyboard\LIB\libCH57xBLE.a(sm.o)
                0x000000000000e28e                smSendFailAndEnd
 .text.smProcessPairingReq
                0x000000000000e2c6       0x3c C:\Users\19156\Desktop\DualModeKeyboard\LIB\libCH57xBLE.a(sm.o)
                0x000000000000e2c6                smProcessPairingReq
 .text.smLinkCheck
                0x000000000000e302       0x34 C:\Users\19156\Desktop\DualModeKeyboard\LIB\libCH57xBLE.a(sm.o)
                0x000000000000e302                smLinkCheck
 .text.smTimedOut
                0x000000000000e336       0x20 C:\Users\19156\Desktop\DualModeKeyboard\LIB\libCH57xBLE.a(sm.o)
                0x000000000000e336                smTimedOut
 .text.smUint8ToAuthReq
                0x000000000000e356        0x6 C:\Users\19156\Desktop\DualModeKeyboard\LIB\libCH57xBLE.a(sm.o)
                0x000000000000e356                smUint8ToAuthReq
 .text.sm_ah    0x000000000000e35c       0x80 C:\Users\19156\Desktop\DualModeKeyboard\LIB\libCH57xBLE.a(sm.o)
                0x000000000000e35c                sm_ah
 .text.sm_xor   0x000000000000e3dc       0x24 C:\Users\19156\Desktop\DualModeKeyboard\LIB\libCH57xBLE.a(sm.o)
                0x000000000000e3dc                sm_xor
 .text.sm_c1new
                0x000000000000e400      0x11c C:\Users\19156\Desktop\DualModeKeyboard\LIB\libCH57xBLE.a(sm.o)
                0x000000000000e400                sm_c1new
 .text.sm_s1    0x000000000000e51c       0x86 C:\Users\19156\Desktop\DualModeKeyboard\LIB\libCH57xBLE.a(sm.o)
                0x000000000000e51c                sm_s1
 .text.smResponderProcessLTKReq
                0x000000000000e5a2      0x1e6 C:\Users\19156\Desktop\DualModeKeyboard\LIB\libCH57xBLE.a(sm.o)
                0x000000000000e5a2                smResponderProcessLTKReq
 .text.xor_128  0x000000000000e788       0x28 C:\Users\19156\Desktop\DualModeKeyboard\LIB\libCH57xBLE.a(sm.o)
                0x000000000000e788                xor_128
 .text.leftshift_onebit
                0x000000000000e7b0       0x2e C:\Users\19156\Desktop\DualModeKeyboard\LIB\libCH57xBLE.a(sm.o)
                0x000000000000e7b0                leftshift_onebit
 .text.padding  0x000000000000e7de       0x38 C:\Users\19156\Desktop\DualModeKeyboard\LIB\libCH57xBLE.a(sm.o)
                0x000000000000e7de                padding
 .text.generate_subkey
                0x000000000000e816       0xd0 C:\Users\19156\Desktop\DualModeKeyboard\LIB\libCH57xBLE.a(sm.o)
                0x000000000000e816                generate_subkey
 .text.sm_CMAC  0x000000000000e8e6      0x16e C:\Users\19156\Desktop\DualModeKeyboard\LIB\libCH57xBLE.a(sm.o)
                0x000000000000e8e6                sm_CMAC
 .text.smpBuildPairingReqRsp
                0x000000000000ea54       0xc6 C:\Users\19156\Desktop\DualModeKeyboard\LIB\libCH57xBLE.a(sm.o)
                0x000000000000ea54                smpBuildPairingReqRsp
 .text.smpBuildPairingReq
                0x000000000000eb1a        0xa C:\Users\19156\Desktop\DualModeKeyboard\LIB\libCH57xBLE.a(sm.o)
                0x000000000000eb1a                smpBuildPairingReq
 .text.smpBuildPairingRsp
                0x000000000000eb24        0xa C:\Users\19156\Desktop\DualModeKeyboard\LIB\libCH57xBLE.a(sm.o)
                0x000000000000eb24                smpBuildPairingRsp
 .text.sm_c1    0x000000000000eb2e       0xb4 C:\Users\19156\Desktop\DualModeKeyboard\LIB\libCH57xBLE.a(sm.o)
                0x000000000000eb2e                sm_c1
 .text.smpBuildSecurityReq
                0x000000000000ebe2       0x1a C:\Users\19156\Desktop\DualModeKeyboard\LIB\libCH57xBLE.a(sm.o)
                0x000000000000ebe2                smpBuildSecurityReq
 .text.smpInitiatorProcessPairingRsp
                0x000000000000ebfc      0x116 C:\Users\19156\Desktop\DualModeKeyboard\LIB\libCH57xBLE.a(sm.o)
                0x000000000000ebfc                smpInitiatorProcessPairingRsp
 .text.smpInitiatorProcessIncoming
                0x000000000000ed12      0x23e C:\Users\19156\Desktop\DualModeKeyboard\LIB\libCH57xBLE.a(sm.o)
                0x000000000000ed12                smpInitiatorProcessIncoming
 .text.smpParseEncInfo
                0x000000000000ef50       0x2a C:\Users\19156\Desktop\DualModeKeyboard\LIB\libCH57xBLE.a(sm.o)
                0x000000000000ef50                smpParseEncInfo
 .text.smpParseIdentityAddrInfo
                0x000000000000ef7a       0x34 C:\Users\19156\Desktop\DualModeKeyboard\LIB\libCH57xBLE.a(sm.o)
                0x000000000000ef7a                smpParseIdentityAddrInfo
 .text.smpParseIdentityInfo
                0x000000000000efae       0x2a C:\Users\19156\Desktop\DualModeKeyboard\LIB\libCH57xBLE.a(sm.o)
                0x000000000000efae                smpParseIdentityInfo
 .text.smpParseMasterID
                0x000000000000efd8       0x3c C:\Users\19156\Desktop\DualModeKeyboard\LIB\libCH57xBLE.a(sm.o)
                0x000000000000efd8                smpParseMasterID
 .text.smpParsePairingConfirm
                0x000000000000f014       0x2a C:\Users\19156\Desktop\DualModeKeyboard\LIB\libCH57xBLE.a(sm.o)
                0x000000000000f014                smpParsePairingConfirm
 .text.smpParsePairingFailed
                0x000000000000f03e       0x22 C:\Users\19156\Desktop\DualModeKeyboard\LIB\libCH57xBLE.a(sm.o)
                0x000000000000f03e                smpParsePairingFailed
 .text.smpParsePairingRandom
                0x000000000000f060       0x2a C:\Users\19156\Desktop\DualModeKeyboard\LIB\libCH57xBLE.a(sm.o)
                0x000000000000f060                smpParsePairingRandom
 .text.smpParsePairingReq
                0x000000000000f08a      0x118 C:\Users\19156\Desktop\DualModeKeyboard\LIB\libCH57xBLE.a(sm.o)
                0x000000000000f08a                smpParsePairingReq
 .text.smpParseSigningInfo
                0x000000000000f1a2       0x2a C:\Users\19156\Desktop\DualModeKeyboard\LIB\libCH57xBLE.a(sm.o)
                0x000000000000f1a2                smpParseSigningInfo
 .text.smProcessDataMsg
                0x000000000000f1cc       0xec C:\Users\19156\Desktop\DualModeKeyboard\LIB\libCH57xBLE.a(sm.o)
                0x000000000000f1cc                smProcessDataMsg
 .text.smProcessTMOSMsg
                0x000000000000f2b8       0xd4 C:\Users\19156\Desktop\DualModeKeyboard\LIB\libCH57xBLE.a(sm.o)
                0x000000000000f2b8                smProcessTMOSMsg
 .text.smpResponderProcessPairingReq
                0x000000000000f38c       0xd6 C:\Users\19156\Desktop\DualModeKeyboard\LIB\libCH57xBLE.a(sm.o)
                0x000000000000f38c                smpResponderProcessPairingReq
 .text.smpResponderProcessIncoming
                0x000000000000f462      0x24c C:\Users\19156\Desktop\DualModeKeyboard\LIB\libCH57xBLE.a(sm.o)
                0x000000000000f462                smpResponderProcessIncoming
 .text.SM_CalcRandomAddr
                0x000000000000f6ae       0x54 C:\Users\19156\Desktop\DualModeKeyboard\LIB\libCH57xBLE.a(sm.o)
                0x000000000000f6ae                SM_CalcRandomAddr
 .text.SM_GenerateAuthenSig
                0x000000000000f702       0xda C:\Users\19156\Desktop\DualModeKeyboard\LIB\libCH57xBLE.a(sm.o)
                0x000000000000f702                SM_GenerateAuthenSig
 .text.SM_Init  0x000000000000f7dc       0x26 C:\Users\19156\Desktop\DualModeKeyboard\LIB\libCH57xBLE.a(sm.o)
                0x000000000000f7dc                SM_Init
 .text.SM_InitiatorInit
                0x000000000000f802       0x1a C:\Users\19156\Desktop\DualModeKeyboard\LIB\libCH57xBLE.a(sm.o)
                0x000000000000f802                SM_InitiatorInit
 .text.SM_PasskeyUpdate
                0x000000000000f81c       0xc8 C:\Users\19156\Desktop\DualModeKeyboard\LIB\libCH57xBLE.a(sm.o)
                0x000000000000f81c                SM_PasskeyUpdate
 .text.SM_ProcessEvent
                0x000000000000f8e4       0x9e C:\Users\19156\Desktop\DualModeKeyboard\LIB\libCH57xBLE.a(sm.o)
                0x000000000000f8e4                SM_ProcessEvent
 .text.SM_ResolveRandomAddrs
                0x000000000000f982       0x5a C:\Users\19156\Desktop\DualModeKeyboard\LIB\libCH57xBLE.a(sm.o)
                0x000000000000f982                SM_ResolveRandomAddrs
 .text.SM_ResponderInit
                0x000000000000f9dc       0x1a C:\Users\19156\Desktop\DualModeKeyboard\LIB\libCH57xBLE.a(sm.o)
                0x000000000000f9dc                SM_ResponderInit
 .text.SM_StartPairing