Archive member included to satisfy reference by file (symbol)

C:\Users\19156\Desktop\DualModeKeyboard\SDK\StdPeriphDriver\libISP573.a(ISP573.o)
                              ./StdPeriphDriver/CH57x_pwr.o (FLASH_EEPROM_CMD)
C:\Users\19156\Desktop\DualModeKeyboard\SDK\LIB\libCH57xBLE.a(message.o)
                              ./Profile/hiddev.o (tmos_msg_deallocate)
C:\Users\19156\Desktop\DualModeKeyboard\SDK\LIB\libCH57xBLE.a(tmos.o)
                              ./Profile/battservice.o (tmos_memcpy)
C:\Users\19156\Desktop\DualModeKeyboard\SDK\LIB\libCH57xBLE.a(tmos_hw.o)
                              C:\Users\19156\Desktop\DualModeKeyboard\SDK\LIB\libCH57xBLE.a(tmos.o) (RTC_Get32KClock)
C:\Users\19156\Desktop\DualModeKeyboard\SDK\LIB\libCH57xBLE.a(tmos_snv.o)
                              C:\Users\19156\Desktop\DualModeKeyboard\SDK\LIB\libCH57xBLE.a(tmos.o) (tmos_snv_init)
C:\Users\19156\Desktop\DualModeKeyboard\SDK\LIB\libCH57xBLE.a(gap.o)
                              ./Profile/hiddev.o (GAP_SetParamValue)
C:\Users\19156\Desktop\DualModeKeyboard\SDK\LIB\libCH57xBLE.a(gap_central.o)
                              C:\Users\19156\Desktop\DualModeKeyboard\SDK\LIB\libCH57xBLE.a(gap.o) (GAP_CentralParamInit)
C:\Users\19156\Desktop\DualModeKeyboard\SDK\LIB\libCH57xBLE.a(gap_peripheral.o)
                              C:\Users\19156\Desktop\DualModeKeyboard\SDK\LIB\libCH57xBLE.a(gap.o) (GAP_PeripheralParamInit)
C:\Users\19156\Desktop\DualModeKeyboard\SDK\LIB\libCH57xBLE.a(gapgattserver.o)
                              ./APP/app_ble.o (GGS_SetParameter)
C:\Users\19156\Desktop\DualModeKeyboard\SDK\LIB\libCH57xBLE.a(gatt.o)
                              ./Profile/battservice.o (GATT_bm_alloc)
C:\Users\19156\Desktop\DualModeKeyboard\SDK\LIB\libCH57xBLE.a(gatt_uuid.o)
                              ./Profile/battservice.o (reportRefUUID)
C:\Users\19156\Desktop\DualModeKeyboard\SDK\LIB\libCH57xBLE.a(gattclientapp.o)
                              C:\Users\19156\Desktop\DualModeKeyboard\SDK\LIB\libCH57xBLE.a(gatt.o) (gattGetClientStatus)
C:\Users\19156\Desktop\DualModeKeyboard\SDK\LIB\libCH57xBLE.a(gattservapp.o)
                              ./Profile/battservice.o (GATTServApp_ReadCharCfg)
C:\Users\19156\Desktop\DualModeKeyboard\SDK\LIB\libCH57xBLE.a(l2cap.o)
                              C:\Users\19156\Desktop\DualModeKeyboard\SDK\LIB\libCH57xBLE.a(gatt.o) (L2CAP_GetMTU)
C:\Users\19156\Desktop\DualModeKeyboard\SDK\LIB\libCH57xBLE.a(l2cap_input.o)
                              C:\Users\19156\Desktop\DualModeKeyboard\SDK\LIB\libCH57xBLE.a(l2cap.o) (l2capProcessRxData)
C:\Users\19156\Desktop\DualModeKeyboard\SDK\LIB\libCH57xBLE.a(l2cap_output.o)
                              C:\Users\19156\Desktop\DualModeKeyboard\SDK\LIB\libCH57xBLE.a(l2cap_input.o) (l2capNotifyData)
C:\Users\19156\Desktop\DualModeKeyboard\SDK\LIB\libCH57xBLE.a(l2cap_sdu.o)
                              C:\Users\19156\Desktop\DualModeKeyboard\SDK\LIB\libCH57xBLE.a(l2cap_input.o) (l2capBuildDisconnectRsp)
C:\Users\19156\Desktop\DualModeKeyboard\SDK\LIB\libCH57xBLE.a(linkdb.o)
                              C:\Users\19156\Desktop\DualModeKeyboard\SDK\LIB\libCH57xBLE.a(l2cap.o) (linkDB_Init)
C:\Users\19156\Desktop\DualModeKeyboard\SDK\LIB\libCH57xBLE.a(sm.o)
                              C:\Users\19156\Desktop\DualModeKeyboard\SDK\LIB\libCH57xBLE.a(gap.o) (smStartEncryption)
C:\Users\19156\Desktop\DualModeKeyboard\SDK\LIB\libCH57xBLE.a(host_input.o)
                              C:\Users\19156\Desktop\DualModeKeyboard\SDK\LIB\libCH57xBLE.a(gap.o) (gBleHostPara)
C:\Users\19156\Desktop\DualModeKeyboard\SDK\LIB\libCH57xBLE.a(host_output.o)
                              C:\Users\19156\Desktop\DualModeKeyboard\SDK\LIB\libCH57xBLE.a(gap.o) (HCI_DisconnectCmd)
C:\Users\19156\Desktop\DualModeKeyboard\SDK\LIB\libCH57xBLE.a(ll_connect.o)
                              C:\Users\19156\Desktop\DualModeKeyboard\SDK\LIB\libCH57xBLE.a(tmos.o) (LL_GetNextConnectEventTime)
C:\Users\19156\Desktop\DualModeKeyboard\SDK\LIB\libCH57xBLE.a(ll_core.o)
                              C:\Users\19156\Desktop\DualModeKeyboard\SDK\LIB\libCH57xBLE.a(ll_connect.o) (LL_CoreGetCore)
C:\Users\19156\Desktop\DualModeKeyboard\SDK\LIB\libCH57xBLE.a(ll_hop.o)
                              C:\Users\19156\Desktop\DualModeKeyboard\SDK\LIB\libCH57xBLE.a(ll_connect.o) (LL_HopGetChannel)
C:\Users\19156\Desktop\DualModeKeyboard\SDK\LIB\libCH57xBLE.a(ll_master.o)
                              C:\Users\19156\Desktop\DualModeKeyboard\SDK\LIB\libCH57xBLE.a(ll_connect.o) (ll_master_process)
C:\Users\19156\Desktop\DualModeKeyboard\SDK\LIB\libCH57xBLE.a(ll_pdu.o)
                              C:\Users\19156\Desktop\DualModeKeyboard\SDK\LIB\libCH57xBLE.a(ll_master.o) (LL_ConnectionUpdateReq)
C:\Users\19156\Desktop\DualModeKeyboard\SDK\LIB\libCH57xBLE.a(ll_report.o)
                              C:\Users\19156\Desktop\DualModeKeyboard\SDK\LIB\libCH57xBLE.a(ll_connect.o) (LL_ReportGenerateEvent)
[...]
Memory Configuration

Name             Origin             Length             Attributes
FLASH            0x0000000000000000 0x0000000000070000 xr
RAM              0x0000000020003800 0x0000000000004800 xrw
*default*        0x0000000000000000 0xffffffffffffffff

Linker script and memory map

LOAD ./StdPeriphDriver/CH57x_adc.o
LOAD ./StdPeriphDriver/CH57x_clk.o
LOAD ./StdPeriphDriver/CH57x_flash.o
LOAD ./StdPeriphDriver/CH57x_gpio.o
LOAD ./StdPeriphDriver/CH57x_pwr.o
LOAD ./StdPeriphDriver/CH57x_sys.o
LOAD ./StdPeriphDriver/CH57x_timer2.o
LOAD ./StdPeriphDriver/CH57x_uart0.o
LOAD ./StdPeriphDriver/CH57x_uart1.o
LOAD ./StdPeriphDriver/CH57x_usbdev.o
LOAD ./Startup/startup_CH573.o
LOAD ./RVMSIS/core_riscv.o
LOAD ./Profile/battservice.o
LOAD ./Profile/devinfoservice.o
LOAD ./Profile/hiddev.o
LOAD ./Profile/hidkbdservice.o
LOAD ./Profile/scanparamservice.o
LOAD ./HAL/MCU.o
LOAD ./HAL/RTC.o
LOAD ./HAL/SLEEP.o
LOAD ./APP/MAIN.o
LOAD ./APP/app_ble.o
LOAD ./APP/app_usb.o
LOAD ./APP/keyin.o
LOAD ./APP/ledout.o
LOAD ./APP/motorout.o
LOAD ./APP/protocol.o
LOAD ./APP/settingctrl.o
LOAD ./APP/usercfg.o
LOAD C:\Users\19156\Desktop\DualModeKeyboard\SDK\StdPeriphDriver\libISP573.a
LOAD C:\Users\19156\Desktop\DualModeKeyboard\SDK\LIB\libCH57xBLE.a
LOAD c:/mounriver/mounriver_studio/toolchain/risc-v embedded gcc/bin/../lib/gcc/riscv-none-embed/8.2.0/rv32imac/ilp32\libgcc.a
LOAD c:/mounriver/mounriver_studio/toolchain/risc-v embedded gcc/bin/../lib/gcc/riscv-none-embed/8.2.0/../../../../riscv-none-embed/lib/rv32imac/ilp32\libg_nano.a
LOAD c:/mounriver/mounriver_studio/toolchain/risc-v embedded gcc/bin/../lib/gcc/riscv-none-embed/8.2.0/../../../../riscv-none-embed/lib/rv32imac/ilp32\libc_nano.a
LOAD c:/mounriver/mounriver_studio/toolchain/risc-v embedded gcc/bin/../lib/gcc/riscv-none-embed/8.2.0/rv32imac/ilp32\libgcc.a
START GROUP
LOAD c:/mounriver/mounriver_studio/toolchain/risc-v embedded gcc/bin/../lib/gcc/riscv-none-embed/8.2.0/rv32imac/ilp32\libgcc.a
LOAD c:/mounriver/mounriver_studio/toolchain/risc-v embedded gcc/bin/../lib/gcc/riscv-none-embed/8.2.0/../../../../riscv-none-embed/lib/rv32imac/ilp32\libc_nano.a
LOAD c:/mounriver/mounriver_studio/toolchain/risc-v embedded gcc/bin/../lib/gcc/riscv-none-embed/8.2.0/../../../../riscv-none-embed/lib/rv32imac/ilp32\libnosys.a
END GROUP
START GROUP
LOAD c:/mounriver/mounriver_studio/toolchain/risc-v embedded gcc/bin/../lib/gcc/riscv-none-embed/8.2.0/rv32imac/ilp32\libgcc.a
LOAD c:/mounriver/mounriver_studio/toolchain/risc-v embedded gcc/bin/../lib/gcc/riscv-none-embed/8.2.0/../../../../riscv-none-embed/lib/rv32imac/ilp32\libc_nano.a
LOAD c:/mounriver/mounriver_studio/toolchain/risc-v embedded gcc/bin/../lib/gcc/riscv-none-embed/8.2.0/../../../../riscv-none-embed/lib/rv32imac/ilp32\libnosys.a
END GROUP

.init           0x0000000000000000        0x4
                0x0000000000000000                _sinit = .
                0x0000000000000000                . = ALIGN (0x4)
 *(SORT_NONE(.init))
 .init          0x0000000000000000        0x4 ./Startup/startup_CH573.o
                0x0000000000000000                _start
                0x0000000000000004                . = ALIGN (0x4)
                0x0000000000000004                _einit = .

.highcodelalign
                0x0000000000000004        0x0
                0x0000000000000004                . = ALIGN (0x4)
                0x0000000000000004                PROVIDE (_highcode_lma = .)

.highcode       0x0000000020003800     0x1214 load address 0x0000000000000004
                0x0000000020003800                . = ALIGN (0x4)
                0x0000000020003800                PROVIDE (_highcode_vma_start = .)
 *(.vector)
 .vector        0x0000000020003800       0x90 ./Startup/startup_CH573.o
 *(SORT_NONE(.vector_handler))
 .vector_handler
                0x0000000020003890       0x2c ./Startup/startup_CH573.o
                0x0000000020003890                NMI_Handler
                0x0000000020003894                SysTick_Handler
                0x0000000020003896                SW_Handler
                0x0000000020003898                TMR0_IRQHandler
                0x000000002000389a                GPIOA_IRQHandler
                0x000000002000389c                GPIOB_IRQHandler
                0x000000002000389e                SPI0_IRQHandler
                0x00000000200038a0                BB_IRQHandler
                0x00000000200038a2                LLE_IRQHandler
                0x00000000200038a6                TMR1_IRQHandler
                0x00000000200038aa                UART0_IRQHandler
                0x00000000200038ac                UART1_IRQHandler
                0x00000000200038b0                ADC_IRQHandler
                0x00000000200038b2                PWMX_IRQHandler
                0x00000000200038b4                TMR3_IRQHandler
                0x00000000200038b6                UART2_IRQHandler
                0x00000000200038b8                UART3_IRQHandler
                0x00000000200038ba                WDOG_BAT_IRQHandler
 *(.highcode)
 .highcode      0x00000000200038bc       0x4a ./StdPeriphDriver/CH57x_clk.o
                0x00000000200038bc                Get_Calibration_Cnt_RAM
 .highcode      0x0000000020003906      0x1a8 ./StdPeriphDriver/CH57x_sys.o
                0x0000000020003906                SetSysClock
                0x0000000020003a02                SYS_ResetExecute
                0x0000000020003a3a                HardFault_Handler
                0x0000000020003a78                mDelayuS
                0x0000000020003a86                mDelaymS
 .highcode      0x0000000020003aae       0x16 ./HAL/RTC.o
                0x0000000020003aae                RTC_IRQHandler
 .highcode      0x0000000020003ac4        0x8 ./APP/MAIN.o
                0x0000000020003ac4                Main_Circulation
 .highcode      0x0000000020003acc        0xc ./APP/app_usb.o
                0x0000000020003acc                USB_IRQHandler
 .highcode      0x0000000020003ad8       0x4a ./APP/ledout.o
                0x0000000020003ad8                TMR2_IRQHandler
 .highcode      0x0000000020003b22      0x3ee C:\Users\19156\Desktop\DualModeKeyboard\SDK\StdPeriphDriver\libISP573.a(ISP573.o)
                0x0000000020003b22                FLASH_ROM_BEG
                0x0000000020003b34                FLASH_ROM_END
                0x0000000020003b42                FLASH_ROM_IN
                0x0000000020003b50                FLASH_ROM_OUT
                0x0000000020003b5e                FLASH_ROM_ADDR
                0x0000000020003ba6                FLASH_ROM_WAIT
                0x0000000020003bde                FLASH_EEPROM_CMD
 .highcode      0x0000000020003f10      0x230 C:\Users\19156\Desktop\DualModeKeyboard\SDK\LIB\libCH57xBLE.a(tmos.o)
                0x0000000020003f2c                tmos_memcpy
                0x0000000020003f4c                tmos_memcpy_word
                0x0000000020003f68                TMOS_SystemProcess
 .highcode      0x0000000020004140       0xc2 C:\Users\19156\Desktop\DualModeKeyboard\SDK\LIB\libCH57xBLE.a(tmos_hw.o)
                0x0000000020004140                BLE_GetHSEClock
                0x000000002000417e                RTC_Get32KClock
                0x0000000020004196                SYS_GetTickCount
 .highcode      0x0000000020004202      0x128 C:\Users\19156\Desktop\DualModeKeyboard\SDK\LIB\libCH57xBLE.a(ll_connect.o)
                0x0000000020004202                ll_connect_process_data
                0x0000000020004250                ll_connect_event_continue
 .highcode      0x000000002000432a      0x1c4 C:\Users\19156\Desktop\DualModeKeyboard\SDK\LIB\libCH57xBLE.a(bb.o)
                0x000000002000432a                BB_IRQLibHandler
                0x00000000200044a4                BB_IRQLibFunction
 .highcode      0x00000000200044ee      0x198 C:\Users\19156\Desktop\DualModeKeyboard\SDK\LIB\libCH57xBLE.a(ip.o)
                0x00000000200044ee                ll_tx_wait_finish
                0x000000002000451a                ll_tx_wait_tx_dma
                0x0000000020004578                ll_rx_wait_finish
                0x00000000200045ae                ll_rx_wait_tx_dma
                0x00000000200045fc                ble_ll_chkcrc
 .highcode      0x0000000020004686      0x1a4 C:\Users\19156\Desktop\DualModeKeyboard\SDK\LIB\libCH57xBLE.a(lle.o)
                0x0000000020004686                LLE_IRQLibHandler
                0x00000000200047e0                LLE_IRQLibFunction
 .highcode      0x000000002000482a       0x82 C:\Users\19156\Desktop\DualModeKeyboard\SDK\LIB\libCH57xBLE.a(rf_fh.o)
                0x000000002000482a                RF_HopGetChannel
 .highcode      0x00000000200048ac       0x2c C:\Users\19156\Desktop\DualModeKeyboard\SDK\LIB\libCH57xBLE.a(rfend.o)
                0x00000000200048ac                RFEND_WaitTune
 .highcode      0x00000000200048d8      0x13a C:\Users\19156\Desktop\DualModeKeyboard\SDK\LIB\libCH57xBLE.a(memory.o)
                0x00000000200048d8                tmos_memory_allocate
                0x0000000020004972                tmos_memory_free
 *(.highcode.*)
                0x0000000020004a14                . = ALIGN (0x4)
 *fill*         0x0000000020004a12        0x2 
                0x0000000020004a14                PROVIDE (_highcode_vma_end = .)

.text           0x0000000000001218    0x1e1e8
                0x0000000000001218                . = ALIGN (0x4)
 *(SORT_NONE(.handle_reset))
 .handle_reset  0x0000000000001218       0xa2 ./Startup/startup_CH573.o
                0x0000000000001218                handle_reset
 *(.text)
 .text          0x00000000000012ba       0xa8 c:/mounriver/mounriver_studio/toolchain/risc-v embedded gcc/bin/../lib/gcc/riscv-none-embed/8.2.0/../../../../riscv-none-embed/lib/rv32imac/ilp32\libg_nano.a(lib_a-memset.o)
                0x00000000000012ba                memset
 *(.text.*)
 .text.ADC_InterTSSampInit
                0x0000000000001362       0x28 ./StdPeriphDriver/CH57x_adc.o
                0x0000000000001362                ADC_InterTSSampInit
 .text.Calibration_LSI_FLASH
                0x000000000000138a      0x284 ./StdPeriphDriver/CH57x_clk.o
                0x000000000000138a                Calibration_LSI_FLASH
 .text.Calibration_LSI_RAM
                0x000000000000160e      0x23e ./StdPeriphDriver/CH57x_clk.o
                0x000000000000160e                Calibration_LSI_RAM
 .text.RTC_InitTime
                0x000000000000184c      0x134 ./StdPeriphDriver/CH57x_clk.o
                0x000000000000184c                RTC_InitTime
 .text.GPIOA_ModeCfg
                0x0000000000001980       0xa6 ./StdPeriphDriver/CH57x_gpio.o
                0x0000000000001980                GPIOA_ModeCfg
 .text.GPIOB_ModeCfg
                0x0000000000001a26       0xa6 ./StdPeriphDriver/CH57x_gpio.o
                0x0000000000001a26                GPIOB_ModeCfg
 .text.SYS_GetSysTickCnt
                0x0000000000001acc        0xa ./StdPeriphDriver/CH57x_sys.o
                0x0000000000001acc                SYS_GetSysTickCnt
 .text.TMR2_PWMInit
                0x0000000000001ad6       0x18 ./StdPeriphDriver/CH57x_timer2.o
                0x0000000000001ad6                TMR2_PWMInit
 .text.TMR2_DMACfg
                0x0000000000001aee       0x20 ./StdPeriphDriver/CH57x_timer2.o
                0x0000000000001aee                TMR2_DMACfg
 .text.USB_DeviceInit
                0x0000000000001b0e       0x7e ./StdPeriphDriver/CH57x_usbdev.o
                0x0000000000001b0e                USB_DeviceInit
 .text.DevEP1_IN_Deal
                0x0000000000001b8c       0x16 ./StdPeriphDriver/CH57x_usbdev.o
                0x0000000000001b8c                DevEP1_IN_Deal
 .text.DevEP2_IN_Deal
                0x0000000000001ba2       0x16 ./StdPeriphDriver/CH57x_usbdev.o
                0x0000000000001ba2                DevEP2_IN_Deal
 .text.DevEP3_IN_Deal
                0x0000000000001bb8       0x16 ./StdPeriphDriver/CH57x_usbdev.o
                0x0000000000001bb8                DevEP3_IN_Deal
 .text.battMeasure
                0x0000000000001bce       0x7c ./Profile/battservice.o
 .text.battWriteAttrCB
                0x0000000000001c4a       0x5e ./Profile/battservice.o
 .text.battReadAttrCB
                0x0000000000001ca8       0x7e ./Profile/battservice.o
 .text.battNotifyCB
                0x0000000000001d26       0x76 ./Profile/battservice.o
 .text.Batt_AddService
                0x0000000000001d9c       0x2c ./Profile/battservice.o
                0x0000000000001d9c                Batt_AddService
 .text.Batt_Register
                0x0000000000001dc8        0x6 ./Profile/battservice.o
                0x0000000000001dc8                Batt_Register
 .text.Batt_SetParameter
                0x0000000000001dce       0x3a ./Profile/battservice.o
                0x0000000000001dce                Batt_SetParameter
 .text.Batt_GetParameter
                0x0000000000001e08       0x6a ./Profile/battservice.o
                0x0000000000001e08                Batt_GetParameter
 .text.Batt_MeasLevel
                0x0000000000001e72       0x2e ./Profile/battservice.o
                0x0000000000001e72                Batt_MeasLevel
 .text.Batt_HandleConnStatusCB
                0x0000000000001ea0       0x3e ./Profile/battservice.o
                0x0000000000001ea0                Batt_HandleConnStatusCB
 .text.devInfo_ReadAttrCB
                0x0000000000001ede      0x196 ./Profile/devinfoservice.o
 .text.DevInfo_AddService
                0x0000000000002074       0x18 ./Profile/devinfoservice.o
                0x0000000000002074                DevInfo_AddService
 .text.hidDevParamUpdateCB
                0x000000000000208c        0x2 ./Profile/hiddev.o
 .text.hidDevScanParamCB
                0x000000000000208e        0x2 ./Profile/hiddev.o
 .text.hidDevRptByHandle
                0x0000000000002090       0x30 ./Profile/hiddev.o
 .text.hidDevBattCB
                0x00000000000020c0       0x28 ./Profile/hiddev.o
 .text.hidDevPairStateCB
                0x00000000000020e8       0x28 ./Profile/hiddev.o
 .text.hidDevPasscodeCB
                0x0000000000002110       0x34 ./Profile/hiddev.o
 .text.HidDev_ProcessEvent
                0x0000000000002144       0x6c ./Profile/hiddev.o
                0x0000000000002144                HidDev_ProcessEvent
 .text.hidDevGapStateCB
                0x00000000000021b0      0x17c ./Profile/hiddev.o
 .text.HidDev_Init
                0x000000000000232c       0x66 ./Profile/hiddev.o
                0x000000000000232c                HidDev_Init
 .text.HidDev_Register
                0x0000000000002392        0xa ./Profile/hiddev.o
                0x0000000000002392                HidDev_Register
 .text.HidDev_RegisterReports
                0x000000000000239c        0xa ./Profile/hiddev.o
                0x000000000000239c                HidDev_RegisterReports
 .text.HidDev_Report
                0x00000000000023a6       0xda ./Profile/hiddev.o
                0x00000000000023a6                HidDev_Report
 .text.HidDev_Start
                0x0000000000002480       0x1e ./Profile/hiddev.o
                0x0000000000002480                HidDev_Start
 .text.HidDev_Close
                0x000000000000249e       0x30 ./Profile/hiddev.o
                0x000000000000249e                HidDev_Close
 .text.HidDev_ReadAttrCB
                0x00000000000024ce      0x104 ./Profile/hiddev.o
                0x00000000000024ce                HidDev_ReadAttrCB
 .text.HidDev_WriteAttrCB
                0x00000000000025d2      0x146 ./Profile/hiddev.o
                0x00000000000025d2                HidDev_WriteAttrCB
 .text.Hid_AddService
                0x0000000000002718      0x134 ./Profile/hidkbdservice.o
                0x0000000000002718                Hid_AddService
 .text.Hid_SetParameter
                0x000000000000284c       0x5a ./Profile/hidkbdservice.o
                0x000000000000284c                Hid_SetParameter
 .text.Hid_GetParameter
                0x00000000000028a6       0x42 ./Profile/hidkbdservice.o
                0x00000000000028a6                Hid_GetParameter
 .text.scanParamReadAttrCB
                0x00000000000028e8        0x4 ./Profile/scanparamservice.o
 .text.scanParamWriteAttrCB
                0x00000000000028ec       0x66 ./Profile/scanparamservice.o
 .text.ScanParam_AddService
                0x0000000000002952       0x2c ./Profile/scanparamservice.o
                0x0000000000002952                ScanParam_AddService
 .text.ScanParam_Register
                0x000000000000297e        0x6 ./Profile/scanparamservice.o
                0x000000000000297e                ScanParam_Register
 .text.ScanParam_RefreshNotify
                0x0000000000002984       0x5c ./Profile/scanparamservice.o
                0x0000000000002984                ScanParam_RefreshNotify
 .text.ScanParam_HandleConnStatusCB
                0x00000000000029e0       0x3e ./Profile/scanparamservice.o
                0x00000000000029e0                ScanParam_HandleConnStatusCB
 .text.Lib_Calibration_LSI
                0x0000000000002a1e       0x30 ./HAL/MCU.o
                0x0000000000002a1e                Lib_Calibration_LSI
 .text.Lib_Read_Flash
                0x0000000000002a4e       0x1c ./HAL/MCU.o
                0x0000000000002a4e                Lib_Read_Flash
 .text.Lib_Write_Flash
                0x0000000000002a6a       0x40 ./HAL/MCU.o
                0x0000000000002a6a                Lib_Write_Flash
 .text.HAL_GetInterTempValue
                0x0000000000002aaa       0x72 ./HAL/MCU.o
                0x0000000000002aaa                HAL_GetInterTempValue
 .text.HAL_ProcessEvent
                0x0000000000002b1c       0x72 ./HAL/MCU.o
                0x0000000000002b1c                HAL_ProcessEvent
 .text.CH57X_BLEInit
                0x0000000000002b8e      0x114 ./HAL/MCU.o
                0x0000000000002b8e                CH57X_BLEInit
 .text.HAL_Init
                0x0000000000002ca2       0x34 ./HAL/MCU.o
                0x0000000000002ca2                HAL_Init
 .text.HAL_TimeInit
                0x0000000000002cd6       0x5e ./HAL/RTC.o
                0x0000000000002cd6                HAL_TimeInit
 .text.startup.main
                0x0000000000002d34       0x4c ./APP/MAIN.o
                0x0000000000002d34                main
 .text.hidEmuEvtCB
                0x0000000000002d80        0x2 ./APP/app_ble.o
 .text.hidEmuStateCB
                0x0000000000002d82       0x5a ./APP/app_ble.o
 .text.hidEmuRptCB
                0x0000000000002ddc       0x44 ./APP/app_ble.o
 .text.HidEmu_ProcessEvent
                0x0000000000002e20       0x66 ./APP/app_ble.o
                0x0000000000002e20                HidEmu_ProcessEvent
 .text.HidEmu_Init
                0x0000000000002e86       0xec ./APP/app_ble.o
                0x0000000000002e86                HidEmu_Init
 .text.hidEmuSendReport
                0x0000000000002f72       0x50 ./APP/app_ble.o
                0x0000000000002f72                hidEmuSendReport
 .text.USB_Init
                0x0000000000002fc2       0x4a ./APP/app_usb.o
                0x0000000000002fc2                USB_Init
 .text.USB_BulkTrans
                0x000000000000300c      0x150 ./APP/app_usb.o
                0x000000000000300c                USB_BulkTrans
 .text.DevEP4_OUT_Deal
                0x000000000000315c        0xc ./APP/app_usb.o
                0x000000000000315c                DevEP4_OUT_Deal
 .text.USB_DevTransProcess
                0x0000000000003168      0x76e ./APP/app_usb.o
                0x0000000000003168                USB_DevTransProcess
 .text.TMOS_Enco_Debounce
                0x00000000000038d6       0xda ./APP/keyin.o
 .text.TMOS_Keys_Debounce
                0x00000000000039b0      0x242 ./APP/keyin.o
 .text.TMOS_Keys_TransMacro
                0x0000000000003bf2      0xa22 ./APP/keyin.o
 .text.TMOS_Keys_TaskManager
                0x0000000000004614      0x20c ./APP/keyin.o
 .text.Keyin_Init
                0x0000000000004820       0xc2 ./APP/keyin.o
                0x0000000000004820                Keyin_Init
 .text.Keyin_Reset_All
                0x00000000000048e2       0x74 ./APP/keyin.o
                0x00000000000048e2                Keyin_Reset_All
 .text.LedOut_FreshTask
                0x0000000000004956      0x1ea ./APP/ledout.o
 .text.LedOut_Init
                0x0000000000004b40       0xae ./APP/ledout.o
                0x0000000000004b40                LedOut_Init
 .text.setLEDColor
                0x0000000000004bee       0x68 ./APP/ledout.o
                0x0000000000004bee                setLEDColor
 .text.LedOut_FreshLight
                0x0000000000004c56      0x1ae ./APP/ledout.o
 .text.MotorOut_Holder
                0x0000000000004e04       0x44 ./APP/motorout.o
                0x0000000000004e04                MotorOut_Holder
 .text.MotorOut_Init
                0x0000000000004e48       0x3a ./APP/motorout.o
                0x0000000000004e48                MotorOut_Init
 .text.Motor_Block_LightShock
                0x0000000000004e82       0x34 ./APP/motorout.o
                0x0000000000004e82                Motor_Block_LightShock
 .text.TMOSTASK_ProtoCtrl_Fresh
                0x0000000000004eb6       0x5e ./APP/protocol.o
 .text.TMOSTASK_ProtoCtrl_UploadData
                0x0000000000004f14       0x8e ./APP/protocol.o
 .text.ProtoCtrl_Act_USB
                0x0000000000004fa2        0x8 ./APP/protocol.o
                0x0000000000004fa2                ProtoCtrl_Act_USB
 .text.ProtoCtrl_Init
                0x0000000000004faa       0x7a ./APP/protocol.o
                0x0000000000004faa                ProtoCtrl_Init
 .text.ProtoCtrl_Act_BLE
                0x0000000000005024        0xa ./APP/protocol.o
                0x0000000000005024                ProtoCtrl_Act_BLE
 .text.SettingCtrl_Scan
                0x000000000000502e       0x82 ./APP/settingctrl.o
                0x000000000000502e                SettingCtrl_Scan
 .text.UserCfg_Read_Setting
                0x00000000000050b0       0x16 ./APP/usercfg.o
                0x00000000000050b0                UserCfg_Read_Setting
 .text.UserCfg_Write_Setting
                0x00000000000050c6       0x30 ./APP/usercfg.o
                0x00000000000050c6                UserCfg_Write_Setting
 .text.KeyCfg_Read_Setting
                0x00000000000050f6       0x1a ./APP/usercfg.o
                0x00000000000050f6                KeyCfg_Read_Setting
 .text.KeyCfg_Write_Setting
                0x0000000000005110       0x66 ./APP/usercfg.o
                0x0000000000005110                KeyCfg_Write_Setting
 .text.UserCfg_Init
                0x0000000000005176      0x1aa ./APP/usercfg.o
                0x0000000000005176                UserCfg_Init
 .text.KeyCfg_JumpNext
                0x0000000000005320       0x5c ./APP/usercfg.o
                0x0000000000005320                KeyCfg_JumpNext
 .text.tmos_msg_enqueue
                0x000000000000537c       0x1e C:\Users\19156\Desktop\DualModeKeyboard\SDK\LIB\libCH57xBLE.a(message.o)
                0x000000000000537c                tmos_msg_enqueue
 .text.tmos_msg_deallocate
                0x000000000000539a       0x2c C:\Users\19156\Desktop\DualModeKeyboard\SDK\LIB\libCH57xBLE.a(message.o)
                0x000000000000539a                tmos_msg_deallocate
 .text.tmos_msg_allocate
                0x00000000000053c6       0x3e C:\Users\19156\Desktop\DualModeKeyboard\SDK\LIB\libCH57xBLE.a(message.o)
                0x00000000000053c6                tmos_msg_allocate
 .text.tmos_msg_receive
                0x0000000000005404       0x68 C:\Users\19156\Desktop\DualModeKeyboard\SDK\LIB\libCH57xBLE.a(message.o)
                0x0000000000005404                tmos_msg_receive
 .text.tmos_msg_send
                0x000000000000546c       0x56 C:\Users\19156\Desktop\DualModeKeyboard\SDK\LIB\libCH57xBLE.a(message.o)
                0x000000000000546c                tmos_msg_send
 .text.tmos_msg_init
                0x00000000000054c2        0x6 C:\Users\19156\Desktop\DualModeKeyboard\SDK\LIB\libCH57xBLE.a(message.o)
                0x00000000000054c2                tmos_msg_init
 .text.tmosFindTask
                0x00000000000054c8       0x20 C:\Users\19156\Desktop\DualModeKeyboard\SDK\LIB\libCH57xBLE.a(tmos.o)
 .text.TMOS_CbTimerProcessEvent
                0x00000000000054e8       0x7c C:\Users\19156\Desktop\DualModeKeyboard\SDK\LIB\libCH57xBLE.a(tmos.o)
                0x00000000000054e8                TMOS_CbTimerProcessEvent
 .text.tmos_rand
                0x0000000000005564       0x54 C:\Users\19156\Desktop\DualModeKeyboard\SDK\LIB\libCH57xBLE.a(tmos.o)
                0x0000000000005564                tmos_rand
 .text.tmos_query_sleep_time
                0x00000000000055b8      0x178 C:\Users\19156\Desktop\DualModeKeyboard\SDK\LIB\libCH57xBLE.a(tmos.o)
                0x00000000000055b8                tmos_query_sleep_time
 .text.tmos_memset
                0x0000000000005730       0x12 C:\Users\19156\Desktop\DualModeKeyboard\SDK\LIB\libCH57xBLE.a(tmos.o)
                0x0000000000005730                tmos_memset
 .text.tmos_strlen
                0x0000000000005742       0x14 C:\Users\19156\Desktop\DualModeKeyboard\SDK\LIB\libCH57xBLE.a(tmos.o)
                0x0000000000005742                tmos_strlen
 .text.tmos_memdup
                0x0000000000005756       0x3c C:\Users\19156\Desktop\DualModeKeyboard\SDK\LIB\libCH57xBLE.a(tmos.o)
                0x0000000000005756                tmos_memdup
 .text.tmos_memcmp
                0x0000000000005792       0x24 C:\Users\19156\Desktop\DualModeKeyboard\SDK\LIB\libCH57xBLE.a(tmos.o)
                0x0000000000005792                tmos_memcmp
 .text.tmos_revmemcpy
                0x00000000000057b6       0x1c C:\Users\19156\Desktop\DualModeKeyboard\SDK\LIB\libCH57xBLE.a(tmos.o)
                0x00000000000057b6                tmos_revmemcpy
 .text.tmos_isbufset
                0x00000000000057d2       0x1e C:\Users\19156\Desktop\DualModeKeyboard\SDK\LIB\libCH57xBLE.a(tmos.o)
                0x00000000000057d2                tmos_isbufset
 .text.tmos_set_event
                0x00000000000057f0       0x2a C:\Users\19156\Desktop\DualModeKeyboard\SDK\LIB\libCH57xBLE.a(tmos.o)
                0x00000000000057f0                tmos_set_event
 .text.tmos_query_system_time
                0x000000000000581a       0xce C:\Users\19156\Desktop\DualModeKeyboard\SDK\LIB\libCH57xBLE.a(tmos.o)
                0x000000000000581a                tmos_query_system_time
 .text.tmos_clear_event
                0x00000000000058e8       0x2e C:\Users\19156\Desktop\DualModeKeyboard\SDK\LIB\libCH57xBLE.a(tmos.o)
                0x00000000000058e8                tmos_clear_event
 .text.tmos_start_task
                0x0000000000005916       0x90 C:\Users\19156\Desktop\DualModeKeyboard\SDK\LIB\libCH57xBLE.a(tmos.o)
                0x0000000000005916                tmos_start_task
 .text.tmos_start_callback_task
                0x00000000000059a6       0xac C:\Users\19156\Desktop\DualModeKeyboard\SDK\LIB\libCH57xBLE.a(tmos.o)
                0x00000000000059a6                tmos_start_callback_task
 .text.tmos_start_reload_task
                0x0000000000005a52       0x30 C:\Users\19156\Desktop\DualModeKeyboard\SDK\LIB\libCH57xBLE.a(tmos.o)
                0x0000000000005a52                tmos_start_reload_task
 .text.tmos_stop_task
                0x0000000000005a82       0x42 C:\Users\19156\Desktop\DualModeKeyboard\SDK\LIB\libCH57xBLE.a(tmos.o)
                0x0000000000005a82                tmos_stop_task
 .text.tmos_stop_callback_task
                0x0000000000005ac4       0x5c C:\Users\19156\Desktop\DualModeKeyboard\SDK\LIB\libCH57xBLE.a(tmos.o)
                0x0000000000005ac4                tmos_stop_callback_task
 .text.tmos_get_task_timer
                0x0000000000005b20       0x16 C:\Users\19156\Desktop\DualModeKeyboard\SDK\LIB\libCH57xBLE.a(tmos.o)
                0x0000000000005b20                tmos_get_task_timer
 .text.tmos_update_callback_timer
                0x0000000000005b36       0x62 C:\Users\19156\Desktop\DualModeKeyboard\SDK\LIB\libCH57xBLE.a(tmos.o)
                0x0000000000005b36                tmos_update_callback_timer
 .text.TMOS_Set32KTuneValue
                0x0000000000005b98        0xa C:\Users\19156\Desktop\DualModeKeyboard\SDK\LIB\libCH57xBLE.a(tmos.o)
                0x0000000000005b98                TMOS_Set32KTuneValue
 .text.TMOS_TimerRegister
                0x0000000000005ba2       0x1a C:\Users\19156\Desktop\DualModeKeyboard\SDK\LIB\libCH57xBLE.a(tmos.o)
                0x0000000000005ba2                TMOS_TimerRegister
 .text.TMOS_ProcessRegister
                0x0000000000005bbc       0x16 C:\Users\19156\Desktop\DualModeKeyboard\SDK\LIB\libCH57xBLE.a(tmos.o)
                0x0000000000005bbc                TMOS_ProcessRegister
 .text.TMOS_Init
                0x0000000000005bd2       0xea C:\Users\19156\Desktop\DualModeKeyboard\SDK\LIB\libCH57xBLE.a(tmos.o)
                0x0000000000005bd2                TMOS_Init
 .text.TMOS_ProcessEventRegister
                0x0000000000005cbc       0x38 C:\Users\19156\Desktop\DualModeKeyboard\SDK\LIB\libCH57xBLE.a(tmos.o)
                0x0000000000005cbc                TMOS_ProcessEventRegister
 .text.BLE_LibInit
                0x0000000000005cf4      0x1a4 C:\Users\19156\Desktop\DualModeKeyboard\SDK\LIB\libCH57xBLE.a(tmos.o)
                0x0000000000005cf4                BLE_LibInit
 .text.ble_ll_common_rand8
                0x0000000000005e98       0x24 C:\Users\19156\Desktop\DualModeKeyboard\SDK\LIB\libCH57xBLE.a(tmos_hw.o)
                0x0000000000005e98                ble_ll_common_rand8
 .text.ble_ll_common_rand16
                0x0000000000005ebc       0x24 C:\Users\19156\Desktop\DualModeKeyboard\SDK\LIB\libCH57xBLE.a(tmos_hw.o)
                0x0000000000005ebc                ble_ll_common_rand16
 .text.ble_ll_common_rand32
                0x0000000000005ee0       0x20 C:\Users\19156\Desktop\DualModeKeyboard\SDK\LIB\libCH57xBLE.a(tmos_hw.o)
                0x0000000000005ee0                ble_ll_common_rand32
 .text.ll_hw_temp_sample
                0x0000000000005f00       0xc0 C:\Users\19156\Desktop\DualModeKeyboard\SDK\LIB\libCH57xBLE.a(tmos_hw.o)
                0x0000000000005f00                ll_hw_temp_sample
 .text.TMOS_TimerInit
                0x0000000000005fc0       0x5e C:\Users\19156\Desktop\DualModeKeyboard\SDK\LIB\libCH57xBLE.a(tmos_hw.o)
                0x0000000000005fc0                TMOS_TimerInit
 .text.tmos_snv_init
                0x000000000000601e       0xbc C:\Users\19156\Desktop\DualModeKeyboard\SDK\LIB\libCH57xBLE.a(tmos_snv.o)
                0x000000000000601e                tmos_snv_init
 .text.tmos_snv_clear
                0x00000000000060da       0xae C:\Users\19156\Desktop\DualModeKeyboard\SDK\LIB\libCH57xBLE.a(tmos_snv.o)
                0x00000000000060da                tmos_snv_clear
 .text.tmos_snv_read
                0x0000000000006188      0x292 C:\Users\19156\Desktop\DualModeKeyboard\SDK\LIB\libCH57xBLE.a(tmos_snv.o)
                0x0000000000006188                tmos_snv_read
 .text.tmos_snv_notify
                0x000000000000641a       0x5a C:\Users\19156\Desktop\DualModeKeyboard\SDK\LIB\libCH57xBLE.a(tmos_snv.o)
                0x000000000000641a                tmos_snv_notify
 .text.tmos_snv_write
                0x0000000000006474      0x2ce C:\Users\19156\Desktop\DualModeKeyboard\SDK\LIB\libCH57xBLE.a(tmos_snv.o)
                0x0000000000006474                tmos_snv_write
 .text.tmos_snv_compact
                0x0000000000006742        0x4 C:\Users\19156\Desktop\DualModeKeyboard\SDK\LIB\libCH57xBLE.a(tmos_snv.o)
                0x0000000000006742                tmos_snv_compact
 .text.disconnectNext
                0x0000000000006746       0x22 C:\Users\19156\Desktop\DualModeKeyboard\SDK\LIB\libCH57xBLE.a(gap.o)
 .text.GAP_ParamInit
                0x0000000000006768       0x80 C:\Users\19156\Desktop\DualModeKeyboard\SDK\LIB\libCH57xBLE.a(gap.o)
                0x0000000000006768                GAP_ParamInit
 .text.sendTerminateEvent
                0x00000000000067e8       0x58 C:\Users\19156\Desktop\DualModeKeyboard\SDK\LIB\libCH57xBLE.a(gap.o)
                0x00000000000067e8                sendTerminateEvent
 .text.gapRegisterCentral
                0x0000000000006840        0x6 C:\Users\19156\Desktop\DualModeKeyboard\SDK\LIB\libCH57xBLE.a(gap.o)
                0x0000000000006840                gapRegisterCentral
 .text.gapRegisterCentralConn
                0x0000000000006846        0x6 C:\Users\19156\Desktop\DualModeKeyboard\SDK\LIB\libCH57xBLE.a(gap.o)
                0x0000000000006846                gapRegisterCentralConn
 .text.gapRegisterPeripheral
                0x000000000000684c        0x6 C:\Users\19156\Desktop\DualModeKeyboard\SDK\LIB\libCH57xBLE.a(gap.o)
                0x000000000000684c                gapRegisterPeripheral
 .text.gapRegisterPeripheralConn
                0x0000000000006852        0x6 C:\Users\19156\Desktop\DualModeKeyboard\SDK\LIB\libCH57xBLE.a(gap.o)
                0x0000000000006852                gapRegisterPeripheralConn
 .text.smGenerateRandBuf
                0x0000000000006858       0x56 C:\Users\19156\Desktop\DualModeKeyboard\SDK\LIB\libCH57xBLE.a(gap.o)
                0x0000000000006858                smGenerateRandBuf
 .text.gapL2capConnParamUpdateReq
                0x00000000000068ae       0x32 C:\Users\19156\Desktop\DualModeKeyboard\SDK\LIB\libCH57xBLE.a(gap.o)
                0x00000000000068ae                gapL2capConnParamUpdateReq
 .text.gapValidADType
                0x00000000000068e0       0x16 C:\Users\19156\Desktop\DualModeKeyboard\SDK\LIB\libCH57xBLE.a(gap.o)
                0x00000000000068e0                gapValidADType
 .text.gapFindADType
                0x00000000000068f6       0x8e C:\Users\19156\Desktop\DualModeKeyboard\SDK\LIB\libCH57xBLE.a(gap.o)
                0x00000000000068f6                gapFindADType
 .text.GAP_SecParamsInit
                0x0000000000006984       0x9a C:\Users\19156\Desktop\DualModeKeyboard\SDK\LIB\libCH57xBLE.a(gap.o)
                0x0000000000006984                GAP_SecParamsInit
 .text.GAP_ParamsInit
                0x0000000000006a1e       0x48 C:\Users\19156\Desktop\DualModeKeyboard\SDK\LIB\libCH57xBLE.a(gap.o)
                0x0000000000006a1e                GAP_ParamsInit
 .text.gapAddAddrAdj
                0x0000000000006a66       0x48 C:\Users\19156\Desktop\DualModeKeyboard\SDK\LIB\libCH57xBLE.a(gap.o)
                0x0000000000006a66                gapAddAddrAdj
 .text.gapDetermineAddrType
                0x0000000000006aae       0x28 C:\Users\19156\Desktop\DualModeKeyboard\SDK\LIB\libCH57xBLE.a(gap.o)
                0x0000000000006aae                gapDetermineAddrType
 .text.gapFreeAuthLink
                0x0000000000006ad6       0x4a C:\Users\19156\Desktop\DualModeKeyboard\SDK\LIB\libCH57xBLE.a(gap.o)
                0x0000000000006ad6                gapFreeAuthLink
 .text.gapGetDevAddress
                0x0000000000006b20       0x24 C:\Users\19156\Desktop\DualModeKeyboard\SDK\LIB\libCH57xBLE.a(gap.o)
                0x0000000000006b20                gapGetDevAddress
 .text.gapGetDevAddressMode
                0x0000000000006b44        0xa C:\Users\19156\Desktop\DualModeKeyboard\SDK\LIB\libCH57xBLE.a(gap.o)
                0x0000000000006b44                gapGetDevAddressMode
 .text.gapGetIRK
                0x0000000000006b4e        0xc C:\Users\19156\Desktop\DualModeKeyboard\SDK\LIB\libCH57xBLE.a(gap.o)
                0x0000000000006b4e                gapGetIRK
 .text.gapGetSRK
                0x0000000000006b5a        0xc C:\Users\19156\Desktop\DualModeKeyboard\SDK\LIB\libCH57xBLE.a(gap.o)
                0x0000000000006b5a                gapGetSRK
 .text.gapGetSignCounter
                0x0000000000006b66        0xe C:\Users\19156\Desktop\DualModeKeyboard\SDK\LIB\libCH57xBLE.a(gap.o)
                0x0000000000006b66                gapGetSignCounter
 .text.gapIncSignCounter
                0x0000000000006b74       0x28 C:\Users\19156\Desktop\DualModeKeyboard\SDK\LIB\libCH57xBLE.a(gap.o)
                0x0000000000006b74                gapIncSignCounter
 .text.gapProcessConnEvt
                0x0000000000006b9c       0x48 C:\Users\19156\Desktop\DualModeKeyboard\SDK\LIB\libCH57xBLE.a(gap.o)
                0x0000000000006b9c                gapProcessConnEvt
 .text.gapProcessDisconnectCompleteEvt
                0x0000000000006be4       0xa8 C:\Users\19156\Desktop\DualModeKeyboard\SDK\LIB\libCH57xBLE.a(gap.o)
                0x0000000000006be4                gapProcessDisconnectCompleteEvt
 .text.sendAuthEvent
                0x0000000000006c8c      0x11c C:\Users\19156\Desktop\DualModeKeyboard\SDK\LIB\libCH57xBLE.a(gap.o)
                0x0000000000006c8c                sendAuthEvent
 .text.gapSendBondCompleteEvent
                0x0000000000006da8       0x70 C:\Users\19156\Desktop\DualModeKeyboard\SDK\LIB\libCH57xBLE.a(gap.o)
                0x0000000000006da8                gapSendBondCompleteEvent
 .text.gapSendPairingReqEvent
                0x0000000000006e18       0x92 C:\Users\19156\Desktop\DualModeKeyboard\SDK\LIB\libCH57xBLE.a(gap.o)
                0x0000000000006e18                gapSendPairingReqEvent
 .text.gapSendSlaveSecurityReqEvent
                0x0000000000006eaa       0x68 C:\Users\19156\Desktop\DualModeKeyboard\SDK\LIB\libCH57xBLE.a(gap.o)
                0x0000000000006eaa                gapSendSlaveSecurityReqEvent
 .text.gapSendDeviceInitDoneEvent
                0x0000000000006f12       0x88 C:\Users\19156\Desktop\DualModeKeyboard\SDK\LIB\libCH57xBLE.a(gap.o)
                0x0000000000006f12                gapSendDeviceInitDoneEvent
 .text.gapSendLinkUpdateEvent
                0x0000000000006f9a       0x84 C:\Users\19156\Desktop\DualModeKeyboard\SDK\LIB\libCH57xBLE.a(gap.o)
                0x0000000000006f9a                gapSendLinkUpdateEvent
 .text.gapSendEstLinkEvent
                0x000000000000701e       0xb8 C:\Users\19156\Desktop\DualModeKeyboard\SDK\LIB\libCH57xBLE.a(gap.o)
                0x000000000000701e                gapSendEstLinkEvent
 .text.gapProcessNewAddr
                0x00000000000070d6       0x3e C:\Users\19156\Desktop\DualModeKeyboard\SDK\LIB\libCH57xBLE.a(gap.o)
                0x00000000000070d6                gapProcessNewAddr
 .text.gapProcessRandomAddrComplete
                0x0000000000007114       0xb6 C:\Users\19156\Desktop\DualModeKeyboard\SDK\LIB\libCH57xBLE.a(gap.o)
                0x0000000000007114                gapProcessRandomAddrComplete
 .text.GAP_Authenticate
                0x00000000000071ca       0xd2 C:\Users\19156\Desktop\DualModeKeyboard\SDK\LIB\libCH57xBLE.a(gap.o)
                0x00000000000071ca                GAP_Authenticate
 .text.GAP_Bond
                0x000000000000729c       0xa2 C:\Users\19156\Desktop\DualModeKeyboard\SDK\LIB\libCH57xBLE.a(gap.o)
                0x000000000000729c                GAP_Bond
 .text.GAP_GetParamValue
                0x000000000000733e       0x1e C:\Users\19156\Desktop\DualModeKeyboard\SDK\LIB\libCH57xBLE.a(gap.o)
                0x000000000000733e                GAP_GetParamValue
 .text.GAP_PasscodeUpdate
                0x000000000000735c       0x50 C:\Users\19156\Desktop\DualModeKeyboard\SDK\LIB\libCH57xBLE.a(gap.o)
                0x000000000000735c                GAP_PasscodeUpdate
 .text.GAP_RegisterForMsgs
                0x00000000000073ac        0x6 C:\Users\19156\Desktop\DualModeKeyboard\SDK\LIB\libCH57xBLE.a(gap.o)
                0x00000000000073ac                GAP_RegisterForMsgs
 .text.GAP_ResolvePrivateAddr
                0x00000000000073b2        0x4 C:\Users\19156\Desktop\DualModeKeyboard\SDK\LIB\libCH57xBLE.a(gap.o)
                0x00000000000073b2                GAP_ResolvePrivateAddr
 .text.gapPairingCompleteCB
                0x00000000000073b6      0x188 C:\Users\19156\Desktop\DualModeKeyboard\SDK\LIB\libCH57xBLE.a(gap.o)
                0x00000000000073b6                gapPairingCompleteCB
 .text.gapPasskeyNeededCB
                0x000000000000753e       0x8e C:\Users\19156\Desktop\DualModeKeyboard\SDK\LIB\libCH57xBLE.a(gap.o)
                0x000000000000753e                gapPasskeyNeededCB
 .text.gapFreeEstLink
                0x00000000000075cc       0x20 C:\Users\19156\Desktop\DualModeKeyboard\SDK\LIB\libCH57xBLE.a(gap.o)
                0x00000000000075cc                gapFreeEstLink
 .text.gapUpdateConnSignCounter
                0x00000000000075ec       0x7a C:\Users\19156\Desktop\DualModeKeyboard\SDK\LIB\libCH57xBLE.a(gap.o)
                0x00000000000075ec                gapUpdateConnSignCounter
 .text.GAP_SendSlaveSecurityRequest
                0x0000000000007666       0x4c C:\Users\19156\Desktop\DualModeKeyboard\SDK\LIB\libCH57xBLE.a(gap.o)
                0x0000000000007666                GAP_SendSlaveSecurityRequest
 .text.GAP_Signable
                0x00000000000076b2       0x66 C:\Users\19156\Desktop\DualModeKeyboard\SDK\LIB\libCH57xBLE.a(gap.o)
                0x00000000000076b2                GAP_Signable
 .text.GAP_TerminateAuth
                0x0000000000007718       0x2a C:\Users\19156\Desktop\DualModeKeyboard\SDK\LIB\libCH57xBLE.a(gap.o)
                0x0000000000007718                GAP_TerminateAuth
 .text.GAP_NumActiveConnections
                0x0000000000007742        0x4 C:\Users\19156\Desktop\DualModeKeyboard\SDK\LIB\libCH57xBLE.a(gap.o)
                0x0000000000007742                GAP_NumActiveConnections
 .text.GAP_TerminateLinkReq
                0x0000000000007746       0x8e C:\Users\19156\Desktop\DualModeKeyboard\SDK\LIB\libCH57xBLE.a(gap.o)
                0x0000000000007746                GAP_TerminateLinkReq
 .text.GAP_SetParamValue
                0x00000000000077d4       0x4a C:\Users\19156\Desktop\DualModeKeyboard\SDK\LIB\libCH57xBLE.a(gap.o)
                0x00000000000077d4                GAP_SetParamValue
 .text.GAP_Init
                0x000000000000781e       0x44 C:\Users\19156\Desktop\DualModeKeyboard\SDK\LIB\libCH57xBLE.a(gap.o)
                0x000000000000781e                GAP_Init
 .text.GAP_ProcessEvent
                0x0000000000007862      0x578 C:\Users\19156\Desktop\DualModeKeyboard\SDK\LIB\libCH57xBLE.a(gap.o)
                0x0000000000007862                GAP_ProcessEvent
 .text.gapSendScanEnable
                0x0000000000007dda       0x1e C:\Users\19156\Desktop\DualModeKeyboard\SDK\LIB\libCH57xBLE.a(gap_central.o)
 .text.gapCentProcessConnEvt
                0x0000000000007df8      0x148 C:\Users\19156\Desktop\DualModeKeyboard\SDK\LIB\libCH57xBLE.a(gap_central.o)
                0x0000000000007df8                gapCentProcessConnEvt
 .text.gapCancelLinkReq
                0x0000000000007f40       0x38 C:\Users\19156\Desktop\DualModeKeyboard\SDK\LIB\libCH57xBLE.a(gap_central.o)
                0x0000000000007f40                gapCancelLinkReq
 .text.GAP_CentralParamInit
                0x0000000000007f78       0x4c C:\Users\19156\Desktop\DualModeKeyboard\SDK\LIB\libCH57xBLE.a(gap_central.o)
                0x0000000000007f78                GAP_CentralParamInit
 .text.gapProcessAdvertDevInfo
                0x0000000000007fc4      0x23a C:\Users\19156\Desktop\DualModeKeyboard\SDK\LIB\libCH57xBLE.a(gap_central.o)
                0x0000000000007fc4                gapProcessAdvertDevInfo
 .text.gapFreeScanRecs
                0x00000000000081fe       0xa2 C:\Users\19156\Desktop\DualModeKeyboard\SDK\LIB\libCH57xBLE.a(gap_central.o)
                0x00000000000081fe                gapFreeScanRecs
 .text.gapSendDevDiscEvent
                0x00000000000082a0      0x126 C:\Users\19156\Desktop\DualModeKeyboard\SDK\LIB\libCH57xBLE.a(gap_central.o)
                0x00000000000082a0                gapSendDevDiscEvent
 .text.gapSetScanParamStatus.part.2
                0x00000000000083c6       0x42 C:\Users\19156\Desktop\DualModeKeyboard\SDK\LIB\libCH57xBLE.a(gap_central.o)
 .text.gapCentProcessHCICmdEvt
                0x0000000000008408       0x3c C:\Users\19156\Desktop\DualModeKeyboard\SDK\LIB\libCH57xBLE.a(gap_central.o)
                0x0000000000008408                gapCentProcessHCICmdEvt
 .text.gapProcessScanningEvt
                0x0000000000008444      0x110 C:\Users\19156\Desktop\DualModeKeyboard\SDK\LIB\libCH57xBLE.a(gap_central.o)
                0x0000000000008444                gapProcessScanningEvt
 .text.gapProcessScanningDirectEvt
                0x0000000000008554       0xfe C:\Users\19156\Desktop\DualModeKeyboard\SDK\LIB\libCH57xBLE.a(gap_central.o)
                0x0000000000008554                gapProcessScanningDirectEvt
 .text.GAP_CentConnRegister
                0x0000000000008652       0x12 C:\Users\19156\Desktop\DualModeKeyboard\SDK\LIB\libCH57xBLE.a(gap_central.o)
                0x0000000000008652                GAP_CentConnRegister
 .text.GAP_CentDevMgrInit
                0x0000000000008664       0x94 C:\Users\19156\Desktop\DualModeKeyboard\SDK\LIB\libCH57xBLE.a(gap_central.o)
                0x0000000000008664                GAP_CentDevMgrInit
 .text.gapFreeAdvertState
                0x00000000000086f8       0x20 C:\Users\19156\Desktop\DualModeKeyboard\SDK\LIB\libCH57xBLE.a(gap_peripheral.o)
 .text.gapPeriProcessConnEvt
                0x0000000000008718       0xbc C:\Users\19156\Desktop\DualModeKeyboard\SDK\LIB\libCH57xBLE.a(gap_peripheral.o)
 .text.gapSetAdvParams
                0x00000000000087d4       0x7e C:\Users\19156\Desktop\DualModeKeyboard\SDK\LIB\libCH57xBLE.a(gap_peripheral.o)
 .text.GAP_PeripheralParamInit
                0x0000000000008852       0x4a C:\Users\19156\Desktop\DualModeKeyboard\SDK\LIB\libCH57xBLE.a(gap_peripheral.o)
                0x0000000000008852                GAP_PeripheralParamInit
 .text.gapSendMakeDiscEvent
                0x000000000000889c       0x50 C:\Users\19156\Desktop\DualModeKeyboard\SDK\LIB\libCH57xBLE.a(gap_peripheral.o)
                0x000000000000889c                gapSendMakeDiscEvent
 .text.gapPeriProcessHCICmdCompleteEvt
                0x00000000000088ec      0x194 C:\Users\19156\Desktop\DualModeKeyboard\SDK\LIB\libCH57xBLE.a(gap_peripheral.o)
 .text.GAP_MakeDiscoverable
                0x0000000000008a80       0xf0 C:\Users\19156\Desktop\DualModeKeyboard\SDK\LIB\libCH57xBLE.a(gap_peripheral.o)
                0x0000000000008a80                GAP_MakeDiscoverable
 .text.GAP_EndDiscoverable
                0x0000000000008b70       0x5c C:\Users\19156\Desktop\DualModeKeyboard\SDK\LIB\libCH57xBLE.a(gap_peripheral.o)
                0x0000000000008b70                GAP_EndDiscoverable
 .text.gapProcessAdvertisingEvt
                0x0000000000008bcc       0x90 C:\Users\19156\Desktop\DualModeKeyboard\SDK\LIB\libCH57xBLE.a(gap_peripheral.o)
 .text.GAP_UpdateAdvertisingData
                0x0000000000008c5c       0xb8 C:\Users\19156\Desktop\DualModeKeyboard\SDK\LIB\libCH57xBLE.a(gap_peripheral.o)
                0x0000000000008c5c                GAP_UpdateAdvertisingData
 .text.GAP_ConfigDeviceAddr
                0x0000000000008d14      0x10e C:\Users\19156\Desktop\DualModeKeyboard\SDK\LIB\libCH57xBLE.a(gap_peripheral.o)
                0x0000000000008d14                GAP_ConfigDeviceAddr
 .text.GAP_PeriConnRegister
                0x0000000000008e22       0x2a C:\Users\19156\Desktop\DualModeKeyboard\SDK\LIB\libCH57xBLE.a(gap_peripheral.o)
                0x0000000000008e22                GAP_PeriConnRegister
 .text.GAP_PeriDevMgrInit
                0x0000000000008e4c       0xbc C:\Users\19156\Desktop\DualModeKeyboard\SDK\LIB\libCH57xBLE.a(gap_peripheral.o)
                0x0000000000008e4c                GAP_PeriDevMgrInit
 .text.ggs_SetAttrWPermit
                0x0000000000008f08       0x68 C:\Users\19156\Desktop\DualModeKeyboard\SDK\LIB\libCH57xBLE.a(gapgattserver.o)
 .text.ggs_ReadAttrCB
                0x0000000000008f70      0x152 C:\Users\19156\Desktop\DualModeKeyboard\SDK\LIB\libCH57xBLE.a(gapgattserver.o)
 .text.ggs_WriteAttrCB
                0x00000000000090c2      0x154 C:\Users\19156\Desktop\DualModeKeyboard\SDK\LIB\libCH57xBLE.a(gapgattserver.o)
 .text.GGS_ParamInit
                0x0000000000009216      0x23a C:\Users\19156\Desktop\DualModeKeyboard\SDK\LIB\libCH57xBLE.a(gapgattserver.o)
                0x0000000000009216                GGS_ParamInit
 .text.GGS_SetParameter
                0x0000000000009450       0xde C:\Users\19156\Desktop\DualModeKeyboard\SDK\LIB\libCH57xBLE.a(gapgattserver.o)
                0x0000000000009450                GGS_SetParameter
 .text.GGS_AddService
                0x000000000000952e       0x2c C:\Users\19156\Desktop\DualModeKeyboard\SDK\LIB\libCH57xBLE.a(gapgattserver.o)
                0x000000000000952e                GGS_AddService
 .text.GAP_DeviceInit
                0x000000000000955a       0xd8 C:\Users\19156\Desktop\DualModeKeyboard\SDK\LIB\libCH57xBLE.a(gapgattserver.o)
                0x000000000000955a                GAP_DeviceInit
 .text.gattGetPayload
                0x0000000000009632       0x7e C:\Users\19156\Desktop\DualModeKeyboard\SDK\LIB\libCH57xBLE.a(gatt.o)
                0x0000000000009632                gattGetPayload
 .text.gattNotifyEvent
                0x00000000000096b0       0x80 C:\Users\19156\Desktop\DualModeKeyboard\SDK\LIB\libCH57xBLE.a(gatt.o)
                0x00000000000096b0                gattNotifyEvent
 .text.gattSendFlowCtrlEvt
                0x0000000000009730       0x4a C:\Users\19156\Desktop\DualModeKeyboard\SDK\LIB\libCH57xBLE.a(gatt.o)
                0x0000000000009730                gattSendFlowCtrlEvt
 .text.gattStartTimer
                0x000000000000977a        0xc C:\Users\19156\Desktop\DualModeKeyboard\SDK\LIB\libCH57xBLE.a(gatt.o)
                0x000000000000977a                gattStartTimer
 .text.gattStopTimer
                0x0000000000009786       0x32 C:\Users\19156\Desktop\DualModeKeyboard\SDK\LIB\libCH57xBLE.a(gatt.o)
                0x0000000000009786                gattStopTimer
 .text.GATT_AppCompletedMsg
                0x00000000000097b8       0x30 C:\Users\19156\Desktop\DualModeKeyboard\SDK\LIB\libCH57xBLE.a(gatt.o)
                0x00000000000097b8                GATT_AppCompletedMsg
 .text.GATT_NotifyEvent
                0x00000000000097e8       0x4e C:\Users\19156\Desktop\DualModeKeyboard\SDK\LIB\libCH57xBLE.a(gatt.o)
                0x00000000000097e8                GATT_NotifyEvent
 .text.gattRegisterServer
                0x0000000000009836        0x6 C:\Users\19156\Desktop\DualModeKeyboard\SDK\LIB\libCH57xBLE.a(gatt.o)
                0x0000000000009836                gattRegisterServer
 .text.GATT_UpdateMTU
                0x000000000000983c       0x5c C:\Users\19156\Desktop\DualModeKeyboard\SDK\LIB\libCH57xBLE.a(gatt.o)
                0x000000000000983c                GATT_UpdateMTU
 .text.GATT_bm_alloc
                0x0000000000009898       0xea C:\Users\19156\Desktop\DualModeKeyboard\SDK\LIB\libCH57xBLE.a(gatt.o)
                0x0000000000009898                GATT_bm_alloc
 .text.GATT_ServiceChangedInd
                0x0000000000009982       0x94 C:\Users\19156\Desktop\DualModeKeyboard\SDK\LIB\libCH57xBLE.a(gatt.o)
                0x0000000000009982                GATT_ServiceChangedInd
 .text.GATT_bm_free
                0x0000000000009a16       0x1c C:\Users\19156\Desktop\DualModeKeyboard\SDK\LIB\libCH57xBLE.a(gatt.o)
                0x0000000000009a16                GATT_bm_free
 .text.GATT_RegisterForPeriMsgs
                0x0000000000009a32        0x6 C:\Users\19156\Desktop\DualModeKeyboard\SDK\LIB\libCH57xBLE.a(gatt.o)
                0x0000000000009a32                GATT_RegisterForPeriMsgs
 .text.GATT_Init
                0x0000000000009a38       0x30 C:\Users\19156\Desktop\DualModeKeyboard\SDK\LIB\libCH57xBLE.a(gatt.o)
                0x0000000000009a38                GATT_Init
 .text.GATT_ProcessEvent
                0x0000000000009a68      0x136 C:\Users\19156\Desktop\DualModeKeyboard\SDK\LIB\libCH57xBLE.a(gatt.o)
                0x0000000000009a68                GATT_ProcessEvent
 .text.gattProcessExchangeMTUReq
                0x0000000000009b9e        0x4 C:\Users\19156\Desktop\DualModeKeyboard\SDK\LIB\libCH57xBLE.a(gattservapp.o)
 .text.gattServApp_FindCharCfgItem
                0x0000000000009ba2       0x20 C:\Users\19156\Desktop\DualModeKeyboard\SDK\LIB\libCH57xBLE.a(gattservapp.o)
 .text.gattServerHandleTimerCB
                0x0000000000009bc2       0x3c C:\Users\19156\Desktop\DualModeKeyboard\SDK\LIB\libCH57xBLE.a(gattservapp.o)
 .text.GATTServApp_InitCharCfg.part.12
                0x0000000000009bfe       0x1c C:\Users\19156\Desktop\DualModeKeyboard\SDK\LIB\libCH57xBLE.a(gattservapp.o)
 .text.gattProcessExecuteWriteReq
                0x0000000000009c1a        0x4 C:\Users\19156\Desktop\DualModeKeyboard\SDK\LIB\libCH57xBLE.a(gattservapp.o)
 .text.GATTServApp_ParamInit
                0x0000000000009c1e       0xd6 C:\Users\19156\Desktop\DualModeKeyboard\SDK\LIB\libCH57xBLE.a(gattservapp.o)
                0x0000000000009c1e                GATTServApp_ParamInit
 .text.GATTServApp_ReadCharCfg
                0x0000000000009cf4       0x18 C:\Users\19156\Desktop\DualModeKeyboard\SDK\LIB\libCH57xBLE.a(gattservapp.o)
                0x0000000000009cf4                GATTServApp_ReadCharCfg
 .text.GATTServApp_WriteCharCfg
                0x0000000000009d0c       0x3c C:\Users\19156\Desktop\DualModeKeyboard\SDK\LIB\libCH57xBLE.a(gattservapp.o)
                0x0000000000009d0c                GATTServApp_WriteCharCfg
 .text.GATTServApp_ProcessCCCWriteReq
                0x0000000000009d48       0x60 C:\Users\19156\Desktop\DualModeKeyboard\SDK\LIB\libCH57xBLE.a(gattservapp.o)
                0x0000000000009d48                GATTServApp_ProcessCCCWriteReq
 .text.gattServApp_WriteAttrCB
                0x0000000000009da8       0x34 C:\Users\19156\Desktop\DualModeKeyboard\SDK\LIB\libCH57xBLE.a(gattservapp.o)
                0x0000000000009da8                gattServApp_WriteAttrCB
 .text.GATTServApp_SendCCCUpdatedEvent
                0x0000000000009ddc       0x5e C:\Users\19156\Desktop\DualModeKeyboard\SDK\LIB\libCH57xBLE.a(gattservapp.o)
                0x0000000000009ddc                GATTServApp_SendCCCUpdatedEvent
 .text.GATTServApp_SendServiceChangedInd
                0x0000000000009e3a       0x36 C:\Users\19156\Desktop\DualModeKeyboard\SDK\LIB\libCH57xBLE.a(gattservapp.o)
                0x0000000000009e3a                GATTServApp_SendServiceChangedInd
 .text.gattServApp_ClearPrepareWriteQ
                0x0000000000009e70       0x4c C:\Users\19156\Desktop\DualModeKeyboard\SDK\LIB\libCH57xBLE.a(gattservapp.o)
                0x0000000000009e70                gattServApp_ClearPrepareWriteQ
 .text.gattServApp_FindPrepareWriteQ
                0x0000000000009ebc       0x2c C:\Users\19156\Desktop\DualModeKeyboard\SDK\LIB\libCH57xBLE.a(gattservapp.o)
                0x0000000000009ebc                gattServApp_FindPrepareWriteQ
 .text.gattServApp_FindServiceCBs
                0x0000000000009ee8       0x18 C:\Users\19156\Desktop\DualModeKeyboard\SDK\LIB\libCH57xBLE.a(gattservapp.o)
                0x0000000000009ee8                gattServApp_FindServiceCBs
 .text.gattServApp_FindAuthorizeAttrCB
                0x0000000000009f00       0x16 C:\Users\19156\Desktop\DualModeKeyboard\SDK\LIB\libCH57xBLE.a(gattservapp.o)
                0x0000000000009f00                gattServApp_FindAuthorizeAttrCB
 .text.gattServApp_IsWriteLong
                0x0000000000009f16       0xe6 C:\Users\19156\Desktop\DualModeKeyboard\SDK\LIB\libCH57xBLE.a(gattservapp.o)
                0x0000000000009f16                gattServApp_IsWriteLong
 .text.gattFindService
                0x0000000000009ffc       0x1c C:\Users\19156\Desktop\DualModeKeyboard\SDK\LIB\libCH57xBLE.a(gattservapp.o)
                0x0000000000009ffc                gattFindService
 .text.GATT_ServiceNumAttrs
                0x000000000000a018       0x18 C:\Users\19156\Desktop\DualModeKeyboard\SDK\LIB\libCH57xBLE.a(gattservapp.o)
                0x000000000000a018                GATT_ServiceNumAttrs
 .text.GATT_ServiceEncKeySize
                0x000000000000a030       0x18 C:\Users\19156\Desktop\DualModeKeyboard\SDK\LIB\libCH57xBLE.a(gattservapp.o)
                0x000000000000a030                GATT_ServiceEncKeySize
 .text.GATT_VerifyWritePermissions.part.7
                0x000000000000a048       0x2e C:\Users\19156\Desktop\DualModeKeyboard\SDK\LIB\libCH57xBLE.a(gattservapp.o)
 .text.gattResetServerInfo
                0x000000000000a076       0x1c C:\Users\19156\Desktop\DualModeKeyboard\SDK\LIB\libCH57xBLE.a(gattservapp.o)
                0x000000000000a076                gattResetServerInfo
 .text.gattFindServerInfo
                0x000000000000a092       0x28 C:\Users\19156\Desktop\DualModeKeyboard\SDK\LIB\libCH57xBLE.a(gattservapp.o)
                0x000000000000a092                gattFindServerInfo
 .text.gattServerHandleConnStatusCB
                0x000000000000a0ba       0x98 C:\Users\19156\Desktop\DualModeKeyboard\SDK\LIB\libCH57xBLE.a(gattservapp.o)
                0x000000000000a0ba                gattServerHandleConnStatusCB
 .text.gattServerProcessMsgCB
                0x000000000000a152      0x1c0 C:\Users\19156\Desktop\DualModeKeyboard\SDK\LIB\libCH57xBLE.a(gattservapp.o)
                0x000000000000a152                gattServerProcessMsgCB
 .text.gattServerNotifyTxCB
                0x000000000000a312       0x28 C:\Users\19156\Desktop\DualModeKeyboard\SDK\LIB\libCH57xBLE.a(gattservapp.o)
 .text.GATT_FindHandle
                0x000000000000a33a       0x4a C:\Users\19156\Desktop\DualModeKeyboard\SDK\LIB\libCH57xBLE.a(gattservapp.o)
                0x000000000000a33a                GATT_FindHandle
 .text.GATTServApp_WriteAttr
                0x000000000000a384       0xa8 C:\Users\19156\Desktop\DualModeKeyboard\SDK\LIB\libCH57xBLE.a(gattservapp.o)
                0x000000000000a384                GATTServApp_WriteAttr
 .text.gattServApp_ProcessExecuteWriteReq
                0x000000000000a42c      0x100 C:\Users\19156\Desktop\DualModeKeyboard\SDK\LIB\libCH57xBLE.a(gattservapp.o)
                0x000000000000a42c                gattServApp_ProcessExecuteWriteReq
 .text.GATTServApp_UpdateCharCfg
                0x000000000000a52c       0x1e C:\Users\19156\Desktop\DualModeKeyboard\SDK\LIB\libCH57xBLE.a(gattservapp.o)
                0x000000000000a52c                GATTServApp_UpdateCharCfg
 .text.gattServApp_ProcessPrepareWriteReq
                0x000000000000a54a      0x10e C:\Users\19156\Desktop\DualModeKeyboard\SDK\LIB\libCH57xBLE.a(gattservapp.o)
                0x000000000000a54a                gattServApp_ProcessPrepareWriteReq
 .text.gattServApp_ProcessWriteReq
                0x000000000000a658       0xb0 C:\Users\19156\Desktop\DualModeKeyboard\SDK\LIB\libCH57xBLE.a(gattservapp.o)
                0x000000000000a658                gattServApp_ProcessWriteReq
 .text.GATT_Indication
                0x000000000000a708       0xa4 C:\Users\19156\Desktop\DualModeKeyboard\SDK\LIB\libCH57xBLE.a(gattservapp.o)
                0x000000000000a708                GATT_Indication
 .text.GATT_FindHandleUUID
                0x000000000000a7ac       0x94 C:\Users\19156\Desktop\DualModeKeyboard\SDK\LIB\libCH57xBLE.a(gattservapp.o)
                0x000000000000a7ac                GATT_FindHandleUUID
 .text.gattProcessReadByGrpTypeReq
                0x000000000000a840       0x60 C:\Users\19156\Desktop\DualModeKeyboard\SDK\LIB\libCH57xBLE.a(gattservapp.o)
 .text.gattProcessReadByTypeReq
                0x000000000000a8a0       0x34 C:\Users\19156\Desktop\DualModeKeyboard\SDK\LIB\libCH57xBLE.a(gattservapp.o)
 .text.gattProcessFindByTypeValueReq
                0x000000000000a8d4       0x34 C:\Users\19156\Desktop\DualModeKeyboard\SDK\LIB\libCH57xBLE.a(gattservapp.o)
 .text.gattProcessFindInfoReq
                0x000000000000a908      0x1aa C:\Users\19156\Desktop\DualModeKeyboard\SDK\LIB\libCH57xBLE.a(gattservapp.o)
 .text.GATT_Notification
                0x000000000000aab2       0x70 C:\Users\19156\Desktop\DualModeKeyboard\SDK\LIB\libCH57xBLE.a(gattservapp.o)
                0x000000000000aab2                GATT_Notification
 .text.GATT_VerifyWritePermissions
                0x000000000000ab22       0x6a C:\Users\19156\Desktop\DualModeKeyboard\SDK\LIB\libCH57xBLE.a(gattservapp.o)
                0x000000000000ab22                GATT_VerifyWritePermissions
 .text.gattProcessWriteReq
                0x000000000000ab8c       0x36 C:\Users\19156\Desktop\DualModeKeyboard\SDK\LIB\libCH57xBLE.a(gattservapp.o)
 .text.GATT_VerifyPrepareWritePermissions
                0x000000000000abc2       0x56 C:\Users\19156\Desktop\DualModeKeyboard\SDK\LIB\libCH57xBLE.a(gattservapp.o)
                0x000000000000abc2                GATT_VerifyPrepareWritePermissions
 .text.gattProcessPrepareWriteReq
                0x000000000000ac18       0x36 C:\Users\19156\Desktop\DualModeKeyboard\SDK\LIB\libCH57xBLE.a(gattservapp.o)
 .text.GATT_FindNextAttr
                0x000000000000ac4e       0xc2 C:\Users\19156\Desktop\DualModeKeyboard\SDK\LIB\libCH57xBLE.a(gattservapp.o)
                0x000000000000ac4e                GATT_FindNextAttr
 .text.GATTServApp_ReadAttr
                0x000000000000ad10      0x2e2 C:\Users\19156\Desktop\DualModeKeyboard\SDK\LIB\libCH57xBLE.a(gattservapp.o)
                0x000000000000ad10                GATTServApp_ReadAttr
 .text.gattServApp_ProcessReadMultiReq
                0x000000000000aff2      0x16e C:\Users\19156\Desktop\DualModeKeyboard\SDK\LIB\libCH57xBLE.a(gattservapp.o)
                0x000000000000aff2                gattServApp_ProcessReadMultiReq
 .text.gattServApp_ProcessFindByTypeValueReq
                0x000000000000b160      0x19c C:\Users\19156\Desktop\DualModeKeyboard\SDK\LIB\libCH57xBLE.a(gattservapp.o)
                0x000000000000b160                gattServApp_ProcessFindByTypeValueReq
 .text.GATT_VerifyReadPermissions
                0x000000000000b2fc       0x68 C:\Users\19156\Desktop\DualModeKeyboard\SDK\LIB\libCH57xBLE.a(gattservapp.o)
                0x000000000000b2fc                GATT_VerifyReadPermissions
 .text.gattProcessReadMultiReq
                0x000000000000b364       0xae C:\Users\19156\Desktop\DualModeKeyboard\SDK\LIB\libCH57xBLE.a(gattservapp.o)
 .text.gattProcessReadReq
                0x000000000000b412       0x30 C:\Users\19156\Desktop\DualModeKeyboard\SDK\LIB\libCH57xBLE.a(gattservapp.o)
 .text.gattServApp_ProcessReadByGrpTypeReq
                0x000000000000b442      0x21c C:\Users\19156\Desktop\DualModeKeyboard\SDK\LIB\libCH57xBLE.a(gattservapp.o)
                0x000000000000b442                gattServApp_ProcessReadByGrpTypeReq
 .text.gattServApp_ProcessReadByTypeReq
                0x000000000000b65e      0x1ae C:\Users\19156\Desktop\DualModeKeyboard\SDK\LIB\libCH57xBLE.a(gattservapp.o)
                0x000000000000b65e                gattServApp_ProcessReadByTypeReq
 .text.GATT_RegisterService
                0x000000000000b80c       0xfc C:\Users\19156\Desktop\DualModeKeyboard\SDK\LIB\libCH57xBLE.a(gattservapp.o)
                0x000000000000b80c                GATT_RegisterService
 .text.GATTServApp_RegisterService
                0x000000000000b908       0x8a C:\Users\19156\Desktop\DualModeKeyboard\SDK\LIB\libCH57xBLE.a(gattservapp.o)
                0x000000000000b908                GATTServApp_RegisterService
 .text.GATTServApp_AddService
                0x000000000000b992       0x2c C:\Users\19156\Desktop\DualModeKeyboard\SDK\LIB\libCH57xBLE.a(gattservapp.o)
                0x000000000000b992                GATTServApp_AddService
 .text.GATTServApp_RegisterForMsg
                0x000000000000b9be        0x6 C:\Users\19156\Desktop\DualModeKeyboard\SDK\LIB\libCH57xBLE.a(gattservapp.o)
                0x000000000000b9be                GATTServApp_RegisterForMsg
 .text.GATTServApp_InitCharCfg
                0x000000000000b9c4       0x28 C:\Users\19156\Desktop\DualModeKeyboard\SDK\LIB\libCH57xBLE.a(gattservapp.o)
                0x000000000000b9c4                GATTServApp_InitCharCfg
 .text.gattServApp_HandleConnStatusCB
                0x000000000000b9ec       0x74 C:\Users\19156\Desktop\DualModeKeyboard\SDK\LIB\libCH57xBLE.a(gattservapp.o)
                0x000000000000b9ec                gattServApp_HandleConnStatusCB
 .text.GATT_InitServer
                0x000000000000ba60       0xf6 C:\Users\19156\Desktop\DualModeKeyboard\SDK\LIB\libCH57xBLE.a(gattservapp.o)
                0x000000000000ba60                GATT_InitServer
 .text.GATTServApp_Init
                0x000000000000bb56       0x34 C:\Users\19156\Desktop\DualModeKeyboard\SDK\LIB\libCH57xBLE.a(gattservapp.o)
                0x000000000000bb56                GATTServApp_Init
 .text.GATTServApp_ProcessEvent
                0x000000000000bb8a      0x366 C:\Users\19156\Desktop\DualModeKeyboard\SDK\LIB\libCH57xBLE.a(gattservapp.o)
                0x000000000000bb8a                GATTServApp_ProcessEvent
 .text.l2capAllocConnChannel
                0x000000000000bef0       0xd8 C:\Users\19156\Desktop\DualModeKeyboard\SDK\LIB\libCH57xBLE.a(l2cap.o)
                0x000000000000bef0                l2capAllocConnChannel
 .text.l2capFindLocalCID
                0x000000000000bfc8       0x2c C:\Users\19156\Desktop\DualModeKeyboard\SDK\LIB\libCH57xBLE.a(l2cap.o)
                0x000000000000bfc8                l2capFindLocalCID
 .text.l2capFindLocalId
                0x000000000000bff4       0x30 C:\Users\19156\Desktop\DualModeKeyboard\SDK\LIB\libCH57xBLE.a(l2cap.o)
                0x000000000000bff4                l2capFindLocalId
 .text.l2capFindPsm
                0x000000000000c024       0x2c C:\Users\19156\Desktop\DualModeKeyboard\SDK\LIB\libCH57xBLE.a(l2cap.o)
                0x000000000000c024                l2capFindPsm
 .text.l2capFindRemoteCID
                0x000000000000c050       0x3c C:\Users\19156\Desktop\DualModeKeyboard\SDK\LIB\libCH57xBLE.a(l2cap.o)
                0x000000000000c050                l2capFindRemoteCID
 .text.l2capFreeChannel
                0x000000000000c08c       0x4a C:\Users\19156\Desktop\DualModeKeyboard\SDK\LIB\libCH57xBLE.a(l2cap.o)
                0x000000000000c08c                l2capFreeChannel
 .text.l2capDisconnectChannel
                0x000000000000c0d6       0x28 C:\Users\19156\Desktop\DualModeKeyboard\SDK\LIB\libCH57xBLE.a(l2cap.o)
                0x000000000000c0d6                l2capDisconnectChannel
 .text.l2capHandleTimerCB
                0x000000000000c0fe       0x2c C:\Users\19156\Desktop\DualModeKeyboard\SDK\LIB\libCH57xBLE.a(l2cap.o)
                0x000000000000c0fe                l2capHandleTimerCB
 .text.l2capFreePendingPkt
                0x000000000000c12a       0x58 C:\Users\19156\Desktop\DualModeKeyboard\SDK\LIB\libCH57xBLE.a(l2cap.o)
                0x000000000000c12a                l2capFreePendingPkt
 .text.l2capGetCoChannelInfo
                0x000000000000c182       0x7e C:\Users\19156\Desktop\DualModeKeyboard\SDK\LIB\libCH57xBLE.a(l2cap.o)
                0x000000000000c182                l2capGetCoChannelInfo
 .text.l2capNumActiveChannnels
                0x000000000000c200       0x44 C:\Users\19156\Desktop\DualModeKeyboard\SDK\LIB\libCH57xBLE.a(l2cap.o)
                0x000000000000c200                l2capNumActiveChannnels
 .text.l2capStartTimer
                0x000000000000c244       0x1a C:\Users\19156\Desktop\DualModeKeyboard\SDK\LIB\libCH57xBLE.a(l2cap.o)
                0x000000000000c244                l2capStartTimer
 .text.l2capStopTimer
                0x000000000000c25e       0x1e C:\Users\19156\Desktop\DualModeKeyboard\SDK\LIB\libCH57xBLE.a(l2cap.o)
                0x000000000000c25e                l2capStopTimer
 .text.l2capDisconnectAllChannels
                0x000000000000c27c       0xdc C:\Users\19156\Desktop\DualModeKeyboard\SDK\LIB\libCH57xBLE.a(l2cap.o)
                0x000000000000c27c                l2capDisconnectAllChannels
 .text.l2capHandleConnStatusCB
                0x000000000000c358       0x3c C:\Users\19156\Desktop\DualModeKeyboard\SDK\LIB\libCH57xBLE.a(l2cap.o)
                0x000000000000c358                l2capHandleConnStatusCB
 .text.l2capHandleRxError
                0x000000000000c394        0x6 C:\Users\19156\Desktop\DualModeKeyboard\SDK\LIB\libCH57xBLE.a(l2cap.o)
                0x000000000000c394                l2capHandleRxError
 .text.L2CAP_GetMTU
                0x000000000000c39a        0x6 C:\Users\19156\Desktop\DualModeKeyboard\SDK\LIB\libCH57xBLE.a(l2cap.o)
                0x000000000000c39a                L2CAP_GetMTU
 .text.L2CAP_HostNumCompletedPkts
                0x000000000000c3a0       0x28 C:\Users\19156\Desktop\DualModeKeyboard\SDK\LIB\libCH57xBLE.a(l2cap.o)
                0x000000000000c3a0                L2CAP_HostNumCompletedPkts
 .text.L2CAP_ParseConnectReq
                0x000000000000c3c8       0x5e C:\Users\19156\Desktop\DualModeKeyboard\SDK\LIB\libCH57xBLE.a(l2cap.o)
                0x000000000000c3c8                L2CAP_ParseConnectReq
 .text.L2CAP_ParseFlowCtrlCredit
                0x000000000000c426       0x2e C:\Users\19156\Desktop\DualModeKeyboard\SDK\LIB\libCH57xBLE.a(l2cap.o)
                0x000000000000c426                L2CAP_ParseFlowCtrlCredit
 .text.L2CAP_RegisterApp
                0x000000000000c454       0x30 C:\Users\19156\Desktop\DualModeKeyboard\SDK\LIB\libCH57xBLE.a(l2cap.o)
                0x000000000000c454                L2CAP_RegisterApp
 .text.L2CAP_SetBufSize
                0x000000000000c484       0x1e C:\Users\19156\Desktop\DualModeKeyboard\SDK\LIB\libCH57xBLE.a(l2cap.o)
                0x000000000000c484                L2CAP_SetBufSize
 .text.L2CAP_bm_alloc
                0x000000000000c4a2       0x30 C:\Users\19156\Desktop\DualModeKeyboard\SDK\LIB\libCH57xBLE.a(l2cap.o)
                0x000000000000c4a2                L2CAP_bm_alloc
 .text.L2CAP_Init
                0x000000000000c4d2       0xf0 C:\Users\19156\Desktop\DualModeKeyboard\SDK\LIB\libCH57xBLE.a(l2cap.o)
                0x000000000000c4d2                L2CAP_Init
 .text.L2CAP_ProcessEvent
                0x000000000000c5c2       0xc8 C:\Users\19156\Desktop\DualModeKeyboard\SDK\LIB\libCH57xBLE.a(l2cap.o)
                0x000000000000c5c2                L2CAP_ProcessEvent
 .text.l2capParseCmdReject
                0x000000000000c68a       0x5e C:\Users\19156\Desktop\DualModeKeyboard\SDK\LIB\libCH57xBLE.a(l2cap_input.o)
                0x000000000000c68a                l2capParseCmdReject
 .text.l2capParseDisconnectReq
                0x000000000000c6e8       0x2e C:\Users\19156\Desktop\DualModeKeyboard\SDK\LIB\libCH57xBLE.a(l2cap_input.o)
                0x000000000000c6e8                l2capParseDisconnectReq
 .text.l2capParseDisconnectRsp
                0x000000000000c716       0x2e C:\Users\19156\Desktop\DualModeKeyboard\SDK\LIB\libCH57xBLE.a(l2cap_input.o)
                0x000000000000c716                l2capParseDisconnectRsp
 .text.L2CAP_ParseParamUpdateReq
                0x000000000000c744       0x4e C:\Users\19156\Desktop\DualModeKeyboard\SDK\LIB\libCH57xBLE.a(l2cap_input.o)
                0x000000000000c744                L2CAP_ParseParamUpdateReq
 .text.l2capParseParamUpdateRsp
                0x000000000000c792       0x1e C:\Users\19156\Desktop\DualModeKeyboard\SDK\LIB\libCH57xBLE.a(l2cap_input.o)
                0x000000000000c792                l2capParseParamUpdateRsp
 .text.l2capProcessConnectReq
                0x000000000000c7b0       0xfc C:\Users\19156\Desktop\DualModeKeyboard\SDK\LIB\libCH57xBLE.a(l2cap_input.o)
                0x000000000000c7b0                l2capProcessConnectReq
 .text.l2capParseConnectRsp
                0x000000000000c8ac       0x5e C:\Users\19156\Desktop\DualModeKeyboard\SDK\LIB\libCH57xBLE.a(l2cap_input.o)
                0x000000000000c8ac                l2capParseConnectRsp
 .text.l2capParseSignalHdr
                0x000000000000c90a       0x22 C:\Users\19156\Desktop\DualModeKeyboard\SDK\LIB\libCH57xBLE.a(l2cap_input.o)
                0x000000000000c90a                l2capParseSignalHdr
 .text.l2capParsePacket
                0x000000000000c92c       0x8c C:\Users\19156\Desktop\DualModeKeyboard\SDK\LIB\libCH57xBLE.a(l2cap_input.o)
                0x000000000000c92c                l2capParsePacket
 .text.l2capProcessReq
                0x000000000000c9b8      0x15a C:\Users\19156\Desktop\DualModeKeyboard\SDK\LIB\libCH57xBLE.a(l2cap_input.o)
                0x000000000000c9b8                l2capProcessReq
 .text.l2capProcessRsp
                0x000000000000cb12      0x150 C:\Users\19156\Desktop\DualModeKeyboard\SDK\LIB\libCH57xBLE.a(l2cap_input.o)
                0x000000000000cb12                l2capProcessRsp
 .text.l2capProcessRxData
                0x000000000000cc62       0xf8 C:\Users\19156\Desktop\DualModeKeyboard\SDK\LIB\libCH57xBLE.a(l2cap_input.o)
                0x000000000000cc62                l2capProcessRxData
 .text.l2capNotifyData
                0x000000000000cd5a       0x5a C:\Users\19156\Desktop\DualModeKeyboard\SDK\LIB\libCH57xBLE.a(l2cap_output.o)
                0x000000000000cd5a                l2capNotifyData
 .text.l2capNotifySignal
                0x000000000000cdb4       0x76 C:\Users\19156\Desktop\DualModeKeyboard\SDK\LIB\libCH57xBLE.a(l2cap_output.o)
                0x000000000000cdb4                l2capNotifySignal
 .text.l2capNotifyCreditEvt
                0x000000000000ce2a       0x9c C:\Users\19156\Desktop\DualModeKeyboard\SDK\LIB\libCH57xBLE.a(l2cap_output.o)
                0x000000000000ce2a                l2capNotifyCreditEvt
 .text.l2capNotifyChannelEstEvt
                0x000000000000cec6       0x58 C:\Users\19156\Desktop\DualModeKeyboard\SDK\LIB\libCH57xBLE.a(l2cap_output.o)
                0x000000000000cec6                l2capNotifyChannelEstEvt
 .text.l2capNotifyChannelTermEvt
                0x000000000000cf1e       0x3e C:\Users\19156\Desktop\DualModeKeyboard\SDK\LIB\libCH57xBLE.a(l2cap_output.o)
                0x000000000000cf1e                l2capNotifyChannelTermEvt
 .text.l2capNotifyEvent
                0x000000000000cf5c       0x66 C:\Users\19156\Desktop\DualModeKeyboard\SDK\LIB\libCH57xBLE.a(l2cap_output.o)
                0x000000000000cf5c                l2capNotifyEvent
 .text.l2capStoreFCPkt
                0x000000000000cfc2       0x32 C:\Users\19156\Desktop\DualModeKeyboard\SDK\LIB\libCH57xBLE.a(l2cap_output.o)
                0x000000000000cfc2                l2capStoreFCPkt
 .text.l2capFreeTxSDU
                0x000000000000cff4       0x9a C:\Users\19156\Desktop\DualModeKeyboard\SDK\LIB\libCH57xBLE.a(l2cap_output.o)
                0x000000000000cff4                l2capFreeTxSDU
 .text.l2capReassembleSegment
                0x000000000000d08e      0x174 C:\Users\19156\Desktop\DualModeKeyboard\SDK\LIB\libCH57xBLE.a(l2cap_output.o)
                0x000000000000d08e                l2capReassembleSegment
 .text.l2capEncapSendData
                0x000000000000d202       0xec C:\Users\19156\Desktop\DualModeKeyboard\SDK\LIB\libCH57xBLE.a(l2cap_output.o)
                0x000000000000d202                l2capEncapSendData
 .text.l2capSendFCPkt.part.3
                0x000000000000d2ee       0x70 C:\Users\19156\Desktop\DualModeKeyboard\SDK\LIB\libCH57xBLE.a(l2cap_output.o)
 .text.l2capSendSegment
                0x000000000000d35e      0x108 C:\Users\19156\Desktop\DualModeKeyboard\SDK\LIB\libCH57xBLE.a(l2cap_output.o)
                0x000000000000d35e                l2capSendSegment
 .text.l2capSendNextSegment
                0x000000000000d466       0xb4 C:\Users\19156\Desktop\DualModeKeyboard\SDK\LIB\libCH57xBLE.a(l2cap_output.o)
                0x000000000000d466                l2capSendNextSegment
 .text.l2capSendPkt
                0x000000000000d51a       0x3a C:\Users\19156\Desktop\DualModeKeyboard\SDK\LIB\libCH57xBLE.a(l2cap_output.o)
                0x000000000000d51a                l2capSendPkt
 .text.L2CAP_SendData
                0x000000000000d554       0x82 C:\Users\19156\Desktop\DualModeKeyboard\SDK\LIB\libCH57xBLE.a(l2cap_output.o)
                0x000000000000d554                L2CAP_SendData
 .text.l2capSendCmd
                0x000000000000d5d6       0x8a C:\Users\19156\Desktop\DualModeKeyboard\SDK\LIB\libCH57xBLE.a(l2cap_output.o)
                0x000000000000d5d6                l2capSendCmd
 .text.l2capSendReq
                0x000000000000d660       0xbc C:\Users\19156\Desktop\DualModeKeyboard\SDK\LIB\libCH57xBLE.a(l2cap_output.o)
                0x000000000000d660                l2capSendReq
 .text.l2capBuildDisconnectReq
                0x000000000000d71c       0x28 C:\Users\19156\Desktop\DualModeKeyboard\SDK\LIB\libCH57xBLE.a(l2cap_sdu.o)
 .text.l2capBuildParamUpdateReq
                0x000000000000d744       0x4c C:\Users\19156\Desktop\DualModeKeyboard\SDK\LIB\libCH57xBLE.a(l2cap_sdu.o)
 .text.l2capBuildParamUpdateRsp
                0x000000000000d790       0x16 C:\Users\19156\Desktop\DualModeKeyboard\SDK\LIB\libCH57xBLE.a(l2cap_sdu.o)
 .text.l2capBuildConnectRsp
                0x000000000000d7a6       0x5e C:\Users\19156\Desktop\DualModeKeyboard\SDK\LIB\libCH57xBLE.a(l2cap_sdu.o)
 .text.l2capBuildCmdReject
                0x000000000000d804       0x62 C:\Users\19156\Desktop\DualModeKeyboard\SDK\LIB\libCH57xBLE.a(l2cap_sdu.o)
                0x000000000000d804                l2capBuildCmdReject
 .text.l2capBuildDisconnectRsp
                0x000000000000d866       0x28 C:\Users\19156\Desktop\DualModeKeyboard\SDK\LIB\libCH57xBLE.a(l2cap_sdu.o)
                0x000000000000d866                l2capBuildDisconnectRsp
 .text.l2capSendConnectRsp
                0x000000000000d88e       0xa2 C:\Users\19156\Desktop\DualModeKeyboard\SDK\LIB\libCH57xBLE.a(l2cap_sdu.o)
                0x000000000000d88e                l2capSendConnectRsp
 .text.L2CAP_CmdReject
                0x000000000000d930       0x12 C:\Users\19156\Desktop\DualModeKeyboard\SDK\LIB\libCH57xBLE.a(l2cap_sdu.o)
                0x000000000000d930                L2CAP_CmdReject
 .text.L2CAP_DisconnectReq
                0x000000000000d942       0x2a C:\Users\19156\Desktop\DualModeKeyboard\SDK\LIB\libCH57xBLE.a(l2cap_sdu.o)
                0x000000000000d942                L2CAP_DisconnectReq
 .text.L2CAP_ConnParamUpdateReq
                0x000000000000d96c       0x16 C:\Users\19156\Desktop\DualModeKeyboard\SDK\LIB\libCH57xBLE.a(l2cap_sdu.o)
                0x000000000000d96c                L2CAP_ConnParamUpdateReq
 .text.L2CAP_ConnParamUpdateRsp
                0x000000000000d982       0x12 C:\Users\19156\Desktop\DualModeKeyboard\SDK\LIB\libCH57xBLE.a(l2cap_sdu.o)
                0x000000000000d982                L2CAP_ConnParamUpdateRsp
 .text.reportStatusChange
                0x000000000000d994       0x3e C:\Users\19156\Desktop\DualModeKeyboard\SDK\LIB\libCH57xBLE.a(linkdb.o)
 .text.linkDB_Init
                0x000000000000d9d2       0x88 C:\Users\19156\Desktop\DualModeKeyboard\SDK\LIB\libCH57xBLE.a(linkdb.o)
                0x000000000000d9d2                linkDB_Init
 .text.linkDB_Find
                0x000000000000da5a       0x2c C:\Users\19156\Desktop\DualModeKeyboard\SDK\LIB\libCH57xBLE.a(linkdb.o)
                0x000000000000da5a                linkDB_Find
 .text.linkDB_Authen
                0x000000000000da86       0x5c C:\Users\19156\Desktop\DualModeKeyboard\SDK\LIB\libCH57xBLE.a(linkdb.o)
                0x000000000000da86                linkDB_Authen
 .text.linkDB_FindByAddr
                0x000000000000dae2       0x76 C:\Users\19156\Desktop\DualModeKeyboard\SDK\LIB\libCH57xBLE.a(linkdb.o)
                0x000000000000dae2                linkDB_FindByAddr
 .text.linkDB_FindFirst
                0x000000000000db58       0x38 C:\Users\19156\Desktop\DualModeKeyboard\SDK\LIB\libCH57xBLE.a(linkdb.o)
                0x000000000000db58                linkDB_FindFirst
 .text.linkDB_MTU
                0x000000000000db90       0x18 C:\Users\19156\Desktop\DualModeKeyboard\SDK\LIB\libCH57xBLE.a(linkdb.o)
                0x000000000000db90                linkDB_MTU
 .text.linkDB_NumActive
                0x000000000000dba8       0x2e C:\Users\19156\Desktop\DualModeKeyboard\SDK\LIB\libCH57xBLE.a(linkdb.o)
                0x000000000000dba8                linkDB_NumActive
 .text.linkDB_NumConns
                0x000000000000dbd6        0x6 C:\Users\19156\Desktop\DualModeKeyboard\SDK\LIB\libCH57xBLE.a(linkdb.o)
                0x000000000000dbd6                linkDB_NumConns
 .text.linkDB_Register
                0x000000000000dbdc       0x28 C:\Users\19156\Desktop\DualModeKeyboard\SDK\LIB\libCH57xBLE.a(linkdb.o)
                0x000000000000dbdc                linkDB_Register
 .text.linkDB_Remove
                0x000000000000dc04       0x48 C:\Users\19156\Desktop\DualModeKeyboard\SDK\LIB\libCH57xBLE.a(linkdb.o)
                0x000000000000dc04                linkDB_Remove
 .text.linkDB_Role
                0x000000000000dc4c       0x18 C:\Users\19156\Desktop\DualModeKeyboard\SDK\LIB\libCH57xBLE.a(linkdb.o)
                0x000000000000dc4c                linkDB_Role
 .text.linkDB_State
                0x000000000000dc64       0x30 C:\Users\19156\Desktop\DualModeKeyboard\SDK\LIB\libCH57xBLE.a(linkdb.o)
                0x000000000000dc64                linkDB_State
 .text.linkDB_UpdateMTU
                0x000000000000dc94       0x28 C:\Users\19156\Desktop\DualModeKeyboard\SDK\LIB\libCH57xBLE.a(linkdb.o)
                0x000000000000dc94                linkDB_UpdateMTU
 .text.linkDB_PerformFunc
                0x000000000000dcbc       0x52 C:\Users\19156\Desktop\DualModeKeyboard\SDK\LIB\libCH57xBLE.a(linkdb.o)
                0x000000000000dcbc                linkDB_PerformFunc
 .text.linkDB_PeripheralLinkNum
                0x000000000000dd0e       0x3e C:\Users\19156\Desktop\DualModeKeyboard\SDK\LIB\libCH57xBLE.a(linkdb.o)
                0x000000000000dd0e                linkDB_PeripheralLinkNum
 .text.linkDB_GetSMEvtID
                0x000000000000dd4c       0x58 C:\Users\19156\Desktop\DualModeKeyboard\SDK\LIB\libCH57xBLE.a(linkdb.o)
                0x000000000000dd4c                linkDB_GetSMEvtID
 .text.linkDB_Add
                0x000000000000dda4       0xb2 C:\Users\19156\Desktop\DualModeKeyboard\SDK\LIB\libCH57xBLE.a(linkdb.o)
                0x000000000000dda4                linkDB_Add
 .text.linkDB_GetHandleFromSMEvtID
                0x000000000000de56       0x32 C:\Users\19156\Desktop\DualModeKeyboard\SDK\LIB\libCH57xBLE.a(linkdb.o)
                0x000000000000de56                linkDB_GetHandleFromSMEvtID
 .text.linkDB_GetPairingParam
                0x000000000000de88       0x54 C:\Users\19156\Desktop\DualModeKeyboard\SDK\LIB\libCH57xBLE.a(linkdb.o)
                0x000000000000de88                linkDB_GetPairingParam
 .text.linkDB_NeedSendKey
                0x000000000000dedc       0x42 C:\Users\19156\Desktop\DualModeKeyboard\SDK\LIB\libCH57xBLE.a(linkdb.o)
                0x000000000000dedc                linkDB_NeedSendKey
 .text.smpBuildPairingFailed
                0x000000000000df1e       0x1a C:\Users\19156\Desktop\DualModeKeyboard\SDK\LIB\libCH57xBLE.a(sm.o)
                0x000000000000df1e                smpBuildPairingFailed
 .text.SM_StartEncryption
                0x000000000000df38       0x98 C:\Users\19156\Desktop\DualModeKeyboard\SDK\LIB\libCH57xBLE.a(sm.o)
                0x000000000000df38                SM_StartEncryption
 .text.smpBuildEncInfo
                0x000000000000dfd0       0x30 C:\Users\19156\Desktop\DualModeKeyboard\SDK\LIB\libCH57xBLE.a(sm.o)
                0x000000000000dfd0                smpBuildEncInfo
 .text.smpBuildIdentityAddrInfo
                0x000000000000e000       0x3a C:\Users\19156\Desktop\DualModeKeyboard\SDK\LIB\libCH57xBLE.a(sm.o)
                0x000000000000e000                smpBuildIdentityAddrInfo
 .text.smpBuildIdentityInfo
                0x000000000000e03a       0x30 C:\Users\19156\Desktop\DualModeKeyboard\SDK\LIB\libCH57xBLE.a(sm.o)
                0x000000000000e03a                smpBuildIdentityInfo
 .text.smpBuildMasterID
                0x000000000000e06a       0x44 C:\Users\19156\Desktop\DualModeKeyboard\SDK\LIB\libCH57xBLE.a(sm.o)
                0x000000000000e06a                smpBuildMasterID
 .text.smpBuildPairingConfirm
                0x000000000000e0ae       0x30 C:\Users\19156\Desktop\DualModeKeyboard\SDK\LIB\libCH57xBLE.a(sm.o)
                0x000000000000e0ae                smpBuildPairingConfirm
 .text.smpBuildPairingRandom
                0x000000000000e0de       0x30 C:\Users\19156\Desktop\DualModeKeyboard\SDK\LIB\libCH57xBLE.a(sm.o)
                0x000000000000e0de                smpBuildPairingRandom
 .text.smpBuildSigningInfo
                0x000000000000e10e       0x30 C:\Users\19156\Desktop\DualModeKeyboard\SDK\LIB\libCH57xBLE.a(sm.o)
                0x000000000000e10e                smpBuildSigningInfo
 .text.SM_ParamInit
                0x000000000000e13e       0x5a C:\Users\19156\Desktop\DualModeKeyboard\SDK\LIB\libCH57xBLE.a(sm.o)
                0x000000000000e13e                SM_ParamInit
 .text.smDetermineKeySize
                0x000000000000e198       0x20 C:\Users\19156\Desktop\DualModeKeyboard\SDK\LIB\libCH57xBLE.a(sm.o)
                0x000000000000e198                smDetermineKeySize
 .text.smProcessRandComplete
                0x000000000000e1b8       0x9e C:\Users\19156\Desktop\DualModeKeyboard\SDK\LIB\libCH57xBLE.a(sm.o)
                0x000000000000e1b8                smProcessRandComplete
 .text.smSavePairInfo
                0x000000000000e256      0x186 C:\Users\19156\Desktop\DualModeKeyboard\SDK\LIB\libCH57xBLE.a(sm.o)
                0x000000000000e256                smSavePairInfo
 .text.smSetPairingReqRsp
                0x000000000000e3dc       0x38 C:\Users\19156\Desktop\DualModeKeyboard\SDK\LIB\libCH57xBLE.a(sm.o)
                0x000000000000e3dc                smSetPairingReqRsp
 .text.smStartEncryption
                0x000000000000e414       0x16 C:\Users\19156\Desktop\DualModeKeyboard\SDK\LIB\libCH57xBLE.a(sm.o)
                0x000000000000e414                smStartEncryption
 .text.smStartRspTimer
                0x000000000000e42a       0x36 C:\Users\19156\Desktop\DualModeKeyboard\SDK\LIB\libCH57xBLE.a(sm.o)
                0x000000000000e42a                smStartRspTimer
 .text.smSendSMMsg
                0x000000000000e460       0x5c C:\Users\19156\Desktop\DualModeKeyboard\SDK\LIB\libCH57xBLE.a(sm.o)
                0x000000000000e460                smSendSMMsg
 .text.smGenerateConfirm
                0x000000000000e4bc       0x34 C:\Users\19156\Desktop\DualModeKeyboard\SDK\LIB\libCH57xBLE.a(sm.o)
                0x000000000000e4bc                smGenerateConfirm
 .text.smGenerateRandMsg
                0x000000000000e4f0       0x34 C:\Users\19156\Desktop\DualModeKeyboard\SDK\LIB\libCH57xBLE.a(sm.o)
                0x000000000000e4f0                smGenerateRandMsg
 .text.smPairingSendEncInfo
                0x000000000000e524       0x10 C:\Users\19156\Desktop\DualModeKeyboard\SDK\LIB\libCH57xBLE.a(sm.o)
                0x000000000000e524                smPairingSendEncInfo
 .text.smPairingSendIdentityAddrInfo
                0x000000000000e534       0x38 C:\Users\19156\Desktop\DualModeKeyboard\SDK\LIB\libCH57xBLE.a(sm.o)
                0x000000000000e534                smPairingSendIdentityAddrInfo
 .text.smPairingSendIdentityInfo
                0x000000000000e56c       0x10 C:\Users\19156\Desktop\DualModeKeyboard\SDK\LIB\libCH57xBLE.a(sm.o)
                0x000000000000e56c                smPairingSendIdentityInfo
 .text.smPairingSendMasterID
                0x000000000000e57c       0x38 C:\Users\19156\Desktop\DualModeKeyboard\SDK\LIB\libCH57xBLE.a(sm.o)
                0x000000000000e57c                smPairingSendMasterID
 .text.smPairingSendSingingInfo
                0x000000000000e5b4       0x10 C:\Users\19156\Desktop\DualModeKeyboard\SDK\LIB\libCH57xBLE.a(sm.o)
                0x000000000000e5b4                smPairingSendSingingInfo
 .text.smInitiatorSendNextKeyInfo
                0x000000000000e5c4      0x1c2 C:\Users\19156\Desktop\DualModeKeyboard\SDK\LIB\libCH57xBLE.a(sm.o)
                0x000000000000e5c4                smInitiatorSendNextKeyInfo
 .text.smResponderSendNextKeyInfo
                0x000000000000e786      0x216 C:\Users\19156\Desktop\DualModeKeyboard\SDK\LIB\libCH57xBLE.a(sm.o)
                0x000000000000e786                smResponderSendNextKeyInfo
 .text.smGeneratePairingReqRsp
                0x000000000000e99c       0x3e C:\Users\19156\Desktop\DualModeKeyboard\SDK\LIB\libCH57xBLE.a(sm.o)
                0x000000000000e99c                smGeneratePairingReqRsp
 .text.smStopRspTimer
                0x000000000000e9da        0xa C:\Users\19156\Desktop\DualModeKeyboard\SDK\LIB\libCH57xBLE.a(sm.o)
                0x000000000000e9da                smStopRspTimer
 .text.smFreePairingParams
                0x000000000000e9e4       0x68 C:\Users\19156\Desktop\DualModeKeyboard\SDK\LIB\libCH57xBLE.a(sm.o)
                0x000000000000e9e4                smFreePairingParams
 .text.smEndPairing
                0x000000000000ea4c       0x5c C:\Users\19156\Desktop\DualModeKeyboard\SDK\LIB\libCH57xBLE.a(sm.o)
                0x000000000000ea4c                smEndPairing
 .text.setupInitiatorKeys
                0x000000000000eaa8       0x82 C:\Users\19156\Desktop\DualModeKeyboard\SDK\LIB\libCH57xBLE.a(sm.o)
                0x000000000000eaa8                setupInitiatorKeys
 .text.smNextPairingState
                0x000000000000eb2a       0x56 C:\Users\19156\Desktop\DualModeKeyboard\SDK\LIB\libCH57xBLE.a(sm.o)
                0x000000000000eb2a                smNextPairingState
 .text.smProcessEncryptChange
                0x000000000000eb80       0xde C:\Users\19156\Desktop\DualModeKeyboard\SDK\LIB\libCH57xBLE.a(sm.o)
                0x000000000000eb80                smProcessEncryptChange
 .text.smSendFailAndEnd
                0x000000000000ec5e       0x38 C:\Users\19156\Desktop\DualModeKeyboard\SDK\LIB\libCH57xBLE.a(sm.o)
                0x000000000000ec5e                smSendFailAndEnd
 .text.smProcessPairingReq
                0x000000000000ec96       0x3c C:\Users\19156\Desktop\DualModeKeyboard\SDK\LIB\libCH57xBLE.a(sm.o)
                0x000000000000ec96                smProcessPairingReq
 .text.smLinkCheck
                0x000000000000ecd2       0x34 C:\Users\19156\Desktop\DualModeKeyboard\SDK\LIB\libCH57xBLE.a(sm.o)
                0x000000000000ecd2                smLinkCheck
 .text.smTimedOut
                0x000000000000ed06       0x20 C:\Users\19156\Desktop\DualModeKeyboard\SDK\LIB\libCH57xBLE.a(sm.o)
                0x000000000000ed06                smTimedOut
 .text.smUint8ToAuthReq
                0x000000000000ed26        0x6 C:\Users\19156\Desktop\DualModeKeyboard\SDK\LIB\libCH57xBLE.a(sm.o)
                0x000000000000ed26                smUint8ToAuthReq
 .text.sm_ah    0x000000000000ed2c       0x80 C:\Users\19156\Desktop\DualModeKeyboard\SDK\LIB\libCH57xBLE.a(sm.o)
                0x000000000000ed2c                sm_ah
 .text.sm_xor   0x000000000000edac       0x24 C:\Users\19156\Desktop\DualModeKeyboard\SDK\LIB\libCH57xBLE.a(sm.o)
                0x000000000000edac                sm_xor
 .text.sm_c1new
                0x000000000000edd0      0x11c C:\Users\19156\Desktop\DualModeKeyboard\SDK\LIB\libCH57xBLE.a(sm.o)
                0x000000000000edd0                sm_c1new
 .text.sm_s1    0x000000000000eeec       0x86 C:\Users\19156\Desktop\DualModeKeyboard\SDK\LIB\libCH57xBLE.a(sm.o)
                0x000000000000eeec                sm_s1
 .text.smResponderProcessLTKReq
                0x000000000000ef72      0x1e6 C:\Users\19156\Desktop\DualModeKeyboard\SDK\LIB\libCH57xBLE.a(sm.o)
                0x000000000000ef72                smResponderProcessLTKReq
 .text.xor_128  0x000000000000f158       0x28 C:\Users\19156\Desktop\DualModeKeyboard\SDK\LIB\libCH57xBLE.a(sm.o)
                0x000000000000f158                xor_128
 .text.leftshift_onebit
                0x000000000000f180       0x2e C:\Users\19156\Desktop\DualModeKeyboard\SDK\LIB\libCH57xBLE.a(sm.o)
                0x000000000000f180                leftshift_onebit
 .text.padding  0x000000000000f1ae       0x38 C:\Users\19156\Desktop\DualModeKeyboard\SDK\LIB\libCH57xBLE.a(sm.o)
                0x000000000000f1ae                padding
 .text.generate_subkey
                0x000000000000f1e6       0xd0 C:\Users\19156\Desktop\DualModeKeyboard\SDK\LIB\libCH57xBLE.a(sm.o)
                0x000000000000f1e6                generate_subkey
 .text.sm_CMAC  0x000000000000f2b6      0x16e C:\Users\19156\Desktop\DualModeKeyboard\SDK\LIB\libCH57xBLE.a(sm.o)
                0x000000000000f2b6                sm_CMAC
 .text.smpBuildPairingReqRsp
                0x000000000000f424       0xc6 C:\Users\19156\Desktop\DualModeKeyboard\SDK\LIB\libCH57xBLE.a(sm.o)
                0x000000000000f424                smpBuildPairingReqRsp
 .text.smpBuildPairingReq
                0x000000000000f4ea        0xa C:\Users\19156\Desktop\DualModeKeyboard\SDK\LIB\libCH57xBLE.a(sm.o)
                0x000000000000f4ea                smpBuildPairingReq
 .text.smpBuildPairingRsp
                0x000000000000f4f4        0xa C:\Users\19156\Desktop\DualModeKeyboard\SDK\LIB\libCH57xBLE.a(sm.o)
                0x000000000000f4f4                smpBuildPairingRsp
 .text.sm_c1    0x000000000000f4fe       0xb4 C:\Users\19156\Desktop\DualModeKeyboard\SDK\LIB\libCH57xBLE.a(sm.o)
                0x000000000000f4fe                sm_c1
 .text.smpBuildSecurityReq
                0x000000000000f5b2       0x1a C:\Users\19156\Desktop\DualModeKeyboard\SDK\LIB\libCH57xBLE.a(sm.o)
                0x000000000000f5b2                smpBuildSecurityReq
 .text.smpInitiatorProcessPairingRsp
                0x000000000000f5cc      0x116 C:\Users\19156\Desktop\DualModeKeyboard\SDK\LIB\libCH57xBLE.a(sm.o)
                0x000000000000f5cc                smpInitiatorProcessPairingRsp
 .text.smpInitiatorProcessIncoming
                0x000000000000f6e2      0x23e C:\Users\19156\Desktop\DualModeKeyboard\SDK\LIB\libCH57xBLE.a(sm.o)
                0x000000000000f6e2                smpInitiatorProcessIncoming
 .text.smpParseEncInfo
                0x000000000000f920       0x2a C:\Users\19156\Desktop\DualModeKeyboard\SDK\LIB\libCH57xBLE.a(sm.o)
                0x000000000000f920                smpParseEncInfo
 .text.smpParseIdentityAddrInfo