Archive member included to satisfy reference by file (symbol)

C:\Users\19156\Desktop\DualModeKeyboard\SDK\StdPeriphDriver\libISP573.a(ISP573.o)
                              ./StdPeriphDriver/CH57x_pwr.o (FLASH_EEPROM_CMD)
C:\Users\19156\Desktop\DualModeKeyboard\SDK\LIB\libCH57xBLE.a(message.o)
                              ./Profile/hiddev.o (tmos_msg_deallocate)
C:\Users\19156\Desktop\DualModeKeyboard\SDK\LIB\libCH57xBLE.a(tmos.o)
                              ./Profile/battservice.o (tmos_memcpy)
C:\Users\19156\Desktop\DualModeKeyboard\SDK\LIB\libCH57xBLE.a(tmos_hw.o)
                              C:\Users\19156\Desktop\DualModeKeyboard\SDK\LIB\libCH57xBLE.a(tmos.o) (RTC_Get32KClock)
C:\Users\19156\Desktop\DualModeKeyboard\SDK\LIB\libCH57xBLE.a(tmos_snv.o)
                              C:\Users\19156\Desktop\DualModeKeyboard\SDK\LIB\libCH57xBLE.a(tmos.o) (tmos_snv_init)
C:\Users\19156\Desktop\DualModeKeyboard\SDK\LIB\libCH57xBLE.a(gap.o)
                              ./Profile/hiddev.o (GAP_SetParamValue)
C:\Users\19156\Desktop\DualModeKeyboard\SDK\LIB\libCH57xBLE.a(gap_central.o)
                              C:\Users\19156\Desktop\DualModeKeyboard\SDK\LIB\libCH57xBLE.a(gap.o) (GAP_CentralParamInit)
C:\Users\19156\Desktop\DualModeKeyboard\SDK\LIB\libCH57xBLE.a(gap_peripheral.o)
                              C:\Users\19156\Desktop\DualModeKeyboard\SDK\LIB\libCH57xBLE.a(gap.o) (GAP_PeripheralParamInit)
C:\Users\19156\Desktop\DualModeKeyboard\SDK\LIB\libCH57xBLE.a(gapgattserver.o)
                              ./APP/app_ble.o (GGS_SetParameter)
C:\Users\19156\Desktop\DualModeKeyboard\SDK\LIB\libCH57xBLE.a(gatt.o)
                              ./Profile/battservice.o (GATT_bm_alloc)
C:\Users\19156\Desktop\DualModeKeyboard\SDK\LIB\libCH57xBLE.a(gatt_uuid.o)
                              ./Profile/battservice.o (reportRefUUID)
C:\Users\19156\Desktop\DualModeKeyboard\SDK\LIB\libCH57xBLE.a(gattclientapp.o)
                              C:\Users\19156\Desktop\DualModeKeyboard\SDK\LIB\libCH57xBLE.a(gatt.o) (gattGetClientStatus)
C:\Users\19156\Desktop\DualModeKeyboard\SDK\LIB\libCH57xBLE.a(gattservapp.o)
                              ./Profile/battservice.o (GATTServApp_ReadCharCfg)
C:\Users\19156\Desktop\DualModeKeyboard\SDK\LIB\libCH57xBLE.a(l2cap.o)
                              C:\Users\19156\Desktop\DualModeKeyboard\SDK\LIB\libCH57xBLE.a(gatt.o) (L2CAP_GetMTU)
C:\Users\19156\Desktop\DualModeKeyboard\SDK\LIB\libCH57xBLE.a(l2cap_input.o)
                              C:\Users\19156\Desktop\DualModeKeyboard\SDK\LIB\libCH57xBLE.a(l2cap.o) (l2capProcessRxData)
C:\Users\19156\Desktop\DualModeKeyboard\SDK\LIB\libCH57xBLE.a(l2cap_output.o)
                              C:\Users\19156\Desktop\DualModeKeyboard\SDK\LIB\libCH57xBLE.a(l2cap_input.o) (l2capNotifyData)
C:\Users\19156\Desktop\DualModeKeyboard\SDK\LIB\libCH57xBLE.a(l2cap_sdu.o)
                              C:\Users\19156\Desktop\DualModeKeyboard\SDK\LIB\libCH57xBLE.a(l2cap_input.o) (l2capBuildDisconnectRsp)
C:\Users\19156\Desktop\DualModeKeyboard\SDK\LIB\libCH57xBLE.a(linkdb.o)
                              C:\Users\19156\Desktop\DualModeKeyboard\SDK\LIB\libCH57xBLE.a(l2cap.o) (linkDB_Init)
C:\Users\19156\Desktop\DualModeKeyboard\SDK\LIB\libCH57xBLE.a(sm.o)
                              C:\Users\19156\Desktop\DualModeKeyboard\SDK\LIB\libCH57xBLE.a(gap.o) (smStartEncryption)
C:\Users\19156\Desktop\DualModeKeyboard\SDK\LIB\libCH57xBLE.a(host_input.o)
                              C:\Users\19156\Desktop\DualModeKeyboard\SDK\LIB\libCH57xBLE.a(gap.o) (gBleHostPara)
C:\Users\19156\Desktop\DualModeKeyboard\SDK\LIB\libCH57xBLE.a(host_output.o)
                              C:\Users\19156\Desktop\DualModeKeyboard\SDK\LIB\libCH57xBLE.a(gap.o) (HCI_DisconnectCmd)
C:\Users\19156\Desktop\DualModeKeyboard\SDK\LIB\libCH57xBLE.a(ll_connect.o)
                              C:\Users\19156\Desktop\DualModeKeyboard\SDK\LIB\libCH57xBLE.a(tmos.o) (LL_GetNextConnectEventTime)
C:\Users\19156\Desktop\DualModeKeyboard\SDK\LIB\libCH57xBLE.a(ll_core.o)
                              C:\Users\19156\Desktop\DualModeKeyboard\SDK\LIB\libCH57xBLE.a(ll_connect.o) (LL_CoreGetCore)
C:\Users\19156\Desktop\DualModeKeyboard\SDK\LIB\libCH57xBLE.a(ll_hop.o)
                              C:\Users\19156\Desktop\DualModeKeyboard\SDK\LIB\libCH57xBLE.a(ll_connect.o) (LL_HopGetChannel)
C:\Users\19156\Desktop\DualModeKeyboard\SDK\LIB\libCH57xBLE.a(ll_master.o)
                              C:\Users\19156\Desktop\DualModeKeyboard\SDK\LIB\libCH57xBLE.a(ll_connect.o) (ll_master_process)
C:\Users\19156\Desktop\DualModeKeyboard\SDK\LIB\libCH57xBLE.a(ll_pdu.o)
                              C:\Users\19156\Desktop\DualModeKeyboard\SDK\LIB\libCH57xBLE.a(ll_master.o) (LL_ConnectionUpdateReq)
C:\Users\19156\Desktop\DualModeKeyboard\SDK\LIB\libCH57xBLE.a(ll_report.o)
                              C:\Users\19156\Desktop\DualModeKeyboard\SDK\LIB\libCH57xBLE.a(ll_connect.o) (LL_ReportGenerateEvent)
[...]
Memory Configuration

Name             Origin             Length             Attributes
FLASH            0x0000000000000000 0x0000000000070000 xr
RAM              0x0000000020003800 0x0000000000004800 xrw
*default*        0x0000000000000000 0xffffffffffffffff

Linker script and memory map

LOAD ./StdPeriphDriver/CH57x_adc.o
LOAD ./StdPeriphDriver/CH57x_clk.o
LOAD ./StdPeriphDriver/CH57x_flash.o
LOAD ./StdPeriphDriver/CH57x_gpio.o
LOAD ./StdPeriphDriver/CH57x_pwr.o
LOAD ./StdPeriphDriver/CH57x_sys.o
LOAD ./StdPeriphDriver/CH57x_uart0.o
LOAD ./StdPeriphDriver/CH57x_uart1.o
LOAD ./StdPeriphDriver/CH57x_usbdev.o
LOAD ./Startup/startup_CH573.o
LOAD ./RVMSIS/core_riscv.o
LOAD ./Profile/battservice.o
LOAD ./Profile/devinfoservice.o
LOAD ./Profile/hiddev.o
LOAD ./Profile/hidkbdservice.o
LOAD ./Profile/scanparamservice.o
LOAD ./HAL/MCU.o
LOAD ./HAL/RTC.o
LOAD ./HAL/SLEEP.o
LOAD ./APP/MAIN.o
LOAD ./APP/app_ble.o
LOAD ./APP/app_usb.o
LOAD ./APP/keyin.o
LOAD ./APP/led.o
LOAD ./APP/protocol.o
LOAD ./APP/usercfg.o
LOAD C:\Users\19156\Desktop\DualModeKeyboard\SDK\StdPeriphDriver\libISP573.a
LOAD C:\Users\19156\Desktop\DualModeKeyboard\SDK\LIB\libCH57xBLE.a
LOAD c:/mounriver/mounriver_studio/toolchain/risc-v embedded gcc/bin/../lib/gcc/riscv-none-embed/8.2.0/rv32imac/ilp32\libgcc.a
LOAD c:/mounriver/mounriver_studio/toolchain/risc-v embedded gcc/bin/../lib/gcc/riscv-none-embed/8.2.0/../../../../riscv-none-embed/lib/rv32imac/ilp32\libg_nano.a
LOAD c:/mounriver/mounriver_studio/toolchain/risc-v embedded gcc/bin/../lib/gcc/riscv-none-embed/8.2.0/../../../../riscv-none-embed/lib/rv32imac/ilp32\libc_nano.a
LOAD c:/mounriver/mounriver_studio/toolchain/risc-v embedded gcc/bin/../lib/gcc/riscv-none-embed/8.2.0/rv32imac/ilp32\libgcc.a
START GROUP
LOAD c:/mounriver/mounriver_studio/toolchain/risc-v embedded gcc/bin/../lib/gcc/riscv-none-embed/8.2.0/rv32imac/ilp32\libgcc.a
LOAD c:/mounriver/mounriver_studio/toolchain/risc-v embedded gcc/bin/../lib/gcc/riscv-none-embed/8.2.0/../../../../riscv-none-embed/lib/rv32imac/ilp32\libc_nano.a
LOAD c:/mounriver/mounriver_studio/toolchain/risc-v embedded gcc/bin/../lib/gcc/riscv-none-embed/8.2.0/../../../../riscv-none-embed/lib/rv32imac/ilp32\libnosys.a
END GROUP
START GROUP
LOAD c:/mounriver/mounriver_studio/toolchain/risc-v embedded gcc/bin/../lib/gcc/riscv-none-embed/8.2.0/rv32imac/ilp32\libgcc.a
LOAD c:/mounriver/mounriver_studio/toolchain/risc-v embedded gcc/bin/../lib/gcc/riscv-none-embed/8.2.0/../../../../riscv-none-embed/lib/rv32imac/ilp32\libc_nano.a
LOAD c:/mounriver/mounriver_studio/toolchain/risc-v embedded gcc/bin/../lib/gcc/riscv-none-embed/8.2.0/../../../../riscv-none-embed/lib/rv32imac/ilp32\libnosys.a
END GROUP

.init           0x0000000000000000        0x4
                0x0000000000000000                _sinit = .
                0x0000000000000000                . = ALIGN (0x4)
 *(SORT_NONE(.init))
 .init          0x0000000000000000        0x4 ./Startup/startup_CH573.o
                0x0000000000000000                _start
                0x0000000000000004                . = ALIGN (0x4)
                0x0000000000000004                _einit = .

.highcodelalign
                0x0000000000000004        0x0
                0x0000000000000004                . = ALIGN (0x4)
                0x0000000000000004                PROVIDE (_highcode_lma = .)

.highcode       0x0000000020003800     0x11c8 load address 0x0000000000000004
                0x0000000020003800                . = ALIGN (0x4)
                0x0000000020003800                PROVIDE (_highcode_vma_start = .)
 *(.vector)
 .vector        0x0000000020003800       0x90 ./Startup/startup_CH573.o
 *(SORT_NONE(.vector_handler))
 .vector_handler
                0x0000000020003890       0x2c ./Startup/startup_CH573.o
                0x0000000020003890                NMI_Handler
                0x0000000020003894                SysTick_Handler
                0x0000000020003896                SW_Handler
                0x0000000020003898                TMR0_IRQHandler
                0x000000002000389a                GPIOA_IRQHandler
                0x000000002000389c                GPIOB_IRQHandler
                0x000000002000389e                SPI0_IRQHandler
                0x00000000200038a0                BB_IRQHandler
                0x00000000200038a2                LLE_IRQHandler
                0x00000000200038a6                TMR1_IRQHandler
                0x00000000200038a8                TMR2_IRQHandler
                0x00000000200038aa                UART0_IRQHandler
                0x00000000200038ac                UART1_IRQHandler
                0x00000000200038b0                ADC_IRQHandler
                0x00000000200038b2                PWMX_IRQHandler
                0x00000000200038b4                TMR3_IRQHandler
                0x00000000200038b6                UART2_IRQHandler
                0x00000000200038b8                UART3_IRQHandler
                0x00000000200038ba                WDOG_BAT_IRQHandler
 *(.highcode)
 .highcode      0x00000000200038bc       0x4a ./StdPeriphDriver/CH57x_clk.o
                0x00000000200038bc                Get_Calibration_Cnt_RAM
 .highcode      0x0000000020003906      0x1a8 ./StdPeriphDriver/CH57x_sys.o
                0x0000000020003906                SetSysClock
                0x0000000020003a02                SYS_ResetExecute
                0x0000000020003a3a                HardFault_Handler
                0x0000000020003a78                mDelayuS
                0x0000000020003a86                mDelaymS
 .highcode      0x0000000020003aae       0x16 ./HAL/RTC.o
                0x0000000020003aae                RTC_IRQHandler
 .highcode      0x0000000020003ac4        0x8 ./APP/MAIN.o
                0x0000000020003ac4                Main_Circulation
 .highcode      0x0000000020003acc        0xc ./APP/app_usb.o
                0x0000000020003acc                USB_IRQHandler
 .highcode      0x0000000020003ad8      0x3ee C:\Users\19156\Desktop\DualModeKeyboard\SDK\StdPeriphDriver\libISP573.a(ISP573.o)
                0x0000000020003ad8                FLASH_ROM_BEG
                0x0000000020003aea                FLASH_ROM_END
                0x0000000020003af8                FLASH_ROM_IN
                0x0000000020003b06                FLASH_ROM_OUT
                0x0000000020003b14                FLASH_ROM_ADDR
                0x0000000020003b5c                FLASH_ROM_WAIT
                0x0000000020003b94                FLASH_EEPROM_CMD
 .highcode      0x0000000020003ec6      0x230 C:\Users\19156\Desktop\DualModeKeyboard\SDK\LIB\libCH57xBLE.a(tmos.o)
                0x0000000020003ee2                tmos_memcpy
                0x0000000020003f02                tmos_memcpy_word
                0x0000000020003f1e                TMOS_SystemProcess
 .highcode      0x00000000200040f6       0xc2 C:\Users\19156\Desktop\DualModeKeyboard\SDK\LIB\libCH57xBLE.a(tmos_hw.o)
                0x00000000200040f6                BLE_GetHSEClock
                0x0000000020004134                RTC_Get32KClock
                0x000000002000414c                SYS_GetTickCount
 .highcode      0x00000000200041b8      0x128 C:\Users\19156\Desktop\DualModeKeyboard\SDK\LIB\libCH57xBLE.a(ll_connect.o)
                0x00000000200041b8                ll_connect_process_data
                0x0000000020004206                ll_connect_event_continue
 .highcode      0x00000000200042e0      0x1c4 C:\Users\19156\Desktop\DualModeKeyboard\SDK\LIB\libCH57xBLE.a(bb.o)
                0x00000000200042e0                BB_IRQLibHandler
                0x000000002000445a                BB_IRQLibFunction
 .highcode      0x00000000200044a4      0x198 C:\Users\19156\Desktop\DualModeKeyboard\SDK\LIB\libCH57xBLE.a(ip.o)
                0x00000000200044a4                ll_tx_wait_finish
                0x00000000200044d0                ll_tx_wait_tx_dma
                0x000000002000452e                ll_rx_wait_finish
                0x0000000020004564                ll_rx_wait_tx_dma
                0x00000000200045b2                ble_ll_chkcrc
 .highcode      0x000000002000463c      0x1a4 C:\Users\19156\Desktop\DualModeKeyboard\SDK\LIB\libCH57xBLE.a(lle.o)
                0x000000002000463c                LLE_IRQLibHandler
                0x0000000020004796                LLE_IRQLibFunction
 .highcode      0x00000000200047e0       0x82 C:\Users\19156\Desktop\DualModeKeyboard\SDK\LIB\libCH57xBLE.a(rf_fh.o)
                0x00000000200047e0                RF_HopGetChannel
 .highcode      0x0000000020004862       0x2c C:\Users\19156\Desktop\DualModeKeyboard\SDK\LIB\libCH57xBLE.a(rfend.o)
                0x0000000020004862                RFEND_WaitTune
 .highcode      0x000000002000488e      0x13a C:\Users\19156\Desktop\DualModeKeyboard\SDK\LIB\libCH57xBLE.a(memory.o)
                0x000000002000488e                tmos_memory_allocate
                0x0000000020004928                tmos_memory_free
 *(.highcode.*)
                0x00000000200049c8                . = ALIGN (0x4)
 *fill*         0x00000000200049c8        0x0 
                0x00000000200049c8                PROVIDE (_highcode_vma_end = .)

.text           0x00000000000011d0    0x1d498
                0x00000000000011d0                . = ALIGN (0x4)
 *(SORT_NONE(.handle_reset))
 .handle_reset  0x00000000000011d0       0xa2 ./Startup/startup_CH573.o
                0x00000000000011d0                handle_reset
 *(.text)
 .text          0x0000000000001272       0xa8 c:/mounriver/mounriver_studio/toolchain/risc-v embedded gcc/bin/../lib/gcc/riscv-none-embed/8.2.0/../../../../riscv-none-embed/lib/rv32imac/ilp32\libg_nano.a(lib_a-memset.o)
                0x0000000000001272                memset
 *(.text.*)
 .text.ADC_InterTSSampInit
                0x000000000000131a       0x28 ./StdPeriphDriver/CH57x_adc.o
                0x000000000000131a                ADC_InterTSSampInit
 .text.Calibration_LSI_FLASH
                0x0000000000001342      0x284 ./StdPeriphDriver/CH57x_clk.o
                0x0000000000001342                Calibration_LSI_FLASH
 .text.Calibration_LSI_RAM
                0x00000000000015c6      0x23e ./StdPeriphDriver/CH57x_clk.o
                0x00000000000015c6                Calibration_LSI_RAM
 .text.RTC_InitTime
                0x0000000000001804      0x134 ./StdPeriphDriver/CH57x_clk.o
                0x0000000000001804                RTC_InitTime
 .text.GPIOA_ModeCfg
                0x0000000000001938       0xa6 ./StdPeriphDriver/CH57x_gpio.o
                0x0000000000001938                GPIOA_ModeCfg
 .text.GPIOB_ModeCfg
                0x00000000000019de       0xa6 ./StdPeriphDriver/CH57x_gpio.o
                0x00000000000019de                GPIOB_ModeCfg
 .text.SYS_GetSysTickCnt
                0x0000000000001a84        0xa ./StdPeriphDriver/CH57x_sys.o
                0x0000000000001a84                SYS_GetSysTickCnt
 .text.USB_DeviceInit
                0x0000000000001a8e       0x7e ./StdPeriphDriver/CH57x_usbdev.o
                0x0000000000001a8e                USB_DeviceInit
 .text.DevEP1_IN_Deal
                0x0000000000001b0c       0x16 ./StdPeriphDriver/CH57x_usbdev.o
                0x0000000000001b0c                DevEP1_IN_Deal
 .text.DevEP2_IN_Deal
                0x0000000000001b22       0x16 ./StdPeriphDriver/CH57x_usbdev.o
                0x0000000000001b22                DevEP2_IN_Deal
 .text.DevEP3_IN_Deal
                0x0000000000001b38       0x16 ./StdPeriphDriver/CH57x_usbdev.o
                0x0000000000001b38                DevEP3_IN_Deal
 .text.battMeasure
                0x0000000000001b4e       0x7c ./Profile/battservice.o
 .text.battWriteAttrCB
                0x0000000000001bca       0x5e ./Profile/battservice.o
 .text.battReadAttrCB
                0x0000000000001c28       0x7e ./Profile/battservice.o
 .text.battNotifyCB
                0x0000000000001ca6       0x76 ./Profile/battservice.o
 .text.Batt_AddService
                0x0000000000001d1c       0x2c ./Profile/battservice.o
                0x0000000000001d1c                Batt_AddService
 .text.Batt_Register
                0x0000000000001d48        0x6 ./Profile/battservice.o
                0x0000000000001d48                Batt_Register
 .text.Batt_SetParameter
                0x0000000000001d4e       0x3a ./Profile/battservice.o
                0x0000000000001d4e                Batt_SetParameter
 .text.Batt_GetParameter
                0x0000000000001d88       0x6a ./Profile/battservice.o
                0x0000000000001d88                Batt_GetParameter
 .text.Batt_MeasLevel
                0x0000000000001df2       0x2e ./Profile/battservice.o
                0x0000000000001df2                Batt_MeasLevel
 .text.Batt_HandleConnStatusCB
                0x0000000000001e20       0x3e ./Profile/battservice.o
                0x0000000000001e20                Batt_HandleConnStatusCB
 .text.devInfo_ReadAttrCB
                0x0000000000001e5e      0x196 ./Profile/devinfoservice.o
 .text.DevInfo_AddService
                0x0000000000001ff4       0x18 ./Profile/devinfoservice.o
                0x0000000000001ff4                DevInfo_AddService
 .text.hidDevParamUpdateCB
                0x000000000000200c        0x2 ./Profile/hiddev.o
 .text.hidDevScanParamCB
                0x000000000000200e        0x2 ./Profile/hiddev.o
 .text.hidDevRptByHandle
                0x0000000000002010       0x30 ./Profile/hiddev.o
 .text.hidDevBattCB
                0x0000000000002040       0x28 ./Profile/hiddev.o
 .text.hidDevPairStateCB
                0x0000000000002068       0x28 ./Profile/hiddev.o
 .text.hidDevPasscodeCB
                0x0000000000002090       0x34 ./Profile/hiddev.o
 .text.HidDev_ProcessEvent
                0x00000000000020c4       0x6c ./Profile/hiddev.o
                0x00000000000020c4                HidDev_ProcessEvent
 .text.hidDevGapStateCB
                0x0000000000002130      0x17c ./Profile/hiddev.o
 .text.HidDev_Init
                0x00000000000022ac       0x66 ./Profile/hiddev.o
                0x00000000000022ac                HidDev_Init
 .text.HidDev_Register
                0x0000000000002312        0xa ./Profile/hiddev.o
                0x0000000000002312                HidDev_Register
 .text.HidDev_RegisterReports
                0x000000000000231c        0xa ./Profile/hiddev.o
                0x000000000000231c                HidDev_RegisterReports
 .text.HidDev_Report
                0x0000000000002326       0xda ./Profile/hiddev.o
                0x0000000000002326                HidDev_Report
 .text.HidDev_Start
                0x0000000000002400       0x1e ./Profile/hiddev.o
                0x0000000000002400                HidDev_Start
 .text.HidDev_Close
                0x000000000000241e       0x30 ./Profile/hiddev.o
                0x000000000000241e                HidDev_Close
 .text.HidDev_ReadAttrCB
                0x000000000000244e      0x104 ./Profile/hiddev.o
                0x000000000000244e                HidDev_ReadAttrCB
 .text.HidDev_WriteAttrCB
                0x0000000000002552      0x146 ./Profile/hiddev.o
                0x0000000000002552                HidDev_WriteAttrCB
 .text.Hid_AddService
                0x0000000000002698      0x134 ./Profile/hidkbdservice.o
                0x0000000000002698                Hid_AddService
 .text.Hid_SetParameter
                0x00000000000027cc       0x5a ./Profile/hidkbdservice.o
                0x00000000000027cc                Hid_SetParameter
 .text.Hid_GetParameter
                0x0000000000002826       0x42 ./Profile/hidkbdservice.o
                0x0000000000002826                Hid_GetParameter
 .text.scanParamReadAttrCB
                0x0000000000002868        0x4 ./Profile/scanparamservice.o
 .text.scanParamWriteAttrCB
                0x000000000000286c       0x66 ./Profile/scanparamservice.o
 .text.ScanParam_AddService
                0x00000000000028d2       0x2c ./Profile/scanparamservice.o
                0x00000000000028d2                ScanParam_AddService
 .text.ScanParam_Register
                0x00000000000028fe        0x6 ./Profile/scanparamservice.o
                0x00000000000028fe                ScanParam_Register
 .text.ScanParam_RefreshNotify
                0x0000000000002904       0x5c ./Profile/scanparamservice.o
                0x0000000000002904                ScanParam_RefreshNotify
 .text.ScanParam_HandleConnStatusCB
                0x0000000000002960       0x3e ./Profile/scanparamservice.o
                0x0000000000002960                ScanParam_HandleConnStatusCB
 .text.Lib_Calibration_LSI
                0x000000000000299e       0x30 ./HAL/MCU.o
                0x000000000000299e                Lib_Calibration_LSI
 .text.Lib_Read_Flash
                0x00000000000029ce       0x1c ./HAL/MCU.o
                0x00000000000029ce                Lib_Read_Flash
 .text.Lib_Write_Flash
                0x00000000000029ea       0x40 ./HAL/MCU.o
                0x00000000000029ea                Lib_Write_Flash
 .text.HAL_GetInterTempValue
                0x0000000000002a2a       0x72 ./HAL/MCU.o
                0x0000000000002a2a                HAL_GetInterTempValue
 .text.HAL_ProcessEvent
                0x0000000000002a9c       0x72 ./HAL/MCU.o
                0x0000000000002a9c                HAL_ProcessEvent
 .text.CH57X_BLEInit
                0x0000000000002b0e      0x114 ./HAL/MCU.o
                0x0000000000002b0e                CH57X_BLEInit
 .text.HAL_Init
                0x0000000000002c22       0x34 ./HAL/MCU.o
                0x0000000000002c22                HAL_Init
 .text.HAL_TimeInit
                0x0000000000002c56       0x5e ./HAL/RTC.o
                0x0000000000002c56                HAL_TimeInit
 .text.startup.main
                0x0000000000002cb4       0x80 ./APP/MAIN.o
                0x0000000000002cb4                main
 .text.hidEmuEvtCB
                0x0000000000002d34        0x2 ./APP/app_ble.o
 .text.hidEmuStateCB
                0x0000000000002d36       0x44 ./APP/app_ble.o
 .text.hidEmuRptCB
                0x0000000000002d7a       0x44 ./APP/app_ble.o
 .text.HidEmu_ProcessEvent
                0x0000000000002dbe       0x66 ./APP/app_ble.o
                0x0000000000002dbe                HidEmu_ProcessEvent
 .text.HidEmu_Init
                0x0000000000002e24       0xec ./APP/app_ble.o
                0x0000000000002e24                HidEmu_Init
 .text.hidEmuSendReport
                0x0000000000002f10       0x50 ./APP/app_ble.o
                0x0000000000002f10                hidEmuSendReport
 .text.USB_Init
                0x0000000000002f60       0x4a ./APP/app_usb.o
                0x0000000000002f60                USB_Init
 .text.USB_BulkTrans
                0x0000000000002faa      0x150 ./APP/app_usb.o
                0x0000000000002faa                USB_BulkTrans
 .text.DevEP4_OUT_Deal
                0x00000000000030fa        0xc ./APP/app_usb.o
                0x00000000000030fa                DevEP4_OUT_Deal
 .text.USB_DevTransProcess
                0x0000000000003106      0x76e ./APP/app_usb.o
                0x0000000000003106                USB_DevTransProcess
 .text.TMOS_Keys_TaskManager
                0x0000000000003874      0x170 ./APP/keyin.o
 .text.TMOS_Enco_Debounce
                0x00000000000039e4       0xda ./APP/keyin.o
 .text.TMOS_Keys_Debounce
                0x0000000000003abe      0x242 ./APP/keyin.o
 .text.TMOS_Keys_TransMacro
                0x0000000000003d00      0xa02 ./APP/keyin.o
 .text.Keyin_Init
                0x0000000000004702       0xc0 ./APP/keyin.o
                0x0000000000004702                Keyin_Init
 .text.TMOSTASK_ProtoCtrl_UploadData
                0x00000000000047c2       0x92 ./APP/protocol.o
 .text.TMOSTASK_ProtoCtrl_Fresh
                0x0000000000004854       0x9c ./APP/protocol.o
 .text.ProtoCtrl_Init
                0x00000000000048f0       0x82 ./APP/protocol.o
                0x00000000000048f0                ProtoCtrl_Init
 .text.UserCfg_Read_Setting
                0x0000000000004972       0x16 ./APP/usercfg.o
                0x0000000000004972                UserCfg_Read_Setting
 .text.UserCfg_Write_Setting
                0x0000000000004988       0x30 ./APP/usercfg.o
                0x0000000000004988                UserCfg_Write_Setting
 .text.KeyCfg_Read_Setting
                0x00000000000049b8       0x1a ./APP/usercfg.o
                0x00000000000049b8                KeyCfg_Read_Setting
 .text.KeyCfg_Write_Setting
                0x00000000000049d2       0x66 ./APP/usercfg.o
                0x00000000000049d2                KeyCfg_Write_Setting
 .text.UserCfg_Init
                0x0000000000004a38      0x1aa ./APP/usercfg.o
                0x0000000000004a38                UserCfg_Init
 .text.KeyCfg_JumpNext
                0x0000000000004be2       0x5c ./APP/usercfg.o
                0x0000000000004be2                KeyCfg_JumpNext
 .text.tmos_msg_enqueue
                0x0000000000004c3e       0x1e C:\Users\19156\Desktop\DualModeKeyboard\SDK\LIB\libCH57xBLE.a(message.o)
                0x0000000000004c3e                tmos_msg_enqueue
 .text.tmos_msg_deallocate
                0x0000000000004c5c       0x2c C:\Users\19156\Desktop\DualModeKeyboard\SDK\LIB\libCH57xBLE.a(message.o)
                0x0000000000004c5c                tmos_msg_deallocate
 .text.tmos_msg_allocate
                0x0000000000004c88       0x3e C:\Users\19156\Desktop\DualModeKeyboard\SDK\LIB\libCH57xBLE.a(message.o)
                0x0000000000004c88                tmos_msg_allocate
 .text.tmos_msg_receive
                0x0000000000004cc6       0x68 C:\Users\19156\Desktop\DualModeKeyboard\SDK\LIB\libCH57xBLE.a(message.o)
                0x0000000000004cc6                tmos_msg_receive
 .text.tmos_msg_send
                0x0000000000004d2e       0x56 C:\Users\19156\Desktop\DualModeKeyboard\SDK\LIB\libCH57xBLE.a(message.o)
                0x0000000000004d2e                tmos_msg_send
 .text.tmos_msg_init
                0x0000000000004d84        0x6 C:\Users\19156\Desktop\DualModeKeyboard\SDK\LIB\libCH57xBLE.a(message.o)
                0x0000000000004d84                tmos_msg_init
 .text.tmosFindTask
                0x0000000000004d8a       0x20 C:\Users\19156\Desktop\DualModeKeyboard\SDK\LIB\libCH57xBLE.a(tmos.o)
 .text.TMOS_CbTimerProcessEvent
                0x0000000000004daa       0x7c C:\Users\19156\Desktop\DualModeKeyboard\SDK\LIB\libCH57xBLE.a(tmos.o)
                0x0000000000004daa                TMOS_CbTimerProcessEvent
 .text.tmos_rand
                0x0000000000004e26       0x54 C:\Users\19156\Desktop\DualModeKeyboard\SDK\LIB\libCH57xBLE.a(tmos.o)
                0x0000000000004e26                tmos_rand
 .text.tmos_query_sleep_time
                0x0000000000004e7a      0x178 C:\Users\19156\Desktop\DualModeKeyboard\SDK\LIB\libCH57xBLE.a(tmos.o)
                0x0000000000004e7a                tmos_query_sleep_time
 .text.tmos_memset
                0x0000000000004ff2       0x12 C:\Users\19156\Desktop\DualModeKeyboard\SDK\LIB\libCH57xBLE.a(tmos.o)
                0x0000000000004ff2                tmos_memset
 .text.tmos_strlen
                0x0000000000005004       0x14 C:\Users\19156\Desktop\DualModeKeyboard\SDK\LIB\libCH57xBLE.a(tmos.o)
                0x0000000000005004                tmos_strlen
 .text.tmos_memdup
                0x0000000000005018       0x3c C:\Users\19156\Desktop\DualModeKeyboard\SDK\LIB\libCH57xBLE.a(tmos.o)
                0x0000000000005018                tmos_memdup
 .text.tmos_memcmp
                0x0000000000005054       0x24 C:\Users\19156\Desktop\DualModeKeyboard\SDK\LIB\libCH57xBLE.a(tmos.o)
                0x0000000000005054                tmos_memcmp
 .text.tmos_revmemcpy
                0x0000000000005078       0x1c C:\Users\19156\Desktop\DualModeKeyboard\SDK\LIB\libCH57xBLE.a(tmos.o)
                0x0000000000005078                tmos_revmemcpy
 .text.tmos_isbufset
                0x0000000000005094       0x1e C:\Users\19156\Desktop\DualModeKeyboard\SDK\LIB\libCH57xBLE.a(tmos.o)
                0x0000000000005094                tmos_isbufset
 .text.tmos_set_event
                0x00000000000050b2       0x2a C:\Users\19156\Desktop\DualModeKeyboard\SDK\LIB\libCH57xBLE.a(tmos.o)
                0x00000000000050b2                tmos_set_event
 .text.tmos_query_system_time
                0x00000000000050dc       0xce C:\Users\19156\Desktop\DualModeKeyboard\SDK\LIB\libCH57xBLE.a(tmos.o)
                0x00000000000050dc                tmos_query_system_time
 .text.tmos_clear_event
                0x00000000000051aa       0x2e C:\Users\19156\Desktop\DualModeKeyboard\SDK\LIB\libCH57xBLE.a(tmos.o)
                0x00000000000051aa                tmos_clear_event
 .text.tmos_start_task
                0x00000000000051d8       0x90 C:\Users\19156\Desktop\DualModeKeyboard\SDK\LIB\libCH57xBLE.a(tmos.o)
                0x00000000000051d8                tmos_start_task
 .text.tmos_start_callback_task
                0x0000000000005268       0xac C:\Users\19156\Desktop\DualModeKeyboard\SDK\LIB\libCH57xBLE.a(tmos.o)
                0x0000000000005268                tmos_start_callback_task
 .text.tmos_start_reload_task
                0x0000000000005314       0x30 C:\Users\19156\Desktop\DualModeKeyboard\SDK\LIB\libCH57xBLE.a(tmos.o)
                0x0000000000005314                tmos_start_reload_task
 .text.tmos_stop_task
                0x0000000000005344       0x42 C:\Users\19156\Desktop\DualModeKeyboard\SDK\LIB\libCH57xBLE.a(tmos.o)
                0x0000000000005344                tmos_stop_task
 .text.tmos_stop_callback_task
                0x0000000000005386       0x5c C:\Users\19156\Desktop\DualModeKeyboard\SDK\LIB\libCH57xBLE.a(tmos.o)
                0x0000000000005386                tmos_stop_callback_task
 .text.tmos_get_task_timer
                0x00000000000053e2       0x16 C:\Users\19156\Desktop\DualModeKeyboard\SDK\LIB\libCH57xBLE.a(tmos.o)
                0x00000000000053e2                tmos_get_task_timer
 .text.tmos_update_callback_timer
                0x00000000000053f8       0x62 C:\Users\19156\Desktop\DualModeKeyboard\SDK\LIB\libCH57xBLE.a(tmos.o)
                0x00000000000053f8                tmos_update_callback_timer
 .text.TMOS_Set32KTuneValue
                0x000000000000545a        0xa C:\Users\19156\Desktop\DualModeKeyboard\SDK\LIB\libCH57xBLE.a(tmos.o)
                0x000000000000545a                TMOS_Set32KTuneValue
 .text.TMOS_TimerRegister
                0x0000000000005464       0x1a C:\Users\19156\Desktop\DualModeKeyboard\SDK\LIB\libCH57xBLE.a(tmos.o)
                0x0000000000005464                TMOS_TimerRegister
 .text.TMOS_ProcessRegister
                0x000000000000547e       0x16 C:\Users\19156\Desktop\DualModeKeyboard\SDK\LIB\libCH57xBLE.a(tmos.o)
                0x000000000000547e                TMOS_ProcessRegister
 .text.TMOS_Init
                0x0000000000005494       0xea C:\Users\19156\Desktop\DualModeKeyboard\SDK\LIB\libCH57xBLE.a(tmos.o)
                0x0000000000005494                TMOS_Init
 .text.TMOS_ProcessEventRegister
                0x000000000000557e       0x38 C:\Users\19156\Desktop\DualModeKeyboard\SDK\LIB\libCH57xBLE.a(tmos.o)
                0x000000000000557e                TMOS_ProcessEventRegister
 .text.BLE_LibInit
                0x00000000000055b6      0x1a4 C:\Users\19156\Desktop\DualModeKeyboard\SDK\LIB\libCH57xBLE.a(tmos.o)
                0x00000000000055b6                BLE_LibInit
 .text.ble_ll_common_rand8
                0x000000000000575a       0x24 C:\Users\19156\Desktop\DualModeKeyboard\SDK\LIB\libCH57xBLE.a(tmos_hw.o)
                0x000000000000575a                ble_ll_common_rand8
 .text.ble_ll_common_rand16
                0x000000000000577e       0x24 C:\Users\19156\Desktop\DualModeKeyboard\SDK\LIB\libCH57xBLE.a(tmos_hw.o)
                0x000000000000577e                ble_ll_common_rand16
 .text.ble_ll_common_rand32
                0x00000000000057a2       0x20 C:\Users\19156\Desktop\DualModeKeyboard\SDK\LIB\libCH57xBLE.a(tmos_hw.o)
                0x00000000000057a2                ble_ll_common_rand32
 .text.ll_hw_temp_sample
                0x00000000000057c2       0xc0 C:\Users\19156\Desktop\DualModeKeyboard\SDK\LIB\libCH57xBLE.a(tmos_hw.o)
                0x00000000000057c2                ll_hw_temp_sample
 .text.TMOS_TimerInit
                0x0000000000005882       0x5e C:\Users\19156\Desktop\DualModeKeyboard\SDK\LIB\libCH57xBLE.a(tmos_hw.o)
                0x0000000000005882                TMOS_TimerInit
 .text.tmos_snv_init
                0x00000000000058e0       0xbc C:\Users\19156\Desktop\DualModeKeyboard\SDK\LIB\libCH57xBLE.a(tmos_snv.o)
                0x00000000000058e0                tmos_snv_init
 .text.tmos_snv_clear
                0x000000000000599c       0xae C:\Users\19156\Desktop\DualModeKeyboard\SDK\LIB\libCH57xBLE.a(tmos_snv.o)
                0x000000000000599c                tmos_snv_clear
 .text.tmos_snv_read
                0x0000000000005a4a      0x292 C:\Users\19156\Desktop\DualModeKeyboard\SDK\LIB\libCH57xBLE.a(tmos_snv.o)
                0x0000000000005a4a                tmos_snv_read
 .text.tmos_snv_notify
                0x0000000000005cdc       0x5a C:\Users\19156\Desktop\DualModeKeyboard\SDK\LIB\libCH57xBLE.a(tmos_snv.o)
                0x0000000000005cdc                tmos_snv_notify
 .text.tmos_snv_write
                0x0000000000005d36      0x2ce C:\Users\19156\Desktop\DualModeKeyboard\SDK\LIB\libCH57xBLE.a(tmos_snv.o)
                0x0000000000005d36                tmos_snv_write
 .text.tmos_snv_compact
                0x0000000000006004        0x4 C:\Users\19156\Desktop\DualModeKeyboard\SDK\LIB\libCH57xBLE.a(tmos_snv.o)
                0x0000000000006004                tmos_snv_compact
 .text.disconnectNext
                0x0000000000006008       0x22 C:\Users\19156\Desktop\DualModeKeyboard\SDK\LIB\libCH57xBLE.a(gap.o)
 .text.GAP_ParamInit
                0x000000000000602a       0x80 C:\Users\19156\Desktop\DualModeKeyboard\SDK\LIB\libCH57xBLE.a(gap.o)
                0x000000000000602a                GAP_ParamInit
 .text.sendTerminateEvent
                0x00000000000060aa       0x58 C:\Users\19156\Desktop\DualModeKeyboard\SDK\LIB\libCH57xBLE.a(gap.o)
                0x00000000000060aa                sendTerminateEvent
 .text.gapRegisterCentral
                0x0000000000006102        0x6 C:\Users\19156\Desktop\DualModeKeyboard\SDK\LIB\libCH57xBLE.a(gap.o)
                0x0000000000006102                gapRegisterCentral
 .text.gapRegisterCentralConn
                0x0000000000006108        0x6 C:\Users\19156\Desktop\DualModeKeyboard\SDK\LIB\libCH57xBLE.a(gap.o)
                0x0000000000006108                gapRegisterCentralConn
 .text.gapRegisterPeripheral
                0x000000000000610e        0x6 C:\Users\19156\Desktop\DualModeKeyboard\SDK\LIB\libCH57xBLE.a(gap.o)
                0x000000000000610e                gapRegisterPeripheral
 .text.gapRegisterPeripheralConn
                0x0000000000006114        0x6 C:\Users\19156\Desktop\DualModeKeyboard\SDK\LIB\libCH57xBLE.a(gap.o)
                0x0000000000006114                gapRegisterPeripheralConn
 .text.smGenerateRandBuf
                0x000000000000611a       0x56 C:\Users\19156\Desktop\DualModeKeyboard\SDK\LIB\libCH57xBLE.a(gap.o)
                0x000000000000611a                smGenerateRandBuf
 .text.gapL2capConnParamUpdateReq
                0x0000000000006170       0x32 C:\Users\19156\Desktop\DualModeKeyboard\SDK\LIB\libCH57xBLE.a(gap.o)
                0x0000000000006170                gapL2capConnParamUpdateReq
 .text.gapValidADType
                0x00000000000061a2       0x16 C:\Users\19156\Desktop\DualModeKeyboard\SDK\LIB\libCH57xBLE.a(gap.o)
                0x00000000000061a2                gapValidADType
 .text.gapFindADType
                0x00000000000061b8       0x8e C:\Users\19156\Desktop\DualModeKeyboard\SDK\LIB\libCH57xBLE.a(gap.o)
                0x00000000000061b8                gapFindADType
 .text.GAP_SecParamsInit
                0x0000000000006246       0x9a C:\Users\19156\Desktop\DualModeKeyboard\SDK\LIB\libCH57xBLE.a(gap.o)
                0x0000000000006246                GAP_SecParamsInit
 .text.GAP_ParamsInit
                0x00000000000062e0       0x48 C:\Users\19156\Desktop\DualModeKeyboard\SDK\LIB\libCH57xBLE.a(gap.o)
                0x00000000000062e0                GAP_ParamsInit
 .text.gapAddAddrAdj
                0x0000000000006328       0x48 C:\Users\19156\Desktop\DualModeKeyboard\SDK\LIB\libCH57xBLE.a(gap.o)
                0x0000000000006328                gapAddAddrAdj
 .text.gapDetermineAddrType
                0x0000000000006370       0x28 C:\Users\19156\Desktop\DualModeKeyboard\SDK\LIB\libCH57xBLE.a(gap.o)
                0x0000000000006370                gapDetermineAddrType
 .text.gapFreeAuthLink
                0x0000000000006398       0x4a C:\Users\19156\Desktop\DualModeKeyboard\SDK\LIB\libCH57xBLE.a(gap.o)
                0x0000000000006398                gapFreeAuthLink
 .text.gapGetDevAddress
                0x00000000000063e2       0x24 C:\Users\19156\Desktop\DualModeKeyboard\SDK\LIB\libCH57xBLE.a(gap.o)
                0x00000000000063e2                gapGetDevAddress
 .text.gapGetDevAddressMode
                0x0000000000006406        0xa C:\Users\19156\Desktop\DualModeKeyboard\SDK\LIB\libCH57xBLE.a(gap.o)
                0x0000000000006406                gapGetDevAddressMode
 .text.gapGetIRK
                0x0000000000006410        0xc C:\Users\19156\Desktop\DualModeKeyboard\SDK\LIB\libCH57xBLE.a(gap.o)
                0x0000000000006410                gapGetIRK
 .text.gapGetSRK
                0x000000000000641c        0xc C:\Users\19156\Desktop\DualModeKeyboard\SDK\LIB\libCH57xBLE.a(gap.o)
                0x000000000000641c                gapGetSRK
 .text.gapGetSignCounter
                0x0000000000006428        0xe C:\Users\19156\Desktop\DualModeKeyboard\SDK\LIB\libCH57xBLE.a(gap.o)
                0x0000000000006428                gapGetSignCounter
 .text.gapIncSignCounter
                0x0000000000006436       0x28 C:\Users\19156\Desktop\DualModeKeyboard\SDK\LIB\libCH57xBLE.a(gap.o)
                0x0000000000006436                gapIncSignCounter
 .text.gapProcessConnEvt
                0x000000000000645e       0x48 C:\Users\19156\Desktop\DualModeKeyboard\SDK\LIB\libCH57xBLE.a(gap.o)
                0x000000000000645e                gapProcessConnEvt
 .text.gapProcessDisconnectCompleteEvt
                0x00000000000064a6       0xa8 C:\Users\19156\Desktop\DualModeKeyboard\SDK\LIB\libCH57xBLE.a(gap.o)
                0x00000000000064a6                gapProcessDisconnectCompleteEvt
 .text.sendAuthEvent
                0x000000000000654e      0x11a C:\Users\19156\Desktop\DualModeKeyboard\SDK\LIB\libCH57xBLE.a(gap.o)
                0x000000000000654e                sendAuthEvent
 .text.gapSendBondCompleteEvent
                0x0000000000006668       0x70 C:\Users\19156\Desktop\DualModeKeyboard\SDK\LIB\libCH57xBLE.a(gap.o)
                0x0000000000006668                gapSendBondCompleteEvent
 .text.gapSendPairingReqEvent
                0x00000000000066d8       0x92 C:\Users\19156\Desktop\DualModeKeyboard\SDK\LIB\libCH57xBLE.a(gap.o)
                0x00000000000066d8                gapSendPairingReqEvent
 .text.gapSendSlaveSecurityReqEvent
                0x000000000000676a       0x68 C:\Users\19156\Desktop\DualModeKeyboard\SDK\LIB\libCH57xBLE.a(gap.o)
                0x000000000000676a                gapSendSlaveSecurityReqEvent
 .text.gapSendDeviceInitDoneEvent
                0x00000000000067d2       0x88 C:\Users\19156\Desktop\DualModeKeyboard\SDK\LIB\libCH57xBLE.a(gap.o)
                0x00000000000067d2                gapSendDeviceInitDoneEvent
 .text.gapSendLinkUpdateEvent
                0x000000000000685a       0x84 C:\Users\19156\Desktop\DualModeKeyboard\SDK\LIB\libCH57xBLE.a(gap.o)
                0x000000000000685a                gapSendLinkUpdateEvent
 .text.gapSendEstLinkEvent
                0x00000000000068de       0xb8 C:\Users\19156\Desktop\DualModeKeyboard\SDK\LIB\libCH57xBLE.a(gap.o)
                0x00000000000068de                gapSendEstLinkEvent
 .text.gapProcessNewAddr
                0x0000000000006996       0x3e C:\Users\19156\Desktop\DualModeKeyboard\SDK\LIB\libCH57xBLE.a(gap.o)
                0x0000000000006996                gapProcessNewAddr
 .text.gapProcessRandomAddrComplete
                0x00000000000069d4       0xb6 C:\Users\19156\Desktop\DualModeKeyboard\SDK\LIB\libCH57xBLE.a(gap.o)
                0x00000000000069d4                gapProcessRandomAddrComplete
 .text.GAP_Authenticate
                0x0000000000006a8a       0xd2 C:\Users\19156\Desktop\DualModeKeyboard\SDK\LIB\libCH57xBLE.a(gap.o)
                0x0000000000006a8a                GAP_Authenticate
 .text.GAP_Bond
                0x0000000000006b5c       0xa2 C:\Users\19156\Desktop\DualModeKeyboard\SDK\LIB\libCH57xBLE.a(gap.o)
                0x0000000000006b5c                GAP_Bond
 .text.GAP_GetParamValue
                0x0000000000006bfe       0x1e C:\Users\19156\Desktop\DualModeKeyboard\SDK\LIB\libCH57xBLE.a(gap.o)
                0x0000000000006bfe                GAP_GetParamValue
 .text.GAP_PasscodeUpdate
                0x0000000000006c1c       0x50 C:\Users\19156\Desktop\DualModeKeyboard\SDK\LIB\libCH57xBLE.a(gap.o)
                0x0000000000006c1c                GAP_PasscodeUpdate
 .text.GAP_RegisterForMsgs
                0x0000000000006c6c        0x6 C:\Users\19156\Desktop\DualModeKeyboard\SDK\LIB\libCH57xBLE.a(gap.o)
                0x0000000000006c6c                GAP_RegisterForMsgs
 .text.GAP_ResolvePrivateAddr
                0x0000000000006c72        0x4 C:\Users\19156\Desktop\DualModeKeyboard\SDK\LIB\libCH57xBLE.a(gap.o)
                0x0000000000006c72                GAP_ResolvePrivateAddr
 .text.gapPairingCompleteCB
                0x0000000000006c76      0x188 C:\Users\19156\Desktop\DualModeKeyboard\SDK\LIB\libCH57xBLE.a(gap.o)
                0x0000000000006c76                gapPairingCompleteCB
 .text.gapPasskeyNeededCB
                0x0000000000006dfe       0x8e C:\Users\19156\Desktop\DualModeKeyboard\SDK\LIB\libCH57xBLE.a(gap.o)
                0x0000000000006dfe                gapPasskeyNeededCB
 .text.gapFreeEstLink
                0x0000000000006e8c       0x20 C:\Users\19156\Desktop\DualModeKeyboard\SDK\LIB\libCH57xBLE.a(gap.o)
                0x0000000000006e8c                gapFreeEstLink
 .text.gapUpdateConnSignCounter
                0x0000000000006eac       0x7a C:\Users\19156\Desktop\DualModeKeyboard\SDK\LIB\libCH57xBLE.a(gap.o)
                0x0000000000006eac                gapUpdateConnSignCounter
 .text.GAP_SendSlaveSecurityRequest
                0x0000000000006f26       0x4c C:\Users\19156\Desktop\DualModeKeyboard\SDK\LIB\libCH57xBLE.a(gap.o)
                0x0000000000006f26                GAP_SendSlaveSecurityRequest
 .text.GAP_Signable
                0x0000000000006f72       0x66 C:\Users\19156\Desktop\DualModeKeyboard\SDK\LIB\libCH57xBLE.a(gap.o)
                0x0000000000006f72                GAP_Signable
 .text.GAP_TerminateAuth
                0x0000000000006fd8       0x2a C:\Users\19156\Desktop\DualModeKeyboard\SDK\LIB\libCH57xBLE.a(gap.o)
                0x0000000000006fd8                GAP_TerminateAuth
 .text.GAP_NumActiveConnections
                0x0000000000007002        0x4 C:\Users\19156\Desktop\DualModeKeyboard\SDK\LIB\libCH57xBLE.a(gap.o)
                0x0000000000007002                GAP_NumActiveConnections
 .text.GAP_TerminateLinkReq
                0x0000000000007006       0x8e C:\Users\19156\Desktop\DualModeKeyboard\SDK\LIB\libCH57xBLE.a(gap.o)
                0x0000000000007006                GAP_TerminateLinkReq
 .text.GAP_SetParamValue
                0x0000000000007094       0x4a C:\Users\19156\Desktop\DualModeKeyboard\SDK\LIB\libCH57xBLE.a(gap.o)
                0x0000000000007094                GAP_SetParamValue
 .text.GAP_Init
                0x00000000000070de       0x44 C:\Users\19156\Desktop\DualModeKeyboard\SDK\LIB\libCH57xBLE.a(gap.o)
                0x00000000000070de                GAP_Init
 .text.GAP_ProcessEvent
                0x0000000000007122      0x578 C:\Users\19156\Desktop\DualModeKeyboard\SDK\LIB\libCH57xBLE.a(gap.o)
                0x0000000000007122                GAP_ProcessEvent
 .text.gapSendScanEnable
                0x000000000000769a       0x1e C:\Users\19156\Desktop\DualModeKeyboard\SDK\LIB\libCH57xBLE.a(gap_central.o)
 .text.gapCentProcessConnEvt
                0x00000000000076b8      0x148 C:\Users\19156\Desktop\DualModeKeyboard\SDK\LIB\libCH57xBLE.a(gap_central.o)
                0x00000000000076b8                gapCentProcessConnEvt
 .text.gapCancelLinkReq
                0x0000000000007800       0x38 C:\Users\19156\Desktop\DualModeKeyboard\SDK\LIB\libCH57xBLE.a(gap_central.o)
                0x0000000000007800                gapCancelLinkReq
 .text.GAP_CentralParamInit
                0x0000000000007838       0x4c C:\Users\19156\Desktop\DualModeKeyboard\SDK\LIB\libCH57xBLE.a(gap_central.o)
                0x0000000000007838                GAP_CentralParamInit
 .text.gapProcessAdvertDevInfo
                0x0000000000007884      0x23a C:\Users\19156\Desktop\DualModeKeyboard\SDK\LIB\libCH57xBLE.a(gap_central.o)
                0x0000000000007884                gapProcessAdvertDevInfo
 .text.gapFreeScanRecs
                0x0000000000007abe       0xa2 C:\Users\19156\Desktop\DualModeKeyboard\SDK\LIB\libCH57xBLE.a(gap_central.o)
                0x0000000000007abe                gapFreeScanRecs
 .text.gapSendDevDiscEvent
                0x0000000000007b60      0x124 C:\Users\19156\Desktop\DualModeKeyboard\SDK\LIB\libCH57xBLE.a(gap_central.o)
                0x0000000000007b60                gapSendDevDiscEvent
 .text.gapSetScanParamStatus.part.2
                0x0000000000007c84       0x42 C:\Users\19156\Desktop\DualModeKeyboard\SDK\LIB\libCH57xBLE.a(gap_central.o)
 .text.gapCentProcessHCICmdEvt
                0x0000000000007cc6       0x3c C:\Users\19156\Desktop\DualModeKeyboard\SDK\LIB\libCH57xBLE.a(gap_central.o)
                0x0000000000007cc6                gapCentProcessHCICmdEvt
 .text.gapProcessScanningEvt
                0x0000000000007d02      0x110 C:\Users\19156\Desktop\DualModeKeyboard\SDK\LIB\libCH57xBLE.a(gap_central.o)
                0x0000000000007d02                gapProcessScanningEvt
 .text.gapProcessScanningDirectEvt
                0x0000000000007e12       0xfe C:\Users\19156\Desktop\DualModeKeyboard\SDK\LIB\libCH57xBLE.a(gap_central.o)
                0x0000000000007e12                gapProcessScanningDirectEvt
 .text.GAP_CentConnRegister
                0x0000000000007f10       0x12 C:\Users\19156\Desktop\DualModeKeyboard\SDK\LIB\libCH57xBLE.a(gap_central.o)
                0x0000000000007f10                GAP_CentConnRegister
 .text.GAP_CentDevMgrInit
                0x0000000000007f22       0x94 C:\Users\19156\Desktop\DualModeKeyboard\SDK\LIB\libCH57xBLE.a(gap_central.o)
                0x0000000000007f22                GAP_CentDevMgrInit
 .text.gapFreeAdvertState
                0x0000000000007fb6       0x20 C:\Users\19156\Desktop\DualModeKeyboard\SDK\LIB\libCH57xBLE.a(gap_peripheral.o)
 .text.gapPeriProcessConnEvt
                0x0000000000007fd6       0xbc C:\Users\19156\Desktop\DualModeKeyboard\SDK\LIB\libCH57xBLE.a(gap_peripheral.o)
 .text.gapSetAdvParams
                0x0000000000008092       0x7e C:\Users\19156\Desktop\DualModeKeyboard\SDK\LIB\libCH57xBLE.a(gap_peripheral.o)
 .text.GAP_PeripheralParamInit
                0x0000000000008110       0x4a C:\Users\19156\Desktop\DualModeKeyboard\SDK\LIB\libCH57xBLE.a(gap_peripheral.o)
                0x0000000000008110                GAP_PeripheralParamInit
 .text.gapSendMakeDiscEvent
                0x000000000000815a       0x50 C:\Users\19156\Desktop\DualModeKeyboard\SDK\LIB\libCH57xBLE.a(gap_peripheral.o)
                0x000000000000815a                gapSendMakeDiscEvent
 .text.gapPeriProcessHCICmdCompleteEvt
                0x00000000000081aa      0x192 C:\Users\19156\Desktop\DualModeKeyboard\SDK\LIB\libCH57xBLE.a(gap_peripheral.o)
 .text.GAP_MakeDiscoverable
                0x000000000000833c       0xf0 C:\Users\19156\Desktop\DualModeKeyboard\SDK\LIB\libCH57xBLE.a(gap_peripheral.o)
                0x000000000000833c                GAP_MakeDiscoverable
 .text.GAP_EndDiscoverable
                0x000000000000842c       0x5c C:\Users\19156\Desktop\DualModeKeyboard\SDK\LIB\libCH57xBLE.a(gap_peripheral.o)
                0x000000000000842c                GAP_EndDiscoverable
 .text.gapProcessAdvertisingEvt
                0x0000000000008488       0x90 C:\Users\19156\Desktop\DualModeKeyboard\SDK\LIB\libCH57xBLE.a(gap_peripheral.o)
 .text.GAP_UpdateAdvertisingData
                0x0000000000008518       0xb8 C:\Users\19156\Desktop\DualModeKeyboard\SDK\LIB\libCH57xBLE.a(gap_peripheral.o)
                0x0000000000008518                GAP_UpdateAdvertisingData
 .text.GAP_ConfigDeviceAddr
                0x00000000000085d0      0x10e C:\Users\19156\Desktop\DualModeKeyboard\SDK\LIB\libCH57xBLE.a(gap_peripheral.o)
                0x00000000000085d0                GAP_ConfigDeviceAddr
 .text.GAP_PeriConnRegister
                0x00000000000086de       0x2a C:\Users\19156\Desktop\DualModeKeyboard\SDK\LIB\libCH57xBLE.a(gap_peripheral.o)
                0x00000000000086de                GAP_PeriConnRegister
 .text.GAP_PeriDevMgrInit
                0x0000000000008708       0xbc C:\Users\19156\Desktop\DualModeKeyboard\SDK\LIB\libCH57xBLE.a(gap_peripheral.o)
                0x0000000000008708                GAP_PeriDevMgrInit
 .text.ggs_SetAttrWPermit
                0x00000000000087c4       0x68 C:\Users\19156\Desktop\DualModeKeyboard\SDK\LIB\libCH57xBLE.a(gapgattserver.o)
 .text.ggs_ReadAttrCB
                0x000000000000882c      0x152 C:\Users\19156\Desktop\DualModeKeyboard\SDK\LIB\libCH57xBLE.a(gapgattserver.o)
 .text.ggs_WriteAttrCB
                0x000000000000897e      0x154 C:\Users\19156\Desktop\DualModeKeyboard\SDK\LIB\libCH57xBLE.a(gapgattserver.o)
 .text.GGS_ParamInit
                0x0000000000008ad2      0x23a C:\Users\19156\Desktop\DualModeKeyboard\SDK\LIB\libCH57xBLE.a(gapgattserver.o)
                0x0000000000008ad2                GGS_ParamInit
 .text.GGS_SetParameter
                0x0000000000008d0c       0xde C:\Users\19156\Desktop\DualModeKeyboard\SDK\LIB\libCH57xBLE.a(gapgattserver.o)
                0x0000000000008d0c                GGS_SetParameter
 .text.GGS_AddService
                0x0000000000008dea       0x2c C:\Users\19156\Desktop\DualModeKeyboard\SDK\LIB\libCH57xBLE.a(gapgattserver.o)
                0x0000000000008dea                GGS_AddService
 .text.GAP_DeviceInit
                0x0000000000008e16       0xd8 C:\Users\19156\Desktop\DualModeKeyboard\SDK\LIB\libCH57xBLE.a(gapgattserver.o)
                0x0000000000008e16                GAP_DeviceInit
 .text.gattGetPayload
                0x0000000000008eee       0x7e C:\Users\19156\Desktop\DualModeKeyboard\SDK\LIB\libCH57xBLE.a(gatt.o)
                0x0000000000008eee                gattGetPayload
 .text.gattNotifyEvent
                0x0000000000008f6c       0x80 C:\Users\19156\Desktop\DualModeKeyboard\SDK\LIB\libCH57xBLE.a(gatt.o)
                0x0000000000008f6c                gattNotifyEvent
 .text.gattSendFlowCtrlEvt
                0x0000000000008fec       0x4a C:\Users\19156\Desktop\DualModeKeyboard\SDK\LIB\libCH57xBLE.a(gatt.o)
                0x0000000000008fec                gattSendFlowCtrlEvt
 .text.gattStartTimer
                0x0000000000009036        0xc C:\Users\19156\Desktop\DualModeKeyboard\SDK\LIB\libCH57xBLE.a(gatt.o)
                0x0000000000009036                gattStartTimer
 .text.gattStopTimer
                0x0000000000009042       0x32 C:\Users\19156\Desktop\DualModeKeyboard\SDK\LIB\libCH57xBLE.a(gatt.o)
                0x0000000000009042                gattStopTimer
 .text.GATT_AppCompletedMsg
                0x0000000000009074       0x30 C:\Users\19156\Desktop\DualModeKeyboard\SDK\LIB\libCH57xBLE.a(gatt.o)
                0x0000000000009074                GATT_AppCompletedMsg
 .text.GATT_NotifyEvent
                0x00000000000090a4       0x4e C:\Users\19156\Desktop\DualModeKeyboard\SDK\LIB\libCH57xBLE.a(gatt.o)
                0x00000000000090a4                GATT_NotifyEvent
 .text.gattRegisterServer
                0x00000000000090f2        0x6 C:\Users\19156\Desktop\DualModeKeyboard\SDK\LIB\libCH57xBLE.a(gatt.o)
                0x00000000000090f2                gattRegisterServer
 .text.GATT_UpdateMTU
                0x00000000000090f8       0x5c C:\Users\19156\Desktop\DualModeKeyboard\SDK\LIB\libCH57xBLE.a(gatt.o)
                0x00000000000090f8                GATT_UpdateMTU
 .text.GATT_bm_alloc
                0x0000000000009154       0xea C:\Users\19156\Desktop\DualModeKeyboard\SDK\LIB\libCH57xBLE.a(gatt.o)
                0x0000000000009154                GATT_bm_alloc
 .text.GATT_ServiceChangedInd
                0x000000000000923e       0x94 C:\Users\19156\Desktop\DualModeKeyboard\SDK\LIB\libCH57xBLE.a(gatt.o)
                0x000000000000923e                GATT_ServiceChangedInd
 .text.GATT_bm_free
                0x00000000000092d2       0x1c C:\Users\19156\Desktop\DualModeKeyboard\SDK\LIB\libCH57xBLE.a(gatt.o)
                0x00000000000092d2                GATT_bm_free
 .text.GATT_RegisterForPeriMsgs
                0x00000000000092ee        0x6 C:\Users\19156\Desktop\DualModeKeyboard\SDK\LIB\libCH57xBLE.a(gatt.o)
                0x00000000000092ee                GATT_RegisterForPeriMsgs
 .text.GATT_Init
                0x00000000000092f4       0x30 C:\Users\19156\Desktop\DualModeKeyboard\SDK\LIB\libCH57xBLE.a(gatt.o)
                0x00000000000092f4                GATT_Init
 .text.GATT_ProcessEvent
                0x0000000000009324      0x136 C:\Users\19156\Desktop\DualModeKeyboard\SDK\LIB\libCH57xBLE.a(gatt.o)
                0x0000000000009324                GATT_ProcessEvent
 .text.gattProcessExchangeMTUReq
                0x000000000000945a        0x4 C:\Users\19156\Desktop\DualModeKeyboard\SDK\LIB\libCH57xBLE.a(gattservapp.o)
 .text.gattServApp_FindCharCfgItem
                0x000000000000945e       0x20 C:\Users\19156\Desktop\DualModeKeyboard\SDK\LIB\libCH57xBLE.a(gattservapp.o)
 .text.gattServerHandleTimerCB
                0x000000000000947e       0x3c C:\Users\19156\Desktop\DualModeKeyboard\SDK\LIB\libCH57xBLE.a(gattservapp.o)
 .text.GATTServApp_InitCharCfg.part.12
                0x00000000000094ba       0x1c C:\Users\19156\Desktop\DualModeKeyboard\SDK\LIB\libCH57xBLE.a(gattservapp.o)
 .text.gattProcessExecuteWriteReq
                0x00000000000094d6        0x4 C:\Users\19156\Desktop\DualModeKeyboard\SDK\LIB\libCH57xBLE.a(gattservapp.o)
 .text.GATTServApp_ParamInit
                0x00000000000094da       0xd6 C:\Users\19156\Desktop\DualModeKeyboard\SDK\LIB\libCH57xBLE.a(gattservapp.o)
                0x00000000000094da                GATTServApp_ParamInit
 .text.GATTServApp_ReadCharCfg
                0x00000000000095b0       0x18 C:\Users\19156\Desktop\DualModeKeyboard\SDK\LIB\libCH57xBLE.a(gattservapp.o)
                0x00000000000095b0                GATTServApp_ReadCharCfg
 .text.GATTServApp_WriteCharCfg
                0x00000000000095c8       0x3c C:\Users\19156\Desktop\DualModeKeyboard\SDK\LIB\libCH57xBLE.a(gattservapp.o)
                0x00000000000095c8                GATTServApp_WriteCharCfg
 .text.GATTServApp_ProcessCCCWriteReq
                0x0000000000009604       0x60 C:\Users\19156\Desktop\DualModeKeyboard\SDK\LIB\libCH57xBLE.a(gattservapp.o)
                0x0000000000009604                GATTServApp_ProcessCCCWriteReq
 .text.gattServApp_WriteAttrCB
                0x0000000000009664       0x34 C:\Users\19156\Desktop\DualModeKeyboard\SDK\LIB\libCH57xBLE.a(gattservapp.o)
                0x0000000000009664                gattServApp_WriteAttrCB
 .text.GATTServApp_SendCCCUpdatedEvent
                0x0000000000009698       0x5e C:\Users\19156\Desktop\DualModeKeyboard\SDK\LIB\libCH57xBLE.a(gattservapp.o)
                0x0000000000009698                GATTServApp_SendCCCUpdatedEvent
 .text.GATTServApp_SendServiceChangedInd
                0x00000000000096f6       0x36 C:\Users\19156\Desktop\DualModeKeyboard\SDK\LIB\libCH57xBLE.a(gattservapp.o)
                0x00000000000096f6                GATTServApp_SendServiceChangedInd
 .text.gattServApp_ClearPrepareWriteQ
                0x000000000000972c       0x4c C:\Users\19156\Desktop\DualModeKeyboard\SDK\LIB\libCH57xBLE.a(gattservapp.o)
                0x000000000000972c                gattServApp_ClearPrepareWriteQ
 .text.gattServApp_FindPrepareWriteQ
                0x0000000000009778       0x2c C:\Users\19156\Desktop\DualModeKeyboard\SDK\LIB\libCH57xBLE.a(gattservapp.o)
                0x0000000000009778                gattServApp_FindPrepareWriteQ
 .text.gattServApp_FindServiceCBs
                0x00000000000097a4       0x18 C:\Users\19156\Desktop\DualModeKeyboard\SDK\LIB\libCH57xBLE.a(gattservapp.o)
                0x00000000000097a4                gattServApp_FindServiceCBs
 .text.gattServApp_FindAuthorizeAttrCB
                0x00000000000097bc       0x16 C:\Users\19156\Desktop\DualModeKeyboard\SDK\LIB\libCH57xBLE.a(gattservapp.o)
                0x00000000000097bc                gattServApp_FindAuthorizeAttrCB
 .text.gattServApp_IsWriteLong
                0x00000000000097d2       0xe6 C:\Users\19156\Desktop\DualModeKeyboard\SDK\LIB\libCH57xBLE.a(gattservapp.o)
                0x00000000000097d2                gattServApp_IsWriteLong
 .text.gattFindService
                0x00000000000098b8       0x1c C:\Users\19156\Desktop\DualModeKeyboard\SDK\LIB\libCH57xBLE.a(gattservapp.o)
                0x00000000000098b8                gattFindService
 .text.GATT_ServiceNumAttrs
                0x00000000000098d4       0x18 C:\Users\19156\Desktop\DualModeKeyboard\SDK\LIB\libCH57xBLE.a(gattservapp.o)
                0x00000000000098d4                GATT_ServiceNumAttrs
 .text.GATT_ServiceEncKeySize
                0x00000000000098ec       0x18 C:\Users\19156\Desktop\DualModeKeyboard\SDK\LIB\libCH57xBLE.a(gattservapp.o)
                0x00000000000098ec                GATT_ServiceEncKeySize
 .text.GATT_VerifyWritePermissions.part.7
                0x0000000000009904       0x2e C:\Users\19156\Desktop\DualModeKeyboard\SDK\LIB\libCH57xBLE.a(gattservapp.o)
 .text.gattResetServerInfo
                0x0000000000009932       0x1c C:\Users\19156\Desktop\DualModeKeyboard\SDK\LIB\libCH57xBLE.a(gattservapp.o)
                0x0000000000009932                gattResetServerInfo
 .text.gattFindServerInfo
                0x000000000000994e       0x28 C:\Users\19156\Desktop\DualModeKeyboard\SDK\LIB\libCH57xBLE.a(gattservapp.o)
                0x000000000000994e                gattFindServerInfo
 .text.gattServerHandleConnStatusCB
                0x0000000000009976       0x98 C:\Users\19156\Desktop\DualModeKeyboard\SDK\LIB\libCH57xBLE.a(gattservapp.o)
                0x0000000000009976                gattServerHandleConnStatusCB
 .text.gattServerProcessMsgCB
                0x0000000000009a0e      0x1c0 C:\Users\19156\Desktop\DualModeKeyboard\SDK\LIB\libCH57xBLE.a(gattservapp.o)
                0x0000000000009a0e                gattServerProcessMsgCB
 .text.gattServerNotifyTxCB
                0x0000000000009bce       0x28 C:\Users\19156\Desktop\DualModeKeyboard\SDK\LIB\libCH57xBLE.a(gattservapp.o)
 .text.GATT_FindHandle
                0x0000000000009bf6       0x4a C:\Users\19156\Desktop\DualModeKeyboard\SDK\LIB\libCH57xBLE.a(gattservapp.o)
                0x0000000000009bf6                GATT_FindHandle
 .text.GATTServApp_WriteAttr
                0x0000000000009c40       0xa8 C:\Users\19156\Desktop\DualModeKeyboard\SDK\LIB\libCH57xBLE.a(gattservapp.o)
                0x0000000000009c40                GATTServApp_WriteAttr
 .text.gattServApp_ProcessExecuteWriteReq
                0x0000000000009ce8      0x100 C:\Users\19156\Desktop\DualModeKeyboard\SDK\LIB\libCH57xBLE.a(gattservapp.o)
                0x0000000000009ce8                gattServApp_ProcessExecuteWriteReq
 .text.GATTServApp_UpdateCharCfg
                0x0000000000009de8       0x1e C:\Users\19156\Desktop\DualModeKeyboard\SDK\LIB\libCH57xBLE.a(gattservapp.o)
                0x0000000000009de8                GATTServApp_UpdateCharCfg
 .text.gattServApp_ProcessPrepareWriteReq
                0x0000000000009e06      0x10e C:\Users\19156\Desktop\DualModeKeyboard\SDK\LIB\libCH57xBLE.a(gattservapp.o)
                0x0000000000009e06                gattServApp_ProcessPrepareWriteReq
 .text.gattServApp_ProcessWriteReq
                0x0000000000009f14       0xb0 C:\Users\19156\Desktop\DualModeKeyboard\SDK\LIB\libCH57xBLE.a(gattservapp.o)
                0x0000000000009f14                gattServApp_ProcessWriteReq
 .text.GATT_Indication
                0x0000000000009fc4       0xa4 C:\Users\19156\Desktop\DualModeKeyboard\SDK\LIB\libCH57xBLE.a(gattservapp.o)
                0x0000000000009fc4                GATT_Indication
 .text.GATT_FindHandleUUID
                0x000000000000a068       0x94 C:\Users\19156\Desktop\DualModeKeyboard\SDK\LIB\libCH57xBLE.a(gattservapp.o)
                0x000000000000a068                GATT_FindHandleUUID
 .text.gattProcessReadByGrpTypeReq
                0x000000000000a0fc       0x60 C:\Users\19156\Desktop\DualModeKeyboard\SDK\LIB\libCH57xBLE.a(gattservapp.o)
 .text.gattProcessReadByTypeReq
                0x000000000000a15c       0x34 C:\Users\19156\Desktop\DualModeKeyboard\SDK\LIB\libCH57xBLE.a(gattservapp.o)
 .text.gattProcessFindByTypeValueReq
                0x000000000000a190       0x34 C:\Users\19156\Desktop\DualModeKeyboard\SDK\LIB\libCH57xBLE.a(gattservapp.o)
 .text.gattProcessFindInfoReq
                0x000000000000a1c4      0x1aa C:\Users\19156\Desktop\DualModeKeyboard\SDK\LIB\libCH57xBLE.a(gattservapp.o)
 .text.GATT_Notification
                0x000000000000a36e       0x70 C:\Users\19156\Desktop\DualModeKeyboard\SDK\LIB\libCH57xBLE.a(gattservapp.o)
                0x000000000000a36e                GATT_Notification
 .text.GATT_VerifyWritePermissions
                0x000000000000a3de       0x6a C:\Users\19156\Desktop\DualModeKeyboard\SDK\LIB\libCH57xBLE.a(gattservapp.o)
                0x000000000000a3de                GATT_VerifyWritePermissions
 .text.gattProcessWriteReq
                0x000000000000a448       0x36 C:\Users\19156\Desktop\DualModeKeyboard\SDK\LIB\libCH57xBLE.a(gattservapp.o)
 .text.GATT_VerifyPrepareWritePermissions
                0x000000000000a47e       0x56 C:\Users\19156\Desktop\DualModeKeyboard\SDK\LIB\libCH57xBLE.a(gattservapp.o)
                0x000000000000a47e                GATT_VerifyPrepareWritePermissions
 .text.gattProcessPrepareWriteReq
                0x000000000000a4d4       0x36 C:\Users\19156\Desktop\DualModeKeyboard\SDK\LIB\libCH57xBLE.a(gattservapp.o)
 .text.GATT_FindNextAttr
                0x000000000000a50a       0xc2 C:\Users\19156\Desktop\DualModeKeyboard\SDK\LIB\libCH57xBLE.a(gattservapp.o)
                0x000000000000a50a                GATT_FindNextAttr
 .text.GATTServApp_ReadAttr
                0x000000000000a5cc      0x2e2 C:\Users\19156\Desktop\DualModeKeyboard\SDK\LIB\libCH57xBLE.a(gattservapp.o)
                0x000000000000a5cc                GATTServApp_ReadAttr
 .text.gattServApp_ProcessReadMultiReq
                0x000000000000a8ae      0x16e C:\Users\19156\Desktop\DualModeKeyboard\SDK\LIB\libCH57xBLE.a(gattservapp.o)
                0x000000000000a8ae                gattServApp_ProcessReadMultiReq
 .text.gattServApp_ProcessFindByTypeValueReq
                0x000000000000aa1c      0x19c C:\Users\19156\Desktop\DualModeKeyboard\SDK\LIB\libCH57xBLE.a(gattservapp.o)
                0x000000000000aa1c                gattServApp_ProcessFindByTypeValueReq
 .text.GATT_VerifyReadPermissions
                0x000000000000abb8       0x68 C:\Users\19156\Desktop\DualModeKeyboard\SDK\LIB\libCH57xBLE.a(gattservapp.o)
                0x000000000000abb8                GATT_VerifyReadPermissions
 .text.gattProcessReadMultiReq
                0x000000000000ac20       0xae C:\Users\19156\Desktop\DualModeKeyboard\SDK\LIB\libCH57xBLE.a(gattservapp.o)
 .text.gattProcessReadReq
                0x000000000000acce       0x30 C:\Users\19156\Desktop\DualModeKeyboard\SDK\LIB\libCH57xBLE.a(gattservapp.o)
 .text.gattServApp_ProcessReadByGrpTypeReq
                0x000000000000acfe      0x21c C:\Users\19156\Desktop\DualModeKeyboard\SDK\LIB\libCH57xBLE.a(gattservapp.o)
                0x000000000000acfe                gattServApp_ProcessReadByGrpTypeReq
 .text.gattServApp_ProcessReadByTypeReq
                0x000000000000af1a      0x1ae C:\Users\19156\Desktop\DualModeKeyboard\SDK\LIB\libCH57xBLE.a(gattservapp.o)
                0x000000000000af1a                gattServApp_ProcessReadByTypeReq
 .text.GATT_RegisterService
                0x000000000000b0c8       0xfc C:\Users\19156\Desktop\DualModeKeyboard\SDK\LIB\libCH57xBLE.a(gattservapp.o)
                0x000000000000b0c8                GATT_RegisterService
 .text.GATTServApp_RegisterService
                0x000000000000b1c4       0x8a C:\Users\19156\Desktop\DualModeKeyboard\SDK\LIB\libCH57xBLE.a(gattservapp.o)
                0x000000000000b1c4                GATTServApp_RegisterService
 .text.GATTServApp_AddService
                0x000000000000b24e       0x2c C:\Users\19156\Desktop\DualModeKeyboard\SDK\LIB\libCH57xBLE.a(gattservapp.o)
                0x000000000000b24e                GATTServApp_AddService
 .text.GATTServApp_RegisterForMsg
                0x000000000000b27a        0x6 C:\Users\19156\Desktop\DualModeKeyboard\SDK\LIB\libCH57xBLE.a(gattservapp.o)
                0x000000000000b27a                GATTServApp_RegisterForMsg
 .text.GATTServApp_InitCharCfg
                0x000000000000b280       0x28 C:\Users\19156\Desktop\DualModeKeyboard\SDK\LIB\libCH57xBLE.a(gattservapp.o)
                0x000000000000b280                GATTServApp_InitCharCfg
 .text.gattServApp_HandleConnStatusCB
                0x000000000000b2a8       0x74 C:\Users\19156\Desktop\DualModeKeyboard\SDK\LIB\libCH57xBLE.a(gattservapp.o)
                0x000000000000b2a8                gattServApp_HandleConnStatusCB
 .text.GATT_InitServer
                0x000000000000b31c       0xf6 C:\Users\19156\Desktop\DualModeKeyboard\SDK\LIB\libCH57xBLE.a(gattservapp.o)
                0x000000000000b31c                GATT_InitServer
 .text.GATTServApp_Init
                0x000000000000b412       0x34 C:\Users\19156\Desktop\DualModeKeyboard\SDK\LIB\libCH57xBLE.a(gattservapp.o)
                0x000000000000b412                GATTServApp_Init
 .text.GATTServApp_ProcessEvent
                0x000000000000b446      0x366 C:\Users\19156\Desktop\DualModeKeyboard\SDK\LIB\libCH57xBLE.a(gattservapp.o)
                0x000000000000b446                GATTServApp_ProcessEvent
 .text.l2capAllocConnChannel
                0x000000000000b7ac       0xd8 C:\Users\19156\Desktop\DualModeKeyboard\SDK\LIB\libCH57xBLE.a(l2cap.o)
                0x000000000000b7ac                l2capAllocConnChannel
 .text.l2capFindLocalCID
                0x000000000000b884       0x2c C:\Users\19156\Desktop\DualModeKeyboard\SDK\LIB\libCH57xBLE.a(l2cap.o)
                0x000000000000b884                l2capFindLocalCID
 .text.l2capFindLocalId
                0x000000000000b8b0       0x30 C:\Users\19156\Desktop\DualModeKeyboard\SDK\LIB\libCH57xBLE.a(l2cap.o)
                0x000000000000b8b0                l2capFindLocalId
 .text.l2capFindPsm
                0x000000000000b8e0       0x2c C:\Users\19156\Desktop\DualModeKeyboard\SDK\LIB\libCH57xBLE.a(l2cap.o)
                0x000000000000b8e0                l2capFindPsm
 .text.l2capFindRemoteCID
                0x000000000000b90c       0x3c C:\Users\19156\Desktop\DualModeKeyboard\SDK\LIB\libCH57xBLE.a(l2cap.o)
                0x000000000000b90c                l2capFindRemoteCID
 .text.l2capFreeChannel
                0x000000000000b948       0x4a C:\Users\19156\Desktop\DualModeKeyboard\SDK\LIB\libCH57xBLE.a(l2cap.o)
                0x000000000000b948                l2capFreeChannel
 .text.l2capDisconnectChannel
                0x000000000000b992       0x28 C:\Users\19156\Desktop\DualModeKeyboard\SDK\LIB\libCH57xBLE.a(l2cap.o)
                0x000000000000b992                l2capDisconnectChannel
 .text.l2capHandleTimerCB
                0x000000000000b9ba       0x2c C:\Users\19156\Desktop\DualModeKeyboard\SDK\LIB\libCH57xBLE.a(l2cap.o)
                0x000000000000b9ba                l2capHandleTimerCB
 .text.l2capFreePendingPkt
                0x000000000000b9e6       0x58 C:\Users\19156\Desktop\DualModeKeyboard\SDK\LIB\libCH57xBLE.a(l2cap.o)
                0x000000000000b9e6                l2capFreePendingPkt
 .text.l2capGetCoChannelInfo
                0x000000000000ba3e       0x7e C:\Users\19156\Desktop\DualModeKeyboard\SDK\LIB\libCH57xBLE.a(l2cap.o)
                0x000000000000ba3e                l2capGetCoChannelInfo
 .text.l2capNumActiveChannnels
                0x000000000000babc       0x44 C:\Users\19156\Desktop\DualModeKeyboard\SDK\LIB\libCH57xBLE.a(l2cap.o)
                0x000000000000babc                l2capNumActiveChannnels
 .text.l2capStartTimer
                0x000000000000bb00       0x1a C:\Users\19156\Desktop\DualModeKeyboard\SDK\LIB\libCH57xBLE.a(l2cap.o)
                0x000000000000bb00                l2capStartTimer
 .text.l2capStopTimer
                0x000000000000bb1a       0x1e C:\Users\19156\Desktop\DualModeKeyboard\SDK\LIB\libCH57xBLE.a(l2cap.o)
                0x000000000000bb1a                l2capStopTimer
 .text.l2capDisconnectAllChannels
                0x000000000000bb38       0xdc C:\Users\19156\Desktop\DualModeKeyboard\SDK\LIB\libCH57xBLE.a(l2cap.o)
                0x000000000000bb38                l2capDisconnectAllChannels
 .text.l2capHandleConnStatusCB
                0x000000000000bc14       0x3c C:\Users\19156\Desktop\DualModeKeyboard\SDK\LIB\libCH57xBLE.a(l2cap.o)
                0x000000000000bc14                l2capHandleConnStatusCB
 .text.l2capHandleRxError
                0x000000000000bc50        0x6 C:\Users\19156\Desktop\DualModeKeyboard\SDK\LIB\libCH57xBLE.a(l2cap.o)
                0x000000000000bc50                l2capHandleRxError
 .text.L2CAP_GetMTU
                0x000000000000bc56        0x6 C:\Users\19156\Desktop\DualModeKeyboard\SDK\LIB\libCH57xBLE.a(l2cap.o)
                0x000000000000bc56                L2CAP_GetMTU
 .text.L2CAP_HostNumCompletedPkts
                0x000000000000bc5c       0x28 C:\Users\19156\Desktop\DualModeKeyboard\SDK\LIB\libCH57xBLE.a(l2cap.o)
                0x000000000000bc5c                L2CAP_HostNumCompletedPkts
 .text.L2CAP_ParseConnectReq
                0x000000000000bc84       0x5e C:\Users\19156\Desktop\DualModeKeyboard\SDK\LIB\libCH57xBLE.a(l2cap.o)
                0x000000000000bc84                L2CAP_ParseConnectReq
 .text.L2CAP_ParseFlowCtrlCredit
                0x000000000000bce2       0x2e C:\Users\19156\Desktop\DualModeKeyboard\SDK\LIB\libCH57xBLE.a(l2cap.o)
                0x000000000000bce2                L2CAP_ParseFlowCtrlCredit
 .text.L2CAP_RegisterApp
                0x000000000000bd10       0x30 C:\Users\19156\Desktop\DualModeKeyboard\SDK\LIB\libCH57xBLE.a(l2cap.o)
                0x000000000000bd10                L2CAP_RegisterApp
 .text.L2CAP_SetBufSize
                0x000000000000bd40       0x1e C:\Users\19156\Desktop\DualModeKeyboard\SDK\LIB\libCH57xBLE.a(l2cap.o)
                0x000000000000bd40                L2CAP_SetBufSize
 .text.L2CAP_bm_alloc
                0x000000000000bd5e       0x30 C:\Users\19156\Desktop\DualModeKeyboard\SDK\LIB\libCH57xBLE.a(l2cap.o)
                0x000000000000bd5e                L2CAP_bm_alloc
 .text.L2CAP_Init
                0x000000000000bd8e       0xf0 C:\Users\19156\Desktop\DualModeKeyboard\SDK\LIB\libCH57xBLE.a(l2cap.o)
                0x000000000000bd8e                L2CAP_Init
 .text.L2CAP_ProcessEvent
                0x000000000000be7e       0xc8 C:\Users\19156\Desktop\DualModeKeyboard\SDK\LIB\libCH57xBLE.a(l2cap.o)
                0x000000000000be7e                L2CAP_ProcessEvent
 .text.l2capParseCmdReject
                0x000000000000bf46       0x5e C:\Users\19156\Desktop\DualModeKeyboard\SDK\LIB\libCH57xBLE.a(l2cap_input.o)
                0x000000000000bf46                l2capParseCmdReject
 .text.l2capParseDisconnectReq
                0x000000000000bfa4       0x2e C:\Users\19156\Desktop\DualModeKeyboard\SDK\LIB\libCH57xBLE.a(l2cap_input.o)
                0x000000000000bfa4                l2capParseDisconnectReq
 .text.l2capParseDisconnectRsp
                0x000000000000bfd2       0x2e C:\Users\19156\Desktop\DualModeKeyboard\SDK\LIB\libCH57xBLE.a(l2cap_input.o)
                0x000000000000bfd2                l2capParseDisconnectRsp
 .text.L2CAP_ParseParamUpdateReq
                0x000000000000c000       0x4e C:\Users\19156\Desktop\DualModeKeyboard\SDK\LIB\libCH57xBLE.a(l2cap_input.o)
                0x000000000000c000                L2CAP_ParseParamUpdateReq
 .text.l2capParseParamUpdateRsp
                0x000000000000c04e       0x1e C:\Users\19156\Desktop\DualModeKeyboard\SDK\LIB\libCH57xBLE.a(l2cap_input.o)
                0x000000000000c04e                l2capParseParamUpdateRsp
 .text.l2capProcessConnectReq
                0x000000000000c06c       0xfc C:\Users\19156\Desktop\DualModeKeyboard\SDK\LIB\libCH57xBLE.a(l2cap_input.o)
                0x000000000000c06c                l2capProcessConnectReq
 .text.l2capParseConnectRsp
                0x000000000000c168       0x5e C:\Users\19156\Desktop\DualModeKeyboard\SDK\LIB\libCH57xBLE.a(l2cap_input.o)
                0x000000000000c168                l2capParseConnectRsp
 .text.l2capParseSignalHdr
                0x000000000000c1c6       0x22 C:\Users\19156\Desktop\DualModeKeyboard\SDK\LIB\libCH57xBLE.a(l2cap_input.o)
                0x000000000000c1c6                l2capParseSignalHdr
 .text.l2capParsePacket
                0x000000000000c1e8       0x8c C:\Users\19156\Desktop\DualModeKeyboard\SDK\LIB\libCH57xBLE.a(l2cap_input.o)
                0x000000000000c1e8                l2capParsePacket
 .text.l2capProcessReq
                0x000000000000c274      0x15a C:\Users\19156\Desktop\DualModeKeyboard\SDK\LIB\libCH57xBLE.a(l2cap_input.o)
                0x000000000000c274                l2capProcessReq
 .text.l2capProcessRsp
                0x000000000000c3ce      0x150 C:\Users\19156\Desktop\DualModeKeyboard\SDK\LIB\libCH57xBLE.a(l2cap_input.o)
                0x000000000000c3ce                l2capProcessRsp
 .text.l2capProcessRxData
                0x000000000000c51e       0xf8 C:\Users\19156\Desktop\DualModeKeyboard\SDK\LIB\libCH57xBLE.a(l2cap_input.o)
                0x000000000000c51e                l2capProcessRxData
 .text.l2capNotifyData
                0x000000000000c616       0x5a C:\Users\19156\Desktop\DualModeKeyboard\SDK\LIB\libCH57xBLE.a(l2cap_output.o)
                0x000000000000c616                l2capNotifyData
 .text.l2capNotifySignal
                0x000000000000c670       0x76 C:\Users\19156\Desktop\DualModeKeyboard\SDK\LIB\libCH57xBLE.a(l2cap_output.o)
                0x000000000000c670                l2capNotifySignal
 .text.l2capNotifyCreditEvt
                0x000000000000c6e6       0x9c C:\Users\19156\Desktop\DualModeKeyboard\SDK\LIB\libCH57xBLE.a(l2cap_output.o)
                0x000000000000c6e6                l2capNotifyCreditEvt
 .text.l2capNotifyChannelEstEvt
                0x000000000000c782       0x58 C:\Users\19156\Desktop\DualModeKeyboard\SDK\LIB\libCH57xBLE.a(l2cap_output.o)
                0x000000000000c782                l2capNotifyChannelEstEvt
 .text.l2capNotifyChannelTermEvt
                0x000000000000c7da       0x3e C:\Users\19156\Desktop\DualModeKeyboard\SDK\LIB\libCH57xBLE.a(l2cap_output.o)
                0x000000000000c7da                l2capNotifyChannelTermEvt
 .text.l2capNotifyEvent
                0x000000000000c818       0x66 C:\Users\19156\Desktop\DualModeKeyboard\SDK\LIB\libCH57xBLE.a(l2cap_output.o)
                0x000000000000c818                l2capNotifyEvent
 .text.l2capStoreFCPkt
                0x000000000000c87e       0x32 C:\Users\19156\Desktop\DualModeKeyboard\SDK\LIB\libCH57xBLE.a(l2cap_output.o)
                0x000000000000c87e                l2capStoreFCPkt
 .text.l2capFreeTxSDU
                0x000000000000c8b0       0x9a C:\Users\19156\Desktop\DualModeKeyboard\SDK\LIB\libCH57xBLE.a(l2cap_output.o)
                0x000000000000c8b0                l2capFreeTxSDU
 .text.l2capReassembleSegment
                0x000000000000c94a      0x174 C:\Users\19156\Desktop\DualModeKeyboard\SDK\LIB\libCH57xBLE.a(l2cap_output.o)
                0x000000000000c94a                l2capReassembleSegment
 .text.l2capEncapSendData
                0x000000000000cabe       0xec C:\Users\19156\Desktop\DualModeKeyboard\SDK\LIB\libCH57xBLE.a(l2cap_output.o)
                0x000000000000cabe                l2capEncapSendData
 .text.l2capSendFCPkt.part.3
                0x000000000000cbaa       0x70 C:\Users\19156\Desktop\DualModeKeyboard\SDK\LIB\libCH57xBLE.a(l2cap_output.o)
 .text.l2capSendSegment
                0x000000000000cc1a      0x108 C:\Users\19156\Desktop\DualModeKeyboard\SDK\LIB\libCH57xBLE.a(l2cap_output.o)
                0x000000000000cc1a                l2capSendSegment
 .text.l2capSendNextSegment
                0x000000000000cd22       0xb4 C:\Users\19156\Desktop\DualModeKeyboard\SDK\LIB\libCH57xBLE.a(l2cap_output.o)
                0x000000000000cd22                l2capSendNextSegment
 .text.l2capSendPkt
                0x000000000000cdd6       0x3a C:\Users\19156\Desktop\DualModeKeyboard\SDK\LIB\libCH57xBLE.a(l2cap_output.o)
                0x000000000000cdd6                l2capSendPkt
 .text.L2CAP_SendData
                0x000000000000ce10       0x82 C:\Users\19156\Desktop\DualModeKeyboard\SDK\LIB\libCH57xBLE.a(l2cap_output.o)
                0x000000000000ce10                L2CAP_SendData
 .text.l2capSendCmd
                0x000000000000ce92       0x8a C:\Users\19156\Desktop\DualModeKeyboard\SDK\LIB\libCH57xBLE.a(l2cap_output.o)
                0x000000000000ce92                l2capSendCmd
 .text.l2capSendReq
                0x000000000000cf1c       0xbc C:\Users\19156\Desktop\DualModeKeyboard\SDK\LIB\libCH57xBLE.a(l2cap_output.o)
                0x000000000000cf1c                l2capSendReq
 .text.l2capBuildDisconnectReq
                0x000000000000cfd8       0x28 C:\Users\19156\Desktop\DualModeKeyboard\SDK\LIB\libCH57xBLE.a(l2cap_sdu.o)
 .text.l2capBuildParamUpdateReq
                0x000000000000d000       0x4c C:\Users\19156\Desktop\DualModeKeyboard\SDK\LIB\libCH57xBLE.a(l2cap_sdu.o)
 .text.l2capBuildParamUpdateRsp
                0x000000000000d04c       0x16 C:\Users\19156\Desktop\DualModeKeyboard\SDK\LIB\libCH57xBLE.a(l2cap_sdu.o)
 .text.l2capBuildConnectRsp
                0x000000000000d062       0x5e C:\Users\19156\Desktop\DualModeKeyboard\SDK\LIB\libCH57xBLE.a(l2cap_sdu.o)
 .text.l2capBuildCmdReject
                0x000000000000d0c0       0x62 C:\Users\19156\Desktop\DualModeKeyboard\SDK\LIB\libCH57xBLE.a(l2cap_sdu.o)
                0x000000000000d0c0                l2capBuildCmdReject
 .text.l2capBuildDisconnectRsp
                0x000000000000d122       0x28 C:\Users\19156\Desktop\DualModeKeyboard\SDK\LIB\libCH57xBLE.a(l2cap_sdu.o)
                0x000000000000d122                l2capBuildDisconnectRsp
 .text.l2capSendConnectRsp
                0x000000000000d14a       0xa2 C:\Users\19156\Desktop\DualModeKeyboard\SDK\LIB\libCH57xBLE.a(l2cap_sdu.o)
                0x000000000000d14a                l2capSendConnectRsp
 .text.L2CAP_CmdReject
                0x000000000000d1ec       0x12 C:\Users\19156\Desktop\DualModeKeyboard\SDK\LIB\libCH57xBLE.a(l2cap_sdu.o)
                0x000000000000d1ec                L2CAP_CmdReject
 .text.L2CAP_DisconnectReq
                0x000000000000d1fe       0x2a C:\Users\19156\Desktop\DualModeKeyboard\SDK\LIB\libCH57xBLE.a(l2cap_sdu.o)
                0x000000000000d1fe                L2CAP_DisconnectReq
 .text.L2CAP_ConnParamUpdateReq
                0x000000000000d228       0x16 C:\Users\19156\Desktop\DualModeKeyboard\SDK\LIB\libCH57xBLE.a(l2cap_sdu.o)
                0x000000000000d228                L2CAP_ConnParamUpdateReq
 .text.L2CAP_ConnParamUpdateRsp
                0x000000000000d23e       0x12 C:\Users\19156\Desktop\DualModeKeyboard\SDK\LIB\libCH57xBLE.a(l2cap_sdu.o)
                0x000000000000d23e                L2CAP_ConnParamUpdateRsp
 .text.reportStatusChange
                0x000000000000d250       0x3e C:\Users\19156\Desktop\DualModeKeyboard\SDK\LIB\libCH57xBLE.a(linkdb.o)
 .text.linkDB_Init
                0x000000000000d28e       0x88 C:\Users\19156\Desktop\DualModeKeyboard\SDK\LIB\libCH57xBLE.a(linkdb.o)
                0x000000000000d28e                linkDB_Init
 .text.linkDB_Find
                0x000000000000d316       0x2c C:\Users\19156\Desktop\DualModeKeyboard\SDK\LIB\libCH57xBLE.a(linkdb.o)
                0x000000000000d316                linkDB_Find
 .text.linkDB_Authen
                0x000000000000d342       0x5c C:\Users\19156\Desktop\DualModeKeyboard\SDK\LIB\libCH57xBLE.a(linkdb.o)
                0x000000000000d342                linkDB_Authen
 .text.linkDB_FindByAddr
                0x000000000000d39e       0x76 C:\Users\19156\Desktop\DualModeKeyboard\SDK\LIB\libCH57xBLE.a(linkdb.o)
                0x000000000000d39e                linkDB_FindByAddr
 .text.linkDB_FindFirst
                0x000000000000d414       0x38 C:\Users\19156\Desktop\DualModeKeyboard\SDK\LIB\libCH57xBLE.a(linkdb.o)
                0x000000000000d414                linkDB_FindFirst
 .text.linkDB_MTU
                0x000000000000d44c       0x18 C:\Users\19156\Desktop\DualModeKeyboard\SDK\LIB\libCH57xBLE.a(linkdb.o)
                0x000000000000d44c                linkDB_MTU
 .text.linkDB_NumActive
                0x000000000000d464       0x2e C:\Users\19156\Desktop\DualModeKeyboard\SDK\LIB\libCH57xBLE.a(linkdb.o)
                0x000000000000d464                linkDB_NumActive
 .text.linkDB_NumConns
                0x000000000000d492        0x6 C:\Users\19156\Desktop\DualModeKeyboard\SDK\LIB\libCH57xBLE.a(linkdb.o)
                0x000000000000d492                linkDB_NumConns
 .text.linkDB_Register
                0x000000000000d498       0x28 C:\Users\19156\Desktop\DualModeKeyboard\SDK\LIB\libCH57xBLE.a(linkdb.o)
                0x000000000000d498                linkDB_Register
 .text.linkDB_Remove
                0x000000000000d4c0       0x48 C:\Users\19156\Desktop\DualModeKeyboard\SDK\LIB\libCH57xBLE.a(linkdb.o)
                0x000000000000d4c0                linkDB_Remove
 .text.linkDB_Role
                0x000000000000d508       0x18 C:\Users\19156\Desktop\DualModeKeyboard\SDK\LIB\libCH57xBLE.a(linkdb.o)
                0x000000000000d508                linkDB_Role
 .text.linkDB_State
                0x000000000000d520       0x30 C:\Users\19156\Desktop\DualModeKeyboard\SDK\LIB\libCH57xBLE.a(linkdb.o)
                0x000000000000d520                linkDB_State
 .text.linkDB_UpdateMTU
                0x000000000000d550       0x28 C:\Users\19156\Desktop\DualModeKeyboard\SDK\LIB\libCH57xBLE.a(linkdb.o)
                0x000000000000d550                linkDB_UpdateMTU
 .text.linkDB_PerformFunc
                0x000000000000d578       0x52 C:\Users\19156\Desktop\DualModeKeyboard\SDK\LIB\libCH57xBLE.a(linkdb.o)
                0x000000000000d578                linkDB_PerformFunc
 .text.linkDB_PeripheralLinkNum
                0x000000000000d5ca       0x3e C:\Users\19156\Desktop\DualModeKeyboard\SDK\LIB\libCH57xBLE.a(linkdb.o)
                0x000000000000d5ca                linkDB_PeripheralLinkNum
 .text.linkDB_GetSMEvtID
                0x000000000000d608       0x58 C:\Users\19156\Desktop\DualModeKeyboard\SDK\LIB\libCH57xBLE.a(linkdb.o)
                0x000000000000d608                linkDB_GetSMEvtID
 .text.linkDB_Add
                0x000000000000d660       0xb2 C:\Users\19156\Desktop\DualModeKeyboard\SDK\LIB\libCH57xBLE.a(linkdb.o)
                0x000000000000d660                linkDB_Add
 .text.linkDB_GetHandleFromSMEvtID
                0x000000000000d712       0x32 C:\Users\19156\Desktop\DualModeKeyboard\SDK\LIB\libCH57xBLE.a(linkdb.o)
                0x000000000000d712                linkDB_GetHandleFromSMEvtID
 .text.linkDB_GetPairingParam
                0x000000000000d744       0x54 C:\Users\19156\Desktop\DualModeKeyboard\SDK\LIB\libCH57xBLE.a(linkdb.o)
                0x000000000000d744                linkDB_GetPairingParam
 .text.linkDB_NeedSendKey
                0x000000000000d798       0x42 C:\Users\19156\Desktop\DualModeKeyboard\SDK\LIB\libCH57xBLE.a(linkdb.o)
                0x000000000000d798                linkDB_NeedSendKey
 .text.smpBuildPairingFailed
                0x000000000000d7da       0x1a C:\Users\19156\Desktop\DualModeKeyboard\SDK\LIB\libCH57xBLE.a(sm.o)
                0x000000000000d7da                smpBuildPairingFailed
 .text.SM_StartEncryption
                0x000000000000d7f4       0x98 C:\Users\19156\Desktop\DualModeKeyboard\SDK\LIB\libCH57xBLE.a(sm.o)
                0x000000000000d7f4                SM_StartEncryption
 .text.smpBuildEncInfo
                0x000000000000d88c       0x30 C:\Users\19156\Desktop\DualModeKeyboard\SDK\LIB\libCH57xBLE.a(sm.o)
                0x000000000000d88c                smpBuildEncInfo
 .text.smpBuildIdentityAddrInfo
                0x000000000000d8bc       0x3a C:\Users\19156\Desktop\DualModeKeyboard\SDK\LIB\libCH57xBLE.a(sm.o)
                0x000000000000d8bc                smpBuildIdentityAddrInfo
 .text.smpBuildIdentityInfo
                0x000000000000d8f6       0x30 C:\Users\19156\Desktop\DualModeKeyboard\SDK\LIB\libCH57xBLE.a(sm.o)
                0x000000000000d8f6                smpBuildIdentityInfo
 .text.smpBuildMasterID
                0x000000000000d926       0x44 C:\Users\19156\Desktop\DualModeKeyboard\SDK\LIB\libCH57xBLE.a(sm.o)
                0x000000000000d926                smpBuildMasterID
 .text.smpBuildPairingConfirm
                0x000000000000d96a       0x30 C:\Users\19156\Desktop\DualModeKeyboard\SDK\LIB\libCH57xBLE.a(sm.o)
                0x000000000000d96a                smpBuildPairingConfirm
 .text.smpBuildPairingRandom
                0x000000000000d99a       0x30 C:\Users\19156\Desktop\DualModeKeyboard\SDK\LIB\libCH57xBLE.a(sm.o)
                0x000000000000d99a                smpBuildPairingRandom
 .text.smpBuildSigningInfo
                0x000000000000d9ca       0x30 C:\Users\19156\Desktop\DualModeKeyboard\SDK\LIB\libCH57xBLE.a(sm.o)
                0x000000000000d9ca                smpBuildSigningInfo
 .text.SM_ParamInit
                0x000000000000d9fa       0x5a C:\Users\19156\Desktop\DualModeKeyboard\SDK\LIB\libCH57xBLE.a(sm.o)
                0x000000000000d9fa                SM_ParamInit
 .text.smDetermineKeySize
                0x000000000000da54       0x20 C:\Users\19156\Desktop\DualModeKeyboard\SDK\LIB\libCH57xBLE.a(sm.o)
                0x000000000000da54                smDetermineKeySize
 .text.smProcessRandComplete
                0x000000000000da74       0x9e C:\Users\19156\Desktop\DualModeKeyboard\SDK\LIB\libCH57xBLE.a(sm.o)
                0x000000000000da74                smProcessRandComplete
 .text.smSavePairInfo
                0x000000000000db12      0x186 C:\Users\19156\Desktop\DualModeKeyboard\SDK\LIB\libCH57xBLE.a(sm.o)
                0x000000000000db12                smSavePairInfo
 .text.smSetPairingReqRsp
                0x000000000000dc98       0x38 C:\Users\19156\Desktop\DualModeKeyboard\SDK\LIB\libCH57xBLE.a(sm.o)
                0x000000000000dc98                smSetPairingReqRsp
 .text.smStartEncryption
                0x000000000000dcd0       0x16 C:\Users\19156\Desktop\DualModeKeyboard\SDK\LIB\libCH57xBLE.a(sm.o)
                0x000000000000dcd0                smStartEncryption
 .text.smStartRspTimer
                0x000000000000dce6       0x36 C:\Users\19156\Desktop\DualModeKeyboard\SDK\LIB\libCH57xBLE.a(sm.o)
                0x000000000000dce6                smStartRspTimer
 .text.smSendSMMsg
                0x000000000000dd1c       0x5c C:\Users\19156\Desktop\DualModeKeyboard\SDK\LIB\libCH57xBLE.a(sm.o)
                0x000000000000dd1c                smSendSMMsg
 .text.smGenerateConfirm
                0x000000000000dd78       0x34 C:\Users\19156\Desktop\DualModeKeyboard\SDK\LIB\libCH57xBLE.a(sm.o)
                0x000000000000dd78                smGenerateConfirm
 .text.smGenerateRandMsg
                0x000000000000ddac       0x34 C:\Users\19156\Desktop\DualModeKeyboard\SDK\LIB\libCH57xBLE.a(sm.o)
                0x000000000000ddac                smGenerateRandMsg
 .text.smPairingSendEncInfo
                0x000000000000dde0       0x10 C:\Users\19156\Desktop\DualModeKeyboard\SDK\LIB\libCH57xBLE.a(sm.o)
                0x000000000000dde0                smPairingSendEncInfo
 .text.smPairingSendIdentityAddrInfo
                0x000000000000ddf0       0x38 C:\Users\19156\Desktop\DualModeKeyboard\SDK\LIB\libCH57xBLE.a(sm.o)
                0x000000000000ddf0                smPairingSendIdentityAddrInfo
 .text.smPairingSendIdentityInfo
                0x000000000000de28       0x10 C:\Users\19156\Desktop\DualModeKeyboard\SDK\LIB\libCH57xBLE.a(sm.o)
                0x000000000000de28                smPairingSendIdentityInfo
 .text.smPairingSendMasterID
                0x000000000000de38       0x38 C:\Users\19156\Desktop\DualModeKeyboard\SDK\LIB\libCH57xBLE.a(sm.o)
                0x000000000000de38                smPairingSendMasterID
 .text.smPairingSendSingingInfo
                0x000000000000de70       0x10 C:\Users\19156\Desktop\DualModeKeyboard\SDK\LIB\libCH57xBLE.a(sm.o)
                0x000000000000de70                smPairingSendSingingInfo
 .text.smInitiatorSendNextKeyInfo
                0x000000000000de80      0x1c2 C:\Users\19156\Desktop\DualModeKeyboard\SDK\LIB\libCH57xBLE.a(sm.o)
                0x000000000000de80                smInitiatorSendNextKeyInfo
 .text.smResponderSendNextKeyInfo
                0x000000000000e042      0x216 C:\Users\19156\Desktop\DualModeKeyboard\SDK\LIB\libCH57xBLE.a(sm.o)
                0x000000000000e042                smResponderSendNextKeyInfo
 .text.smGeneratePairingReqRsp
                0x000000000000e258       0x3e C:\Users\19156\Desktop\DualModeKeyboard\SDK\LIB\libCH57xBLE.a(sm.o)
                0x000000000000e258                smGeneratePairingReqRsp
 .text.smStopRspTimer
                0x000000000000e296        0xa C:\Users\19156\Desktop\DualModeKeyboard\SDK\LIB\libCH57xBLE.a(sm.o)
                0x000000000000e296                smStopRspTimer
 .text.smFreePairingParams
                0x000000000000e2a0       0x68 C:\Users\19156\Desktop\DualModeKeyboard\SDK\LIB\libCH57xBLE.a(sm.o)
                0x000000000000e2a0                smFreePairingParams
 .text.smEndPairing
                0x000000000000e308       0x5c C:\Users\19156\Desktop\DualModeKeyboard\SDK\LIB\libCH57xBLE.a(sm.o)
                0x000000000000e308                smEndPairing
 .text.setupInitiatorKeys
                0x000000000000e364       0x82 C:\Users\19156\Desktop\DualModeKeyboard\SDK\LIB\libCH57xBLE.a(sm.o)
                0x000000000000e364                setupInitiatorKeys
 .text.smNextPairingState
                0x000000000000e3e6       0x56 C:\Users\19156\Desktop\DualModeKeyboard\SDK\LIB\libCH57xBLE.a(sm.o)
                0x000000000000e3e6                smNextPairingState
 .text.smProcessEncryptChange
                0x000000000000e43c       0xde C:\Users\19156\Desktop\DualModeKeyboard\SDK\LIB\libCH57xBLE.a(sm.o)
                0x000000000000e43c                smProcessEncryptChange
 .text.smSendFailAndEnd
                0x000000000000e51a       0x38 C:\Users\19156\Desktop\DualModeKeyboard\SDK\LIB\libCH57xBLE.a(sm.o)
                0x000000000000e51a                smSendFailAndEnd
 .text.smProcessPairingReq
                0x000000000000e552       0x3c C:\Users\19156\Desktop\DualModeKeyboard\SDK\LIB\libCH57xBLE.a(sm.o)
                0x000000000000e552                smProcessPairingReq
 .text.smLinkCheck
                0x000000000000e58e       0x34 C:\Users\19156\Desktop\DualModeKeyboard\SDK\LIB\libCH57xBLE.a(sm.o)
                0x000000000000e58e                smLinkCheck
 .text.smTimedOut
                0x000000000000e5c2       0x20 C:\Users\19156\Desktop\DualModeKeyboard\SDK\LIB\libCH57xBLE.a(sm.o)
                0x000000000000e5c2                smTimedOut
 .text.smUint8ToAuthReq
                0x000000000000e5e2        0x6 C:\Users\19156\Desktop\DualModeKeyboard\SDK\LIB\libCH57xBLE.a(sm.o)
                0x000000000000e5e2                smUint8ToAuthReq
 .text.sm_ah    0x000000000000e5e8       0x80 C:\Users\19156\Desktop\DualModeKeyboard\SDK\LIB\libCH57xBLE.a(sm.o)
                0x000000000000e5e8                sm_ah
 .text.sm_xor   0x000000000000e668       0x24 C:\Users\19156\Desktop\DualModeKeyboard\SDK\LIB\libCH57xBLE.a(sm.o)
                0x000000000000e668                sm_xor
 .text.sm_c1new
                0x000000000000e68c      0x11c C:\Users\19156\Desktop\DualModeKeyboard\SDK\LIB\libCH57xBLE.a(sm.o)
                0x000000000000e68c                sm_c1new
 .text.sm_s1    0x000000000000e7a8       0x86 C:\Users\19156\Desktop\DualModeKeyboard\SDK\LIB\libCH57xBLE.a(sm.o)
                0x000000000000e7a8                sm_s1
 .text.smResponderProcessLTKReq
                0x000000000000e82e      0x1e6 C:\Users\19156\Desktop\DualModeKeyboard\SDK\LIB\libCH57xBLE.a(sm.o)
                0x000000000000e82e                smResponderProcessLTKReq
 .text.xor_128  0x000000000000ea14       0x28 C:\Users\19156\Desktop\DualModeKeyboard\SDK\LIB\libCH57xBLE.a(sm.o)
                0x000000000000ea14                xor_128
 .text.leftshift_onebit
                0x000000000000ea3c       0x2e C:\Users\19156\Desktop\DualModeKeyboard\SDK\LIB\libCH57xBLE.a(sm.o)
                0x000000000000ea3c                leftshift_onebit
 .text.padding  0x000000000000ea6a       0x38 C:\Users\19156\Desktop\DualModeKeyboard\SDK\LIB\libCH57xBLE.a(sm.o)
                0x000000000000ea6a                padding
 .text.generate_subkey
                0x000000000000eaa2       0xd0 C:\Users\19156\Desktop\DualModeKeyboard\SDK\LIB\libCH57xBLE.a(sm.o)
                0x000000000000eaa2                generate_subkey
 .text.sm_CMAC  0x000000000000eb72      0x16e C:\Users\19156\Desktop\DualModeKeyboard\SDK\LIB\libCH57xBLE.a(sm.o)
                0x000000000000eb72                sm_CMAC
 .text.smpBuildPairingReqRsp
                0x000000000000ece0       0xc6 C:\Users\19156\Desktop\DualModeKeyboard\SDK\LIB\libCH57xBLE.a(sm.o)
                0x000000000000ece0                smpBuildPairingReqRsp
 .text.smpBuildPairingReq
                0x000000000000eda6        0xa C:\Users\19156\Desktop\DualModeKeyboard\SDK\LIB\libCH57xBLE.a(sm.o)
                0x000000000000eda6                smpBuildPairingReq
 .text.smpBuildPairingRsp
                0x000000000000edb0        0xa C:\Users\19156\Desktop\DualModeKeyboard\SDK\LIB\libCH57xBLE.a(sm.o)
                0x000000000000edb0                smpBuildPairingRsp
 .text.sm_c1    0x000000000000edba       0xb4 C:\Users\19156\Desktop\DualModeKeyboard\SDK\LIB\libCH57xBLE.a(sm.o)
                0x000000000000edba                sm_c1
 .text.smpBuildSecurityReq
                0x000000000000ee6e       0x1a C:\Users\19156\Desktop\DualModeKeyboard\SDK\LIB\libCH57xBLE.a(sm.o)
                0x000000000000ee6e                smpBuildSecurityReq
 .text.smpInitiatorProcessPairingRsp
                0x000000000000ee88      0x116 C:\Users\19156\Desktop\DualModeKeyboard\SDK\LIB\libCH57xBLE.a(sm.o)
                0x000000000000ee88                smpInitiatorProcessPairingRsp
 .text.smpInitiatorProcessIncoming
                0x000000000000ef9e      0x23e C:\Users\19156\Desktop\DualModeKeyboard\SDK\LIB\libCH57xBLE.a(sm.o)
                0x000000000000ef9e                smpInitiatorProcessIncoming
 .text.smpParseEncInfo
                0x000000000000f1dc       0x2a C:\Users\19156\Desktop\DualModeKeyboard\SDK\LIB\libCH57xBLE.a(sm.o)
                0x000000000000f1dc                smpParseEncInfo
 .text.smpParseIdentityAddrInfo
                0x000000000000f206       0x34 C:\Users\19156\Desktop\DualModeKeyboard\SDK\LIB\libCH57xBLE.a(sm.o)
                0x000000000000f206                smpParseIdentityAddrInfo
 .text.smpParseIdentityInfo
                0x000000000000f23a       0x2a C:\Users\19156\Desktop\DualModeKeyboard\SDK\LIB\libCH57xBLE.a(sm.o)
                0x000000000000f23a                smpParseIdentityInfo
 .text.smpParseMasterID
                0x000000000000f264       0x3c C:\Users\19156\Desktop\DualModeKeyboard\SDK\LIB\libCH57xBLE.a(sm.o)
                0x000000000000f264                smpParseMasterID
 .text.smpParsePairingConfirm
                0x000000000000f2a0       0x2a C:\Users\19156\Desktop\DualModeKeyboard\SDK\LIB\libCH57xBLE.a(sm.o)
                0x000000000000f2a0                smpParsePairingConfirm
 .text.smpParsePairingFailed
                0x000000000000f2ca       0x22 C:\Users\19156\Desktop\DualModeKeyboard\SDK\LIB\libCH57xBLE.a(sm.o)
                0x000000000000f2ca                smpParsePairingFailed
 .text.smpParsePairingRandom
                0x000000000000f2ec       0x2a C:\Users\19156\Desktop\DualModeKeyboard\SDK\LIB\libCH57xBLE.a(sm.o)
                0x000000000000f2ec                smpParsePairingRandom
 .text.smpParsePairingReq
                0x000000000000f316      0x118 C:\Users\19156\Desktop\DualModeKeyboard\SDK\LIB\libCH57xBLE.a(sm.o)
                0x000000000000f316                smpParsePairingReq
 .text.smpParseSigningInfo
                0x000000000000f42e       0x2a C:\Users\19156\Desktop\DualModeKeyboard\SDK\LIB\libCH57xBLE.a(sm.o)
                0x000000000000f42e                smpParseSigningInfo
 .text.smProcessDataMsg
                0x000000000000f458       0xec C:\Users\19156\Desktop\DualModeKeyboard\SDK\LIB\libCH57xBLE.a(sm.o)
                0x000000000000f458                smProcessDataMsg
 .text.smProcessTMOSMsg
                0x000000000000f544       0xd4 C:\Users\19156\Desktop\DualModeKeyboard\SDK\LIB\libCH57xBLE.a(sm.o)