Archive member included to satisfy reference by file (symbol)

C:\Users\19156\Desktop\DualModeKeyboard\SDK\StdPeriphDriver\libISP573.a(ISP573.o)
                              ./StdPeriphDriver/CH57x_pwr.o (FLASH_EEPROM_CMD)
C:\Users\19156\Desktop\DualModeKeyboard\SDK\LIB\libCH57xBLE.a(message.o)
                              ./Profile/hiddev.o (tmos_msg_deallocate)
C:\Users\19156\Desktop\DualModeKeyboard\SDK\LIB\libCH57xBLE.a(tmos.o)
                              ./Profile/battservice.o (tmos_memcpy)
C:\Users\19156\Desktop\DualModeKeyboard\SDK\LIB\libCH57xBLE.a(tmos_hw.o)
                              C:\Users\19156\Desktop\DualModeKeyboard\SDK\LIB\libCH57xBLE.a(tmos.o) (RTC_Get32KClock)
C:\Users\19156\Desktop\DualModeKeyboard\SDK\LIB\libCH57xBLE.a(tmos_snv.o)
                              C:\Users\19156\Desktop\DualModeKeyboard\SDK\LIB\libCH57xBLE.a(tmos.o) (tmos_snv_init)
C:\Users\19156\Desktop\DualModeKeyboard\SDK\LIB\libCH57xBLE.a(gap.o)
                              ./Profile/hiddev.o (GAP_SetParamValue)
C:\Users\19156\Desktop\DualModeKeyboard\SDK\LIB\libCH57xBLE.a(gap_central.o)
                              C:\Users\19156\Desktop\DualModeKeyboard\SDK\LIB\libCH57xBLE.a(gap.o) (GAP_CentralParamInit)
C:\Users\19156\Desktop\DualModeKeyboard\SDK\LIB\libCH57xBLE.a(gap_peripheral.o)
                              C:\Users\19156\Desktop\DualModeKeyboard\SDK\LIB\libCH57xBLE.a(gap.o) (GAP_PeripheralParamInit)
C:\Users\19156\Desktop\DualModeKeyboard\SDK\LIB\libCH57xBLE.a(gapgattserver.o)
                              ./APP/app_ble.o (GGS_SetParameter)
C:\Users\19156\Desktop\DualModeKeyboard\SDK\LIB\libCH57xBLE.a(gatt.o)
                              ./Profile/battservice.o (GATT_bm_alloc)
C:\Users\19156\Desktop\DualModeKeyboard\SDK\LIB\libCH57xBLE.a(gatt_uuid.o)
                              ./Profile/battservice.o (reportRefUUID)
C:\Users\19156\Desktop\DualModeKeyboard\SDK\LIB\libCH57xBLE.a(gattclientapp.o)
                              C:\Users\19156\Desktop\DualModeKeyboard\SDK\LIB\libCH57xBLE.a(gatt.o) (gattGetClientStatus)
C:\Users\19156\Desktop\DualModeKeyboard\SDK\LIB\libCH57xBLE.a(gattservapp.o)
                              ./Profile/battservice.o (GATTServApp_ReadCharCfg)
C:\Users\19156\Desktop\DualModeKeyboard\SDK\LIB\libCH57xBLE.a(l2cap.o)
                              C:\Users\19156\Desktop\DualModeKeyboard\SDK\LIB\libCH57xBLE.a(gatt.o) (L2CAP_GetMTU)
C:\Users\19156\Desktop\DualModeKeyboard\SDK\LIB\libCH57xBLE.a(l2cap_input.o)
                              C:\Users\19156\Desktop\DualModeKeyboard\SDK\LIB\libCH57xBLE.a(l2cap.o) (l2capProcessRxData)
C:\Users\19156\Desktop\DualModeKeyboard\SDK\LIB\libCH57xBLE.a(l2cap_output.o)
                              C:\Users\19156\Desktop\DualModeKeyboard\SDK\LIB\libCH57xBLE.a(l2cap_input.o) (l2capNotifyData)
C:\Users\19156\Desktop\DualModeKeyboard\SDK\LIB\libCH57xBLE.a(l2cap_sdu.o)
                              C:\Users\19156\Desktop\DualModeKeyboard\SDK\LIB\libCH57xBLE.a(l2cap_input.o) (l2capBuildDisconnectRsp)
C:\Users\19156\Desktop\DualModeKeyboard\SDK\LIB\libCH57xBLE.a(linkdb.o)
                              C:\Users\19156\Desktop\DualModeKeyboard\SDK\LIB\libCH57xBLE.a(l2cap.o) (linkDB_Init)
C:\Users\19156\Desktop\DualModeKeyboard\SDK\LIB\libCH57xBLE.a(sm.o)
                              C:\Users\19156\Desktop\DualModeKeyboard\SDK\LIB\libCH57xBLE.a(gap.o) (smStartEncryption)
C:\Users\19156\Desktop\DualModeKeyboard\SDK\LIB\libCH57xBLE.a(host_input.o)
                              C:\Users\19156\Desktop\DualModeKeyboard\SDK\LIB\libCH57xBLE.a(gap.o) (gBleHostPara)
C:\Users\19156\Desktop\DualModeKeyboard\SDK\LIB\libCH57xBLE.a(host_output.o)
                              C:\Users\19156\Desktop\DualModeKeyboard\SDK\LIB\libCH57xBLE.a(gap.o) (HCI_DisconnectCmd)
C:\Users\19156\Desktop\DualModeKeyboard\SDK\LIB\libCH57xBLE.a(ll_connect.o)
                              C:\Users\19156\Desktop\DualModeKeyboard\SDK\LIB\libCH57xBLE.a(tmos.o) (LL_GetNextConnectEventTime)
C:\Users\19156\Desktop\DualModeKeyboard\SDK\LIB\libCH57xBLE.a(ll_core.o)
                              C:\Users\19156\Desktop\DualModeKeyboard\SDK\LIB\libCH57xBLE.a(ll_connect.o) (LL_CoreGetCore)
C:\Users\19156\Desktop\DualModeKeyboard\SDK\LIB\libCH57xBLE.a(ll_hop.o)
                              C:\Users\19156\Desktop\DualModeKeyboard\SDK\LIB\libCH57xBLE.a(ll_connect.o) (LL_HopGetChannel)
C:\Users\19156\Desktop\DualModeKeyboard\SDK\LIB\libCH57xBLE.a(ll_master.o)
                              C:\Users\19156\Desktop\DualModeKeyboard\SDK\LIB\libCH57xBLE.a(ll_connect.o) (ll_master_process)
C:\Users\19156\Desktop\DualModeKeyboard\SDK\LIB\libCH57xBLE.a(ll_pdu.o)
                              C:\Users\19156\Desktop\DualModeKeyboard\SDK\LIB\libCH57xBLE.a(ll_master.o) (LL_ConnectionUpdateReq)
C:\Users\19156\Desktop\DualModeKeyboard\SDK\LIB\libCH57xBLE.a(ll_report.o)
                              C:\Users\19156\Desktop\DualModeKeyboard\SDK\LIB\libCH57xBLE.a(ll_connect.o) (LL_ReportGenerateEvent)
[...]
Memory Configuration

Name             Origin             Length             Attributes
FLASH            0x0000000000000000 0x0000000000070000 xr
RAM              0x0000000020003800 0x0000000000004800 xrw
*default*        0x0000000000000000 0xffffffffffffffff

Linker script and memory map

LOAD ./StdPeriphDriver/CH57x_adc.o
LOAD ./StdPeriphDriver/CH57x_clk.o
LOAD ./StdPeriphDriver/CH57x_flash.o
LOAD ./StdPeriphDriver/CH57x_gpio.o
LOAD ./StdPeriphDriver/CH57x_pwr.o
LOAD ./StdPeriphDriver/CH57x_sys.o
LOAD ./StdPeriphDriver/CH57x_uart0.o
LOAD ./StdPeriphDriver/CH57x_uart1.o
LOAD ./StdPeriphDriver/CH57x_usbdev.o
LOAD ./Startup/startup_CH573.o
LOAD ./RVMSIS/core_riscv.o
LOAD ./Profile/battservice.o
LOAD ./Profile/devinfoservice.o
LOAD ./Profile/hiddev.o
LOAD ./Profile/hidkbdservice.o
LOAD ./Profile/scanparamservice.o
LOAD ./HAL/MCU.o
LOAD ./HAL/RTC.o
LOAD ./HAL/SLEEP.o
LOAD ./APP/MAIN.o
LOAD ./APP/app_ble.o
LOAD ./APP/app_usb.o
LOAD ./APP/keyin.o
LOAD ./APP/led.o
LOAD ./APP/protocol.o
LOAD ./APP/usercfg.o
LOAD C:\Users\19156\Desktop\DualModeKeyboard\SDK\StdPeriphDriver\libISP573.a
LOAD C:\Users\19156\Desktop\DualModeKeyboard\SDK\LIB\libCH57xBLE.a
LOAD c:/mounriver/mounriver_studio/toolchain/risc-v embedded gcc/bin/../lib/gcc/riscv-none-embed/8.2.0/rv32imac/ilp32\libgcc.a
LOAD c:/mounriver/mounriver_studio/toolchain/risc-v embedded gcc/bin/../lib/gcc/riscv-none-embed/8.2.0/../../../../riscv-none-embed/lib/rv32imac/ilp32\libg_nano.a
LOAD c:/mounriver/mounriver_studio/toolchain/risc-v embedded gcc/bin/../lib/gcc/riscv-none-embed/8.2.0/../../../../riscv-none-embed/lib/rv32imac/ilp32\libc_nano.a
LOAD c:/mounriver/mounriver_studio/toolchain/risc-v embedded gcc/bin/../lib/gcc/riscv-none-embed/8.2.0/rv32imac/ilp32\libgcc.a
START GROUP
LOAD c:/mounriver/mounriver_studio/toolchain/risc-v embedded gcc/bin/../lib/gcc/riscv-none-embed/8.2.0/rv32imac/ilp32\libgcc.a
LOAD c:/mounriver/mounriver_studio/toolchain/risc-v embedded gcc/bin/../lib/gcc/riscv-none-embed/8.2.0/../../../../riscv-none-embed/lib/rv32imac/ilp32\libc_nano.a
LOAD c:/mounriver/mounriver_studio/toolchain/risc-v embedded gcc/bin/../lib/gcc/riscv-none-embed/8.2.0/../../../../riscv-none-embed/lib/rv32imac/ilp32\libnosys.a
END GROUP
START GROUP
LOAD c:/mounriver/mounriver_studio/toolchain/risc-v embedded gcc/bin/../lib/gcc/riscv-none-embed/8.2.0/rv32imac/ilp32\libgcc.a
LOAD c:/mounriver/mounriver_studio/toolchain/risc-v embedded gcc/bin/../lib/gcc/riscv-none-embed/8.2.0/../../../../riscv-none-embed/lib/rv32imac/ilp32\libc_nano.a
LOAD c:/mounriver/mounriver_studio/toolchain/risc-v embedded gcc/bin/../lib/gcc/riscv-none-embed/8.2.0/../../../../riscv-none-embed/lib/rv32imac/ilp32\libnosys.a
END GROUP

.init           0x0000000000000000        0x4
                0x0000000000000000                _sinit = .
                0x0000000000000000                . = ALIGN (0x4)
 *(SORT_NONE(.init))
 .init          0x0000000000000000        0x4 ./Startup/startup_CH573.o
                0x0000000000000000                _start
                0x0000000000000004                . = ALIGN (0x4)
                0x0000000000000004                _einit = .

.highcodelalign
                0x0000000000000004        0x0
                0x0000000000000004                . = ALIGN (0x4)
                0x0000000000000004                PROVIDE (_highcode_lma = .)

.highcode       0x0000000020003800     0x11c8 load address 0x0000000000000004
                0x0000000020003800                . = ALIGN (0x4)
                0x0000000020003800                PROVIDE (_highcode_vma_start = .)
 *(.vector)
 .vector        0x0000000020003800       0x90 ./Startup/startup_CH573.o
 *(SORT_NONE(.vector_handler))
 .vector_handler
                0x0000000020003890       0x2c ./Startup/startup_CH573.o
                0x0000000020003890                NMI_Handler
                0x0000000020003894                SysTick_Handler
                0x0000000020003896                SW_Handler
                0x0000000020003898                TMR0_IRQHandler
                0x000000002000389a                GPIOA_IRQHandler
                0x000000002000389c                GPIOB_IRQHandler
                0x000000002000389e                SPI0_IRQHandler
                0x00000000200038a0                BB_IRQHandler
                0x00000000200038a2                LLE_IRQHandler
                0x00000000200038a6                TMR1_IRQHandler
                0x00000000200038a8                TMR2_IRQHandler
                0x00000000200038aa                UART0_IRQHandler
                0x00000000200038ac                UART1_IRQHandler
                0x00000000200038b0                ADC_IRQHandler
                0x00000000200038b2                PWMX_IRQHandler
                0x00000000200038b4                TMR3_IRQHandler
                0x00000000200038b6                UART2_IRQHandler
                0x00000000200038b8                UART3_IRQHandler
                0x00000000200038ba                WDOG_BAT_IRQHandler
 *(.highcode)
 .highcode      0x00000000200038bc       0x4a ./StdPeriphDriver/CH57x_clk.o
                0x00000000200038bc                Get_Calibration_Cnt_RAM
 .highcode      0x0000000020003906      0x1a8 ./StdPeriphDriver/CH57x_sys.o
                0x0000000020003906                SetSysClock
                0x0000000020003a02                SYS_ResetExecute
                0x0000000020003a3a                HardFault_Handler
                0x0000000020003a78                mDelayuS
                0x0000000020003a86                mDelaymS
 .highcode      0x0000000020003aae       0x16 ./HAL/RTC.o
                0x0000000020003aae                RTC_IRQHandler
 .highcode      0x0000000020003ac4        0x8 ./APP/MAIN.o
                0x0000000020003ac4                Main_Circulation
 .highcode      0x0000000020003acc        0xc ./APP/app_usb.o
                0x0000000020003acc                USB_IRQHandler
 .highcode      0x0000000020003ad8      0x3ee C:\Users\19156\Desktop\DualModeKeyboard\SDK\StdPeriphDriver\libISP573.a(ISP573.o)
                0x0000000020003ad8                FLASH_ROM_BEG
                0x0000000020003aea                FLASH_ROM_END
                0x0000000020003af8                FLASH_ROM_IN
                0x0000000020003b06                FLASH_ROM_OUT
                0x0000000020003b14                FLASH_ROM_ADDR
                0x0000000020003b5c                FLASH_ROM_WAIT
                0x0000000020003b94                FLASH_EEPROM_CMD
 .highcode      0x0000000020003ec6      0x230 C:\Users\19156\Desktop\DualModeKeyboard\SDK\LIB\libCH57xBLE.a(tmos.o)
                0x0000000020003ee2                tmos_memcpy
                0x0000000020003f02                tmos_memcpy_word
                0x0000000020003f1e                TMOS_SystemProcess
 .highcode      0x00000000200040f6       0xc2 C:\Users\19156\Desktop\DualModeKeyboard\SDK\LIB\libCH57xBLE.a(tmos_hw.o)
                0x00000000200040f6                BLE_GetHSEClock
                0x0000000020004134                RTC_Get32KClock
                0x000000002000414c                SYS_GetTickCount
 .highcode      0x00000000200041b8      0x128 C:\Users\19156\Desktop\DualModeKeyboard\SDK\LIB\libCH57xBLE.a(ll_connect.o)
                0x00000000200041b8                ll_connect_process_data
                0x0000000020004206                ll_connect_event_continue
 .highcode      0x00000000200042e0      0x1c4 C:\Users\19156\Desktop\DualModeKeyboard\SDK\LIB\libCH57xBLE.a(bb.o)
                0x00000000200042e0                BB_IRQLibHandler
                0x000000002000445a                BB_IRQLibFunction
 .highcode      0x00000000200044a4      0x198 C:\Users\19156\Desktop\DualModeKeyboard\SDK\LIB\libCH57xBLE.a(ip.o)
                0x00000000200044a4                ll_tx_wait_finish
                0x00000000200044d0                ll_tx_wait_tx_dma
                0x000000002000452e                ll_rx_wait_finish
                0x0000000020004564                ll_rx_wait_tx_dma
                0x00000000200045b2                ble_ll_chkcrc
 .highcode      0x000000002000463c      0x1a4 C:\Users\19156\Desktop\DualModeKeyboard\SDK\LIB\libCH57xBLE.a(lle.o)
                0x000000002000463c                LLE_IRQLibHandler
                0x0000000020004796                LLE_IRQLibFunction
 .highcode      0x00000000200047e0       0x82 C:\Users\19156\Desktop\DualModeKeyboard\SDK\LIB\libCH57xBLE.a(rf_fh.o)
                0x00000000200047e0                RF_HopGetChannel
 .highcode      0x0000000020004862       0x2c C:\Users\19156\Desktop\DualModeKeyboard\SDK\LIB\libCH57xBLE.a(rfend.o)
                0x0000000020004862                RFEND_WaitTune
 .highcode      0x000000002000488e      0x13a C:\Users\19156\Desktop\DualModeKeyboard\SDK\LIB\libCH57xBLE.a(memory.o)
                0x000000002000488e                tmos_memory_allocate
                0x0000000020004928                tmos_memory_free
 *(.highcode.*)
                0x00000000200049c8                . = ALIGN (0x4)
 *fill*         0x00000000200049c8        0x0 
                0x00000000200049c8                PROVIDE (_highcode_vma_end = .)

.text           0x00000000000011d0    0x1d1c4
                0x00000000000011d0                . = ALIGN (0x4)
 *(SORT_NONE(.handle_reset))
 .handle_reset  0x00000000000011d0       0xa2 ./Startup/startup_CH573.o
                0x00000000000011d0                handle_reset
 *(.text)
 *(.text.*)
 .text.ADC_InterTSSampInit
                0x0000000000001272       0x28 ./StdPeriphDriver/CH57x_adc.o
                0x0000000000001272                ADC_InterTSSampInit
 .text.Calibration_LSI_FLASH
                0x000000000000129a      0x284 ./StdPeriphDriver/CH57x_clk.o
                0x000000000000129a                Calibration_LSI_FLASH
 .text.Calibration_LSI_RAM
                0x000000000000151e      0x23e ./StdPeriphDriver/CH57x_clk.o
                0x000000000000151e                Calibration_LSI_RAM
 .text.RTC_InitTime
                0x000000000000175c      0x134 ./StdPeriphDriver/CH57x_clk.o
                0x000000000000175c                RTC_InitTime
 .text.GPIOA_ModeCfg
                0x0000000000001890       0xa6 ./StdPeriphDriver/CH57x_gpio.o
                0x0000000000001890                GPIOA_ModeCfg
 .text.GPIOB_ModeCfg
                0x0000000000001936       0xa6 ./StdPeriphDriver/CH57x_gpio.o
                0x0000000000001936                GPIOB_ModeCfg
 .text.SYS_GetSysTickCnt
                0x00000000000019dc        0xa ./StdPeriphDriver/CH57x_sys.o
                0x00000000000019dc                SYS_GetSysTickCnt
 .text.USB_DeviceInit
                0x00000000000019e6       0x7e ./StdPeriphDriver/CH57x_usbdev.o
                0x00000000000019e6                USB_DeviceInit
 .text.DevEP1_IN_Deal
                0x0000000000001a64       0x16 ./StdPeriphDriver/CH57x_usbdev.o
                0x0000000000001a64                DevEP1_IN_Deal
 .text.DevEP2_IN_Deal
                0x0000000000001a7a       0x16 ./StdPeriphDriver/CH57x_usbdev.o
                0x0000000000001a7a                DevEP2_IN_Deal
 .text.DevEP3_IN_Deal
                0x0000000000001a90       0x16 ./StdPeriphDriver/CH57x_usbdev.o
                0x0000000000001a90                DevEP3_IN_Deal
 .text.battMeasure
                0x0000000000001aa6       0x7c ./Profile/battservice.o
 .text.battWriteAttrCB
                0x0000000000001b22       0x5e ./Profile/battservice.o
 .text.battReadAttrCB
                0x0000000000001b80       0x7e ./Profile/battservice.o
 .text.battNotifyCB
                0x0000000000001bfe       0x76 ./Profile/battservice.o
 .text.Batt_AddService
                0x0000000000001c74       0x2c ./Profile/battservice.o
                0x0000000000001c74                Batt_AddService
 .text.Batt_Register
                0x0000000000001ca0        0x6 ./Profile/battservice.o
                0x0000000000001ca0                Batt_Register
 .text.Batt_SetParameter
                0x0000000000001ca6       0x3a ./Profile/battservice.o
                0x0000000000001ca6                Batt_SetParameter
 .text.Batt_GetParameter
                0x0000000000001ce0       0x6a ./Profile/battservice.o
                0x0000000000001ce0                Batt_GetParameter
 .text.Batt_MeasLevel
                0x0000000000001d4a       0x2e ./Profile/battservice.o
                0x0000000000001d4a                Batt_MeasLevel
 .text.Batt_HandleConnStatusCB
                0x0000000000001d78       0x3e ./Profile/battservice.o
                0x0000000000001d78                Batt_HandleConnStatusCB
 .text.devInfo_ReadAttrCB
                0x0000000000001db6      0x196 ./Profile/devinfoservice.o
 .text.DevInfo_AddService
                0x0000000000001f4c       0x18 ./Profile/devinfoservice.o
                0x0000000000001f4c                DevInfo_AddService
 .text.hidDevParamUpdateCB
                0x0000000000001f64        0x2 ./Profile/hiddev.o
 .text.hidDevScanParamCB
                0x0000000000001f66        0x2 ./Profile/hiddev.o
 .text.hidDevRptByHandle
                0x0000000000001f68       0x30 ./Profile/hiddev.o
 .text.hidDevBattCB
                0x0000000000001f98       0x28 ./Profile/hiddev.o
 .text.hidDevPairStateCB
                0x0000000000001fc0       0x28 ./Profile/hiddev.o
 .text.hidDevPasscodeCB
                0x0000000000001fe8       0x34 ./Profile/hiddev.o
 .text.HidDev_ProcessEvent
                0x000000000000201c       0x6c ./Profile/hiddev.o
                0x000000000000201c                HidDev_ProcessEvent
 .text.hidDevGapStateCB
                0x0000000000002088      0x17c ./Profile/hiddev.o
 .text.HidDev_Init
                0x0000000000002204       0x66 ./Profile/hiddev.o
                0x0000000000002204                HidDev_Init
 .text.HidDev_Register
                0x000000000000226a        0xa ./Profile/hiddev.o
                0x000000000000226a                HidDev_Register
 .text.HidDev_RegisterReports
                0x0000000000002274        0xa ./Profile/hiddev.o
                0x0000000000002274                HidDev_RegisterReports
 .text.HidDev_Report
                0x000000000000227e       0xda ./Profile/hiddev.o
                0x000000000000227e                HidDev_Report
 .text.HidDev_Start
                0x0000000000002358       0x1e ./Profile/hiddev.o
                0x0000000000002358                HidDev_Start
 .text.HidDev_Close
                0x0000000000002376       0x30 ./Profile/hiddev.o
                0x0000000000002376                HidDev_Close
 .text.HidDev_ReadAttrCB
                0x00000000000023a6      0x104 ./Profile/hiddev.o
                0x00000000000023a6                HidDev_ReadAttrCB
 .text.HidDev_WriteAttrCB
                0x00000000000024aa      0x146 ./Profile/hiddev.o
                0x00000000000024aa                HidDev_WriteAttrCB
 .text.Hid_AddService
                0x00000000000025f0      0x134 ./Profile/hidkbdservice.o
                0x00000000000025f0                Hid_AddService
 .text.Hid_SetParameter
                0x0000000000002724       0x5a ./Profile/hidkbdservice.o
                0x0000000000002724                Hid_SetParameter
 .text.Hid_GetParameter
                0x000000000000277e       0x42 ./Profile/hidkbdservice.o
                0x000000000000277e                Hid_GetParameter
 .text.scanParamReadAttrCB
                0x00000000000027c0        0x4 ./Profile/scanparamservice.o
 .text.scanParamWriteAttrCB
                0x00000000000027c4       0x66 ./Profile/scanparamservice.o
 .text.ScanParam_AddService
                0x000000000000282a       0x2c ./Profile/scanparamservice.o
                0x000000000000282a                ScanParam_AddService
 .text.ScanParam_Register
                0x0000000000002856        0x6 ./Profile/scanparamservice.o
                0x0000000000002856                ScanParam_Register
 .text.ScanParam_RefreshNotify
                0x000000000000285c       0x5c ./Profile/scanparamservice.o
                0x000000000000285c                ScanParam_RefreshNotify
 .text.ScanParam_HandleConnStatusCB
                0x00000000000028b8       0x3e ./Profile/scanparamservice.o
                0x00000000000028b8                ScanParam_HandleConnStatusCB
 .text.Lib_Calibration_LSI
                0x00000000000028f6       0x30 ./HAL/MCU.o
                0x00000000000028f6                Lib_Calibration_LSI
 .text.Lib_Read_Flash
                0x0000000000002926       0x1c ./HAL/MCU.o
                0x0000000000002926                Lib_Read_Flash
 .text.Lib_Write_Flash
                0x0000000000002942       0x40 ./HAL/MCU.o
                0x0000000000002942                Lib_Write_Flash
 .text.HAL_GetInterTempValue
                0x0000000000002982       0x72 ./HAL/MCU.o
                0x0000000000002982                HAL_GetInterTempValue
 .text.HAL_ProcessEvent
                0x00000000000029f4       0x72 ./HAL/MCU.o
                0x00000000000029f4                HAL_ProcessEvent
 .text.CH57X_BLEInit
                0x0000000000002a66      0x114 ./HAL/MCU.o
                0x0000000000002a66                CH57X_BLEInit
 .text.HAL_Init
                0x0000000000002b7a       0x34 ./HAL/MCU.o
                0x0000000000002b7a                HAL_Init
 .text.HAL_TimeInit
                0x0000000000002bae       0x5e ./HAL/RTC.o
                0x0000000000002bae                HAL_TimeInit
 .text.startup.main
                0x0000000000002c0c       0x80 ./APP/MAIN.o
                0x0000000000002c0c                main
 .text.hidEmuEvtCB
                0x0000000000002c8c        0x2 ./APP/app_ble.o
 .text.hidEmuStateCB
                0x0000000000002c8e       0x44 ./APP/app_ble.o
 .text.hidEmuRptCB
                0x0000000000002cd2       0x44 ./APP/app_ble.o
 .text.HidEmu_ProcessEvent
                0x0000000000002d16       0x66 ./APP/app_ble.o
                0x0000000000002d16                HidEmu_ProcessEvent
 .text.HidEmu_Init
                0x0000000000002d7c       0xec ./APP/app_ble.o
                0x0000000000002d7c                HidEmu_Init
 .text.hidEmuSendReport
                0x0000000000002e68       0x50 ./APP/app_ble.o
                0x0000000000002e68                hidEmuSendReport
 .text.USB_Init
                0x0000000000002eb8       0x4a ./APP/app_usb.o
                0x0000000000002eb8                USB_Init
 .text.DevEP1_OUT_Deal
                0x0000000000002f02       0x26 ./APP/app_usb.o
                0x0000000000002f02                DevEP1_OUT_Deal
 .text.DevEP2_OUT_Deal
                0x0000000000002f28       0x26 ./APP/app_usb.o
                0x0000000000002f28                DevEP2_OUT_Deal
 .text.DevEP4_OUT_Deal
                0x0000000000002f4e       0xca ./APP/app_usb.o
                0x0000000000002f4e                DevEP4_OUT_Deal
 .text.USB_DevTransProcess
                0x0000000000003018      0x760 ./APP/app_usb.o
                0x0000000000003018                USB_DevTransProcess
 .text.TMOS_Keys_Debounce
                0x0000000000003778      0x228 ./APP/keyin.o
 .text.TMOS_Enco_Debounce
                0x00000000000039a0       0xc0 ./APP/keyin.o
 .text.TMOS_Keys_TaskManager
                0x0000000000003a60      0x154 ./APP/keyin.o
 .text.TMOS_Keys_TransMacro
                0x0000000000003bb4      0xaac ./APP/keyin.o
 .text.Keyin_Init
                0x0000000000004660       0xac ./APP/keyin.o
                0x0000000000004660                Keyin_Init
 .text.TMOSTASK_ProtoCtrl_UploadData
                0x000000000000470c       0x92 ./APP/protocol.o
 .text.TMOSTASK_ProtoCtrl_Fresh
                0x000000000000479e       0x9a ./APP/protocol.o
 .text.ProtoCtrl_Init
                0x0000000000004838       0x7e ./APP/protocol.o
                0x0000000000004838                ProtoCtrl_Init
 .text.UserCfg_Init
                0x00000000000048b6       0x62 ./APP/usercfg.o
                0x00000000000048b6                UserCfg_Init
 .text.KeyCfg_JumpNext
                0x0000000000004918       0x6c ./APP/usercfg.o
                0x0000000000004918                KeyCfg_JumpNext
 .text.KeyCfg_Reset
                0x0000000000004984       0x12 ./APP/usercfg.o
                0x0000000000004984                KeyCfg_Reset
 .text.tmos_msg_enqueue
                0x0000000000004996       0x1e C:\Users\19156\Desktop\DualModeKeyboard\SDK\LIB\libCH57xBLE.a(message.o)
                0x0000000000004996                tmos_msg_enqueue
 .text.tmos_msg_deallocate
                0x00000000000049b4       0x2c C:\Users\19156\Desktop\DualModeKeyboard\SDK\LIB\libCH57xBLE.a(message.o)
                0x00000000000049b4                tmos_msg_deallocate
 .text.tmos_msg_allocate
                0x00000000000049e0       0x3e C:\Users\19156\Desktop\DualModeKeyboard\SDK\LIB\libCH57xBLE.a(message.o)
                0x00000000000049e0                tmos_msg_allocate
 .text.tmos_msg_receive
                0x0000000000004a1e       0x68 C:\Users\19156\Desktop\DualModeKeyboard\SDK\LIB\libCH57xBLE.a(message.o)
                0x0000000000004a1e                tmos_msg_receive
 .text.tmos_msg_send
                0x0000000000004a86       0x56 C:\Users\19156\Desktop\DualModeKeyboard\SDK\LIB\libCH57xBLE.a(message.o)
                0x0000000000004a86                tmos_msg_send
 .text.tmos_msg_init
                0x0000000000004adc        0x6 C:\Users\19156\Desktop\DualModeKeyboard\SDK\LIB\libCH57xBLE.a(message.o)
                0x0000000000004adc                tmos_msg_init
 .text.tmosFindTask
                0x0000000000004ae2       0x20 C:\Users\19156\Desktop\DualModeKeyboard\SDK\LIB\libCH57xBLE.a(tmos.o)
 .text.TMOS_CbTimerProcessEvent
                0x0000000000004b02       0x7c C:\Users\19156\Desktop\DualModeKeyboard\SDK\LIB\libCH57xBLE.a(tmos.o)
                0x0000000000004b02                TMOS_CbTimerProcessEvent
 .text.tmos_rand
                0x0000000000004b7e       0x54 C:\Users\19156\Desktop\DualModeKeyboard\SDK\LIB\libCH57xBLE.a(tmos.o)
                0x0000000000004b7e                tmos_rand
 .text.tmos_query_sleep_time
                0x0000000000004bd2      0x178 C:\Users\19156\Desktop\DualModeKeyboard\SDK\LIB\libCH57xBLE.a(tmos.o)
                0x0000000000004bd2                tmos_query_sleep_time
 .text.tmos_memset
                0x0000000000004d4a       0x12 C:\Users\19156\Desktop\DualModeKeyboard\SDK\LIB\libCH57xBLE.a(tmos.o)
                0x0000000000004d4a                tmos_memset
 .text.tmos_strlen
                0x0000000000004d5c       0x14 C:\Users\19156\Desktop\DualModeKeyboard\SDK\LIB\libCH57xBLE.a(tmos.o)
                0x0000000000004d5c                tmos_strlen
 .text.tmos_memdup
                0x0000000000004d70       0x3c C:\Users\19156\Desktop\DualModeKeyboard\SDK\LIB\libCH57xBLE.a(tmos.o)
                0x0000000000004d70                tmos_memdup
 .text.tmos_memcmp
                0x0000000000004dac       0x24 C:\Users\19156\Desktop\DualModeKeyboard\SDK\LIB\libCH57xBLE.a(tmos.o)
                0x0000000000004dac                tmos_memcmp
 .text.tmos_revmemcpy
                0x0000000000004dd0       0x1c C:\Users\19156\Desktop\DualModeKeyboard\SDK\LIB\libCH57xBLE.a(tmos.o)
                0x0000000000004dd0                tmos_revmemcpy
 .text.tmos_isbufset
                0x0000000000004dec       0x1e C:\Users\19156\Desktop\DualModeKeyboard\SDK\LIB\libCH57xBLE.a(tmos.o)
                0x0000000000004dec                tmos_isbufset
 .text.tmos_set_event
                0x0000000000004e0a       0x2a C:\Users\19156\Desktop\DualModeKeyboard\SDK\LIB\libCH57xBLE.a(tmos.o)
                0x0000000000004e0a                tmos_set_event
 .text.tmos_query_system_time
                0x0000000000004e34       0xce C:\Users\19156\Desktop\DualModeKeyboard\SDK\LIB\libCH57xBLE.a(tmos.o)
                0x0000000000004e34                tmos_query_system_time
 .text.tmos_clear_event
                0x0000000000004f02       0x2e C:\Users\19156\Desktop\DualModeKeyboard\SDK\LIB\libCH57xBLE.a(tmos.o)
                0x0000000000004f02                tmos_clear_event
 .text.tmos_start_task
                0x0000000000004f30       0x90 C:\Users\19156\Desktop\DualModeKeyboard\SDK\LIB\libCH57xBLE.a(tmos.o)
                0x0000000000004f30                tmos_start_task
 .text.tmos_start_callback_task
                0x0000000000004fc0       0xac C:\Users\19156\Desktop\DualModeKeyboard\SDK\LIB\libCH57xBLE.a(tmos.o)
                0x0000000000004fc0                tmos_start_callback_task
 .text.tmos_start_reload_task
                0x000000000000506c       0x30 C:\Users\19156\Desktop\DualModeKeyboard\SDK\LIB\libCH57xBLE.a(tmos.o)
                0x000000000000506c                tmos_start_reload_task
 .text.tmos_stop_task
                0x000000000000509c       0x42 C:\Users\19156\Desktop\DualModeKeyboard\SDK\LIB\libCH57xBLE.a(tmos.o)
                0x000000000000509c                tmos_stop_task
 .text.tmos_stop_callback_task
                0x00000000000050de       0x5c C:\Users\19156\Desktop\DualModeKeyboard\SDK\LIB\libCH57xBLE.a(tmos.o)
                0x00000000000050de                tmos_stop_callback_task
 .text.tmos_get_task_timer
                0x000000000000513a       0x16 C:\Users\19156\Desktop\DualModeKeyboard\SDK\LIB\libCH57xBLE.a(tmos.o)
                0x000000000000513a                tmos_get_task_timer
 .text.tmos_update_callback_timer
                0x0000000000005150       0x62 C:\Users\19156\Desktop\DualModeKeyboard\SDK\LIB\libCH57xBLE.a(tmos.o)
                0x0000000000005150                tmos_update_callback_timer
 .text.TMOS_Set32KTuneValue
                0x00000000000051b2        0xa C:\Users\19156\Desktop\DualModeKeyboard\SDK\LIB\libCH57xBLE.a(tmos.o)
                0x00000000000051b2                TMOS_Set32KTuneValue
 .text.TMOS_TimerRegister
                0x00000000000051bc       0x1a C:\Users\19156\Desktop\DualModeKeyboard\SDK\LIB\libCH57xBLE.a(tmos.o)
                0x00000000000051bc                TMOS_TimerRegister
 .text.TMOS_ProcessRegister
                0x00000000000051d6       0x16 C:\Users\19156\Desktop\DualModeKeyboard\SDK\LIB\libCH57xBLE.a(tmos.o)
                0x00000000000051d6                TMOS_ProcessRegister
 .text.TMOS_Init
                0x00000000000051ec       0xea C:\Users\19156\Desktop\DualModeKeyboard\SDK\LIB\libCH57xBLE.a(tmos.o)
                0x00000000000051ec                TMOS_Init
 .text.TMOS_ProcessEventRegister
                0x00000000000052d6       0x38 C:\Users\19156\Desktop\DualModeKeyboard\SDK\LIB\libCH57xBLE.a(tmos.o)
                0x00000000000052d6                TMOS_ProcessEventRegister
 .text.BLE_LibInit
                0x000000000000530e      0x1a4 C:\Users\19156\Desktop\DualModeKeyboard\SDK\LIB\libCH57xBLE.a(tmos.o)
                0x000000000000530e                BLE_LibInit
 .text.ble_ll_common_rand8
                0x00000000000054b2       0x24 C:\Users\19156\Desktop\DualModeKeyboard\SDK\LIB\libCH57xBLE.a(tmos_hw.o)
                0x00000000000054b2                ble_ll_common_rand8
 .text.ble_ll_common_rand16
                0x00000000000054d6       0x24 C:\Users\19156\Desktop\DualModeKeyboard\SDK\LIB\libCH57xBLE.a(tmos_hw.o)
                0x00000000000054d6                ble_ll_common_rand16
 .text.ble_ll_common_rand32
                0x00000000000054fa       0x20 C:\Users\19156\Desktop\DualModeKeyboard\SDK\LIB\libCH57xBLE.a(tmos_hw.o)
                0x00000000000054fa                ble_ll_common_rand32
 .text.ll_hw_temp_sample
                0x000000000000551a       0xc0 C:\Users\19156\Desktop\DualModeKeyboard\SDK\LIB\libCH57xBLE.a(tmos_hw.o)
                0x000000000000551a                ll_hw_temp_sample
 .text.TMOS_TimerInit
                0x00000000000055da       0x5e C:\Users\19156\Desktop\DualModeKeyboard\SDK\LIB\libCH57xBLE.a(tmos_hw.o)
                0x00000000000055da                TMOS_TimerInit
 .text.tmos_snv_init
                0x0000000000005638       0xbc C:\Users\19156\Desktop\DualModeKeyboard\SDK\LIB\libCH57xBLE.a(tmos_snv.o)
                0x0000000000005638                tmos_snv_init
 .text.tmos_snv_clear
                0x00000000000056f4       0xae C:\Users\19156\Desktop\DualModeKeyboard\SDK\LIB\libCH57xBLE.a(tmos_snv.o)
                0x00000000000056f4                tmos_snv_clear
 .text.tmos_snv_read
                0x00000000000057a2      0x292 C:\Users\19156\Desktop\DualModeKeyboard\SDK\LIB\libCH57xBLE.a(tmos_snv.o)
                0x00000000000057a2                tmos_snv_read
 .text.tmos_snv_notify
                0x0000000000005a34       0x5a C:\Users\19156\Desktop\DualModeKeyboard\SDK\LIB\libCH57xBLE.a(tmos_snv.o)
                0x0000000000005a34                tmos_snv_notify
 .text.tmos_snv_write
                0x0000000000005a8e      0x2ce C:\Users\19156\Desktop\DualModeKeyboard\SDK\LIB\libCH57xBLE.a(tmos_snv.o)
                0x0000000000005a8e                tmos_snv_write
 .text.tmos_snv_compact
                0x0000000000005d5c        0x4 C:\Users\19156\Desktop\DualModeKeyboard\SDK\LIB\libCH57xBLE.a(tmos_snv.o)
                0x0000000000005d5c                tmos_snv_compact
 .text.disconnectNext
                0x0000000000005d60       0x22 C:\Users\19156\Desktop\DualModeKeyboard\SDK\LIB\libCH57xBLE.a(gap.o)
 .text.GAP_ParamInit
                0x0000000000005d82       0x80 C:\Users\19156\Desktop\DualModeKeyboard\SDK\LIB\libCH57xBLE.a(gap.o)
                0x0000000000005d82                GAP_ParamInit
 .text.sendTerminateEvent
                0x0000000000005e02       0x58 C:\Users\19156\Desktop\DualModeKeyboard\SDK\LIB\libCH57xBLE.a(gap.o)
                0x0000000000005e02                sendTerminateEvent
 .text.gapRegisterCentral
                0x0000000000005e5a        0x6 C:\Users\19156\Desktop\DualModeKeyboard\SDK\LIB\libCH57xBLE.a(gap.o)
                0x0000000000005e5a                gapRegisterCentral
 .text.gapRegisterCentralConn
                0x0000000000005e60        0x6 C:\Users\19156\Desktop\DualModeKeyboard\SDK\LIB\libCH57xBLE.a(gap.o)
                0x0000000000005e60                gapRegisterCentralConn
 .text.gapRegisterPeripheral
                0x0000000000005e66        0x6 C:\Users\19156\Desktop\DualModeKeyboard\SDK\LIB\libCH57xBLE.a(gap.o)
                0x0000000000005e66                gapRegisterPeripheral
 .text.gapRegisterPeripheralConn
                0x0000000000005e6c        0x6 C:\Users\19156\Desktop\DualModeKeyboard\SDK\LIB\libCH57xBLE.a(gap.o)
                0x0000000000005e6c                gapRegisterPeripheralConn
 .text.smGenerateRandBuf
                0x0000000000005e72       0x56 C:\Users\19156\Desktop\DualModeKeyboard\SDK\LIB\libCH57xBLE.a(gap.o)
                0x0000000000005e72                smGenerateRandBuf
 .text.gapL2capConnParamUpdateReq
                0x0000000000005ec8       0x32 C:\Users\19156\Desktop\DualModeKeyboard\SDK\LIB\libCH57xBLE.a(gap.o)
                0x0000000000005ec8                gapL2capConnParamUpdateReq
 .text.gapValidADType
                0x0000000000005efa       0x16 C:\Users\19156\Desktop\DualModeKeyboard\SDK\LIB\libCH57xBLE.a(gap.o)
                0x0000000000005efa                gapValidADType
 .text.gapFindADType
                0x0000000000005f10       0x8e C:\Users\19156\Desktop\DualModeKeyboard\SDK\LIB\libCH57xBLE.a(gap.o)
                0x0000000000005f10                gapFindADType
 .text.GAP_SecParamsInit
                0x0000000000005f9e       0x9a C:\Users\19156\Desktop\DualModeKeyboard\SDK\LIB\libCH57xBLE.a(gap.o)
                0x0000000000005f9e                GAP_SecParamsInit
 .text.GAP_ParamsInit
                0x0000000000006038       0x48 C:\Users\19156\Desktop\DualModeKeyboard\SDK\LIB\libCH57xBLE.a(gap.o)
                0x0000000000006038                GAP_ParamsInit
 .text.gapAddAddrAdj
                0x0000000000006080       0x48 C:\Users\19156\Desktop\DualModeKeyboard\SDK\LIB\libCH57xBLE.a(gap.o)
                0x0000000000006080                gapAddAddrAdj
 .text.gapDetermineAddrType
                0x00000000000060c8       0x28 C:\Users\19156\Desktop\DualModeKeyboard\SDK\LIB\libCH57xBLE.a(gap.o)
                0x00000000000060c8                gapDetermineAddrType
 .text.gapFreeAuthLink
                0x00000000000060f0       0x4a C:\Users\19156\Desktop\DualModeKeyboard\SDK\LIB\libCH57xBLE.a(gap.o)
                0x00000000000060f0                gapFreeAuthLink
 .text.gapGetDevAddress
                0x000000000000613a       0x24 C:\Users\19156\Desktop\DualModeKeyboard\SDK\LIB\libCH57xBLE.a(gap.o)
                0x000000000000613a                gapGetDevAddress
 .text.gapGetDevAddressMode
                0x000000000000615e        0xa C:\Users\19156\Desktop\DualModeKeyboard\SDK\LIB\libCH57xBLE.a(gap.o)
                0x000000000000615e                gapGetDevAddressMode
 .text.gapGetIRK
                0x0000000000006168        0xc C:\Users\19156\Desktop\DualModeKeyboard\SDK\LIB\libCH57xBLE.a(gap.o)
                0x0000000000006168                gapGetIRK
 .text.gapGetSRK
                0x0000000000006174        0xc C:\Users\19156\Desktop\DualModeKeyboard\SDK\LIB\libCH57xBLE.a(gap.o)
                0x0000000000006174                gapGetSRK
 .text.gapGetSignCounter
                0x0000000000006180        0xe C:\Users\19156\Desktop\DualModeKeyboard\SDK\LIB\libCH57xBLE.a(gap.o)
                0x0000000000006180                gapGetSignCounter
 .text.gapIncSignCounter
                0x000000000000618e       0x28 C:\Users\19156\Desktop\DualModeKeyboard\SDK\LIB\libCH57xBLE.a(gap.o)
                0x000000000000618e                gapIncSignCounter
 .text.gapProcessConnEvt
                0x00000000000061b6       0x48 C:\Users\19156\Desktop\DualModeKeyboard\SDK\LIB\libCH57xBLE.a(gap.o)
                0x00000000000061b6                gapProcessConnEvt
 .text.gapProcessDisconnectCompleteEvt
                0x00000000000061fe       0xa8 C:\Users\19156\Desktop\DualModeKeyboard\SDK\LIB\libCH57xBLE.a(gap.o)
                0x00000000000061fe                gapProcessDisconnectCompleteEvt
 .text.sendAuthEvent
                0x00000000000062a6      0x11a C:\Users\19156\Desktop\DualModeKeyboard\SDK\LIB\libCH57xBLE.a(gap.o)
                0x00000000000062a6                sendAuthEvent
 .text.gapSendBondCompleteEvent
                0x00000000000063c0       0x70 C:\Users\19156\Desktop\DualModeKeyboard\SDK\LIB\libCH57xBLE.a(gap.o)
                0x00000000000063c0                gapSendBondCompleteEvent
 .text.gapSendPairingReqEvent
                0x0000000000006430       0x92 C:\Users\19156\Desktop\DualModeKeyboard\SDK\LIB\libCH57xBLE.a(gap.o)
                0x0000000000006430                gapSendPairingReqEvent
 .text.gapSendSlaveSecurityReqEvent
                0x00000000000064c2       0x68 C:\Users\19156\Desktop\DualModeKeyboard\SDK\LIB\libCH57xBLE.a(gap.o)
                0x00000000000064c2                gapSendSlaveSecurityReqEvent
 .text.gapSendDeviceInitDoneEvent
                0x000000000000652a       0x88 C:\Users\19156\Desktop\DualModeKeyboard\SDK\LIB\libCH57xBLE.a(gap.o)
                0x000000000000652a                gapSendDeviceInitDoneEvent
 .text.gapSendLinkUpdateEvent
                0x00000000000065b2       0x84 C:\Users\19156\Desktop\DualModeKeyboard\SDK\LIB\libCH57xBLE.a(gap.o)
                0x00000000000065b2                gapSendLinkUpdateEvent
 .text.gapSendEstLinkEvent
                0x0000000000006636       0xb8 C:\Users\19156\Desktop\DualModeKeyboard\SDK\LIB\libCH57xBLE.a(gap.o)
                0x0000000000006636                gapSendEstLinkEvent
 .text.gapProcessNewAddr
                0x00000000000066ee       0x3e C:\Users\19156\Desktop\DualModeKeyboard\SDK\LIB\libCH57xBLE.a(gap.o)
                0x00000000000066ee                gapProcessNewAddr
 .text.gapProcessRandomAddrComplete
                0x000000000000672c       0xb6 C:\Users\19156\Desktop\DualModeKeyboard\SDK\LIB\libCH57xBLE.a(gap.o)
                0x000000000000672c                gapProcessRandomAddrComplete
 .text.GAP_Authenticate
                0x00000000000067e2       0xd2 C:\Users\19156\Desktop\DualModeKeyboard\SDK\LIB\libCH57xBLE.a(gap.o)
                0x00000000000067e2                GAP_Authenticate
 .text.GAP_Bond
                0x00000000000068b4       0xa2 C:\Users\19156\Desktop\DualModeKeyboard\SDK\LIB\libCH57xBLE.a(gap.o)
                0x00000000000068b4                GAP_Bond
 .text.GAP_GetParamValue
                0x0000000000006956       0x1e C:\Users\19156\Desktop\DualModeKeyboard\SDK\LIB\libCH57xBLE.a(gap.o)
                0x0000000000006956                GAP_GetParamValue
 .text.GAP_PasscodeUpdate
                0x0000000000006974       0x50 C:\Users\19156\Desktop\DualModeKeyboard\SDK\LIB\libCH57xBLE.a(gap.o)
                0x0000000000006974                GAP_PasscodeUpdate
 .text.GAP_RegisterForMsgs
                0x00000000000069c4        0x6 C:\Users\19156\Desktop\DualModeKeyboard\SDK\LIB\libCH57xBLE.a(gap.o)
                0x00000000000069c4                GAP_RegisterForMsgs
 .text.GAP_ResolvePrivateAddr
                0x00000000000069ca        0x4 C:\Users\19156\Desktop\DualModeKeyboard\SDK\LIB\libCH57xBLE.a(gap.o)
                0x00000000000069ca                GAP_ResolvePrivateAddr
 .text.gapPairingCompleteCB
                0x00000000000069ce      0x188 C:\Users\19156\Desktop\DualModeKeyboard\SDK\LIB\libCH57xBLE.a(gap.o)
                0x00000000000069ce                gapPairingCompleteCB
 .text.gapPasskeyNeededCB
                0x0000000000006b56       0x8e C:\Users\19156\Desktop\DualModeKeyboard\SDK\LIB\libCH57xBLE.a(gap.o)
                0x0000000000006b56                gapPasskeyNeededCB
 .text.gapFreeEstLink
                0x0000000000006be4       0x20 C:\Users\19156\Desktop\DualModeKeyboard\SDK\LIB\libCH57xBLE.a(gap.o)
                0x0000000000006be4                gapFreeEstLink
 .text.gapUpdateConnSignCounter
                0x0000000000006c04       0x7a C:\Users\19156\Desktop\DualModeKeyboard\SDK\LIB\libCH57xBLE.a(gap.o)
                0x0000000000006c04                gapUpdateConnSignCounter
 .text.GAP_SendSlaveSecurityRequest
                0x0000000000006c7e       0x4c C:\Users\19156\Desktop\DualModeKeyboard\SDK\LIB\libCH57xBLE.a(gap.o)
                0x0000000000006c7e                GAP_SendSlaveSecurityRequest
 .text.GAP_Signable
                0x0000000000006cca       0x66 C:\Users\19156\Desktop\DualModeKeyboard\SDK\LIB\libCH57xBLE.a(gap.o)
                0x0000000000006cca                GAP_Signable
 .text.GAP_TerminateAuth
                0x0000000000006d30       0x2a C:\Users\19156\Desktop\DualModeKeyboard\SDK\LIB\libCH57xBLE.a(gap.o)
                0x0000000000006d30                GAP_TerminateAuth
 .text.GAP_NumActiveConnections
                0x0000000000006d5a        0x4 C:\Users\19156\Desktop\DualModeKeyboard\SDK\LIB\libCH57xBLE.a(gap.o)
                0x0000000000006d5a                GAP_NumActiveConnections
 .text.GAP_TerminateLinkReq
                0x0000000000006d5e       0x8e C:\Users\19156\Desktop\DualModeKeyboard\SDK\LIB\libCH57xBLE.a(gap.o)
                0x0000000000006d5e                GAP_TerminateLinkReq
 .text.GAP_SetParamValue
                0x0000000000006dec       0x4a C:\Users\19156\Desktop\DualModeKeyboard\SDK\LIB\libCH57xBLE.a(gap.o)
                0x0000000000006dec                GAP_SetParamValue
 .text.GAP_Init
                0x0000000000006e36       0x44 C:\Users\19156\Desktop\DualModeKeyboard\SDK\LIB\libCH57xBLE.a(gap.o)
                0x0000000000006e36                GAP_Init
 .text.GAP_ProcessEvent
                0x0000000000006e7a      0x578 C:\Users\19156\Desktop\DualModeKeyboard\SDK\LIB\libCH57xBLE.a(gap.o)
                0x0000000000006e7a                GAP_ProcessEvent
 .text.gapSendScanEnable
                0x00000000000073f2       0x1e C:\Users\19156\Desktop\DualModeKeyboard\SDK\LIB\libCH57xBLE.a(gap_central.o)
 .text.gapCentProcessConnEvt
                0x0000000000007410      0x148 C:\Users\19156\Desktop\DualModeKeyboard\SDK\LIB\libCH57xBLE.a(gap_central.o)
                0x0000000000007410                gapCentProcessConnEvt
 .text.gapCancelLinkReq
                0x0000000000007558       0x38 C:\Users\19156\Desktop\DualModeKeyboard\SDK\LIB\libCH57xBLE.a(gap_central.o)
                0x0000000000007558                gapCancelLinkReq
 .text.GAP_CentralParamInit
                0x0000000000007590       0x4c C:\Users\19156\Desktop\DualModeKeyboard\SDK\LIB\libCH57xBLE.a(gap_central.o)
                0x0000000000007590                GAP_CentralParamInit
 .text.gapProcessAdvertDevInfo
                0x00000000000075dc      0x23a C:\Users\19156\Desktop\DualModeKeyboard\SDK\LIB\libCH57xBLE.a(gap_central.o)
                0x00000000000075dc                gapProcessAdvertDevInfo
 .text.gapFreeScanRecs
                0x0000000000007816       0xa2 C:\Users\19156\Desktop\DualModeKeyboard\SDK\LIB\libCH57xBLE.a(gap_central.o)
                0x0000000000007816                gapFreeScanRecs
 .text.gapSendDevDiscEvent
                0x00000000000078b8      0x124 C:\Users\19156\Desktop\DualModeKeyboard\SDK\LIB\libCH57xBLE.a(gap_central.o)
                0x00000000000078b8                gapSendDevDiscEvent
 .text.gapSetScanParamStatus.part.2
                0x00000000000079dc       0x40 C:\Users\19156\Desktop\DualModeKeyboard\SDK\LIB\libCH57xBLE.a(gap_central.o)
 .text.gapCentProcessHCICmdEvt
                0x0000000000007a1c       0x3c C:\Users\19156\Desktop\DualModeKeyboard\SDK\LIB\libCH57xBLE.a(gap_central.o)
                0x0000000000007a1c                gapCentProcessHCICmdEvt
 .text.gapProcessScanningEvt
                0x0000000000007a58      0x110 C:\Users\19156\Desktop\DualModeKeyboard\SDK\LIB\libCH57xBLE.a(gap_central.o)
                0x0000000000007a58                gapProcessScanningEvt
 .text.gapProcessScanningDirectEvt
                0x0000000000007b68       0xfe C:\Users\19156\Desktop\DualModeKeyboard\SDK\LIB\libCH57xBLE.a(gap_central.o)
                0x0000000000007b68                gapProcessScanningDirectEvt
 .text.GAP_CentConnRegister
                0x0000000000007c66       0x12 C:\Users\19156\Desktop\DualModeKeyboard\SDK\LIB\libCH57xBLE.a(gap_central.o)
                0x0000000000007c66                GAP_CentConnRegister
 .text.GAP_CentDevMgrInit
                0x0000000000007c78       0x94 C:\Users\19156\Desktop\DualModeKeyboard\SDK\LIB\libCH57xBLE.a(gap_central.o)
                0x0000000000007c78                GAP_CentDevMgrInit
 .text.gapFreeAdvertState
                0x0000000000007d0c       0x20 C:\Users\19156\Desktop\DualModeKeyboard\SDK\LIB\libCH57xBLE.a(gap_peripheral.o)
 .text.gapPeriProcessConnEvt
                0x0000000000007d2c       0xbc C:\Users\19156\Desktop\DualModeKeyboard\SDK\LIB\libCH57xBLE.a(gap_peripheral.o)
 .text.gapSetAdvParams
                0x0000000000007de8       0x7e C:\Users\19156\Desktop\DualModeKeyboard\SDK\LIB\libCH57xBLE.a(gap_peripheral.o)
 .text.GAP_PeripheralParamInit
                0x0000000000007e66       0x4a C:\Users\19156\Desktop\DualModeKeyboard\SDK\LIB\libCH57xBLE.a(gap_peripheral.o)
                0x0000000000007e66                GAP_PeripheralParamInit
 .text.gapSendMakeDiscEvent
                0x0000000000007eb0       0x50 C:\Users\19156\Desktop\DualModeKeyboard\SDK\LIB\libCH57xBLE.a(gap_peripheral.o)
                0x0000000000007eb0                gapSendMakeDiscEvent
 .text.gapPeriProcessHCICmdCompleteEvt
                0x0000000000007f00      0x192 C:\Users\19156\Desktop\DualModeKeyboard\SDK\LIB\libCH57xBLE.a(gap_peripheral.o)
 .text.GAP_MakeDiscoverable
                0x0000000000008092       0xf0 C:\Users\19156\Desktop\DualModeKeyboard\SDK\LIB\libCH57xBLE.a(gap_peripheral.o)
                0x0000000000008092                GAP_MakeDiscoverable
 .text.GAP_EndDiscoverable
                0x0000000000008182       0x5c C:\Users\19156\Desktop\DualModeKeyboard\SDK\LIB\libCH57xBLE.a(gap_peripheral.o)
                0x0000000000008182                GAP_EndDiscoverable
 .text.gapProcessAdvertisingEvt
                0x00000000000081de       0x90 C:\Users\19156\Desktop\DualModeKeyboard\SDK\LIB\libCH57xBLE.a(gap_peripheral.o)
 .text.GAP_UpdateAdvertisingData
                0x000000000000826e       0xb8 C:\Users\19156\Desktop\DualModeKeyboard\SDK\LIB\libCH57xBLE.a(gap_peripheral.o)
                0x000000000000826e                GAP_UpdateAdvertisingData
 .text.GAP_ConfigDeviceAddr
                0x0000000000008326      0x10e C:\Users\19156\Desktop\DualModeKeyboard\SDK\LIB\libCH57xBLE.a(gap_peripheral.o)
                0x0000000000008326                GAP_ConfigDeviceAddr
 .text.GAP_PeriConnRegister
                0x0000000000008434       0x2a C:\Users\19156\Desktop\DualModeKeyboard\SDK\LIB\libCH57xBLE.a(gap_peripheral.o)
                0x0000000000008434                GAP_PeriConnRegister
 .text.GAP_PeriDevMgrInit
                0x000000000000845e       0xbc C:\Users\19156\Desktop\DualModeKeyboard\SDK\LIB\libCH57xBLE.a(gap_peripheral.o)
                0x000000000000845e                GAP_PeriDevMgrInit
 .text.ggs_SetAttrWPermit
                0x000000000000851a       0x68 C:\Users\19156\Desktop\DualModeKeyboard\SDK\LIB\libCH57xBLE.a(gapgattserver.o)
 .text.ggs_ReadAttrCB
                0x0000000000008582      0x152 C:\Users\19156\Desktop\DualModeKeyboard\SDK\LIB\libCH57xBLE.a(gapgattserver.o)
 .text.ggs_WriteAttrCB
                0x00000000000086d4      0x154 C:\Users\19156\Desktop\DualModeKeyboard\SDK\LIB\libCH57xBLE.a(gapgattserver.o)
 .text.GGS_ParamInit
                0x0000000000008828      0x23a C:\Users\19156\Desktop\DualModeKeyboard\SDK\LIB\libCH57xBLE.a(gapgattserver.o)
                0x0000000000008828                GGS_ParamInit
 .text.GGS_SetParameter
                0x0000000000008a62       0xde C:\Users\19156\Desktop\DualModeKeyboard\SDK\LIB\libCH57xBLE.a(gapgattserver.o)
                0x0000000000008a62                GGS_SetParameter
 .text.GGS_AddService
                0x0000000000008b40       0x2c C:\Users\19156\Desktop\DualModeKeyboard\SDK\LIB\libCH57xBLE.a(gapgattserver.o)
                0x0000000000008b40                GGS_AddService
 .text.GAP_DeviceInit
                0x0000000000008b6c       0xd8 C:\Users\19156\Desktop\DualModeKeyboard\SDK\LIB\libCH57xBLE.a(gapgattserver.o)
                0x0000000000008b6c                GAP_DeviceInit
 .text.gattGetPayload
                0x0000000000008c44       0x7e C:\Users\19156\Desktop\DualModeKeyboard\SDK\LIB\libCH57xBLE.a(gatt.o)
                0x0000000000008c44                gattGetPayload
 .text.gattNotifyEvent
                0x0000000000008cc2       0x80 C:\Users\19156\Desktop\DualModeKeyboard\SDK\LIB\libCH57xBLE.a(gatt.o)
                0x0000000000008cc2                gattNotifyEvent
 .text.gattSendFlowCtrlEvt
                0x0000000000008d42       0x4a C:\Users\19156\Desktop\DualModeKeyboard\SDK\LIB\libCH57xBLE.a(gatt.o)
                0x0000000000008d42                gattSendFlowCtrlEvt
 .text.gattStartTimer
                0x0000000000008d8c        0xc C:\Users\19156\Desktop\DualModeKeyboard\SDK\LIB\libCH57xBLE.a(gatt.o)
                0x0000000000008d8c                gattStartTimer
 .text.gattStopTimer
                0x0000000000008d98       0x32 C:\Users\19156\Desktop\DualModeKeyboard\SDK\LIB\libCH57xBLE.a(gatt.o)
                0x0000000000008d98                gattStopTimer
 .text.GATT_AppCompletedMsg
                0x0000000000008dca       0x30 C:\Users\19156\Desktop\DualModeKeyboard\SDK\LIB\libCH57xBLE.a(gatt.o)
                0x0000000000008dca                GATT_AppCompletedMsg
 .text.GATT_NotifyEvent
                0x0000000000008dfa       0x4e C:\Users\19156\Desktop\DualModeKeyboard\SDK\LIB\libCH57xBLE.a(gatt.o)
                0x0000000000008dfa                GATT_NotifyEvent
 .text.gattRegisterServer
                0x0000000000008e48        0x6 C:\Users\19156\Desktop\DualModeKeyboard\SDK\LIB\libCH57xBLE.a(gatt.o)
                0x0000000000008e48                gattRegisterServer
 .text.GATT_UpdateMTU
                0x0000000000008e4e       0x5c C:\Users\19156\Desktop\DualModeKeyboard\SDK\LIB\libCH57xBLE.a(gatt.o)
                0x0000000000008e4e                GATT_UpdateMTU
 .text.GATT_bm_alloc
                0x0000000000008eaa       0xea C:\Users\19156\Desktop\DualModeKeyboard\SDK\LIB\libCH57xBLE.a(gatt.o)
                0x0000000000008eaa                GATT_bm_alloc
 .text.GATT_ServiceChangedInd
                0x0000000000008f94       0x94 C:\Users\19156\Desktop\DualModeKeyboard\SDK\LIB\libCH57xBLE.a(gatt.o)
                0x0000000000008f94                GATT_ServiceChangedInd
 .text.GATT_bm_free
                0x0000000000009028       0x1c C:\Users\19156\Desktop\DualModeKeyboard\SDK\LIB\libCH57xBLE.a(gatt.o)
                0x0000000000009028                GATT_bm_free
 .text.GATT_RegisterForPeriMsgs
                0x0000000000009044        0x6 C:\Users\19156\Desktop\DualModeKeyboard\SDK\LIB\libCH57xBLE.a(gatt.o)
                0x0000000000009044                GATT_RegisterForPeriMsgs
 .text.GATT_Init
                0x000000000000904a       0x30 C:\Users\19156\Desktop\DualModeKeyboard\SDK\LIB\libCH57xBLE.a(gatt.o)
                0x000000000000904a                GATT_Init
 .text.GATT_ProcessEvent
                0x000000000000907a      0x136 C:\Users\19156\Desktop\DualModeKeyboard\SDK\LIB\libCH57xBLE.a(gatt.o)
                0x000000000000907a                GATT_ProcessEvent
 .text.gattProcessExchangeMTUReq
                0x00000000000091b0        0x4 C:\Users\19156\Desktop\DualModeKeyboard\SDK\LIB\libCH57xBLE.a(gattservapp.o)
 .text.gattServApp_FindCharCfgItem
                0x00000000000091b4       0x20 C:\Users\19156\Desktop\DualModeKeyboard\SDK\LIB\libCH57xBLE.a(gattservapp.o)
 .text.gattServerHandleTimerCB
                0x00000000000091d4       0x3c C:\Users\19156\Desktop\DualModeKeyboard\SDK\LIB\libCH57xBLE.a(gattservapp.o)
 .text.GATTServApp_InitCharCfg.part.12
                0x0000000000009210       0x1c C:\Users\19156\Desktop\DualModeKeyboard\SDK\LIB\libCH57xBLE.a(gattservapp.o)
 .text.gattProcessExecuteWriteReq
                0x000000000000922c        0x4 C:\Users\19156\Desktop\DualModeKeyboard\SDK\LIB\libCH57xBLE.a(gattservapp.o)
 .text.GATTServApp_ParamInit
                0x0000000000009230       0xd6 C:\Users\19156\Desktop\DualModeKeyboard\SDK\LIB\libCH57xBLE.a(gattservapp.o)
                0x0000000000009230                GATTServApp_ParamInit
 .text.GATTServApp_ReadCharCfg
                0x0000000000009306       0x18 C:\Users\19156\Desktop\DualModeKeyboard\SDK\LIB\libCH57xBLE.a(gattservapp.o)
                0x0000000000009306                GATTServApp_ReadCharCfg
 .text.GATTServApp_WriteCharCfg
                0x000000000000931e       0x3c C:\Users\19156\Desktop\DualModeKeyboard\SDK\LIB\libCH57xBLE.a(gattservapp.o)
                0x000000000000931e                GATTServApp_WriteCharCfg
 .text.GATTServApp_ProcessCCCWriteReq
                0x000000000000935a       0x60 C:\Users\19156\Desktop\DualModeKeyboard\SDK\LIB\libCH57xBLE.a(gattservapp.o)
                0x000000000000935a                GATTServApp_ProcessCCCWriteReq
 .text.gattServApp_WriteAttrCB
                0x00000000000093ba       0x34 C:\Users\19156\Desktop\DualModeKeyboard\SDK\LIB\libCH57xBLE.a(gattservapp.o)
                0x00000000000093ba                gattServApp_WriteAttrCB
 .text.GATTServApp_SendCCCUpdatedEvent
                0x00000000000093ee       0x5e C:\Users\19156\Desktop\DualModeKeyboard\SDK\LIB\libCH57xBLE.a(gattservapp.o)
                0x00000000000093ee                GATTServApp_SendCCCUpdatedEvent
 .text.GATTServApp_SendServiceChangedInd
                0x000000000000944c       0x36 C:\Users\19156\Desktop\DualModeKeyboard\SDK\LIB\libCH57xBLE.a(gattservapp.o)
                0x000000000000944c                GATTServApp_SendServiceChangedInd
 .text.gattServApp_ClearPrepareWriteQ
                0x0000000000009482       0x4c C:\Users\19156\Desktop\DualModeKeyboard\SDK\LIB\libCH57xBLE.a(gattservapp.o)
                0x0000000000009482                gattServApp_ClearPrepareWriteQ
 .text.gattServApp_FindPrepareWriteQ
                0x00000000000094ce       0x2c C:\Users\19156\Desktop\DualModeKeyboard\SDK\LIB\libCH57xBLE.a(gattservapp.o)
                0x00000000000094ce                gattServApp_FindPrepareWriteQ
 .text.gattServApp_FindServiceCBs
                0x00000000000094fa       0x18 C:\Users\19156\Desktop\DualModeKeyboard\SDK\LIB\libCH57xBLE.a(gattservapp.o)
                0x00000000000094fa                gattServApp_FindServiceCBs
 .text.gattServApp_FindAuthorizeAttrCB
                0x0000000000009512       0x16 C:\Users\19156\Desktop\DualModeKeyboard\SDK\LIB\libCH57xBLE.a(gattservapp.o)
                0x0000000000009512                gattServApp_FindAuthorizeAttrCB
 .text.gattServApp_IsWriteLong
                0x0000000000009528       0xe6 C:\Users\19156\Desktop\DualModeKeyboard\SDK\LIB\libCH57xBLE.a(gattservapp.o)
                0x0000000000009528                gattServApp_IsWriteLong
 .text.gattFindService
                0x000000000000960e       0x1c C:\Users\19156\Desktop\DualModeKeyboard\SDK\LIB\libCH57xBLE.a(gattservapp.o)
                0x000000000000960e                gattFindService
 .text.GATT_ServiceNumAttrs
                0x000000000000962a       0x18 C:\Users\19156\Desktop\DualModeKeyboard\SDK\LIB\libCH57xBLE.a(gattservapp.o)
                0x000000000000962a                GATT_ServiceNumAttrs
 .text.GATT_ServiceEncKeySize
                0x0000000000009642       0x18 C:\Users\19156\Desktop\DualModeKeyboard\SDK\LIB\libCH57xBLE.a(gattservapp.o)
                0x0000000000009642                GATT_ServiceEncKeySize
 .text.GATT_VerifyWritePermissions.part.7
                0x000000000000965a       0x2e C:\Users\19156\Desktop\DualModeKeyboard\SDK\LIB\libCH57xBLE.a(gattservapp.o)
 .text.gattResetServerInfo
                0x0000000000009688       0x1c C:\Users\19156\Desktop\DualModeKeyboard\SDK\LIB\libCH57xBLE.a(gattservapp.o)
                0x0000000000009688                gattResetServerInfo
 .text.gattFindServerInfo
                0x00000000000096a4       0x28 C:\Users\19156\Desktop\DualModeKeyboard\SDK\LIB\libCH57xBLE.a(gattservapp.o)
                0x00000000000096a4                gattFindServerInfo
 .text.gattServerHandleConnStatusCB
                0x00000000000096cc       0x98 C:\Users\19156\Desktop\DualModeKeyboard\SDK\LIB\libCH57xBLE.a(gattservapp.o)
                0x00000000000096cc                gattServerHandleConnStatusCB
 .text.gattServerProcessMsgCB
                0x0000000000009764      0x1c0 C:\Users\19156\Desktop\DualModeKeyboard\SDK\LIB\libCH57xBLE.a(gattservapp.o)
                0x0000000000009764                gattServerProcessMsgCB
 .text.gattServerNotifyTxCB
                0x0000000000009924       0x28 C:\Users\19156\Desktop\DualModeKeyboard\SDK\LIB\libCH57xBLE.a(gattservapp.o)
 .text.GATT_FindHandle
                0x000000000000994c       0x4a C:\Users\19156\Desktop\DualModeKeyboard\SDK\LIB\libCH57xBLE.a(gattservapp.o)
                0x000000000000994c                GATT_FindHandle
 .text.GATTServApp_WriteAttr
                0x0000000000009996       0xa8 C:\Users\19156\Desktop\DualModeKeyboard\SDK\LIB\libCH57xBLE.a(gattservapp.o)
                0x0000000000009996                GATTServApp_WriteAttr
 .text.gattServApp_ProcessExecuteWriteReq
                0x0000000000009a3e      0x100 C:\Users\19156\Desktop\DualModeKeyboard\SDK\LIB\libCH57xBLE.a(gattservapp.o)
                0x0000000000009a3e                gattServApp_ProcessExecuteWriteReq
 .text.GATTServApp_UpdateCharCfg
                0x0000000000009b3e       0x1e C:\Users\19156\Desktop\DualModeKeyboard\SDK\LIB\libCH57xBLE.a(gattservapp.o)
                0x0000000000009b3e                GATTServApp_UpdateCharCfg
 .text.gattServApp_ProcessPrepareWriteReq
                0x0000000000009b5c      0x10e C:\Users\19156\Desktop\DualModeKeyboard\SDK\LIB\libCH57xBLE.a(gattservapp.o)
                0x0000000000009b5c                gattServApp_ProcessPrepareWriteReq
 .text.gattServApp_ProcessWriteReq
                0x0000000000009c6a       0xb0 C:\Users\19156\Desktop\DualModeKeyboard\SDK\LIB\libCH57xBLE.a(gattservapp.o)
                0x0000000000009c6a                gattServApp_ProcessWriteReq
 .text.GATT_Indication
                0x0000000000009d1a       0xa4 C:\Users\19156\Desktop\DualModeKeyboard\SDK\LIB\libCH57xBLE.a(gattservapp.o)
                0x0000000000009d1a                GATT_Indication
 .text.GATT_FindHandleUUID
                0x0000000000009dbe       0x94 C:\Users\19156\Desktop\DualModeKeyboard\SDK\LIB\libCH57xBLE.a(gattservapp.o)
                0x0000000000009dbe                GATT_FindHandleUUID
 .text.gattProcessReadByGrpTypeReq
                0x0000000000009e52       0x60 C:\Users\19156\Desktop\DualModeKeyboard\SDK\LIB\libCH57xBLE.a(gattservapp.o)
 .text.gattProcessReadByTypeReq
                0x0000000000009eb2       0x34 C:\Users\19156\Desktop\DualModeKeyboard\SDK\LIB\libCH57xBLE.a(gattservapp.o)
 .text.gattProcessFindByTypeValueReq
                0x0000000000009ee6       0x34 C:\Users\19156\Desktop\DualModeKeyboard\SDK\LIB\libCH57xBLE.a(gattservapp.o)
 .text.gattProcessFindInfoReq
                0x0000000000009f1a      0x1aa C:\Users\19156\Desktop\DualModeKeyboard\SDK\LIB\libCH57xBLE.a(gattservapp.o)
 .text.GATT_Notification
                0x000000000000a0c4       0x70 C:\Users\19156\Desktop\DualModeKeyboard\SDK\LIB\libCH57xBLE.a(gattservapp.o)
                0x000000000000a0c4                GATT_Notification
 .text.GATT_VerifyWritePermissions
                0x000000000000a134       0x6a C:\Users\19156\Desktop\DualModeKeyboard\SDK\LIB\libCH57xBLE.a(gattservapp.o)
                0x000000000000a134                GATT_VerifyWritePermissions
 .text.gattProcessWriteReq
                0x000000000000a19e       0x36 C:\Users\19156\Desktop\DualModeKeyboard\SDK\LIB\libCH57xBLE.a(gattservapp.o)
 .text.GATT_VerifyPrepareWritePermissions
                0x000000000000a1d4       0x56 C:\Users\19156\Desktop\DualModeKeyboard\SDK\LIB\libCH57xBLE.a(gattservapp.o)
                0x000000000000a1d4                GATT_VerifyPrepareWritePermissions
 .text.gattProcessPrepareWriteReq
                0x000000000000a22a       0x36 C:\Users\19156\Desktop\DualModeKeyboard\SDK\LIB\libCH57xBLE.a(gattservapp.o)
 .text.GATT_FindNextAttr
                0x000000000000a260       0xc2 C:\Users\19156\Desktop\DualModeKeyboard\SDK\LIB\libCH57xBLE.a(gattservapp.o)
                0x000000000000a260                GATT_FindNextAttr
 .text.GATTServApp_ReadAttr
                0x000000000000a322      0x2e2 C:\Users\19156\Desktop\DualModeKeyboard\SDK\LIB\libCH57xBLE.a(gattservapp.o)
                0x000000000000a322                GATTServApp_ReadAttr
 .text.gattServApp_ProcessReadMultiReq
                0x000000000000a604      0x16e C:\Users\19156\Desktop\DualModeKeyboard\SDK\LIB\libCH57xBLE.a(gattservapp.o)
                0x000000000000a604                gattServApp_ProcessReadMultiReq
 .text.gattServApp_ProcessFindByTypeValueReq
                0x000000000000a772      0x19c C:\Users\19156\Desktop\DualModeKeyboard\SDK\LIB\libCH57xBLE.a(gattservapp.o)
                0x000000000000a772                gattServApp_ProcessFindByTypeValueReq
 .text.GATT_VerifyReadPermissions
                0x000000000000a90e       0x68 C:\Users\19156\Desktop\DualModeKeyboard\SDK\LIB\libCH57xBLE.a(gattservapp.o)
                0x000000000000a90e                GATT_VerifyReadPermissions
 .text.gattProcessReadMultiReq
                0x000000000000a976       0xae C:\Users\19156\Desktop\DualModeKeyboard\SDK\LIB\libCH57xBLE.a(gattservapp.o)
 .text.gattProcessReadReq
                0x000000000000aa24       0x30 C:\Users\19156\Desktop\DualModeKeyboard\SDK\LIB\libCH57xBLE.a(gattservapp.o)
 .text.gattServApp_ProcessReadByGrpTypeReq
                0x000000000000aa54      0x21c C:\Users\19156\Desktop\DualModeKeyboard\SDK\LIB\libCH57xBLE.a(gattservapp.o)
                0x000000000000aa54                gattServApp_ProcessReadByGrpTypeReq
 .text.gattServApp_ProcessReadByTypeReq
                0x000000000000ac70      0x1ae C:\Users\19156\Desktop\DualModeKeyboard\SDK\LIB\libCH57xBLE.a(gattservapp.o)
                0x000000000000ac70                gattServApp_ProcessReadByTypeReq
 .text.GATT_RegisterService
                0x000000000000ae1e       0xfc C:\Users\19156\Desktop\DualModeKeyboard\SDK\LIB\libCH57xBLE.a(gattservapp.o)
                0x000000000000ae1e                GATT_RegisterService
 .text.GATTServApp_RegisterService
                0x000000000000af1a       0x8a C:\Users\19156\Desktop\DualModeKeyboard\SDK\LIB\libCH57xBLE.a(gattservapp.o)
                0x000000000000af1a                GATTServApp_RegisterService
 .text.GATTServApp_AddService
                0x000000000000afa4       0x2c C:\Users\19156\Desktop\DualModeKeyboard\SDK\LIB\libCH57xBLE.a(gattservapp.o)
                0x000000000000afa4                GATTServApp_AddService
 .text.GATTServApp_RegisterForMsg
                0x000000000000afd0        0x6 C:\Users\19156\Desktop\DualModeKeyboard\SDK\LIB\libCH57xBLE.a(gattservapp.o)
                0x000000000000afd0                GATTServApp_RegisterForMsg
 .text.GATTServApp_InitCharCfg
                0x000000000000afd6       0x28 C:\Users\19156\Desktop\DualModeKeyboard\SDK\LIB\libCH57xBLE.a(gattservapp.o)
                0x000000000000afd6                GATTServApp_InitCharCfg
 .text.gattServApp_HandleConnStatusCB
                0x000000000000affe       0x74 C:\Users\19156\Desktop\DualModeKeyboard\SDK\LIB\libCH57xBLE.a(gattservapp.o)
                0x000000000000affe                gattServApp_HandleConnStatusCB
 .text.GATT_InitServer
                0x000000000000b072       0xf6 C:\Users\19156\Desktop\DualModeKeyboard\SDK\LIB\libCH57xBLE.a(gattservapp.o)
                0x000000000000b072                GATT_InitServer
 .text.GATTServApp_Init
                0x000000000000b168       0x34 C:\Users\19156\Desktop\DualModeKeyboard\SDK\LIB\libCH57xBLE.a(gattservapp.o)
                0x000000000000b168                GATTServApp_Init
 .text.GATTServApp_ProcessEvent
                0x000000000000b19c      0x366 C:\Users\19156\Desktop\DualModeKeyboard\SDK\LIB\libCH57xBLE.a(gattservapp.o)
                0x000000000000b19c                GATTServApp_ProcessEvent
 .text.l2capAllocConnChannel
                0x000000000000b502       0xd8 C:\Users\19156\Desktop\DualModeKeyboard\SDK\LIB\libCH57xBLE.a(l2cap.o)
                0x000000000000b502                l2capAllocConnChannel
 .text.l2capFindLocalCID
                0x000000000000b5da       0x2c C:\Users\19156\Desktop\DualModeKeyboard\SDK\LIB\libCH57xBLE.a(l2cap.o)
                0x000000000000b5da                l2capFindLocalCID
 .text.l2capFindLocalId
                0x000000000000b606       0x30 C:\Users\19156\Desktop\DualModeKeyboard\SDK\LIB\libCH57xBLE.a(l2cap.o)
                0x000000000000b606                l2capFindLocalId
 .text.l2capFindPsm
                0x000000000000b636       0x2c C:\Users\19156\Desktop\DualModeKeyboard\SDK\LIB\libCH57xBLE.a(l2cap.o)
                0x000000000000b636                l2capFindPsm
 .text.l2capFindRemoteCID
                0x000000000000b662       0x3c C:\Users\19156\Desktop\DualModeKeyboard\SDK\LIB\libCH57xBLE.a(l2cap.o)
                0x000000000000b662                l2capFindRemoteCID
 .text.l2capFreeChannel
                0x000000000000b69e       0x4a C:\Users\19156\Desktop\DualModeKeyboard\SDK\LIB\libCH57xBLE.a(l2cap.o)
                0x000000000000b69e                l2capFreeChannel
 .text.l2capDisconnectChannel
                0x000000000000b6e8       0x28 C:\Users\19156\Desktop\DualModeKeyboard\SDK\LIB\libCH57xBLE.a(l2cap.o)
                0x000000000000b6e8                l2capDisconnectChannel
 .text.l2capHandleTimerCB
                0x000000000000b710       0x2c C:\Users\19156\Desktop\DualModeKeyboard\SDK\LIB\libCH57xBLE.a(l2cap.o)
                0x000000000000b710                l2capHandleTimerCB
 .text.l2capFreePendingPkt
                0x000000000000b73c       0x58 C:\Users\19156\Desktop\DualModeKeyboard\SDK\LIB\libCH57xBLE.a(l2cap.o)
                0x000000000000b73c                l2capFreePendingPkt
 .text.l2capGetCoChannelInfo
                0x000000000000b794       0x7e C:\Users\19156\Desktop\DualModeKeyboard\SDK\LIB\libCH57xBLE.a(l2cap.o)
                0x000000000000b794                l2capGetCoChannelInfo
 .text.l2capNumActiveChannnels
                0x000000000000b812       0x44 C:\Users\19156\Desktop\DualModeKeyboard\SDK\LIB\libCH57xBLE.a(l2cap.o)
                0x000000000000b812                l2capNumActiveChannnels
 .text.l2capStartTimer
                0x000000000000b856       0x1a C:\Users\19156\Desktop\DualModeKeyboard\SDK\LIB\libCH57xBLE.a(l2cap.o)
                0x000000000000b856                l2capStartTimer
 .text.l2capStopTimer
                0x000000000000b870       0x1e C:\Users\19156\Desktop\DualModeKeyboard\SDK\LIB\libCH57xBLE.a(l2cap.o)
                0x000000000000b870                l2capStopTimer
 .text.l2capDisconnectAllChannels
                0x000000000000b88e       0xdc C:\Users\19156\Desktop\DualModeKeyboard\SDK\LIB\libCH57xBLE.a(l2cap.o)
                0x000000000000b88e                l2capDisconnectAllChannels
 .text.l2capHandleConnStatusCB
                0x000000000000b96a       0x3c C:\Users\19156\Desktop\DualModeKeyboard\SDK\LIB\libCH57xBLE.a(l2cap.o)
                0x000000000000b96a                l2capHandleConnStatusCB
 .text.l2capHandleRxError
                0x000000000000b9a6        0x6 C:\Users\19156\Desktop\DualModeKeyboard\SDK\LIB\libCH57xBLE.a(l2cap.o)
                0x000000000000b9a6                l2capHandleRxError
 .text.L2CAP_GetMTU
                0x000000000000b9ac        0x6 C:\Users\19156\Desktop\DualModeKeyboard\SDK\LIB\libCH57xBLE.a(l2cap.o)
                0x000000000000b9ac                L2CAP_GetMTU
 .text.L2CAP_HostNumCompletedPkts
                0x000000000000b9b2       0x28 C:\Users\19156\Desktop\DualModeKeyboard\SDK\LIB\libCH57xBLE.a(l2cap.o)
                0x000000000000b9b2                L2CAP_HostNumCompletedPkts
 .text.L2CAP_ParseConnectReq
                0x000000000000b9da       0x5e C:\Users\19156\Desktop\DualModeKeyboard\SDK\LIB\libCH57xBLE.a(l2cap.o)
                0x000000000000b9da                L2CAP_ParseConnectReq
 .text.L2CAP_ParseFlowCtrlCredit
                0x000000000000ba38       0x2e C:\Users\19156\Desktop\DualModeKeyboard\SDK\LIB\libCH57xBLE.a(l2cap.o)
                0x000000000000ba38                L2CAP_ParseFlowCtrlCredit
 .text.L2CAP_RegisterApp
                0x000000000000ba66       0x30 C:\Users\19156\Desktop\DualModeKeyboard\SDK\LIB\libCH57xBLE.a(l2cap.o)
                0x000000000000ba66                L2CAP_RegisterApp
 .text.L2CAP_SetBufSize
                0x000000000000ba96       0x1e C:\Users\19156\Desktop\DualModeKeyboard\SDK\LIB\libCH57xBLE.a(l2cap.o)
                0x000000000000ba96                L2CAP_SetBufSize
 .text.L2CAP_bm_alloc
                0x000000000000bab4       0x30 C:\Users\19156\Desktop\DualModeKeyboard\SDK\LIB\libCH57xBLE.a(l2cap.o)
                0x000000000000bab4                L2CAP_bm_alloc
 .text.L2CAP_Init
                0x000000000000bae4       0xf0 C:\Users\19156\Desktop\DualModeKeyboard\SDK\LIB\libCH57xBLE.a(l2cap.o)
                0x000000000000bae4                L2CAP_Init
 .text.L2CAP_ProcessEvent
                0x000000000000bbd4       0xc8 C:\Users\19156\Desktop\DualModeKeyboard\SDK\LIB\libCH57xBLE.a(l2cap.o)
                0x000000000000bbd4                L2CAP_ProcessEvent
 .text.l2capParseCmdReject
                0x000000000000bc9c       0x5e C:\Users\19156\Desktop\DualModeKeyboard\SDK\LIB\libCH57xBLE.a(l2cap_input.o)
                0x000000000000bc9c                l2capParseCmdReject
 .text.l2capParseDisconnectReq
                0x000000000000bcfa       0x2e C:\Users\19156\Desktop\DualModeKeyboard\SDK\LIB\libCH57xBLE.a(l2cap_input.o)
                0x000000000000bcfa                l2capParseDisconnectReq
 .text.l2capParseDisconnectRsp
                0x000000000000bd28       0x2e C:\Users\19156\Desktop\DualModeKeyboard\SDK\LIB\libCH57xBLE.a(l2cap_input.o)
                0x000000000000bd28                l2capParseDisconnectRsp
 .text.L2CAP_ParseParamUpdateReq
                0x000000000000bd56       0x4e C:\Users\19156\Desktop\DualModeKeyboard\SDK\LIB\libCH57xBLE.a(l2cap_input.o)
                0x000000000000bd56                L2CAP_ParseParamUpdateReq
 .text.l2capParseParamUpdateRsp
                0x000000000000bda4       0x1e C:\Users\19156\Desktop\DualModeKeyboard\SDK\LIB\libCH57xBLE.a(l2cap_input.o)
                0x000000000000bda4                l2capParseParamUpdateRsp
 .text.l2capProcessConnectReq
                0x000000000000bdc2       0xfc C:\Users\19156\Desktop\DualModeKeyboard\SDK\LIB\libCH57xBLE.a(l2cap_input.o)
                0x000000000000bdc2                l2capProcessConnectReq
 .text.l2capParseConnectRsp
                0x000000000000bebe       0x5e C:\Users\19156\Desktop\DualModeKeyboard\SDK\LIB\libCH57xBLE.a(l2cap_input.o)
                0x000000000000bebe                l2capParseConnectRsp
 .text.l2capParseSignalHdr
                0x000000000000bf1c       0x22 C:\Users\19156\Desktop\DualModeKeyboard\SDK\LIB\libCH57xBLE.a(l2cap_input.o)
                0x000000000000bf1c                l2capParseSignalHdr
 .text.l2capParsePacket
                0x000000000000bf3e       0x8c C:\Users\19156\Desktop\DualModeKeyboard\SDK\LIB\libCH57xBLE.a(l2cap_input.o)
                0x000000000000bf3e                l2capParsePacket
 .text.l2capProcessReq
                0x000000000000bfca      0x15a C:\Users\19156\Desktop\DualModeKeyboard\SDK\LIB\libCH57xBLE.a(l2cap_input.o)
                0x000000000000bfca                l2capProcessReq
 .text.l2capProcessRsp
                0x000000000000c124      0x150 C:\Users\19156\Desktop\DualModeKeyboard\SDK\LIB\libCH57xBLE.a(l2cap_input.o)
                0x000000000000c124                l2capProcessRsp
 .text.l2capProcessRxData
                0x000000000000c274       0xf8 C:\Users\19156\Desktop\DualModeKeyboard\SDK\LIB\libCH57xBLE.a(l2cap_input.o)
                0x000000000000c274                l2capProcessRxData
 .text.l2capNotifyData
                0x000000000000c36c       0x5a C:\Users\19156\Desktop\DualModeKeyboard\SDK\LIB\libCH57xBLE.a(l2cap_output.o)
                0x000000000000c36c                l2capNotifyData
 .text.l2capNotifySignal
                0x000000000000c3c6       0x76 C:\Users\19156\Desktop\DualModeKeyboard\SDK\LIB\libCH57xBLE.a(l2cap_output.o)
                0x000000000000c3c6                l2capNotifySignal
 .text.l2capNotifyCreditEvt
                0x000000000000c43c       0x9c C:\Users\19156\Desktop\DualModeKeyboard\SDK\LIB\libCH57xBLE.a(l2cap_output.o)
                0x000000000000c43c                l2capNotifyCreditEvt
 .text.l2capNotifyChannelEstEvt
                0x000000000000c4d8       0x58 C:\Users\19156\Desktop\DualModeKeyboard\SDK\LIB\libCH57xBLE.a(l2cap_output.o)
                0x000000000000c4d8                l2capNotifyChannelEstEvt
 .text.l2capNotifyChannelTermEvt
                0x000000000000c530       0x3e C:\Users\19156\Desktop\DualModeKeyboard\SDK\LIB\libCH57xBLE.a(l2cap_output.o)
                0x000000000000c530                l2capNotifyChannelTermEvt
 .text.l2capNotifyEvent
                0x000000000000c56e       0x66 C:\Users\19156\Desktop\DualModeKeyboard\SDK\LIB\libCH57xBLE.a(l2cap_output.o)
                0x000000000000c56e                l2capNotifyEvent
 .text.l2capStoreFCPkt
                0x000000000000c5d4       0x32 C:\Users\19156\Desktop\DualModeKeyboard\SDK\LIB\libCH57xBLE.a(l2cap_output.o)
                0x000000000000c5d4                l2capStoreFCPkt
 .text.l2capFreeTxSDU
                0x000000000000c606       0x9a C:\Users\19156\Desktop\DualModeKeyboard\SDK\LIB\libCH57xBLE.a(l2cap_output.o)
                0x000000000000c606                l2capFreeTxSDU
 .text.l2capReassembleSegment
                0x000000000000c6a0      0x174 C:\Users\19156\Desktop\DualModeKeyboard\SDK\LIB\libCH57xBLE.a(l2cap_output.o)
                0x000000000000c6a0                l2capReassembleSegment
 .text.l2capEncapSendData
                0x000000000000c814       0xec C:\Users\19156\Desktop\DualModeKeyboard\SDK\LIB\libCH57xBLE.a(l2cap_output.o)
                0x000000000000c814                l2capEncapSendData
 .text.l2capSendFCPkt.part.3
                0x000000000000c900       0x70 C:\Users\19156\Desktop\DualModeKeyboard\SDK\LIB\libCH57xBLE.a(l2cap_output.o)
 .text.l2capSendSegment
                0x000000000000c970      0x108 C:\Users\19156\Desktop\DualModeKeyboard\SDK\LIB\libCH57xBLE.a(l2cap_output.o)
                0x000000000000c970                l2capSendSegment
 .text.l2capSendNextSegment
                0x000000000000ca78       0xb4 C:\Users\19156\Desktop\DualModeKeyboard\SDK\LIB\libCH57xBLE.a(l2cap_output.o)
                0x000000000000ca78                l2capSendNextSegment
 .text.l2capSendPkt
                0x000000000000cb2c       0x3a C:\Users\19156\Desktop\DualModeKeyboard\SDK\LIB\libCH57xBLE.a(l2cap_output.o)
                0x000000000000cb2c                l2capSendPkt
 .text.L2CAP_SendData
                0x000000000000cb66       0x82 C:\Users\19156\Desktop\DualModeKeyboard\SDK\LIB\libCH57xBLE.a(l2cap_output.o)
                0x000000000000cb66                L2CAP_SendData
 .text.l2capSendCmd
                0x000000000000cbe8       0x8a C:\Users\19156\Desktop\DualModeKeyboard\SDK\LIB\libCH57xBLE.a(l2cap_output.o)
                0x000000000000cbe8                l2capSendCmd
 .text.l2capSendReq
                0x000000000000cc72       0xbc C:\Users\19156\Desktop\DualModeKeyboard\SDK\LIB\libCH57xBLE.a(l2cap_output.o)
                0x000000000000cc72                l2capSendReq
 .text.l2capBuildDisconnectReq
                0x000000000000cd2e       0x28 C:\Users\19156\Desktop\DualModeKeyboard\SDK\LIB\libCH57xBLE.a(l2cap_sdu.o)
 .text.l2capBuildParamUpdateReq
                0x000000000000cd56       0x4c C:\Users\19156\Desktop\DualModeKeyboard\SDK\LIB\libCH57xBLE.a(l2cap_sdu.o)
 .text.l2capBuildParamUpdateRsp
                0x000000000000cda2       0x16 C:\Users\19156\Desktop\DualModeKeyboard\SDK\LIB\libCH57xBLE.a(l2cap_sdu.o)
 .text.l2capBuildConnectRsp
                0x000000000000cdb8       0x5e C:\Users\19156\Desktop\DualModeKeyboard\SDK\LIB\libCH57xBLE.a(l2cap_sdu.o)
 .text.l2capBuildCmdReject
                0x000000000000ce16       0x62 C:\Users\19156\Desktop\DualModeKeyboard\SDK\LIB\libCH57xBLE.a(l2cap_sdu.o)
                0x000000000000ce16                l2capBuildCmdReject
 .text.l2capBuildDisconnectRsp
                0x000000000000ce78       0x28 C:\Users\19156\Desktop\DualModeKeyboard\SDK\LIB\libCH57xBLE.a(l2cap_sdu.o)
                0x000000000000ce78                l2capBuildDisconnectRsp
 .text.l2capSendConnectRsp
                0x000000000000cea0       0xa2 C:\Users\19156\Desktop\DualModeKeyboard\SDK\LIB\libCH57xBLE.a(l2cap_sdu.o)
                0x000000000000cea0                l2capSendConnectRsp
 .text.L2CAP_CmdReject
                0x000000000000cf42       0x12 C:\Users\19156\Desktop\DualModeKeyboard\SDK\LIB\libCH57xBLE.a(l2cap_sdu.o)
                0x000000000000cf42                L2CAP_CmdReject
 .text.L2CAP_DisconnectReq
                0x000000000000cf54       0x2a C:\Users\19156\Desktop\DualModeKeyboard\SDK\LIB\libCH57xBLE.a(l2cap_sdu.o)
                0x000000000000cf54                L2CAP_DisconnectReq
 .text.L2CAP_ConnParamUpdateReq
                0x000000000000cf7e       0x16 C:\Users\19156\Desktop\DualModeKeyboard\SDK\LIB\libCH57xBLE.a(l2cap_sdu.o)
                0x000000000000cf7e                L2CAP_ConnParamUpdateReq
 .text.L2CAP_ConnParamUpdateRsp
                0x000000000000cf94       0x12 C:\Users\19156\Desktop\DualModeKeyboard\SDK\LIB\libCH57xBLE.a(l2cap_sdu.o)
                0x000000000000cf94                L2CAP_ConnParamUpdateRsp
 .text.reportStatusChange
                0x000000000000cfa6       0x3e C:\Users\19156\Desktop\DualModeKeyboard\SDK\LIB\libCH57xBLE.a(linkdb.o)
 .text.linkDB_Init
                0x000000000000cfe4       0x88 C:\Users\19156\Desktop\DualModeKeyboard\SDK\LIB\libCH57xBLE.a(linkdb.o)
                0x000000000000cfe4                linkDB_Init
 .text.linkDB_Find
                0x000000000000d06c       0x2c C:\Users\19156\Desktop\DualModeKeyboard\SDK\LIB\libCH57xBLE.a(linkdb.o)
                0x000000000000d06c                linkDB_Find
 .text.linkDB_Authen
                0x000000000000d098       0x5c C:\Users\19156\Desktop\DualModeKeyboard\SDK\LIB\libCH57xBLE.a(linkdb.o)
                0x000000000000d098                linkDB_Authen
 .text.linkDB_FindByAddr
                0x000000000000d0f4       0x76 C:\Users\19156\Desktop\DualModeKeyboard\SDK\LIB\libCH57xBLE.a(linkdb.o)
                0x000000000000d0f4                linkDB_FindByAddr
 .text.linkDB_FindFirst
                0x000000000000d16a       0x38 C:\Users\19156\Desktop\DualModeKeyboard\SDK\LIB\libCH57xBLE.a(linkdb.o)
                0x000000000000d16a                linkDB_FindFirst
 .text.linkDB_MTU
                0x000000000000d1a2       0x18 C:\Users\19156\Desktop\DualModeKeyboard\SDK\LIB\libCH57xBLE.a(linkdb.o)
                0x000000000000d1a2                linkDB_MTU
 .text.linkDB_NumActive
                0x000000000000d1ba       0x2e C:\Users\19156\Desktop\DualModeKeyboard\SDK\LIB\libCH57xBLE.a(linkdb.o)
                0x000000000000d1ba                linkDB_NumActive
 .text.linkDB_NumConns
                0x000000000000d1e8        0x6 C:\Users\19156\Desktop\DualModeKeyboard\SDK\LIB\libCH57xBLE.a(linkdb.o)
                0x000000000000d1e8                linkDB_NumConns
 .text.linkDB_Register
                0x000000000000d1ee       0x28 C:\Users\19156\Desktop\DualModeKeyboard\SDK\LIB\libCH57xBLE.a(linkdb.o)
                0x000000000000d1ee                linkDB_Register
 .text.linkDB_Remove
                0x000000000000d216       0x48 C:\Users\19156\Desktop\DualModeKeyboard\SDK\LIB\libCH57xBLE.a(linkdb.o)
                0x000000000000d216                linkDB_Remove
 .text.linkDB_Role
                0x000000000000d25e       0x18 C:\Users\19156\Desktop\DualModeKeyboard\SDK\LIB\libCH57xBLE.a(linkdb.o)
                0x000000000000d25e                linkDB_Role
 .text.linkDB_State
                0x000000000000d276       0x30 C:\Users\19156\Desktop\DualModeKeyboard\SDK\LIB\libCH57xBLE.a(linkdb.o)
                0x000000000000d276                linkDB_State
 .text.linkDB_UpdateMTU
                0x000000000000d2a6       0x28 C:\Users\19156\Desktop\DualModeKeyboard\SDK\LIB\libCH57xBLE.a(linkdb.o)
                0x000000000000d2a6                linkDB_UpdateMTU
 .text.linkDB_PerformFunc
                0x000000000000d2ce       0x52 C:\Users\19156\Desktop\DualModeKeyboard\SDK\LIB\libCH57xBLE.a(linkdb.o)
                0x000000000000d2ce                linkDB_PerformFunc
 .text.linkDB_PeripheralLinkNum
                0x000000000000d320       0x3e C:\Users\19156\Desktop\DualModeKeyboard\SDK\LIB\libCH57xBLE.a(linkdb.o)
                0x000000000000d320                linkDB_PeripheralLinkNum
 .text.linkDB_GetSMEvtID
                0x000000000000d35e       0x58 C:\Users\19156\Desktop\DualModeKeyboard\SDK\LIB\libCH57xBLE.a(linkdb.o)
                0x000000000000d35e                linkDB_GetSMEvtID
 .text.linkDB_Add
                0x000000000000d3b6       0xb2 C:\Users\19156\Desktop\DualModeKeyboard\SDK\LIB\libCH57xBLE.a(linkdb.o)
                0x000000000000d3b6                linkDB_Add
 .text.linkDB_GetHandleFromSMEvtID
                0x000000000000d468       0x32 C:\Users\19156\Desktop\DualModeKeyboard\SDK\LIB\libCH57xBLE.a(linkdb.o)
                0x000000000000d468                linkDB_GetHandleFromSMEvtID
 .text.linkDB_GetPairingParam
                0x000000000000d49a       0x54 C:\Users\19156\Desktop\DualModeKeyboard\SDK\LIB\libCH57xBLE.a(linkdb.o)
                0x000000000000d49a                linkDB_GetPairingParam
 .text.linkDB_NeedSendKey
                0x000000000000d4ee       0x42 C:\Users\19156\Desktop\DualModeKeyboard\SDK\LIB\libCH57xBLE.a(linkdb.o)
                0x000000000000d4ee                linkDB_NeedSendKey
 .text.smpBuildPairingFailed
                0x000000000000d530       0x1a C:\Users\19156\Desktop\DualModeKeyboard\SDK\LIB\libCH57xBLE.a(sm.o)
                0x000000000000d530                smpBuildPairingFailed
 .text.SM_StartEncryption
                0x000000000000d54a       0x98 C:\Users\19156\Desktop\DualModeKeyboard\SDK\LIB\libCH57xBLE.a(sm.o)
                0x000000000000d54a                SM_StartEncryption
 .text.smpBuildEncInfo
                0x000000000000d5e2       0x30 C:\Users\19156\Desktop\DualModeKeyboard\SDK\LIB\libCH57xBLE.a(sm.o)
                0x000000000000d5e2                smpBuildEncInfo
 .text.smpBuildIdentityAddrInfo
                0x000000000000d612       0x3a C:\Users\19156\Desktop\DualModeKeyboard\SDK\LIB\libCH57xBLE.a(sm.o)
                0x000000000000d612                smpBuildIdentityAddrInfo
 .text.smpBuildIdentityInfo
                0x000000000000d64c       0x30 C:\Users\19156\Desktop\DualModeKeyboard\SDK\LIB\libCH57xBLE.a(sm.o)
                0x000000000000d64c                smpBuildIdentityInfo
 .text.smpBuildMasterID
                0x000000000000d67c       0x44 C:\Users\19156\Desktop\DualModeKeyboard\SDK\LIB\libCH57xBLE.a(sm.o)
                0x000000000000d67c                smpBuildMasterID
 .text.smpBuildPairingConfirm
                0x000000000000d6c0       0x30 C:\Users\19156\Desktop\DualModeKeyboard\SDK\LIB\libCH57xBLE.a(sm.o)
                0x000000000000d6c0                smpBuildPairingConfirm
 .text.smpBuildPairingRandom
                0x000000000000d6f0       0x30 C:\Users\19156\Desktop\DualModeKeyboard\SDK\LIB\libCH57xBLE.a(sm.o)
                0x000000000000d6f0                smpBuildPairingRandom
 .text.smpBuildSigningInfo
                0x000000000000d720       0x30 C:\Users\19156\Desktop\DualModeKeyboard\SDK\LIB\libCH57xBLE.a(sm.o)
                0x000000000000d720                smpBuildSigningInfo
 .text.SM_ParamInit
                0x000000000000d750       0x5a C:\Users\19156\Desktop\DualModeKeyboard\SDK\LIB\libCH57xBLE.a(sm.o)
                0x000000000000d750                SM_ParamInit
 .text.smDetermineKeySize
                0x000000000000d7aa       0x20 C:\Users\19156\Desktop\DualModeKeyboard\SDK\LIB\libCH57xBLE.a(sm.o)
                0x000000000000d7aa                smDetermineKeySize
 .text.smProcessRandComplete
                0x000000000000d7ca       0x9e C:\Users\19156\Desktop\DualModeKeyboard\SDK\LIB\libCH57xBLE.a(sm.o)
                0x000000000000d7ca                smProcessRandComplete
 .text.smSavePairInfo
                0x000000000000d868      0x186 C:\Users\19156\Desktop\DualModeKeyboard\SDK\LIB\libCH57xBLE.a(sm.o)
                0x000000000000d868                smSavePairInfo
 .text.smSetPairingReqRsp
                0x000000000000d9ee       0x38 C:\Users\19156\Desktop\DualModeKeyboard\SDK\LIB\libCH57xBLE.a(sm.o)
                0x000000000000d9ee                smSetPairingReqRsp
 .text.smStartEncryption
                0x000000000000da26       0x16 C:\Users\19156\Desktop\DualModeKeyboard\SDK\LIB\libCH57xBLE.a(sm.o)
                0x000000000000da26                smStartEncryption
 .text.smStartRspTimer
                0x000000000000da3c       0x36 C:\Users\19156\Desktop\DualModeKeyboard\SDK\LIB\libCH57xBLE.a(sm.o)
                0x000000000000da3c                smStartRspTimer
 .text.smSendSMMsg
                0x000000000000da72       0x5c C:\Users\19156\Desktop\DualModeKeyboard\SDK\LIB\libCH57xBLE.a(sm.o)
                0x000000000000da72                smSendSMMsg
 .text.smGenerateConfirm
                0x000000000000dace       0x34 C:\Users\19156\Desktop\DualModeKeyboard\SDK\LIB\libCH57xBLE.a(sm.o)
                0x000000000000dace                smGenerateConfirm
 .text.smGenerateRandMsg
                0x000000000000db02       0x34 C:\Users\19156\Desktop\DualModeKeyboard\SDK\LIB\libCH57xBLE.a(sm.o)
                0x000000000000db02                smGenerateRandMsg
 .text.smPairingSendEncInfo
                0x000000000000db36       0x10 C:\Users\19156\Desktop\DualModeKeyboard\SDK\LIB\libCH57xBLE.a(sm.o)
                0x000000000000db36                smPairingSendEncInfo
 .text.smPairingSendIdentityAddrInfo
                0x000000000000db46       0x38 C:\Users\19156\Desktop\DualModeKeyboard\SDK\LIB\libCH57xBLE.a(sm.o)
                0x000000000000db46                smPairingSendIdentityAddrInfo
 .text.smPairingSendIdentityInfo
                0x000000000000db7e       0x10 C:\Users\19156\Desktop\DualModeKeyboard\SDK\LIB\libCH57xBLE.a(sm.o)
                0x000000000000db7e                smPairingSendIdentityInfo
 .text.smPairingSendMasterID
                0x000000000000db8e       0x38 C:\Users\19156\Desktop\DualModeKeyboard\SDK\LIB\libCH57xBLE.a(sm.o)
                0x000000000000db8e                smPairingSendMasterID
 .text.smPairingSendSingingInfo
                0x000000000000dbc6       0x10 C:\Users\19156\Desktop\DualModeKeyboard\SDK\LIB\libCH57xBLE.a(sm.o)
                0x000000000000dbc6                smPairingSendSingingInfo
 .text.smInitiatorSendNextKeyInfo
                0x000000000000dbd6      0x1c2 C:\Users\19156\Desktop\DualModeKeyboard\SDK\LIB\libCH57xBLE.a(sm.o)
                0x000000000000dbd6                smInitiatorSendNextKeyInfo
 .text.smResponderSendNextKeyInfo
                0x000000000000dd98      0x216 C:\Users\19156\Desktop\DualModeKeyboard\SDK\LIB\libCH57xBLE.a(sm.o)
                0x000000000000dd98                smResponderSendNextKeyInfo
 .text.smGeneratePairingReqRsp
                0x000000000000dfae       0x3e C:\Users\19156\Desktop\DualModeKeyboard\SDK\LIB\libCH57xBLE.a(sm.o)
                0x000000000000dfae                smGeneratePairingReqRsp
 .text.smStopRspTimer
                0x000000000000dfec        0xa C:\Users\19156\Desktop\DualModeKeyboard\SDK\LIB\libCH57xBLE.a(sm.o)
                0x000000000000dfec                smStopRspTimer
 .text.smFreePairingParams
                0x000000000000dff6       0x68 C:\Users\19156\Desktop\DualModeKeyboard\SDK\LIB\libCH57xBLE.a(sm.o)
                0x000000000000dff6                smFreePairingParams
 .text.smEndPairing
                0x000000000000e05e       0x5c C:\Users\19156\Desktop\DualModeKeyboard\SDK\LIB\libCH57xBLE.a(sm.o)
                0x000000000000e05e                smEndPairing
 .text.setupInitiatorKeys
                0x000000000000e0ba       0x82 C:\Users\19156\Desktop\DualModeKeyboard\SDK\LIB\libCH57xBLE.a(sm.o)
                0x000000000000e0ba                setupInitiatorKeys
 .text.smNextPairingState
                0x000000000000e13c       0x56 C:\Users\19156\Desktop\DualModeKeyboard\SDK\LIB\libCH57xBLE.a(sm.o)
                0x000000000000e13c                smNextPairingState
 .text.smProcessEncryptChange
                0x000000000000e192       0xde C:\Users\19156\Desktop\DualModeKeyboard\SDK\LIB\libCH57xBLE.a(sm.o)
                0x000000000000e192                smProcessEncryptChange
 .text.smSendFailAndEnd
                0x000000000000e270       0x38 C:\Users\19156\Desktop\DualModeKeyboard\SDK\LIB\libCH57xBLE.a(sm.o)
                0x000000000000e270                smSendFailAndEnd
 .text.smProcessPairingReq
                0x000000000000e2a8       0x3c C:\Users\19156\Desktop\DualModeKeyboard\SDK\LIB\libCH57xBLE.a(sm.o)
                0x000000000000e2a8                smProcessPairingReq
 .text.smLinkCheck
                0x000000000000e2e4       0x34 C:\Users\19156\Desktop\DualModeKeyboard\SDK\LIB\libCH57xBLE.a(sm.o)
                0x000000000000e2e4                smLinkCheck
 .text.smTimedOut
                0x000000000000e318       0x20 C:\Users\19156\Desktop\DualModeKeyboard\SDK\LIB\libCH57xBLE.a(sm.o)
                0x000000000000e318                smTimedOut
 .text.smUint8ToAuthReq
                0x000000000000e338        0x6 C:\Users\19156\Desktop\DualModeKeyboard\SDK\LIB\libCH57xBLE.a(sm.o)
                0x000000000000e338                smUint8ToAuthReq
 .text.sm_ah    0x000000000000e33e       0x80 C:\Users\19156\Desktop\DualModeKeyboard\SDK\LIB\libCH57xBLE.a(sm.o)
                0x000000000000e33e                sm_ah
 .text.sm_xor   0x000000000000e3be       0x24 C:\Users\19156\Desktop\DualModeKeyboard\SDK\LIB\libCH57xBLE.a(sm.o)
                0x000000000000e3be                sm_xor
 .text.sm_c1new
                0x000000000000e3e2      0x11c C:\Users\19156\Desktop\DualModeKeyboard\SDK\LIB\libCH57xBLE.a(sm.o)
                0x000000000000e3e2                sm_c1new
 .text.sm_s1    0x000000000000e4fe       0x86 C:\Users\19156\Desktop\DualModeKeyboard\SDK\LIB\libCH57xBLE.a(sm.o)
                0x000000000000e4fe                sm_s1
 .text.smResponderProcessLTKReq
                0x000000000000e584      0x1e6 C:\Users\19156\Desktop\DualModeKeyboard\SDK\LIB\libCH57xBLE.a(sm.o)
                0x000000000000e584                smResponderProcessLTKReq
 .text.xor_128  0x000000000000e76a       0x28 C:\Users\19156\Desktop\DualModeKeyboard\SDK\LIB\libCH57xBLE.a(sm.o)
                0x000000000000e76a                xor_128
 .text.leftshift_onebit
                0x000000000000e792       0x2e C:\Users\19156\Desktop\DualModeKeyboard\SDK\LIB\libCH57xBLE.a(sm.o)
                0x000000000000e792                leftshift_onebit
 .text.padding  0x000000000000e7c0       0x38 C:\Users\19156\Desktop\DualModeKeyboard\SDK\LIB\libCH57xBLE.a(sm.o)
                0x000000000000e7c0                padding
 .text.generate_subkey
                0x000000000000e7f8       0xd0 C:\Users\19156\Desktop\DualModeKeyboard\SDK\LIB\libCH57xBLE.a(sm.o)
                0x000000000000e7f8                generate_subkey
 .text.sm_CMAC  0x000000000000e8c8      0x16e C:\Users\19156\Desktop\DualModeKeyboard\SDK\LIB\libCH57xBLE.a(sm.o)
                0x000000000000e8c8                sm_CMAC
 .text.smpBuildPairingReqRsp
                0x000000000000ea36       0xc6 C:\Users\19156\Desktop\DualModeKeyboard\SDK\LIB\libCH57xBLE.a(sm.o)
                0x000000000000ea36                smpBuildPairingReqRsp
 .text.smpBuildPairingReq
                0x000000000000eafc        0xa C:\Users\19156\Desktop\DualModeKeyboard\SDK\LIB\libCH57xBLE.a(sm.o)
                0x000000000000eafc                smpBuildPairingReq
 .text.smpBuildPairingRsp
                0x000000000000eb06        0xa C:\Users\19156\Desktop\DualModeKeyboard\SDK\LIB\libCH57xBLE.a(sm.o)
                0x000000000000eb06                smpBuildPairingRsp
 .text.sm_c1    0x000000000000eb10       0xb4 C:\Users\19156\Desktop\DualModeKeyboard\SDK\LIB\libCH57xBLE.a(sm.o)
                0x000000000000eb10                sm_c1
 .text.smpBuildSecurityReq
                0x000000000000ebc4       0x1a C:\Users\19156\Desktop\DualModeKeyboard\SDK\LIB\libCH57xBLE.a(sm.o)
                0x000000000000ebc4                smpBuildSecurityReq
 .text.smpInitiatorProcessPairingRsp
                0x000000000000ebde      0x116 C:\Users\19156\Desktop\DualModeKeyboard\SDK\LIB\libCH57xBLE.a(sm.o)
                0x000000000000ebde                smpInitiatorProcessPairingRsp
 .text.smpInitiatorProcessIncoming
                0x000000000000ecf4      0x23e C:\Users\19156\Desktop\DualModeKeyboard\SDK\LIB\libCH57xBLE.a(sm.o)
                0x000000000000ecf4                smpInitiatorProcessIncoming
 .text.smpParseEncInfo
                0x000000000000ef32       0x2a C:\Users\19156\Desktop\DualModeKeyboard\SDK\LIB\libCH57xBLE.a(sm.o)
                0x000000000000ef32                smpParseEncInfo
 .text.smpParseIdentityAddrInfo
                0x000000000000ef5c       0x34 C:\Users\19156\Desktop\DualModeKeyboard\SDK\LIB\libCH57xBLE.a(sm.o)
                0x000000000000ef5c                smpParseIdentityAddrInfo
 .text.smpParseIdentityInfo
                0x000000000000ef90       0x2a C:\Users\19156\Desktop\DualModeKeyboard\SDK\LIB\libCH57xBLE.a(sm.o)
                0x000000000000ef90                smpParseIdentityInfo
 .text.smpParseMasterID
                0x000000000000efba       0x3c C:\Users\19156\Desktop\DualModeKeyboard\SDK\LIB\libCH57xBLE.a(sm.o)
                0x000000000000efba                smpParseMasterID
 .text.smpParsePairingConfirm
                0x000000000000eff6       0x2a C:\Users\19156\Desktop\DualModeKeyboard\SDK\LIB\libCH57xBLE.a(sm.o)
                0x000000000000eff6                smpParsePairingConfirm
 .text.smpParsePairingFailed
                0x000000000000f020       0x22 C:\Users\19156\Desktop\DualModeKeyboard\SDK\LIB\libCH57xBLE.a(sm.o)
                0x000000000000f020                smpParsePairingFailed
 .text.smpParsePairingRandom
                0x000000000000f042       0x2a C:\Users\19156\Desktop\DualModeKeyboard\SDK\LIB\libCH57xBLE.a(sm.o)
                0x000000000000f042                smpParsePairingRandom
 .text.smpParsePairingReq
                0x000000000000f06c      0x118 C:\Users\19156\Desktop\DualModeKeyboard\SDK\LIB\libCH57xBLE.a(sm.o)
                0x000000000000f06c                smpParsePairingReq
 .text.smpParseSigningInfo
                0x000000000000f184       0x2a C:\Users\19156\Desktop\DualModeKeyboard\SDK\LIB\libCH57xBLE.a(sm.o)
                0x000000000000f184                smpParseSigningInfo
 .text.smProcessDataMsg
                0x000000000000f1ae       0xec C:\Users\19156\Desktop\DualModeKeyboard\SDK\LIB\libCH57xBLE.a(sm.o)
                0x000000000000f1ae                smProcessDataMsg
 .text.smProcessTMOSMsg
                0x000000000000f29a       0xd4 C:\Users\19156\Desktop\DualModeKeyboard\SDK\LIB\libCH57xBLE.a(sm.o)
                0x000000000000f29a                smProcessTMOSMsg
 .text.smpResponderProcessPairingReq
                0x000000000000f36e       0xd6 C:\Users\19156\Desktop\DualModeKeyboard\SDK\LIB\libCH57xBLE.a(sm.o)
                0x000000000000f36e                smpResponderProcessPairingReq
 .text.smpResponderProcessIncoming
                0x000000000000f444      0x24c C:\Users\19156\Desktop\DualModeKeyboard\SDK\LIB\libCH57xBLE.a(sm.o)
                0x000000000000f444                smpResponderProcessIncoming
 .text.SM_CalcRandomAddr