Archive member included to satisfy reference by file (symbol)

C:\Users\19156\Desktop\DualModeKeyboard\SDK\StdPeriphDriver\libISP573.a(ISP573.o)
                              ./StdPeriphDriver/CH57x_pwr.o (FLASH_EEPROM_CMD)
C:\Users\19156\Desktop\DualModeKeyboard\SDK\LIB\libCH57xBLE.a(message.o)
                              ./Profile/hiddev.o (tmos_msg_deallocate)
C:\Users\19156\Desktop\DualModeKeyboard\SDK\LIB\libCH57xBLE.a(tmos.o)
                              ./Profile/battservice.o (tmos_memcpy)
C:\Users\19156\Desktop\DualModeKeyboard\SDK\LIB\libCH57xBLE.a(tmos_hw.o)
                              C:\Users\19156\Desktop\DualModeKeyboard\SDK\LIB\libCH57xBLE.a(tmos.o) (RTC_Get32KClock)
C:\Users\19156\Desktop\DualModeKeyboard\SDK\LIB\libCH57xBLE.a(tmos_snv.o)
                              C:\Users\19156\Desktop\DualModeKeyboard\SDK\LIB\libCH57xBLE.a(tmos.o) (tmos_snv_init)
C:\Users\19156\Desktop\DualModeKeyboard\SDK\LIB\libCH57xBLE.a(gap.o)
                              ./Profile/hiddev.o (GAP_SetParamValue)
C:\Users\19156\Desktop\DualModeKeyboard\SDK\LIB\libCH57xBLE.a(gap_central.o)
                              C:\Users\19156\Desktop\DualModeKeyboard\SDK\LIB\libCH57xBLE.a(gap.o) (GAP_CentralParamInit)
C:\Users\19156\Desktop\DualModeKeyboard\SDK\LIB\libCH57xBLE.a(gap_peripheral.o)
                              C:\Users\19156\Desktop\DualModeKeyboard\SDK\LIB\libCH57xBLE.a(gap.o) (GAP_PeripheralParamInit)
C:\Users\19156\Desktop\DualModeKeyboard\SDK\LIB\libCH57xBLE.a(gapgattserver.o)
                              ./APP/app_ble.o (GGS_SetParameter)
C:\Users\19156\Desktop\DualModeKeyboard\SDK\LIB\libCH57xBLE.a(gatt.o)
                              ./Profile/battservice.o (GATT_bm_alloc)
C:\Users\19156\Desktop\DualModeKeyboard\SDK\LIB\libCH57xBLE.a(gatt_uuid.o)
                              ./Profile/battservice.o (reportRefUUID)
C:\Users\19156\Desktop\DualModeKeyboard\SDK\LIB\libCH57xBLE.a(gattclientapp.o)
                              C:\Users\19156\Desktop\DualModeKeyboard\SDK\LIB\libCH57xBLE.a(gatt.o) (gattGetClientStatus)
C:\Users\19156\Desktop\DualModeKeyboard\SDK\LIB\libCH57xBLE.a(gattservapp.o)
                              ./Profile/battservice.o (GATTServApp_ReadCharCfg)
C:\Users\19156\Desktop\DualModeKeyboard\SDK\LIB\libCH57xBLE.a(l2cap.o)
                              C:\Users\19156\Desktop\DualModeKeyboard\SDK\LIB\libCH57xBLE.a(gatt.o) (L2CAP_GetMTU)
C:\Users\19156\Desktop\DualModeKeyboard\SDK\LIB\libCH57xBLE.a(l2cap_input.o)
                              C:\Users\19156\Desktop\DualModeKeyboard\SDK\LIB\libCH57xBLE.a(l2cap.o) (l2capProcessRxData)
C:\Users\19156\Desktop\DualModeKeyboard\SDK\LIB\libCH57xBLE.a(l2cap_output.o)
                              C:\Users\19156\Desktop\DualModeKeyboard\SDK\LIB\libCH57xBLE.a(l2cap_input.o) (l2capNotifyData)
C:\Users\19156\Desktop\DualModeKeyboard\SDK\LIB\libCH57xBLE.a(l2cap_sdu.o)
                              C:\Users\19156\Desktop\DualModeKeyboard\SDK\LIB\libCH57xBLE.a(l2cap_input.o) (l2capBuildDisconnectRsp)
C:\Users\19156\Desktop\DualModeKeyboard\SDK\LIB\libCH57xBLE.a(linkdb.o)
                              C:\Users\19156\Desktop\DualModeKeyboard\SDK\LIB\libCH57xBLE.a(l2cap.o) (linkDB_Init)
C:\Users\19156\Desktop\DualModeKeyboard\SDK\LIB\libCH57xBLE.a(sm.o)
                              C:\Users\19156\Desktop\DualModeKeyboard\SDK\LIB\libCH57xBLE.a(gap.o) (smStartEncryption)
C:\Users\19156\Desktop\DualModeKeyboard\SDK\LIB\libCH57xBLE.a(host_input.o)
                              C:\Users\19156\Desktop\DualModeKeyboard\SDK\LIB\libCH57xBLE.a(gap.o) (gBleHostPara)
C:\Users\19156\Desktop\DualModeKeyboard\SDK\LIB\libCH57xBLE.a(host_output.o)
                              C:\Users\19156\Desktop\DualModeKeyboard\SDK\LIB\libCH57xBLE.a(gap.o) (HCI_DisconnectCmd)
C:\Users\19156\Desktop\DualModeKeyboard\SDK\LIB\libCH57xBLE.a(ll_connect.o)
                              C:\Users\19156\Desktop\DualModeKeyboard\SDK\LIB\libCH57xBLE.a(tmos.o) (LL_GetNextConnectEventTime)
C:\Users\19156\Desktop\DualModeKeyboard\SDK\LIB\libCH57xBLE.a(ll_core.o)
                              C:\Users\19156\Desktop\DualModeKeyboard\SDK\LIB\libCH57xBLE.a(ll_connect.o) (LL_CoreGetCore)
C:\Users\19156\Desktop\DualModeKeyboard\SDK\LIB\libCH57xBLE.a(ll_hop.o)
                              C:\Users\19156\Desktop\DualModeKeyboard\SDK\LIB\libCH57xBLE.a(ll_connect.o) (LL_HopGetChannel)
C:\Users\19156\Desktop\DualModeKeyboard\SDK\LIB\libCH57xBLE.a(ll_master.o)
                              C:\Users\19156\Desktop\DualModeKeyboard\SDK\LIB\libCH57xBLE.a(ll_connect.o) (ll_master_process)
C:\Users\19156\Desktop\DualModeKeyboard\SDK\LIB\libCH57xBLE.a(ll_pdu.o)
                              C:\Users\19156\Desktop\DualModeKeyboard\SDK\LIB\libCH57xBLE.a(ll_master.o) (LL_ConnectionUpdateReq)
C:\Users\19156\Desktop\DualModeKeyboard\SDK\LIB\libCH57xBLE.a(ll_report.o)
                              C:\Users\19156\Desktop\DualModeKeyboard\SDK\LIB\libCH57xBLE.a(ll_connect.o) (LL_ReportGenerateEvent)
[...]
Memory Configuration

Name             Origin             Length             Attributes
FLASH            0x0000000000000000 0x0000000000070000 xr
RAM              0x0000000020003800 0x0000000000004800 xrw
*default*        0x0000000000000000 0xffffffffffffffff

Linker script and memory map

LOAD ./StdPeriphDriver/CH57x_adc.o
LOAD ./StdPeriphDriver/CH57x_clk.o
LOAD ./StdPeriphDriver/CH57x_flash.o
LOAD ./StdPeriphDriver/CH57x_gpio.o
LOAD ./StdPeriphDriver/CH57x_pwr.o
LOAD ./StdPeriphDriver/CH57x_sys.o
LOAD ./StdPeriphDriver/CH57x_uart0.o
LOAD ./StdPeriphDriver/CH57x_uart1.o
LOAD ./StdPeriphDriver/CH57x_usbdev.o
LOAD ./Startup/startup_CH573.o
LOAD ./RVMSIS/core_riscv.o
LOAD ./Profile/battservice.o
LOAD ./Profile/devinfoservice.o
LOAD ./Profile/hiddev.o
LOAD ./Profile/hidkbdservice.o
LOAD ./Profile/scanparamservice.o
LOAD ./HAL/MCU.o
LOAD ./HAL/RTC.o
LOAD ./HAL/SLEEP.o
LOAD ./APP/MAIN.o
LOAD ./APP/app_ble.o
LOAD ./APP/app_usb.o
LOAD ./APP/keyin.o
LOAD ./APP/led.o
LOAD ./APP/protocol.o
LOAD ./APP/usercfg.o
LOAD C:\Users\19156\Desktop\DualModeKeyboard\SDK\StdPeriphDriver\libISP573.a
LOAD C:\Users\19156\Desktop\DualModeKeyboard\SDK\LIB\libCH57xBLE.a
LOAD c:/mounriver/mounriver_studio/toolchain/risc-v embedded gcc/bin/../lib/gcc/riscv-none-embed/8.2.0/rv32imac/ilp32\libgcc.a
LOAD c:/mounriver/mounriver_studio/toolchain/risc-v embedded gcc/bin/../lib/gcc/riscv-none-embed/8.2.0/../../../../riscv-none-embed/lib/rv32imac/ilp32\libg_nano.a
LOAD c:/mounriver/mounriver_studio/toolchain/risc-v embedded gcc/bin/../lib/gcc/riscv-none-embed/8.2.0/../../../../riscv-none-embed/lib/rv32imac/ilp32\libc_nano.a
LOAD c:/mounriver/mounriver_studio/toolchain/risc-v embedded gcc/bin/../lib/gcc/riscv-none-embed/8.2.0/rv32imac/ilp32\libgcc.a
START GROUP
LOAD c:/mounriver/mounriver_studio/toolchain/risc-v embedded gcc/bin/../lib/gcc/riscv-none-embed/8.2.0/rv32imac/ilp32\libgcc.a
LOAD c:/mounriver/mounriver_studio/toolchain/risc-v embedded gcc/bin/../lib/gcc/riscv-none-embed/8.2.0/../../../../riscv-none-embed/lib/rv32imac/ilp32\libc_nano.a
LOAD c:/mounriver/mounriver_studio/toolchain/risc-v embedded gcc/bin/../lib/gcc/riscv-none-embed/8.2.0/../../../../riscv-none-embed/lib/rv32imac/ilp32\libnosys.a
END GROUP
START GROUP
LOAD c:/mounriver/mounriver_studio/toolchain/risc-v embedded gcc/bin/../lib/gcc/riscv-none-embed/8.2.0/rv32imac/ilp32\libgcc.a
LOAD c:/mounriver/mounriver_studio/toolchain/risc-v embedded gcc/bin/../lib/gcc/riscv-none-embed/8.2.0/../../../../riscv-none-embed/lib/rv32imac/ilp32\libc_nano.a
LOAD c:/mounriver/mounriver_studio/toolchain/risc-v embedded gcc/bin/../lib/gcc/riscv-none-embed/8.2.0/../../../../riscv-none-embed/lib/rv32imac/ilp32\libnosys.a
END GROUP

.init           0x0000000000000000        0x4
                0x0000000000000000                _sinit = .
                0x0000000000000000                . = ALIGN (0x4)
 *(SORT_NONE(.init))
 .init          0x0000000000000000        0x4 ./Startup/startup_CH573.o
                0x0000000000000000                _start
                0x0000000000000004                . = ALIGN (0x4)
                0x0000000000000004                _einit = .

.highcodelalign
                0x0000000000000004        0x0
                0x0000000000000004                . = ALIGN (0x4)
                0x0000000000000004                PROVIDE (_highcode_lma = .)

.highcode       0x0000000020003800     0x11c8 load address 0x0000000000000004
                0x0000000020003800                . = ALIGN (0x4)
                0x0000000020003800                PROVIDE (_highcode_vma_start = .)
 *(.vector)
 .vector        0x0000000020003800       0x90 ./Startup/startup_CH573.o
 *(SORT_NONE(.vector_handler))
 .vector_handler
                0x0000000020003890       0x2c ./Startup/startup_CH573.o
                0x0000000020003890                NMI_Handler
                0x0000000020003894                SysTick_Handler
                0x0000000020003896                SW_Handler
                0x0000000020003898                TMR0_IRQHandler
                0x000000002000389a                GPIOA_IRQHandler
                0x000000002000389c                GPIOB_IRQHandler
                0x000000002000389e                SPI0_IRQHandler
                0x00000000200038a0                BB_IRQHandler
                0x00000000200038a2                LLE_IRQHandler
                0x00000000200038a6                TMR1_IRQHandler
                0x00000000200038a8                TMR2_IRQHandler
                0x00000000200038aa                UART0_IRQHandler
                0x00000000200038ac                UART1_IRQHandler
                0x00000000200038b0                ADC_IRQHandler
                0x00000000200038b2                PWMX_IRQHandler
                0x00000000200038b4                TMR3_IRQHandler
                0x00000000200038b6                UART2_IRQHandler
                0x00000000200038b8                UART3_IRQHandler
                0x00000000200038ba                WDOG_BAT_IRQHandler
 *(.highcode)
 .highcode      0x00000000200038bc       0x4a ./StdPeriphDriver/CH57x_clk.o
                0x00000000200038bc                Get_Calibration_Cnt_RAM
 .highcode      0x0000000020003906      0x1a8 ./StdPeriphDriver/CH57x_sys.o
                0x0000000020003906                SetSysClock
                0x0000000020003a02                SYS_ResetExecute
                0x0000000020003a3a                HardFault_Handler
                0x0000000020003a78                mDelayuS
                0x0000000020003a86                mDelaymS
 .highcode      0x0000000020003aae       0x16 ./HAL/RTC.o
                0x0000000020003aae                RTC_IRQHandler
 .highcode      0x0000000020003ac4        0x8 ./APP/MAIN.o
                0x0000000020003ac4                Main_Circulation
 .highcode      0x0000000020003acc        0xc ./APP/app_usb.o
                0x0000000020003acc                USB_IRQHandler
 .highcode      0x0000000020003ad8      0x3ee C:\Users\19156\Desktop\DualModeKeyboard\SDK\StdPeriphDriver\libISP573.a(ISP573.o)
                0x0000000020003ad8                FLASH_ROM_BEG
                0x0000000020003aea                FLASH_ROM_END
                0x0000000020003af8                FLASH_ROM_IN
                0x0000000020003b06                FLASH_ROM_OUT
                0x0000000020003b14                FLASH_ROM_ADDR
                0x0000000020003b5c                FLASH_ROM_WAIT
                0x0000000020003b94                FLASH_EEPROM_CMD
 .highcode      0x0000000020003ec6      0x230 C:\Users\19156\Desktop\DualModeKeyboard\SDK\LIB\libCH57xBLE.a(tmos.o)
                0x0000000020003ee2                tmos_memcpy
                0x0000000020003f02                tmos_memcpy_word
                0x0000000020003f1e                TMOS_SystemProcess
 .highcode      0x00000000200040f6       0xc2 C:\Users\19156\Desktop\DualModeKeyboard\SDK\LIB\libCH57xBLE.a(tmos_hw.o)
                0x00000000200040f6                BLE_GetHSEClock
                0x0000000020004134                RTC_Get32KClock
                0x000000002000414c                SYS_GetTickCount
 .highcode      0x00000000200041b8      0x128 C:\Users\19156\Desktop\DualModeKeyboard\SDK\LIB\libCH57xBLE.a(ll_connect.o)
                0x00000000200041b8                ll_connect_process_data
                0x0000000020004206                ll_connect_event_continue
 .highcode      0x00000000200042e0      0x1c4 C:\Users\19156\Desktop\DualModeKeyboard\SDK\LIB\libCH57xBLE.a(bb.o)
                0x00000000200042e0                BB_IRQLibHandler
                0x000000002000445a                BB_IRQLibFunction
 .highcode      0x00000000200044a4      0x198 C:\Users\19156\Desktop\DualModeKeyboard\SDK\LIB\libCH57xBLE.a(ip.o)
                0x00000000200044a4                ll_tx_wait_finish
                0x00000000200044d0                ll_tx_wait_tx_dma
                0x000000002000452e                ll_rx_wait_finish
                0x0000000020004564                ll_rx_wait_tx_dma
                0x00000000200045b2                ble_ll_chkcrc
 .highcode      0x000000002000463c      0x1a4 C:\Users\19156\Desktop\DualModeKeyboard\SDK\LIB\libCH57xBLE.a(lle.o)
                0x000000002000463c                LLE_IRQLibHandler
                0x0000000020004796                LLE_IRQLibFunction
 .highcode      0x00000000200047e0       0x82 C:\Users\19156\Desktop\DualModeKeyboard\SDK\LIB\libCH57xBLE.a(rf_fh.o)
                0x00000000200047e0                RF_HopGetChannel
 .highcode      0x0000000020004862       0x2c C:\Users\19156\Desktop\DualModeKeyboard\SDK\LIB\libCH57xBLE.a(rfend.o)
                0x0000000020004862                RFEND_WaitTune
 .highcode      0x000000002000488e      0x13a C:\Users\19156\Desktop\DualModeKeyboard\SDK\LIB\libCH57xBLE.a(memory.o)
                0x000000002000488e                tmos_memory_allocate
                0x0000000020004928                tmos_memory_free
 *(.highcode.*)
                0x00000000200049c8                . = ALIGN (0x4)
 *fill*         0x00000000200049c8        0x0 
                0x00000000200049c8                PROVIDE (_highcode_vma_end = .)

.text           0x00000000000011d0    0x1d1e4
                0x00000000000011d0                . = ALIGN (0x4)
 *(SORT_NONE(.handle_reset))
 .handle_reset  0x00000000000011d0       0xa2 ./Startup/startup_CH573.o
                0x00000000000011d0                handle_reset
 *(.text)
 *(.text.*)
 .text.ADC_InterTSSampInit
                0x0000000000001272       0x28 ./StdPeriphDriver/CH57x_adc.o
                0x0000000000001272                ADC_InterTSSampInit
 .text.Calibration_LSI_FLASH
                0x000000000000129a      0x284 ./StdPeriphDriver/CH57x_clk.o
                0x000000000000129a                Calibration_LSI_FLASH
 .text.Calibration_LSI_RAM
                0x000000000000151e      0x23e ./StdPeriphDriver/CH57x_clk.o
                0x000000000000151e                Calibration_LSI_RAM
 .text.RTC_InitTime
                0x000000000000175c      0x134 ./StdPeriphDriver/CH57x_clk.o
                0x000000000000175c                RTC_InitTime
 .text.GPIOA_ModeCfg
                0x0000000000001890       0xa6 ./StdPeriphDriver/CH57x_gpio.o
                0x0000000000001890                GPIOA_ModeCfg
 .text.GPIOB_ModeCfg
                0x0000000000001936       0xa6 ./StdPeriphDriver/CH57x_gpio.o
                0x0000000000001936                GPIOB_ModeCfg
 .text.SYS_GetSysTickCnt
                0x00000000000019dc        0xa ./StdPeriphDriver/CH57x_sys.o
                0x00000000000019dc                SYS_GetSysTickCnt
 .text.USB_DeviceInit
                0x00000000000019e6       0x7e ./StdPeriphDriver/CH57x_usbdev.o
                0x00000000000019e6                USB_DeviceInit
 .text.DevEP1_IN_Deal
                0x0000000000001a64       0x16 ./StdPeriphDriver/CH57x_usbdev.o
                0x0000000000001a64                DevEP1_IN_Deal
 .text.DevEP2_IN_Deal
                0x0000000000001a7a       0x16 ./StdPeriphDriver/CH57x_usbdev.o
                0x0000000000001a7a                DevEP2_IN_Deal
 .text.DevEP3_IN_Deal
                0x0000000000001a90       0x16 ./StdPeriphDriver/CH57x_usbdev.o
                0x0000000000001a90                DevEP3_IN_Deal
 .text.battMeasure
                0x0000000000001aa6       0x7c ./Profile/battservice.o
 .text.battWriteAttrCB
                0x0000000000001b22       0x5e ./Profile/battservice.o
 .text.battReadAttrCB
                0x0000000000001b80       0x7e ./Profile/battservice.o
 .text.battNotifyCB
                0x0000000000001bfe       0x76 ./Profile/battservice.o
 .text.Batt_AddService
                0x0000000000001c74       0x2c ./Profile/battservice.o
                0x0000000000001c74                Batt_AddService
 .text.Batt_Register
                0x0000000000001ca0        0x6 ./Profile/battservice.o
                0x0000000000001ca0                Batt_Register
 .text.Batt_SetParameter
                0x0000000000001ca6       0x3a ./Profile/battservice.o
                0x0000000000001ca6                Batt_SetParameter
 .text.Batt_GetParameter
                0x0000000000001ce0       0x6a ./Profile/battservice.o
                0x0000000000001ce0                Batt_GetParameter
 .text.Batt_MeasLevel
                0x0000000000001d4a       0x2e ./Profile/battservice.o
                0x0000000000001d4a                Batt_MeasLevel
 .text.Batt_HandleConnStatusCB
                0x0000000000001d78       0x3e ./Profile/battservice.o
                0x0000000000001d78                Batt_HandleConnStatusCB
 .text.devInfo_ReadAttrCB
                0x0000000000001db6      0x196 ./Profile/devinfoservice.o
 .text.DevInfo_AddService
                0x0000000000001f4c       0x18 ./Profile/devinfoservice.o
                0x0000000000001f4c                DevInfo_AddService
 .text.hidDevParamUpdateCB
                0x0000000000001f64        0x2 ./Profile/hiddev.o
 .text.hidDevScanParamCB
                0x0000000000001f66        0x2 ./Profile/hiddev.o
 .text.hidDevRptByHandle
                0x0000000000001f68       0x30 ./Profile/hiddev.o
 .text.hidDevBattCB
                0x0000000000001f98       0x28 ./Profile/hiddev.o
 .text.hidDevPairStateCB
                0x0000000000001fc0       0x28 ./Profile/hiddev.o
 .text.hidDevPasscodeCB
                0x0000000000001fe8       0x34 ./Profile/hiddev.o
 .text.HidDev_ProcessEvent
                0x000000000000201c       0x6c ./Profile/hiddev.o
                0x000000000000201c                HidDev_ProcessEvent
 .text.hidDevGapStateCB
                0x0000000000002088      0x17c ./Profile/hiddev.o
 .text.HidDev_Init
                0x0000000000002204       0x66 ./Profile/hiddev.o
                0x0000000000002204                HidDev_Init
 .text.HidDev_Register
                0x000000000000226a        0xa ./Profile/hiddev.o
                0x000000000000226a                HidDev_Register
 .text.HidDev_RegisterReports
                0x0000000000002274        0xa ./Profile/hiddev.o
                0x0000000000002274                HidDev_RegisterReports
 .text.HidDev_Report
                0x000000000000227e       0xda ./Profile/hiddev.o
                0x000000000000227e                HidDev_Report
 .text.HidDev_Start
                0x0000000000002358       0x1e ./Profile/hiddev.o
                0x0000000000002358                HidDev_Start
 .text.HidDev_Close
                0x0000000000002376       0x30 ./Profile/hiddev.o
                0x0000000000002376                HidDev_Close
 .text.HidDev_ReadAttrCB
                0x00000000000023a6      0x104 ./Profile/hiddev.o
                0x00000000000023a6                HidDev_ReadAttrCB
 .text.HidDev_WriteAttrCB
                0x00000000000024aa      0x146 ./Profile/hiddev.o
                0x00000000000024aa                HidDev_WriteAttrCB
 .text.Hid_AddService
                0x00000000000025f0      0x134 ./Profile/hidkbdservice.o
                0x00000000000025f0                Hid_AddService
 .text.Hid_SetParameter
                0x0000000000002724       0x5a ./Profile/hidkbdservice.o
                0x0000000000002724                Hid_SetParameter
 .text.Hid_GetParameter
                0x000000000000277e       0x42 ./Profile/hidkbdservice.o
                0x000000000000277e                Hid_GetParameter
 .text.scanParamReadAttrCB
                0x00000000000027c0        0x4 ./Profile/scanparamservice.o
 .text.scanParamWriteAttrCB
                0x00000000000027c4       0x66 ./Profile/scanparamservice.o
 .text.ScanParam_AddService
                0x000000000000282a       0x2c ./Profile/scanparamservice.o
                0x000000000000282a                ScanParam_AddService
 .text.ScanParam_Register
                0x0000000000002856        0x6 ./Profile/scanparamservice.o
                0x0000000000002856                ScanParam_Register
 .text.ScanParam_RefreshNotify
                0x000000000000285c       0x5c ./Profile/scanparamservice.o
                0x000000000000285c                ScanParam_RefreshNotify
 .text.ScanParam_HandleConnStatusCB
                0x00000000000028b8       0x3e ./Profile/scanparamservice.o
                0x00000000000028b8                ScanParam_HandleConnStatusCB
 .text.Lib_Calibration_LSI
                0x00000000000028f6       0x30 ./HAL/MCU.o
                0x00000000000028f6                Lib_Calibration_LSI
 .text.Lib_Read_Flash
                0x0000000000002926       0x1c ./HAL/MCU.o
                0x0000000000002926                Lib_Read_Flash
 .text.Lib_Write_Flash
                0x0000000000002942       0x40 ./HAL/MCU.o
                0x0000000000002942                Lib_Write_Flash
 .text.HAL_GetInterTempValue
                0x0000000000002982       0x72 ./HAL/MCU.o
                0x0000000000002982                HAL_GetInterTempValue
 .text.HAL_ProcessEvent
                0x00000000000029f4       0x72 ./HAL/MCU.o
                0x00000000000029f4                HAL_ProcessEvent
 .text.CH57X_BLEInit
                0x0000000000002a66      0x114 ./HAL/MCU.o
                0x0000000000002a66                CH57X_BLEInit
 .text.HAL_Init
                0x0000000000002b7a       0x34 ./HAL/MCU.o
                0x0000000000002b7a                HAL_Init
 .text.HAL_TimeInit
                0x0000000000002bae       0x5e ./HAL/RTC.o
                0x0000000000002bae                HAL_TimeInit
 .text.startup.main
                0x0000000000002c0c       0x80 ./APP/MAIN.o
                0x0000000000002c0c                main
 .text.hidEmuEvtCB
                0x0000000000002c8c        0x2 ./APP/app_ble.o
 .text.hidEmuStateCB
                0x0000000000002c8e       0x44 ./APP/app_ble.o
 .text.hidEmuRptCB
                0x0000000000002cd2       0x44 ./APP/app_ble.o
 .text.HidEmu_ProcessEvent
                0x0000000000002d16       0x66 ./APP/app_ble.o
                0x0000000000002d16                HidEmu_ProcessEvent
 .text.HidEmu_Init
                0x0000000000002d7c      0x10c ./APP/app_ble.o
                0x0000000000002d7c                HidEmu_Init
 .text.hidEmuSendReport
                0x0000000000002e88       0x50 ./APP/app_ble.o
                0x0000000000002e88                hidEmuSendReport
 .text.USB_Init
                0x0000000000002ed8       0x4a ./APP/app_usb.o
                0x0000000000002ed8                USB_Init
 .text.DevEP1_OUT_Deal
                0x0000000000002f22       0x26 ./APP/app_usb.o
                0x0000000000002f22                DevEP1_OUT_Deal
 .text.DevEP2_OUT_Deal
                0x0000000000002f48       0x26 ./APP/app_usb.o
                0x0000000000002f48                DevEP2_OUT_Deal
 .text.DevEP4_OUT_Deal
                0x0000000000002f6e       0xca ./APP/app_usb.o
                0x0000000000002f6e                DevEP4_OUT_Deal
 .text.USB_DevTransProcess
                0x0000000000003038      0x760 ./APP/app_usb.o
                0x0000000000003038                USB_DevTransProcess
 .text.TMOS_Keys_Debounce
                0x0000000000003798      0x228 ./APP/keyin.o
 .text.TMOS_Enco_Debounce
                0x00000000000039c0       0xc0 ./APP/keyin.o
 .text.TMOS_Keys_TaskManager
                0x0000000000003a80      0x154 ./APP/keyin.o
 .text.TMOS_Keys_TransMacro
                0x0000000000003bd4      0xaac ./APP/keyin.o
 .text.Keyin_Init
                0x0000000000004680       0xac ./APP/keyin.o
                0x0000000000004680                Keyin_Init
 .text.TMOSTASK_ProtoCtrl_UploadData
                0x000000000000472c       0x92 ./APP/protocol.o
 .text.TMOSTASK_ProtoCtrl_Fresh
                0x00000000000047be       0x9a ./APP/protocol.o
 .text.ProtoCtrl_Init
                0x0000000000004858       0x7e ./APP/protocol.o
                0x0000000000004858                ProtoCtrl_Init
 .text.UserCfg_Init
                0x00000000000048d6       0x62 ./APP/usercfg.o
                0x00000000000048d6                UserCfg_Init
 .text.KeyCfg_JumpNext
                0x0000000000004938       0x6c ./APP/usercfg.o
                0x0000000000004938                KeyCfg_JumpNext
 .text.KeyCfg_Reset
                0x00000000000049a4       0x12 ./APP/usercfg.o
                0x00000000000049a4                KeyCfg_Reset
 .text.tmos_msg_enqueue
                0x00000000000049b6       0x1e C:\Users\19156\Desktop\DualModeKeyboard\SDK\LIB\libCH57xBLE.a(message.o)
                0x00000000000049b6                tmos_msg_enqueue
 .text.tmos_msg_deallocate
                0x00000000000049d4       0x2c C:\Users\19156\Desktop\DualModeKeyboard\SDK\LIB\libCH57xBLE.a(message.o)
                0x00000000000049d4                tmos_msg_deallocate
 .text.tmos_msg_allocate
                0x0000000000004a00       0x3e C:\Users\19156\Desktop\DualModeKeyboard\SDK\LIB\libCH57xBLE.a(message.o)
                0x0000000000004a00                tmos_msg_allocate
 .text.tmos_msg_receive
                0x0000000000004a3e       0x68 C:\Users\19156\Desktop\DualModeKeyboard\SDK\LIB\libCH57xBLE.a(message.o)
                0x0000000000004a3e                tmos_msg_receive
 .text.tmos_msg_send
                0x0000000000004aa6       0x56 C:\Users\19156\Desktop\DualModeKeyboard\SDK\LIB\libCH57xBLE.a(message.o)
                0x0000000000004aa6                tmos_msg_send
 .text.tmos_msg_init
                0x0000000000004afc        0x6 C:\Users\19156\Desktop\DualModeKeyboard\SDK\LIB\libCH57xBLE.a(message.o)
                0x0000000000004afc                tmos_msg_init
 .text.tmosFindTask
                0x0000000000004b02       0x20 C:\Users\19156\Desktop\DualModeKeyboard\SDK\LIB\libCH57xBLE.a(tmos.o)
 .text.TMOS_CbTimerProcessEvent
                0x0000000000004b22       0x7c C:\Users\19156\Desktop\DualModeKeyboard\SDK\LIB\libCH57xBLE.a(tmos.o)
                0x0000000000004b22                TMOS_CbTimerProcessEvent
 .text.tmos_rand
                0x0000000000004b9e       0x54 C:\Users\19156\Desktop\DualModeKeyboard\SDK\LIB\libCH57xBLE.a(tmos.o)
                0x0000000000004b9e                tmos_rand
 .text.tmos_query_sleep_time
                0x0000000000004bf2      0x178 C:\Users\19156\Desktop\DualModeKeyboard\SDK\LIB\libCH57xBLE.a(tmos.o)
                0x0000000000004bf2                tmos_query_sleep_time
 .text.tmos_memset
                0x0000000000004d6a       0x12 C:\Users\19156\Desktop\DualModeKeyboard\SDK\LIB\libCH57xBLE.a(tmos.o)
                0x0000000000004d6a                tmos_memset
 .text.tmos_strlen
                0x0000000000004d7c       0x14 C:\Users\19156\Desktop\DualModeKeyboard\SDK\LIB\libCH57xBLE.a(tmos.o)
                0x0000000000004d7c                tmos_strlen
 .text.tmos_memdup
                0x0000000000004d90       0x3c C:\Users\19156\Desktop\DualModeKeyboard\SDK\LIB\libCH57xBLE.a(tmos.o)
                0x0000000000004d90                tmos_memdup
 .text.tmos_memcmp
                0x0000000000004dcc       0x24 C:\Users\19156\Desktop\DualModeKeyboard\SDK\LIB\libCH57xBLE.a(tmos.o)
                0x0000000000004dcc                tmos_memcmp
 .text.tmos_revmemcpy
                0x0000000000004df0       0x1c C:\Users\19156\Desktop\DualModeKeyboard\SDK\LIB\libCH57xBLE.a(tmos.o)
                0x0000000000004df0                tmos_revmemcpy
 .text.tmos_isbufset
                0x0000000000004e0c       0x1e C:\Users\19156\Desktop\DualModeKeyboard\SDK\LIB\libCH57xBLE.a(tmos.o)
                0x0000000000004e0c                tmos_isbufset
 .text.tmos_set_event
                0x0000000000004e2a       0x2a C:\Users\19156\Desktop\DualModeKeyboard\SDK\LIB\libCH57xBLE.a(tmos.o)
                0x0000000000004e2a                tmos_set_event
 .text.tmos_query_system_time
                0x0000000000004e54       0xce C:\Users\19156\Desktop\DualModeKeyboard\SDK\LIB\libCH57xBLE.a(tmos.o)
                0x0000000000004e54                tmos_query_system_time
 .text.tmos_clear_event
                0x0000000000004f22       0x2e C:\Users\19156\Desktop\DualModeKeyboard\SDK\LIB\libCH57xBLE.a(tmos.o)
                0x0000000000004f22                tmos_clear_event
 .text.tmos_start_task
                0x0000000000004f50       0x90 C:\Users\19156\Desktop\DualModeKeyboard\SDK\LIB\libCH57xBLE.a(tmos.o)
                0x0000000000004f50                tmos_start_task
 .text.tmos_start_callback_task
                0x0000000000004fe0       0xac C:\Users\19156\Desktop\DualModeKeyboard\SDK\LIB\libCH57xBLE.a(tmos.o)
                0x0000000000004fe0                tmos_start_callback_task
 .text.tmos_start_reload_task
                0x000000000000508c       0x30 C:\Users\19156\Desktop\DualModeKeyboard\SDK\LIB\libCH57xBLE.a(tmos.o)
                0x000000000000508c                tmos_start_reload_task
 .text.tmos_stop_task
                0x00000000000050bc       0x42 C:\Users\19156\Desktop\DualModeKeyboard\SDK\LIB\libCH57xBLE.a(tmos.o)
                0x00000000000050bc                tmos_stop_task
 .text.tmos_stop_callback_task
                0x00000000000050fe       0x5c C:\Users\19156\Desktop\DualModeKeyboard\SDK\LIB\libCH57xBLE.a(tmos.o)
                0x00000000000050fe                tmos_stop_callback_task
 .text.tmos_get_task_timer
                0x000000000000515a       0x16 C:\Users\19156\Desktop\DualModeKeyboard\SDK\LIB\libCH57xBLE.a(tmos.o)
                0x000000000000515a                tmos_get_task_timer
 .text.tmos_update_callback_timer
                0x0000000000005170       0x62 C:\Users\19156\Desktop\DualModeKeyboard\SDK\LIB\libCH57xBLE.a(tmos.o)
                0x0000000000005170                tmos_update_callback_timer
 .text.TMOS_Set32KTuneValue
                0x00000000000051d2        0xa C:\Users\19156\Desktop\DualModeKeyboard\SDK\LIB\libCH57xBLE.a(tmos.o)
                0x00000000000051d2                TMOS_Set32KTuneValue
 .text.TMOS_TimerRegister
                0x00000000000051dc       0x1a C:\Users\19156\Desktop\DualModeKeyboard\SDK\LIB\libCH57xBLE.a(tmos.o)
                0x00000000000051dc                TMOS_TimerRegister
 .text.TMOS_ProcessRegister
                0x00000000000051f6       0x16 C:\Users\19156\Desktop\DualModeKeyboard\SDK\LIB\libCH57xBLE.a(tmos.o)
                0x00000000000051f6                TMOS_ProcessRegister
 .text.TMOS_Init
                0x000000000000520c       0xea C:\Users\19156\Desktop\DualModeKeyboard\SDK\LIB\libCH57xBLE.a(tmos.o)
                0x000000000000520c                TMOS_Init
 .text.TMOS_ProcessEventRegister
                0x00000000000052f6       0x38 C:\Users\19156\Desktop\DualModeKeyboard\SDK\LIB\libCH57xBLE.a(tmos.o)
                0x00000000000052f6                TMOS_ProcessEventRegister
 .text.BLE_LibInit
                0x000000000000532e      0x1a4 C:\Users\19156\Desktop\DualModeKeyboard\SDK\LIB\libCH57xBLE.a(tmos.o)
                0x000000000000532e                BLE_LibInit
 .text.ble_ll_common_rand8
                0x00000000000054d2       0x24 C:\Users\19156\Desktop\DualModeKeyboard\SDK\LIB\libCH57xBLE.a(tmos_hw.o)
                0x00000000000054d2                ble_ll_common_rand8
 .text.ble_ll_common_rand16
                0x00000000000054f6       0x24 C:\Users\19156\Desktop\DualModeKeyboard\SDK\LIB\libCH57xBLE.a(tmos_hw.o)
                0x00000000000054f6                ble_ll_common_rand16
 .text.ble_ll_common_rand32
                0x000000000000551a       0x20 C:\Users\19156\Desktop\DualModeKeyboard\SDK\LIB\libCH57xBLE.a(tmos_hw.o)
                0x000000000000551a                ble_ll_common_rand32
 .text.ll_hw_temp_sample
                0x000000000000553a       0xc0 C:\Users\19156\Desktop\DualModeKeyboard\SDK\LIB\libCH57xBLE.a(tmos_hw.o)
                0x000000000000553a                ll_hw_temp_sample
 .text.TMOS_TimerInit
                0x00000000000055fa       0x5e C:\Users\19156\Desktop\DualModeKeyboard\SDK\LIB\libCH57xBLE.a(tmos_hw.o)
                0x00000000000055fa                TMOS_TimerInit
 .text.tmos_snv_init
                0x0000000000005658       0xbc C:\Users\19156\Desktop\DualModeKeyboard\SDK\LIB\libCH57xBLE.a(tmos_snv.o)
                0x0000000000005658                tmos_snv_init
 .text.tmos_snv_clear
                0x0000000000005714       0xae C:\Users\19156\Desktop\DualModeKeyboard\SDK\LIB\libCH57xBLE.a(tmos_snv.o)
                0x0000000000005714                tmos_snv_clear
 .text.tmos_snv_read
                0x00000000000057c2      0x292 C:\Users\19156\Desktop\DualModeKeyboard\SDK\LIB\libCH57xBLE.a(tmos_snv.o)
                0x00000000000057c2                tmos_snv_read
 .text.tmos_snv_notify
                0x0000000000005a54       0x5a C:\Users\19156\Desktop\DualModeKeyboard\SDK\LIB\libCH57xBLE.a(tmos_snv.o)
                0x0000000000005a54                tmos_snv_notify
 .text.tmos_snv_write
                0x0000000000005aae      0x2ce C:\Users\19156\Desktop\DualModeKeyboard\SDK\LIB\libCH57xBLE.a(tmos_snv.o)
                0x0000000000005aae                tmos_snv_write
 .text.tmos_snv_compact
                0x0000000000005d7c        0x4 C:\Users\19156\Desktop\DualModeKeyboard\SDK\LIB\libCH57xBLE.a(tmos_snv.o)
                0x0000000000005d7c                tmos_snv_compact
 .text.disconnectNext
                0x0000000000005d80       0x22 C:\Users\19156\Desktop\DualModeKeyboard\SDK\LIB\libCH57xBLE.a(gap.o)
 .text.GAP_ParamInit
                0x0000000000005da2       0x80 C:\Users\19156\Desktop\DualModeKeyboard\SDK\LIB\libCH57xBLE.a(gap.o)
                0x0000000000005da2                GAP_ParamInit
 .text.sendTerminateEvent
                0x0000000000005e22       0x58 C:\Users\19156\Desktop\DualModeKeyboard\SDK\LIB\libCH57xBLE.a(gap.o)
                0x0000000000005e22                sendTerminateEvent
 .text.gapRegisterCentral
                0x0000000000005e7a        0x6 C:\Users\19156\Desktop\DualModeKeyboard\SDK\LIB\libCH57xBLE.a(gap.o)
                0x0000000000005e7a                gapRegisterCentral
 .text.gapRegisterCentralConn
                0x0000000000005e80        0x6 C:\Users\19156\Desktop\DualModeKeyboard\SDK\LIB\libCH57xBLE.a(gap.o)
                0x0000000000005e80                gapRegisterCentralConn
 .text.gapRegisterPeripheral
                0x0000000000005e86        0x6 C:\Users\19156\Desktop\DualModeKeyboard\SDK\LIB\libCH57xBLE.a(gap.o)
                0x0000000000005e86                gapRegisterPeripheral
 .text.gapRegisterPeripheralConn
                0x0000000000005e8c        0x6 C:\Users\19156\Desktop\DualModeKeyboard\SDK\LIB\libCH57xBLE.a(gap.o)
                0x0000000000005e8c                gapRegisterPeripheralConn
 .text.smGenerateRandBuf
                0x0000000000005e92       0x56 C:\Users\19156\Desktop\DualModeKeyboard\SDK\LIB\libCH57xBLE.a(gap.o)
                0x0000000000005e92                smGenerateRandBuf
 .text.gapL2capConnParamUpdateReq
                0x0000000000005ee8       0x32 C:\Users\19156\Desktop\DualModeKeyboard\SDK\LIB\libCH57xBLE.a(gap.o)
                0x0000000000005ee8                gapL2capConnParamUpdateReq
 .text.gapValidADType
                0x0000000000005f1a       0x16 C:\Users\19156\Desktop\DualModeKeyboard\SDK\LIB\libCH57xBLE.a(gap.o)
                0x0000000000005f1a                gapValidADType
 .text.gapFindADType
                0x0000000000005f30       0x8e C:\Users\19156\Desktop\DualModeKeyboard\SDK\LIB\libCH57xBLE.a(gap.o)
                0x0000000000005f30                gapFindADType
 .text.GAP_SecParamsInit
                0x0000000000005fbe       0x9a C:\Users\19156\Desktop\DualModeKeyboard\SDK\LIB\libCH57xBLE.a(gap.o)
                0x0000000000005fbe                GAP_SecParamsInit
 .text.GAP_ParamsInit
                0x0000000000006058       0x48 C:\Users\19156\Desktop\DualModeKeyboard\SDK\LIB\libCH57xBLE.a(gap.o)
                0x0000000000006058                GAP_ParamsInit
 .text.gapAddAddrAdj
                0x00000000000060a0       0x48 C:\Users\19156\Desktop\DualModeKeyboard\SDK\LIB\libCH57xBLE.a(gap.o)
                0x00000000000060a0                gapAddAddrAdj
 .text.gapDetermineAddrType
                0x00000000000060e8       0x28 C:\Users\19156\Desktop\DualModeKeyboard\SDK\LIB\libCH57xBLE.a(gap.o)
                0x00000000000060e8                gapDetermineAddrType
 .text.gapFreeAuthLink
                0x0000000000006110       0x4a C:\Users\19156\Desktop\DualModeKeyboard\SDK\LIB\libCH57xBLE.a(gap.o)
                0x0000000000006110                gapFreeAuthLink
 .text.gapGetDevAddress
                0x000000000000615a       0x24 C:\Users\19156\Desktop\DualModeKeyboard\SDK\LIB\libCH57xBLE.a(gap.o)
                0x000000000000615a                gapGetDevAddress
 .text.gapGetDevAddressMode
                0x000000000000617e        0xa C:\Users\19156\Desktop\DualModeKeyboard\SDK\LIB\libCH57xBLE.a(gap.o)
                0x000000000000617e                gapGetDevAddressMode
 .text.gapGetIRK
                0x0000000000006188        0xc C:\Users\19156\Desktop\DualModeKeyboard\SDK\LIB\libCH57xBLE.a(gap.o)
                0x0000000000006188                gapGetIRK
 .text.gapGetSRK
                0x0000000000006194        0xc C:\Users\19156\Desktop\DualModeKeyboard\SDK\LIB\libCH57xBLE.a(gap.o)
                0x0000000000006194                gapGetSRK
 .text.gapGetSignCounter
                0x00000000000061a0        0xe C:\Users\19156\Desktop\DualModeKeyboard\SDK\LIB\libCH57xBLE.a(gap.o)
                0x00000000000061a0                gapGetSignCounter
 .text.gapIncSignCounter
                0x00000000000061ae       0x28 C:\Users\19156\Desktop\DualModeKeyboard\SDK\LIB\libCH57xBLE.a(gap.o)
                0x00000000000061ae                gapIncSignCounter
 .text.gapProcessConnEvt
                0x00000000000061d6       0x48 C:\Users\19156\Desktop\DualModeKeyboard\SDK\LIB\libCH57xBLE.a(gap.o)
                0x00000000000061d6                gapProcessConnEvt
 .text.gapProcessDisconnectCompleteEvt
                0x000000000000621e       0xa8 C:\Users\19156\Desktop\DualModeKeyboard\SDK\LIB\libCH57xBLE.a(gap.o)
                0x000000000000621e                gapProcessDisconnectCompleteEvt
 .text.sendAuthEvent
                0x00000000000062c6      0x11a C:\Users\19156\Desktop\DualModeKeyboard\SDK\LIB\libCH57xBLE.a(gap.o)
                0x00000000000062c6                sendAuthEvent
 .text.gapSendBondCompleteEvent
                0x00000000000063e0       0x70 C:\Users\19156\Desktop\DualModeKeyboard\SDK\LIB\libCH57xBLE.a(gap.o)
                0x00000000000063e0                gapSendBondCompleteEvent
 .text.gapSendPairingReqEvent
                0x0000000000006450       0x92 C:\Users\19156\Desktop\DualModeKeyboard\SDK\LIB\libCH57xBLE.a(gap.o)
                0x0000000000006450                gapSendPairingReqEvent
 .text.gapSendSlaveSecurityReqEvent
                0x00000000000064e2       0x68 C:\Users\19156\Desktop\DualModeKeyboard\SDK\LIB\libCH57xBLE.a(gap.o)
                0x00000000000064e2                gapSendSlaveSecurityReqEvent
 .text.gapSendDeviceInitDoneEvent
                0x000000000000654a       0x88 C:\Users\19156\Desktop\DualModeKeyboard\SDK\LIB\libCH57xBLE.a(gap.o)
                0x000000000000654a                gapSendDeviceInitDoneEvent
 .text.gapSendLinkUpdateEvent
                0x00000000000065d2       0x84 C:\Users\19156\Desktop\DualModeKeyboard\SDK\LIB\libCH57xBLE.a(gap.o)
                0x00000000000065d2                gapSendLinkUpdateEvent
 .text.gapSendEstLinkEvent
                0x0000000000006656       0xb8 C:\Users\19156\Desktop\DualModeKeyboard\SDK\LIB\libCH57xBLE.a(gap.o)
                0x0000000000006656                gapSendEstLinkEvent
 .text.gapProcessNewAddr
                0x000000000000670e       0x3e C:\Users\19156\Desktop\DualModeKeyboard\SDK\LIB\libCH57xBLE.a(gap.o)
                0x000000000000670e                gapProcessNewAddr
 .text.gapProcessRandomAddrComplete
                0x000000000000674c       0xb6 C:\Users\19156\Desktop\DualModeKeyboard\SDK\LIB\libCH57xBLE.a(gap.o)
                0x000000000000674c                gapProcessRandomAddrComplete
 .text.GAP_Authenticate
                0x0000000000006802       0xd2 C:\Users\19156\Desktop\DualModeKeyboard\SDK\LIB\libCH57xBLE.a(gap.o)
                0x0000000000006802                GAP_Authenticate
 .text.GAP_Bond
                0x00000000000068d4       0xa2 C:\Users\19156\Desktop\DualModeKeyboard\SDK\LIB\libCH57xBLE.a(gap.o)
                0x00000000000068d4                GAP_Bond
 .text.GAP_GetParamValue
                0x0000000000006976       0x1e C:\Users\19156\Desktop\DualModeKeyboard\SDK\LIB\libCH57xBLE.a(gap.o)
                0x0000000000006976                GAP_GetParamValue
 .text.GAP_PasscodeUpdate
                0x0000000000006994       0x50 C:\Users\19156\Desktop\DualModeKeyboard\SDK\LIB\libCH57xBLE.a(gap.o)
                0x0000000000006994                GAP_PasscodeUpdate
 .text.GAP_RegisterForMsgs
                0x00000000000069e4        0x6 C:\Users\19156\Desktop\DualModeKeyboard\SDK\LIB\libCH57xBLE.a(gap.o)
                0x00000000000069e4                GAP_RegisterForMsgs
 .text.GAP_ResolvePrivateAddr
                0x00000000000069ea        0x4 C:\Users\19156\Desktop\DualModeKeyboard\SDK\LIB\libCH57xBLE.a(gap.o)
                0x00000000000069ea                GAP_ResolvePrivateAddr
 .text.gapPairingCompleteCB
                0x00000000000069ee      0x188 C:\Users\19156\Desktop\DualModeKeyboard\SDK\LIB\libCH57xBLE.a(gap.o)
                0x00000000000069ee                gapPairingCompleteCB
 .text.gapPasskeyNeededCB
                0x0000000000006b76       0x8e C:\Users\19156\Desktop\DualModeKeyboard\SDK\LIB\libCH57xBLE.a(gap.o)
                0x0000000000006b76                gapPasskeyNeededCB
 .text.gapFreeEstLink
                0x0000000000006c04       0x20 C:\Users\19156\Desktop\DualModeKeyboard\SDK\LIB\libCH57xBLE.a(gap.o)
                0x0000000000006c04                gapFreeEstLink
 .text.gapUpdateConnSignCounter
                0x0000000000006c24       0x7a C:\Users\19156\Desktop\DualModeKeyboard\SDK\LIB\libCH57xBLE.a(gap.o)
                0x0000000000006c24                gapUpdateConnSignCounter
 .text.GAP_SendSlaveSecurityRequest
                0x0000000000006c9e       0x4c C:\Users\19156\Desktop\DualModeKeyboard\SDK\LIB\libCH57xBLE.a(gap.o)
                0x0000000000006c9e                GAP_SendSlaveSecurityRequest
 .text.GAP_Signable
                0x0000000000006cea       0x66 C:\Users\19156\Desktop\DualModeKeyboard\SDK\LIB\libCH57xBLE.a(gap.o)
                0x0000000000006cea                GAP_Signable
 .text.GAP_TerminateAuth
                0x0000000000006d50       0x2a C:\Users\19156\Desktop\DualModeKeyboard\SDK\LIB\libCH57xBLE.a(gap.o)
                0x0000000000006d50                GAP_TerminateAuth
 .text.GAP_NumActiveConnections
                0x0000000000006d7a        0x4 C:\Users\19156\Desktop\DualModeKeyboard\SDK\LIB\libCH57xBLE.a(gap.o)
                0x0000000000006d7a                GAP_NumActiveConnections
 .text.GAP_TerminateLinkReq
                0x0000000000006d7e       0x8e C:\Users\19156\Desktop\DualModeKeyboard\SDK\LIB\libCH57xBLE.a(gap.o)
                0x0000000000006d7e                GAP_TerminateLinkReq
 .text.GAP_SetParamValue
                0x0000000000006e0c       0x4a C:\Users\19156\Desktop\DualModeKeyboard\SDK\LIB\libCH57xBLE.a(gap.o)
                0x0000000000006e0c                GAP_SetParamValue
 .text.GAP_Init
                0x0000000000006e56       0x44 C:\Users\19156\Desktop\DualModeKeyboard\SDK\LIB\libCH57xBLE.a(gap.o)
                0x0000000000006e56                GAP_Init
 .text.GAP_ProcessEvent
                0x0000000000006e9a      0x578 C:\Users\19156\Desktop\DualModeKeyboard\SDK\LIB\libCH57xBLE.a(gap.o)
                0x0000000000006e9a                GAP_ProcessEvent
 .text.gapSendScanEnable
                0x0000000000007412       0x1e C:\Users\19156\Desktop\DualModeKeyboard\SDK\LIB\libCH57xBLE.a(gap_central.o)
 .text.gapCentProcessConnEvt
                0x0000000000007430      0x148 C:\Users\19156\Desktop\DualModeKeyboard\SDK\LIB\libCH57xBLE.a(gap_central.o)
                0x0000000000007430                gapCentProcessConnEvt
 .text.gapCancelLinkReq
                0x0000000000007578       0x38 C:\Users\19156\Desktop\DualModeKeyboard\SDK\LIB\libCH57xBLE.a(gap_central.o)
                0x0000000000007578                gapCancelLinkReq
 .text.GAP_CentralParamInit
                0x00000000000075b0       0x4c C:\Users\19156\Desktop\DualModeKeyboard\SDK\LIB\libCH57xBLE.a(gap_central.o)
                0x00000000000075b0                GAP_CentralParamInit
 .text.gapProcessAdvertDevInfo
                0x00000000000075fc      0x23a C:\Users\19156\Desktop\DualModeKeyboard\SDK\LIB\libCH57xBLE.a(gap_central.o)
                0x00000000000075fc                gapProcessAdvertDevInfo
 .text.gapFreeScanRecs
                0x0000000000007836       0xa2 C:\Users\19156\Desktop\DualModeKeyboard\SDK\LIB\libCH57xBLE.a(gap_central.o)
                0x0000000000007836                gapFreeScanRecs
 .text.gapSendDevDiscEvent
                0x00000000000078d8      0x124 C:\Users\19156\Desktop\DualModeKeyboard\SDK\LIB\libCH57xBLE.a(gap_central.o)
                0x00000000000078d8                gapSendDevDiscEvent
 .text.gapSetScanParamStatus.part.2
                0x00000000000079fc       0x40 C:\Users\19156\Desktop\DualModeKeyboard\SDK\LIB\libCH57xBLE.a(gap_central.o)
 .text.gapCentProcessHCICmdEvt
                0x0000000000007a3c       0x3c C:\Users\19156\Desktop\DualModeKeyboard\SDK\LIB\libCH57xBLE.a(gap_central.o)
                0x0000000000007a3c                gapCentProcessHCICmdEvt
 .text.gapProcessScanningEvt
                0x0000000000007a78      0x110 C:\Users\19156\Desktop\DualModeKeyboard\SDK\LIB\libCH57xBLE.a(gap_central.o)
                0x0000000000007a78                gapProcessScanningEvt
 .text.gapProcessScanningDirectEvt
                0x0000000000007b88       0xfe C:\Users\19156\Desktop\DualModeKeyboard\SDK\LIB\libCH57xBLE.a(gap_central.o)
                0x0000000000007b88                gapProcessScanningDirectEvt
 .text.GAP_CentConnRegister
                0x0000000000007c86       0x12 C:\Users\19156\Desktop\DualModeKeyboard\SDK\LIB\libCH57xBLE.a(gap_central.o)
                0x0000000000007c86                GAP_CentConnRegister
 .text.GAP_CentDevMgrInit
                0x0000000000007c98       0x94 C:\Users\19156\Desktop\DualModeKeyboard\SDK\LIB\libCH57xBLE.a(gap_central.o)
                0x0000000000007c98                GAP_CentDevMgrInit
 .text.gapFreeAdvertState
                0x0000000000007d2c       0x20 C:\Users\19156\Desktop\DualModeKeyboard\SDK\LIB\libCH57xBLE.a(gap_peripheral.o)
 .text.gapPeriProcessConnEvt
                0x0000000000007d4c       0xbc C:\Users\19156\Desktop\DualModeKeyboard\SDK\LIB\libCH57xBLE.a(gap_peripheral.o)
 .text.gapSetAdvParams
                0x0000000000007e08       0x7e C:\Users\19156\Desktop\DualModeKeyboard\SDK\LIB\libCH57xBLE.a(gap_peripheral.o)
 .text.GAP_PeripheralParamInit
                0x0000000000007e86       0x4a C:\Users\19156\Desktop\DualModeKeyboard\SDK\LIB\libCH57xBLE.a(gap_peripheral.o)
                0x0000000000007e86                GAP_PeripheralParamInit
 .text.gapSendMakeDiscEvent
                0x0000000000007ed0       0x50 C:\Users\19156\Desktop\DualModeKeyboard\SDK\LIB\libCH57xBLE.a(gap_peripheral.o)
                0x0000000000007ed0                gapSendMakeDiscEvent
 .text.gapPeriProcessHCICmdCompleteEvt
                0x0000000000007f20      0x192 C:\Users\19156\Desktop\DualModeKeyboard\SDK\LIB\libCH57xBLE.a(gap_peripheral.o)
 .text.GAP_MakeDiscoverable
                0x00000000000080b2       0xf0 C:\Users\19156\Desktop\DualModeKeyboard\SDK\LIB\libCH57xBLE.a(gap_peripheral.o)
                0x00000000000080b2                GAP_MakeDiscoverable
 .text.GAP_EndDiscoverable
                0x00000000000081a2       0x5c C:\Users\19156\Desktop\DualModeKeyboard\SDK\LIB\libCH57xBLE.a(gap_peripheral.o)
                0x00000000000081a2                GAP_EndDiscoverable
 .text.gapProcessAdvertisingEvt
                0x00000000000081fe       0x90 C:\Users\19156\Desktop\DualModeKeyboard\SDK\LIB\libCH57xBLE.a(gap_peripheral.o)
 .text.GAP_UpdateAdvertisingData
                0x000000000000828e       0xb8 C:\Users\19156\Desktop\DualModeKeyboard\SDK\LIB\libCH57xBLE.a(gap_peripheral.o)
                0x000000000000828e                GAP_UpdateAdvertisingData
 .text.GAP_ConfigDeviceAddr
                0x0000000000008346      0x10e C:\Users\19156\Desktop\DualModeKeyboard\SDK\LIB\libCH57xBLE.a(gap_peripheral.o)
                0x0000000000008346                GAP_ConfigDeviceAddr
 .text.GAP_PeriConnRegister
                0x0000000000008454       0x2a C:\Users\19156\Desktop\DualModeKeyboard\SDK\LIB\libCH57xBLE.a(gap_peripheral.o)
                0x0000000000008454                GAP_PeriConnRegister
 .text.GAP_PeriDevMgrInit
                0x000000000000847e       0xbc C:\Users\19156\Desktop\DualModeKeyboard\SDK\LIB\libCH57xBLE.a(gap_peripheral.o)
                0x000000000000847e                GAP_PeriDevMgrInit
 .text.ggs_SetAttrWPermit
                0x000000000000853a       0x68 C:\Users\19156\Desktop\DualModeKeyboard\SDK\LIB\libCH57xBLE.a(gapgattserver.o)
 .text.ggs_ReadAttrCB
                0x00000000000085a2      0x152 C:\Users\19156\Desktop\DualModeKeyboard\SDK\LIB\libCH57xBLE.a(gapgattserver.o)
 .text.ggs_WriteAttrCB
                0x00000000000086f4      0x154 C:\Users\19156\Desktop\DualModeKeyboard\SDK\LIB\libCH57xBLE.a(gapgattserver.o)
 .text.GGS_ParamInit
                0x0000000000008848      0x23a C:\Users\19156\Desktop\DualModeKeyboard\SDK\LIB\libCH57xBLE.a(gapgattserver.o)
                0x0000000000008848                GGS_ParamInit
 .text.GGS_SetParameter
                0x0000000000008a82       0xde C:\Users\19156\Desktop\DualModeKeyboard\SDK\LIB\libCH57xBLE.a(gapgattserver.o)
                0x0000000000008a82                GGS_SetParameter
 .text.GGS_AddService
                0x0000000000008b60       0x2c C:\Users\19156\Desktop\DualModeKeyboard\SDK\LIB\libCH57xBLE.a(gapgattserver.o)
                0x0000000000008b60                GGS_AddService
 .text.GAP_DeviceInit
                0x0000000000008b8c       0xd8 C:\Users\19156\Desktop\DualModeKeyboard\SDK\LIB\libCH57xBLE.a(gapgattserver.o)
                0x0000000000008b8c                GAP_DeviceInit
 .text.gattGetPayload
                0x0000000000008c64       0x7e C:\Users\19156\Desktop\DualModeKeyboard\SDK\LIB\libCH57xBLE.a(gatt.o)
                0x0000000000008c64                gattGetPayload
 .text.gattNotifyEvent
                0x0000000000008ce2       0x80 C:\Users\19156\Desktop\DualModeKeyboard\SDK\LIB\libCH57xBLE.a(gatt.o)
                0x0000000000008ce2                gattNotifyEvent
 .text.gattSendFlowCtrlEvt
                0x0000000000008d62       0x4a C:\Users\19156\Desktop\DualModeKeyboard\SDK\LIB\libCH57xBLE.a(gatt.o)
                0x0000000000008d62                gattSendFlowCtrlEvt
 .text.gattStartTimer
                0x0000000000008dac        0xc C:\Users\19156\Desktop\DualModeKeyboard\SDK\LIB\libCH57xBLE.a(gatt.o)
                0x0000000000008dac                gattStartTimer
 .text.gattStopTimer
                0x0000000000008db8       0x32 C:\Users\19156\Desktop\DualModeKeyboard\SDK\LIB\libCH57xBLE.a(gatt.o)
                0x0000000000008db8                gattStopTimer
 .text.GATT_AppCompletedMsg
                0x0000000000008dea       0x30 C:\Users\19156\Desktop\DualModeKeyboard\SDK\LIB\libCH57xBLE.a(gatt.o)
                0x0000000000008dea                GATT_AppCompletedMsg
 .text.GATT_NotifyEvent
                0x0000000000008e1a       0x4e C:\Users\19156\Desktop\DualModeKeyboard\SDK\LIB\libCH57xBLE.a(gatt.o)
                0x0000000000008e1a                GATT_NotifyEvent
 .text.gattRegisterServer
                0x0000000000008e68        0x6 C:\Users\19156\Desktop\DualModeKeyboard\SDK\LIB\libCH57xBLE.a(gatt.o)
                0x0000000000008e68                gattRegisterServer
 .text.GATT_UpdateMTU
                0x0000000000008e6e       0x5c C:\Users\19156\Desktop\DualModeKeyboard\SDK\LIB\libCH57xBLE.a(gatt.o)
                0x0000000000008e6e                GATT_UpdateMTU
 .text.GATT_bm_alloc
                0x0000000000008eca       0xea C:\Users\19156\Desktop\DualModeKeyboard\SDK\LIB\libCH57xBLE.a(gatt.o)
                0x0000000000008eca                GATT_bm_alloc
 .text.GATT_ServiceChangedInd
                0x0000000000008fb4       0x94 C:\Users\19156\Desktop\DualModeKeyboard\SDK\LIB\libCH57xBLE.a(gatt.o)
                0x0000000000008fb4                GATT_ServiceChangedInd
 .text.GATT_bm_free
                0x0000000000009048       0x1c C:\Users\19156\Desktop\DualModeKeyboard\SDK\LIB\libCH57xBLE.a(gatt.o)
                0x0000000000009048                GATT_bm_free
 .text.GATT_RegisterForPeriMsgs
                0x0000000000009064        0x6 C:\Users\19156\Desktop\DualModeKeyboard\SDK\LIB\libCH57xBLE.a(gatt.o)
                0x0000000000009064                GATT_RegisterForPeriMsgs
 .text.GATT_Init
                0x000000000000906a       0x30 C:\Users\19156\Desktop\DualModeKeyboard\SDK\LIB\libCH57xBLE.a(gatt.o)
                0x000000000000906a                GATT_Init
 .text.GATT_ProcessEvent
                0x000000000000909a      0x136 C:\Users\19156\Desktop\DualModeKeyboard\SDK\LIB\libCH57xBLE.a(gatt.o)
                0x000000000000909a                GATT_ProcessEvent
 .text.gattProcessExchangeMTUReq
                0x00000000000091d0        0x4 C:\Users\19156\Desktop\DualModeKeyboard\SDK\LIB\libCH57xBLE.a(gattservapp.o)
 .text.gattServApp_FindCharCfgItem
                0x00000000000091d4       0x20 C:\Users\19156\Desktop\DualModeKeyboard\SDK\LIB\libCH57xBLE.a(gattservapp.o)
 .text.gattServerHandleTimerCB
                0x00000000000091f4       0x3c C:\Users\19156\Desktop\DualModeKeyboard\SDK\LIB\libCH57xBLE.a(gattservapp.o)
 .text.GATTServApp_InitCharCfg.part.12
                0x0000000000009230       0x1c C:\Users\19156\Desktop\DualModeKeyboard\SDK\LIB\libCH57xBLE.a(gattservapp.o)
 .text.gattProcessExecuteWriteReq
                0x000000000000924c        0x4 C:\Users\19156\Desktop\DualModeKeyboard\SDK\LIB\libCH57xBLE.a(gattservapp.o)
 .text.GATTServApp_ParamInit
                0x0000000000009250       0xd6 C:\Users\19156\Desktop\DualModeKeyboard\SDK\LIB\libCH57xBLE.a(gattservapp.o)
                0x0000000000009250                GATTServApp_ParamInit
 .text.GATTServApp_ReadCharCfg
                0x0000000000009326       0x18 C:\Users\19156\Desktop\DualModeKeyboard\SDK\LIB\libCH57xBLE.a(gattservapp.o)
                0x0000000000009326                GATTServApp_ReadCharCfg
 .text.GATTServApp_WriteCharCfg
                0x000000000000933e       0x3c C:\Users\19156\Desktop\DualModeKeyboard\SDK\LIB\libCH57xBLE.a(gattservapp.o)
                0x000000000000933e                GATTServApp_WriteCharCfg
 .text.GATTServApp_ProcessCCCWriteReq
                0x000000000000937a       0x60 C:\Users\19156\Desktop\DualModeKeyboard\SDK\LIB\libCH57xBLE.a(gattservapp.o)
                0x000000000000937a                GATTServApp_ProcessCCCWriteReq
 .text.gattServApp_WriteAttrCB
                0x00000000000093da       0x34 C:\Users\19156\Desktop\DualModeKeyboard\SDK\LIB\libCH57xBLE.a(gattservapp.o)
                0x00000000000093da                gattServApp_WriteAttrCB
 .text.GATTServApp_SendCCCUpdatedEvent
                0x000000000000940e       0x5e C:\Users\19156\Desktop\DualModeKeyboard\SDK\LIB\libCH57xBLE.a(gattservapp.o)
                0x000000000000940e                GATTServApp_SendCCCUpdatedEvent
 .text.GATTServApp_SendServiceChangedInd
                0x000000000000946c       0x36 C:\Users\19156\Desktop\DualModeKeyboard\SDK\LIB\libCH57xBLE.a(gattservapp.o)
                0x000000000000946c                GATTServApp_SendServiceChangedInd
 .text.gattServApp_ClearPrepareWriteQ
                0x00000000000094a2       0x4c C:\Users\19156\Desktop\DualModeKeyboard\SDK\LIB\libCH57xBLE.a(gattservapp.o)
                0x00000000000094a2                gattServApp_ClearPrepareWriteQ
 .text.gattServApp_FindPrepareWriteQ
                0x00000000000094ee       0x2c C:\Users\19156\Desktop\DualModeKeyboard\SDK\LIB\libCH57xBLE.a(gattservapp.o)
                0x00000000000094ee                gattServApp_FindPrepareWriteQ
 .text.gattServApp_FindServiceCBs
                0x000000000000951a       0x18 C:\Users\19156\Desktop\DualModeKeyboard\SDK\LIB\libCH57xBLE.a(gattservapp.o)
                0x000000000000951a                gattServApp_FindServiceCBs
 .text.gattServApp_FindAuthorizeAttrCB
                0x0000000000009532       0x16 C:\Users\19156\Desktop\DualModeKeyboard\SDK\LIB\libCH57xBLE.a(gattservapp.o)
                0x0000000000009532                gattServApp_FindAuthorizeAttrCB
 .text.gattServApp_IsWriteLong
                0x0000000000009548       0xe6 C:\Users\19156\Desktop\DualModeKeyboard\SDK\LIB\libCH57xBLE.a(gattservapp.o)
                0x0000000000009548                gattServApp_IsWriteLong
 .text.gattFindService
                0x000000000000962e       0x1c C:\Users\19156\Desktop\DualModeKeyboard\SDK\LIB\libCH57xBLE.a(gattservapp.o)
                0x000000000000962e                gattFindService
 .text.GATT_ServiceNumAttrs
                0x000000000000964a       0x18 C:\Users\19156\Desktop\DualModeKeyboard\SDK\LIB\libCH57xBLE.a(gattservapp.o)
                0x000000000000964a                GATT_ServiceNumAttrs
 .text.GATT_ServiceEncKeySize
                0x0000000000009662       0x18 C:\Users\19156\Desktop\DualModeKeyboard\SDK\LIB\libCH57xBLE.a(gattservapp.o)
                0x0000000000009662                GATT_ServiceEncKeySize
 .text.GATT_VerifyWritePermissions.part.7
                0x000000000000967a       0x2e C:\Users\19156\Desktop\DualModeKeyboard\SDK\LIB\libCH57xBLE.a(gattservapp.o)
 .text.gattResetServerInfo
                0x00000000000096a8       0x1c C:\Users\19156\Desktop\DualModeKeyboard\SDK\LIB\libCH57xBLE.a(gattservapp.o)
                0x00000000000096a8                gattResetServerInfo
 .text.gattFindServerInfo
                0x00000000000096c4       0x28 C:\Users\19156\Desktop\DualModeKeyboard\SDK\LIB\libCH57xBLE.a(gattservapp.o)
                0x00000000000096c4                gattFindServerInfo
 .text.gattServerHandleConnStatusCB
                0x00000000000096ec       0x98 C:\Users\19156\Desktop\DualModeKeyboard\SDK\LIB\libCH57xBLE.a(gattservapp.o)
                0x00000000000096ec                gattServerHandleConnStatusCB
 .text.gattServerProcessMsgCB
                0x0000000000009784      0x1c0 C:\Users\19156\Desktop\DualModeKeyboard\SDK\LIB\libCH57xBLE.a(gattservapp.o)
                0x0000000000009784                gattServerProcessMsgCB
 .text.gattServerNotifyTxCB
                0x0000000000009944       0x28 C:\Users\19156\Desktop\DualModeKeyboard\SDK\LIB\libCH57xBLE.a(gattservapp.o)
 .text.GATT_FindHandle
                0x000000000000996c       0x4a C:\Users\19156\Desktop\DualModeKeyboard\SDK\LIB\libCH57xBLE.a(gattservapp.o)
                0x000000000000996c                GATT_FindHandle
 .text.GATTServApp_WriteAttr
                0x00000000000099b6       0xa8 C:\Users\19156\Desktop\DualModeKeyboard\SDK\LIB\libCH57xBLE.a(gattservapp.o)
                0x00000000000099b6                GATTServApp_WriteAttr
 .text.gattServApp_ProcessExecuteWriteReq
                0x0000000000009a5e      0x100 C:\Users\19156\Desktop\DualModeKeyboard\SDK\LIB\libCH57xBLE.a(gattservapp.o)
                0x0000000000009a5e                gattServApp_ProcessExecuteWriteReq
 .text.GATTServApp_UpdateCharCfg
                0x0000000000009b5e       0x1e C:\Users\19156\Desktop\DualModeKeyboard\SDK\LIB\libCH57xBLE.a(gattservapp.o)
                0x0000000000009b5e                GATTServApp_UpdateCharCfg
 .text.gattServApp_ProcessPrepareWriteReq
                0x0000000000009b7c      0x10e C:\Users\19156\Desktop\DualModeKeyboard\SDK\LIB\libCH57xBLE.a(gattservapp.o)
                0x0000000000009b7c                gattServApp_ProcessPrepareWriteReq
 .text.gattServApp_ProcessWriteReq
                0x0000000000009c8a       0xb0 C:\Users\19156\Desktop\DualModeKeyboard\SDK\LIB\libCH57xBLE.a(gattservapp.o)
                0x0000000000009c8a                gattServApp_ProcessWriteReq
 .text.GATT_Indication
                0x0000000000009d3a       0xa4 C:\Users\19156\Desktop\DualModeKeyboard\SDK\LIB\libCH57xBLE.a(gattservapp.o)
                0x0000000000009d3a                GATT_Indication
 .text.GATT_FindHandleUUID
                0x0000000000009dde       0x94 C:\Users\19156\Desktop\DualModeKeyboard\SDK\LIB\libCH57xBLE.a(gattservapp.o)
                0x0000000000009dde                GATT_FindHandleUUID
 .text.gattProcessReadByGrpTypeReq
                0x0000000000009e72       0x60 C:\Users\19156\Desktop\DualModeKeyboard\SDK\LIB\libCH57xBLE.a(gattservapp.o)
 .text.gattProcessReadByTypeReq
                0x0000000000009ed2       0x34 C:\Users\19156\Desktop\DualModeKeyboard\SDK\LIB\libCH57xBLE.a(gattservapp.o)
 .text.gattProcessFindByTypeValueReq
                0x0000000000009f06       0x34 C:\Users\19156\Desktop\DualModeKeyboard\SDK\LIB\libCH57xBLE.a(gattservapp.o)
 .text.gattProcessFindInfoReq
                0x0000000000009f3a      0x1aa C:\Users\19156\Desktop\DualModeKeyboard\SDK\LIB\libCH57xBLE.a(gattservapp.o)
 .text.GATT_Notification
                0x000000000000a0e4       0x70 C:\Users\19156\Desktop\DualModeKeyboard\SDK\LIB\libCH57xBLE.a(gattservapp.o)
                0x000000000000a0e4                GATT_Notification
 .text.GATT_VerifyWritePermissions
                0x000000000000a154       0x6a C:\Users\19156\Desktop\DualModeKeyboard\SDK\LIB\libCH57xBLE.a(gattservapp.o)
                0x000000000000a154                GATT_VerifyWritePermissions
 .text.gattProcessWriteReq
                0x000000000000a1be       0x36 C:\Users\19156\Desktop\DualModeKeyboard\SDK\LIB\libCH57xBLE.a(gattservapp.o)
 .text.GATT_VerifyPrepareWritePermissions
                0x000000000000a1f4       0x56 C:\Users\19156\Desktop\DualModeKeyboard\SDK\LIB\libCH57xBLE.a(gattservapp.o)
                0x000000000000a1f4                GATT_VerifyPrepareWritePermissions
 .text.gattProcessPrepareWriteReq
                0x000000000000a24a       0x36 C:\Users\19156\Desktop\DualModeKeyboard\SDK\LIB\libCH57xBLE.a(gattservapp.o)
 .text.GATT_FindNextAttr
                0x000000000000a280       0xc2 C:\Users\19156\Desktop\DualModeKeyboard\SDK\LIB\libCH57xBLE.a(gattservapp.o)
                0x000000000000a280                GATT_FindNextAttr
 .text.GATTServApp_ReadAttr
                0x000000000000a342      0x2e2 C:\Users\19156\Desktop\DualModeKeyboard\SDK\LIB\libCH57xBLE.a(gattservapp.o)
                0x000000000000a342                GATTServApp_ReadAttr
 .text.gattServApp_ProcessReadMultiReq
                0x000000000000a624      0x16e C:\Users\19156\Desktop\DualModeKeyboard\SDK\LIB\libCH57xBLE.a(gattservapp.o)
                0x000000000000a624                gattServApp_ProcessReadMultiReq
 .text.gattServApp_ProcessFindByTypeValueReq
                0x000000000000a792      0x19c C:\Users\19156\Desktop\DualModeKeyboard\SDK\LIB\libCH57xBLE.a(gattservapp.o)
                0x000000000000a792                gattServApp_ProcessFindByTypeValueReq
 .text.GATT_VerifyReadPermissions
                0x000000000000a92e       0x68 C:\Users\19156\Desktop\DualModeKeyboard\SDK\LIB\libCH57xBLE.a(gattservapp.o)
                0x000000000000a92e                GATT_VerifyReadPermissions
 .text.gattProcessReadMultiReq
                0x000000000000a996       0xae C:\Users\19156\Desktop\DualModeKeyboard\SDK\LIB\libCH57xBLE.a(gattservapp.o)
 .text.gattProcessReadReq
                0x000000000000aa44       0x30 C:\Users\19156\Desktop\DualModeKeyboard\SDK\LIB\libCH57xBLE.a(gattservapp.o)
 .text.gattServApp_ProcessReadByGrpTypeReq
                0x000000000000aa74      0x21c C:\Users\19156\Desktop\DualModeKeyboard\SDK\LIB\libCH57xBLE.a(gattservapp.o)
                0x000000000000aa74                gattServApp_ProcessReadByGrpTypeReq
 .text.gattServApp_ProcessReadByTypeReq
                0x000000000000ac90      0x1ae C:\Users\19156\Desktop\DualModeKeyboard\SDK\LIB\libCH57xBLE.a(gattservapp.o)
                0x000000000000ac90                gattServApp_ProcessReadByTypeReq
 .text.GATT_RegisterService
                0x000000000000ae3e       0xfc C:\Users\19156\Desktop\DualModeKeyboard\SDK\LIB\libCH57xBLE.a(gattservapp.o)
                0x000000000000ae3e                GATT_RegisterService
 .text.GATTServApp_RegisterService
                0x000000000000af3a       0x8a C:\Users\19156\Desktop\DualModeKeyboard\SDK\LIB\libCH57xBLE.a(gattservapp.o)
                0x000000000000af3a                GATTServApp_RegisterService
 .text.GATTServApp_AddService
                0x000000000000afc4       0x2c C:\Users\19156\Desktop\DualModeKeyboard\SDK\LIB\libCH57xBLE.a(gattservapp.o)
                0x000000000000afc4                GATTServApp_AddService
 .text.GATTServApp_RegisterForMsg
                0x000000000000aff0        0x6 C:\Users\19156\Desktop\DualModeKeyboard\SDK\LIB\libCH57xBLE.a(gattservapp.o)
                0x000000000000aff0                GATTServApp_RegisterForMsg
 .text.GATTServApp_InitCharCfg
                0x000000000000aff6       0x28 C:\Users\19156\Desktop\DualModeKeyboard\SDK\LIB\libCH57xBLE.a(gattservapp.o)
                0x000000000000aff6                GATTServApp_InitCharCfg
 .text.gattServApp_HandleConnStatusCB
                0x000000000000b01e       0x74 C:\Users\19156\Desktop\DualModeKeyboard\SDK\LIB\libCH57xBLE.a(gattservapp.o)
                0x000000000000b01e                gattServApp_HandleConnStatusCB
 .text.GATT_InitServer
                0x000000000000b092       0xf6 C:\Users\19156\Desktop\DualModeKeyboard\SDK\LIB\libCH57xBLE.a(gattservapp.o)
                0x000000000000b092                GATT_InitServer
 .text.GATTServApp_Init
                0x000000000000b188       0x34 C:\Users\19156\Desktop\DualModeKeyboard\SDK\LIB\libCH57xBLE.a(gattservapp.o)
                0x000000000000b188                GATTServApp_Init
 .text.GATTServApp_ProcessEvent
                0x000000000000b1bc      0x366 C:\Users\19156\Desktop\DualModeKeyboard\SDK\LIB\libCH57xBLE.a(gattservapp.o)
                0x000000000000b1bc                GATTServApp_ProcessEvent
 .text.l2capAllocConnChannel
                0x000000000000b522       0xd8 C:\Users\19156\Desktop\DualModeKeyboard\SDK\LIB\libCH57xBLE.a(l2cap.o)
                0x000000000000b522                l2capAllocConnChannel
 .text.l2capFindLocalCID
                0x000000000000b5fa       0x2c C:\Users\19156\Desktop\DualModeKeyboard\SDK\LIB\libCH57xBLE.a(l2cap.o)
                0x000000000000b5fa                l2capFindLocalCID
 .text.l2capFindLocalId
                0x000000000000b626       0x30 C:\Users\19156\Desktop\DualModeKeyboard\SDK\LIB\libCH57xBLE.a(l2cap.o)
                0x000000000000b626                l2capFindLocalId
 .text.l2capFindPsm
                0x000000000000b656       0x2c C:\Users\19156\Desktop\DualModeKeyboard\SDK\LIB\libCH57xBLE.a(l2cap.o)
                0x000000000000b656                l2capFindPsm
 .text.l2capFindRemoteCID
                0x000000000000b682       0x3c C:\Users\19156\Desktop\DualModeKeyboard\SDK\LIB\libCH57xBLE.a(l2cap.o)
                0x000000000000b682                l2capFindRemoteCID
 .text.l2capFreeChannel
                0x000000000000b6be       0x4a C:\Users\19156\Desktop\DualModeKeyboard\SDK\LIB\libCH57xBLE.a(l2cap.o)
                0x000000000000b6be                l2capFreeChannel
 .text.l2capDisconnectChannel
                0x000000000000b708       0x28 C:\Users\19156\Desktop\DualModeKeyboard\SDK\LIB\libCH57xBLE.a(l2cap.o)
                0x000000000000b708                l2capDisconnectChannel
 .text.l2capHandleTimerCB
                0x000000000000b730       0x2c C:\Users\19156\Desktop\DualModeKeyboard\SDK\LIB\libCH57xBLE.a(l2cap.o)
                0x000000000000b730                l2capHandleTimerCB
 .text.l2capFreePendingPkt
                0x000000000000b75c       0x58 C:\Users\19156\Desktop\DualModeKeyboard\SDK\LIB\libCH57xBLE.a(l2cap.o)
                0x000000000000b75c                l2capFreePendingPkt
 .text.l2capGetCoChannelInfo
                0x000000000000b7b4       0x7e C:\Users\19156\Desktop\DualModeKeyboard\SDK\LIB\libCH57xBLE.a(l2cap.o)
                0x000000000000b7b4                l2capGetCoChannelInfo
 .text.l2capNumActiveChannnels
                0x000000000000b832       0x44 C:\Users\19156\Desktop\DualModeKeyboard\SDK\LIB\libCH57xBLE.a(l2cap.o)
                0x000000000000b832                l2capNumActiveChannnels
 .text.l2capStartTimer
                0x000000000000b876       0x1a C:\Users\19156\Desktop\DualModeKeyboard\SDK\LIB\libCH57xBLE.a(l2cap.o)
                0x000000000000b876                l2capStartTimer
 .text.l2capStopTimer
                0x000000000000b890       0x1e C:\Users\19156\Desktop\DualModeKeyboard\SDK\LIB\libCH57xBLE.a(l2cap.o)
                0x000000000000b890                l2capStopTimer
 .text.l2capDisconnectAllChannels
                0x000000000000b8ae       0xdc C:\Users\19156\Desktop\DualModeKeyboard\SDK\LIB\libCH57xBLE.a(l2cap.o)
                0x000000000000b8ae                l2capDisconnectAllChannels
 .text.l2capHandleConnStatusCB
                0x000000000000b98a       0x3c C:\Users\19156\Desktop\DualModeKeyboard\SDK\LIB\libCH57xBLE.a(l2cap.o)
                0x000000000000b98a                l2capHandleConnStatusCB
 .text.l2capHandleRxError
                0x000000000000b9c6        0x6 C:\Users\19156\Desktop\DualModeKeyboard\SDK\LIB\libCH57xBLE.a(l2cap.o)
                0x000000000000b9c6                l2capHandleRxError
 .text.L2CAP_GetMTU
                0x000000000000b9cc        0x6 C:\Users\19156\Desktop\DualModeKeyboard\SDK\LIB\libCH57xBLE.a(l2cap.o)
                0x000000000000b9cc                L2CAP_GetMTU
 .text.L2CAP_HostNumCompletedPkts
                0x000000000000b9d2       0x28 C:\Users\19156\Desktop\DualModeKeyboard\SDK\LIB\libCH57xBLE.a(l2cap.o)
                0x000000000000b9d2                L2CAP_HostNumCompletedPkts
 .text.L2CAP_ParseConnectReq
                0x000000000000b9fa       0x5e C:\Users\19156\Desktop\DualModeKeyboard\SDK\LIB\libCH57xBLE.a(l2cap.o)
                0x000000000000b9fa                L2CAP_ParseConnectReq
 .text.L2CAP_ParseFlowCtrlCredit
                0x000000000000ba58       0x2e C:\Users\19156\Desktop\DualModeKeyboard\SDK\LIB\libCH57xBLE.a(l2cap.o)
                0x000000000000ba58                L2CAP_ParseFlowCtrlCredit
 .text.L2CAP_RegisterApp
                0x000000000000ba86       0x30 C:\Users\19156\Desktop\DualModeKeyboard\SDK\LIB\libCH57xBLE.a(l2cap.o)
                0x000000000000ba86                L2CAP_RegisterApp
 .text.L2CAP_SetBufSize
                0x000000000000bab6       0x1e C:\Users\19156\Desktop\DualModeKeyboard\SDK\LIB\libCH57xBLE.a(l2cap.o)
                0x000000000000bab6                L2CAP_SetBufSize
 .text.L2CAP_bm_alloc
                0x000000000000bad4       0x30 C:\Users\19156\Desktop\DualModeKeyboard\SDK\LIB\libCH57xBLE.a(l2cap.o)
                0x000000000000bad4                L2CAP_bm_alloc
 .text.L2CAP_Init
                0x000000000000bb04       0xf0 C:\Users\19156\Desktop\DualModeKeyboard\SDK\LIB\libCH57xBLE.a(l2cap.o)
                0x000000000000bb04                L2CAP_Init
 .text.L2CAP_ProcessEvent
                0x000000000000bbf4       0xc8 C:\Users\19156\Desktop\DualModeKeyboard\SDK\LIB\libCH57xBLE.a(l2cap.o)
                0x000000000000bbf4                L2CAP_ProcessEvent
 .text.l2capParseCmdReject
                0x000000000000bcbc       0x5e C:\Users\19156\Desktop\DualModeKeyboard\SDK\LIB\libCH57xBLE.a(l2cap_input.o)
                0x000000000000bcbc                l2capParseCmdReject
 .text.l2capParseDisconnectReq
                0x000000000000bd1a       0x2e C:\Users\19156\Desktop\DualModeKeyboard\SDK\LIB\libCH57xBLE.a(l2cap_input.o)
                0x000000000000bd1a                l2capParseDisconnectReq
 .text.l2capParseDisconnectRsp
                0x000000000000bd48       0x2e C:\Users\19156\Desktop\DualModeKeyboard\SDK\LIB\libCH57xBLE.a(l2cap_input.o)
                0x000000000000bd48                l2capParseDisconnectRsp
 .text.L2CAP_ParseParamUpdateReq
                0x000000000000bd76       0x4e C:\Users\19156\Desktop\DualModeKeyboard\SDK\LIB\libCH57xBLE.a(l2cap_input.o)
                0x000000000000bd76                L2CAP_ParseParamUpdateReq
 .text.l2capParseParamUpdateRsp
                0x000000000000bdc4       0x1e C:\Users\19156\Desktop\DualModeKeyboard\SDK\LIB\libCH57xBLE.a(l2cap_input.o)
                0x000000000000bdc4                l2capParseParamUpdateRsp
 .text.l2capProcessConnectReq
                0x000000000000bde2       0xfc C:\Users\19156\Desktop\DualModeKeyboard\SDK\LIB\libCH57xBLE.a(l2cap_input.o)
                0x000000000000bde2                l2capProcessConnectReq
 .text.l2capParseConnectRsp
                0x000000000000bede       0x5e C:\Users\19156\Desktop\DualModeKeyboard\SDK\LIB\libCH57xBLE.a(l2cap_input.o)
                0x000000000000bede                l2capParseConnectRsp
 .text.l2capParseSignalHdr
                0x000000000000bf3c       0x22 C:\Users\19156\Desktop\DualModeKeyboard\SDK\LIB\libCH57xBLE.a(l2cap_input.o)
                0x000000000000bf3c                l2capParseSignalHdr
 .text.l2capParsePacket
                0x000000000000bf5e       0x8c C:\Users\19156\Desktop\DualModeKeyboard\SDK\LIB\libCH57xBLE.a(l2cap_input.o)
                0x000000000000bf5e                l2capParsePacket
 .text.l2capProcessReq
                0x000000000000bfea      0x15a C:\Users\19156\Desktop\DualModeKeyboard\SDK\LIB\libCH57xBLE.a(l2cap_input.o)
                0x000000000000bfea                l2capProcessReq
 .text.l2capProcessRsp
                0x000000000000c144      0x150 C:\Users\19156\Desktop\DualModeKeyboard\SDK\LIB\libCH57xBLE.a(l2cap_input.o)
                0x000000000000c144                l2capProcessRsp
 .text.l2capProcessRxData
                0x000000000000c294       0xf8 C:\Users\19156\Desktop\DualModeKeyboard\SDK\LIB\libCH57xBLE.a(l2cap_input.o)
                0x000000000000c294                l2capProcessRxData
 .text.l2capNotifyData
                0x000000000000c38c       0x5a C:\Users\19156\Desktop\DualModeKeyboard\SDK\LIB\libCH57xBLE.a(l2cap_output.o)
                0x000000000000c38c                l2capNotifyData
 .text.l2capNotifySignal
                0x000000000000c3e6       0x76 C:\Users\19156\Desktop\DualModeKeyboard\SDK\LIB\libCH57xBLE.a(l2cap_output.o)
                0x000000000000c3e6                l2capNotifySignal
 .text.l2capNotifyCreditEvt
                0x000000000000c45c       0x9c C:\Users\19156\Desktop\DualModeKeyboard\SDK\LIB\libCH57xBLE.a(l2cap_output.o)
                0x000000000000c45c                l2capNotifyCreditEvt
 .text.l2capNotifyChannelEstEvt
                0x000000000000c4f8       0x58 C:\Users\19156\Desktop\DualModeKeyboard\SDK\LIB\libCH57xBLE.a(l2cap_output.o)
                0x000000000000c4f8                l2capNotifyChannelEstEvt
 .text.l2capNotifyChannelTermEvt
                0x000000000000c550       0x3e C:\Users\19156\Desktop\DualModeKeyboard\SDK\LIB\libCH57xBLE.a(l2cap_output.o)
                0x000000000000c550                l2capNotifyChannelTermEvt
 .text.l2capNotifyEvent
                0x000000000000c58e       0x66 C:\Users\19156\Desktop\DualModeKeyboard\SDK\LIB\libCH57xBLE.a(l2cap_output.o)
                0x000000000000c58e                l2capNotifyEvent
 .text.l2capStoreFCPkt
                0x000000000000c5f4       0x32 C:\Users\19156\Desktop\DualModeKeyboard\SDK\LIB\libCH57xBLE.a(l2cap_output.o)
                0x000000000000c5f4                l2capStoreFCPkt
 .text.l2capFreeTxSDU
                0x000000000000c626       0x9a C:\Users\19156\Desktop\DualModeKeyboard\SDK\LIB\libCH57xBLE.a(l2cap_output.o)
                0x000000000000c626                l2capFreeTxSDU
 .text.l2capReassembleSegment
                0x000000000000c6c0      0x174 C:\Users\19156\Desktop\DualModeKeyboard\SDK\LIB\libCH57xBLE.a(l2cap_output.o)
                0x000000000000c6c0                l2capReassembleSegment
 .text.l2capEncapSendData
                0x000000000000c834       0xec C:\Users\19156\Desktop\DualModeKeyboard\SDK\LIB\libCH57xBLE.a(l2cap_output.o)
                0x000000000000c834                l2capEncapSendData
 .text.l2capSendFCPkt.part.3
                0x000000000000c920       0x70 C:\Users\19156\Desktop\DualModeKeyboard\SDK\LIB\libCH57xBLE.a(l2cap_output.o)
 .text.l2capSendSegment
                0x000000000000c990      0x108 C:\Users\19156\Desktop\DualModeKeyboard\SDK\LIB\libCH57xBLE.a(l2cap_output.o)
                0x000000000000c990                l2capSendSegment
 .text.l2capSendNextSegment
                0x000000000000ca98       0xb4 C:\Users\19156\Desktop\DualModeKeyboard\SDK\LIB\libCH57xBLE.a(l2cap_output.o)
                0x000000000000ca98                l2capSendNextSegment
 .text.l2capSendPkt
                0x000000000000cb4c       0x3a C:\Users\19156\Desktop\DualModeKeyboard\SDK\LIB\libCH57xBLE.a(l2cap_output.o)
                0x000000000000cb4c                l2capSendPkt
 .text.L2CAP_SendData
                0x000000000000cb86       0x82 C:\Users\19156\Desktop\DualModeKeyboard\SDK\LIB\libCH57xBLE.a(l2cap_output.o)
                0x000000000000cb86                L2CAP_SendData
 .text.l2capSendCmd
                0x000000000000cc08       0x8a C:\Users\19156\Desktop\DualModeKeyboard\SDK\LIB\libCH57xBLE.a(l2cap_output.o)
                0x000000000000cc08                l2capSendCmd
 .text.l2capSendReq
                0x000000000000cc92       0xbc C:\Users\19156\Desktop\DualModeKeyboard\SDK\LIB\libCH57xBLE.a(l2cap_output.o)
                0x000000000000cc92                l2capSendReq
 .text.l2capBuildDisconnectReq
                0x000000000000cd4e       0x28 C:\Users\19156\Desktop\DualModeKeyboard\SDK\LIB\libCH57xBLE.a(l2cap_sdu.o)
 .text.l2capBuildParamUpdateReq
                0x000000000000cd76       0x4c C:\Users\19156\Desktop\DualModeKeyboard\SDK\LIB\libCH57xBLE.a(l2cap_sdu.o)
 .text.l2capBuildParamUpdateRsp
                0x000000000000cdc2       0x16 C:\Users\19156\Desktop\DualModeKeyboard\SDK\LIB\libCH57xBLE.a(l2cap_sdu.o)
 .text.l2capBuildConnectRsp
                0x000000000000cdd8       0x5e C:\Users\19156\Desktop\DualModeKeyboard\SDK\LIB\libCH57xBLE.a(l2cap_sdu.o)
 .text.l2capBuildCmdReject
                0x000000000000ce36       0x62 C:\Users\19156\Desktop\DualModeKeyboard\SDK\LIB\libCH57xBLE.a(l2cap_sdu.o)
                0x000000000000ce36                l2capBuildCmdReject
 .text.l2capBuildDisconnectRsp
                0x000000000000ce98       0x28 C:\Users\19156\Desktop\DualModeKeyboard\SDK\LIB\libCH57xBLE.a(l2cap_sdu.o)
                0x000000000000ce98                l2capBuildDisconnectRsp
 .text.l2capSendConnectRsp
                0x000000000000cec0       0xa2 C:\Users\19156\Desktop\DualModeKeyboard\SDK\LIB\libCH57xBLE.a(l2cap_sdu.o)
                0x000000000000cec0                l2capSendConnectRsp
 .text.L2CAP_CmdReject
                0x000000000000cf62       0x12 C:\Users\19156\Desktop\DualModeKeyboard\SDK\LIB\libCH57xBLE.a(l2cap_sdu.o)
                0x000000000000cf62                L2CAP_CmdReject
 .text.L2CAP_DisconnectReq
                0x000000000000cf74       0x2a C:\Users\19156\Desktop\DualModeKeyboard\SDK\LIB\libCH57xBLE.a(l2cap_sdu.o)
                0x000000000000cf74                L2CAP_DisconnectReq
 .text.L2CAP_ConnParamUpdateReq
                0x000000000000cf9e       0x16 C:\Users\19156\Desktop\DualModeKeyboard\SDK\LIB\libCH57xBLE.a(l2cap_sdu.o)
                0x000000000000cf9e                L2CAP_ConnParamUpdateReq
 .text.L2CAP_ConnParamUpdateRsp
                0x000000000000cfb4       0x12 C:\Users\19156\Desktop\DualModeKeyboard\SDK\LIB\libCH57xBLE.a(l2cap_sdu.o)
                0x000000000000cfb4                L2CAP_ConnParamUpdateRsp
 .text.reportStatusChange
                0x000000000000cfc6       0x3e C:\Users\19156\Desktop\DualModeKeyboard\SDK\LIB\libCH57xBLE.a(linkdb.o)
 .text.linkDB_Init
                0x000000000000d004       0x88 C:\Users\19156\Desktop\DualModeKeyboard\SDK\LIB\libCH57xBLE.a(linkdb.o)
                0x000000000000d004                linkDB_Init
 .text.linkDB_Find
                0x000000000000d08c       0x2c C:\Users\19156\Desktop\DualModeKeyboard\SDK\LIB\libCH57xBLE.a(linkdb.o)
                0x000000000000d08c                linkDB_Find
 .text.linkDB_Authen
                0x000000000000d0b8       0x5c C:\Users\19156\Desktop\DualModeKeyboard\SDK\LIB\libCH57xBLE.a(linkdb.o)
                0x000000000000d0b8                linkDB_Authen
 .text.linkDB_FindByAddr
                0x000000000000d114       0x76 C:\Users\19156\Desktop\DualModeKeyboard\SDK\LIB\libCH57xBLE.a(linkdb.o)
                0x000000000000d114                linkDB_FindByAddr
 .text.linkDB_FindFirst
                0x000000000000d18a       0x38 C:\Users\19156\Desktop\DualModeKeyboard\SDK\LIB\libCH57xBLE.a(linkdb.o)
                0x000000000000d18a                linkDB_FindFirst
 .text.linkDB_MTU
                0x000000000000d1c2       0x18 C:\Users\19156\Desktop\DualModeKeyboard\SDK\LIB\libCH57xBLE.a(linkdb.o)
                0x000000000000d1c2                linkDB_MTU
 .text.linkDB_NumActive
                0x000000000000d1da       0x2e C:\Users\19156\Desktop\DualModeKeyboard\SDK\LIB\libCH57xBLE.a(linkdb.o)
                0x000000000000d1da                linkDB_NumActive
 .text.linkDB_NumConns
                0x000000000000d208        0x6 C:\Users\19156\Desktop\DualModeKeyboard\SDK\LIB\libCH57xBLE.a(linkdb.o)
                0x000000000000d208                linkDB_NumConns
 .text.linkDB_Register
                0x000000000000d20e       0x28 C:\Users\19156\Desktop\DualModeKeyboard\SDK\LIB\libCH57xBLE.a(linkdb.o)
                0x000000000000d20e                linkDB_Register
 .text.linkDB_Remove
                0x000000000000d236       0x48 C:\Users\19156\Desktop\DualModeKeyboard\SDK\LIB\libCH57xBLE.a(linkdb.o)
                0x000000000000d236                linkDB_Remove
 .text.linkDB_Role
                0x000000000000d27e       0x18 C:\Users\19156\Desktop\DualModeKeyboard\SDK\LIB\libCH57xBLE.a(linkdb.o)
                0x000000000000d27e                linkDB_Role
 .text.linkDB_State
                0x000000000000d296       0x30 C:\Users\19156\Desktop\DualModeKeyboard\SDK\LIB\libCH57xBLE.a(linkdb.o)
                0x000000000000d296                linkDB_State
 .text.linkDB_UpdateMTU
                0x000000000000d2c6       0x28 C:\Users\19156\Desktop\DualModeKeyboard\SDK\LIB\libCH57xBLE.a(linkdb.o)
                0x000000000000d2c6                linkDB_UpdateMTU
 .text.linkDB_PerformFunc
                0x000000000000d2ee       0x52 C:\Users\19156\Desktop\DualModeKeyboard\SDK\LIB\libCH57xBLE.a(linkdb.o)
                0x000000000000d2ee                linkDB_PerformFunc
 .text.linkDB_PeripheralLinkNum
                0x000000000000d340       0x3e C:\Users\19156\Desktop\DualModeKeyboard\SDK\LIB\libCH57xBLE.a(linkdb.o)
                0x000000000000d340                linkDB_PeripheralLinkNum
 .text.linkDB_GetSMEvtID
                0x000000000000d37e       0x58 C:\Users\19156\Desktop\DualModeKeyboard\SDK\LIB\libCH57xBLE.a(linkdb.o)
                0x000000000000d37e                linkDB_GetSMEvtID
 .text.linkDB_Add
                0x000000000000d3d6       0xb2 C:\Users\19156\Desktop\DualModeKeyboard\SDK\LIB\libCH57xBLE.a(linkdb.o)
                0x000000000000d3d6                linkDB_Add
 .text.linkDB_GetHandleFromSMEvtID
                0x000000000000d488       0x32 C:\Users\19156\Desktop\DualModeKeyboard\SDK\LIB\libCH57xBLE.a(linkdb.o)
                0x000000000000d488                linkDB_GetHandleFromSMEvtID
 .text.linkDB_GetPairingParam
                0x000000000000d4ba       0x54 C:\Users\19156\Desktop\DualModeKeyboard\SDK\LIB\libCH57xBLE.a(linkdb.o)
                0x000000000000d4ba                linkDB_GetPairingParam
 .text.linkDB_NeedSendKey
                0x000000000000d50e       0x42 C:\Users\19156\Desktop\DualModeKeyboard\SDK\LIB\libCH57xBLE.a(linkdb.o)
                0x000000000000d50e                linkDB_NeedSendKey
 .text.smpBuildPairingFailed
                0x000000000000d550       0x1a C:\Users\19156\Desktop\DualModeKeyboard\SDK\LIB\libCH57xBLE.a(sm.o)
                0x000000000000d550                smpBuildPairingFailed
 .text.SM_StartEncryption
                0x000000000000d56a       0x98 C:\Users\19156\Desktop\DualModeKeyboard\SDK\LIB\libCH57xBLE.a(sm.o)
                0x000000000000d56a                SM_StartEncryption
 .text.smpBuildEncInfo
                0x000000000000d602       0x30 C:\Users\19156\Desktop\DualModeKeyboard\SDK\LIB\libCH57xBLE.a(sm.o)
                0x000000000000d602                smpBuildEncInfo
 .text.smpBuildIdentityAddrInfo
                0x000000000000d632       0x3a C:\Users\19156\Desktop\DualModeKeyboard\SDK\LIB\libCH57xBLE.a(sm.o)
                0x000000000000d632                smpBuildIdentityAddrInfo
 .text.smpBuildIdentityInfo
                0x000000000000d66c       0x30 C:\Users\19156\Desktop\DualModeKeyboard\SDK\LIB\libCH57xBLE.a(sm.o)
                0x000000000000d66c                smpBuildIdentityInfo
 .text.smpBuildMasterID
                0x000000000000d69c       0x44 C:\Users\19156\Desktop\DualModeKeyboard\SDK\LIB\libCH57xBLE.a(sm.o)
                0x000000000000d69c                smpBuildMasterID
 .text.smpBuildPairingConfirm
                0x000000000000d6e0       0x30 C:\Users\19156\Desktop\DualModeKeyboard\SDK\LIB\libCH57xBLE.a(sm.o)
                0x000000000000d6e0                smpBuildPairingConfirm
 .text.smpBuildPairingRandom
                0x000000000000d710       0x30 C:\Users\19156\Desktop\DualModeKeyboard\SDK\LIB\libCH57xBLE.a(sm.o)
                0x000000000000d710                smpBuildPairingRandom
 .text.smpBuildSigningInfo
                0x000000000000d740       0x30 C:\Users\19156\Desktop\DualModeKeyboard\SDK\LIB\libCH57xBLE.a(sm.o)
                0x000000000000d740                smpBuildSigningInfo
 .text.SM_ParamInit
                0x000000000000d770       0x5a C:\Users\19156\Desktop\DualModeKeyboard\SDK\LIB\libCH57xBLE.a(sm.o)
                0x000000000000d770                SM_ParamInit
 .text.smDetermineKeySize
                0x000000000000d7ca       0x20 C:\Users\19156\Desktop\DualModeKeyboard\SDK\LIB\libCH57xBLE.a(sm.o)
                0x000000000000d7ca                smDetermineKeySize
 .text.smProcessRandComplete
                0x000000000000d7ea       0x9e C:\Users\19156\Desktop\DualModeKeyboard\SDK\LIB\libCH57xBLE.a(sm.o)
                0x000000000000d7ea                smProcessRandComplete
 .text.smSavePairInfo
                0x000000000000d888      0x186 C:\Users\19156\Desktop\DualModeKeyboard\SDK\LIB\libCH57xBLE.a(sm.o)
                0x000000000000d888                smSavePairInfo
 .text.smSetPairingReqRsp
                0x000000000000da0e       0x38 C:\Users\19156\Desktop\DualModeKeyboard\SDK\LIB\libCH57xBLE.a(sm.o)
                0x000000000000da0e                smSetPairingReqRsp
 .text.smStartEncryption
                0x000000000000da46       0x16 C:\Users\19156\Desktop\DualModeKeyboard\SDK\LIB\libCH57xBLE.a(sm.o)
                0x000000000000da46                smStartEncryption
 .text.smStartRspTimer
                0x000000000000da5c       0x36 C:\Users\19156\Desktop\DualModeKeyboard\SDK\LIB\libCH57xBLE.a(sm.o)
                0x000000000000da5c                smStartRspTimer
 .text.smSendSMMsg
                0x000000000000da92       0x5c C:\Users\19156\Desktop\DualModeKeyboard\SDK\LIB\libCH57xBLE.a(sm.o)
                0x000000000000da92                smSendSMMsg
 .text.smGenerateConfirm
                0x000000000000daee       0x34 C:\Users\19156\Desktop\DualModeKeyboard\SDK\LIB\libCH57xBLE.a(sm.o)
                0x000000000000daee                smGenerateConfirm
 .text.smGenerateRandMsg
                0x000000000000db22       0x34 C:\Users\19156\Desktop\DualModeKeyboard\SDK\LIB\libCH57xBLE.a(sm.o)
                0x000000000000db22                smGenerateRandMsg
 .text.smPairingSendEncInfo
                0x000000000000db56       0x10 C:\Users\19156\Desktop\DualModeKeyboard\SDK\LIB\libCH57xBLE.a(sm.o)
                0x000000000000db56                smPairingSendEncInfo
 .text.smPairingSendIdentityAddrInfo
                0x000000000000db66       0x38 C:\Users\19156\Desktop\DualModeKeyboard\SDK\LIB\libCH57xBLE.a(sm.o)
                0x000000000000db66                smPairingSendIdentityAddrInfo
 .text.smPairingSendIdentityInfo
                0x000000000000db9e       0x10 C:\Users\19156\Desktop\DualModeKeyboard\SDK\LIB\libCH57xBLE.a(sm.o)
                0x000000000000db9e                smPairingSendIdentityInfo
 .text.smPairingSendMasterID
                0x000000000000dbae       0x38 C:\Users\19156\Desktop\DualModeKeyboard\SDK\LIB\libCH57xBLE.a(sm.o)
                0x000000000000dbae                smPairingSendMasterID
 .text.smPairingSendSingingInfo
                0x000000000000dbe6       0x10 C:\Users\19156\Desktop\DualModeKeyboard\SDK\LIB\libCH57xBLE.a(sm.o)
                0x000000000000dbe6                smPairingSendSingingInfo
 .text.smInitiatorSendNextKeyInfo
                0x000000000000dbf6      0x1c2 C:\Users\19156\Desktop\DualModeKeyboard\SDK\LIB\libCH57xBLE.a(sm.o)
                0x000000000000dbf6                smInitiatorSendNextKeyInfo
 .text.smResponderSendNextKeyInfo
                0x000000000000ddb8      0x216 C:\Users\19156\Desktop\DualModeKeyboard\SDK\LIB\libCH57xBLE.a(sm.o)
                0x000000000000ddb8                smResponderSendNextKeyInfo
 .text.smGeneratePairingReqRsp
                0x000000000000dfce       0x3e C:\Users\19156\Desktop\DualModeKeyboard\SDK\LIB\libCH57xBLE.a(sm.o)
                0x000000000000dfce                smGeneratePairingReqRsp
 .text.smStopRspTimer
                0x000000000000e00c        0xa C:\Users\19156\Desktop\DualModeKeyboard\SDK\LIB\libCH57xBLE.a(sm.o)
                0x000000000000e00c                smStopRspTimer
 .text.smFreePairingParams
                0x000000000000e016       0x68 C:\Users\19156\Desktop\DualModeKeyboard\SDK\LIB\libCH57xBLE.a(sm.o)
                0x000000000000e016                smFreePairingParams
 .text.smEndPairing
                0x000000000000e07e       0x5c C:\Users\19156\Desktop\DualModeKeyboard\SDK\LIB\libCH57xBLE.a(sm.o)
                0x000000000000e07e                smEndPairing
 .text.setupInitiatorKeys
                0x000000000000e0da       0x82 C:\Users\19156\Desktop\DualModeKeyboard\SDK\LIB\libCH57xBLE.a(sm.o)
                0x000000000000e0da                setupInitiatorKeys
 .text.smNextPairingState
                0x000000000000e15c       0x56 C:\Users\19156\Desktop\DualModeKeyboard\SDK\LIB\libCH57xBLE.a(sm.o)
                0x000000000000e15c                smNextPairingState
 .text.smProcessEncryptChange
                0x000000000000e1b2       0xde C:\Users\19156\Desktop\DualModeKeyboard\SDK\LIB\libCH57xBLE.a(sm.o)
                0x000000000000e1b2                smProcessEncryptChange
 .text.smSendFailAndEnd
                0x000000000000e290       0x38 C:\Users\19156\Desktop\DualModeKeyboard\SDK\LIB\libCH57xBLE.a(sm.o)
                0x000000000000e290                smSendFailAndEnd
 .text.smProcessPairingReq
                0x000000000000e2c8       0x3c C:\Users\19156\Desktop\DualModeKeyboard\SDK\LIB\libCH57xBLE.a(sm.o)
                0x000000000000e2c8                smProcessPairingReq
 .text.smLinkCheck
                0x000000000000e304       0x34 C:\Users\19156\Desktop\DualModeKeyboard\SDK\LIB\libCH57xBLE.a(sm.o)
                0x000000000000e304                smLinkCheck
 .text.smTimedOut
                0x000000000000e338       0x20 C:\Users\19156\Desktop\DualModeKeyboard\SDK\LIB\libCH57xBLE.a(sm.o)
                0x000000000000e338                smTimedOut
 .text.smUint8ToAuthReq
                0x000000000000e358        0x6 C:\Users\19156\Desktop\DualModeKeyboard\SDK\LIB\libCH57xBLE.a(sm.o)
                0x000000000000e358                smUint8ToAuthReq
 .text.sm_ah    0x000000000000e35e       0x80 C:\Users\19156\Desktop\DualModeKeyboard\SDK\LIB\libCH57xBLE.a(sm.o)
                0x000000000000e35e                sm_ah
 .text.sm_xor   0x000000000000e3de       0x24 C:\Users\19156\Desktop\DualModeKeyboard\SDK\LIB\libCH57xBLE.a(sm.o)
                0x000000000000e3de                sm_xor
 .text.sm_c1new
                0x000000000000e402      0x11c C:\Users\19156\Desktop\DualModeKeyboard\SDK\LIB\libCH57xBLE.a(sm.o)
                0x000000000000e402                sm_c1new
 .text.sm_s1    0x000000000000e51e       0x86 C:\Users\19156\Desktop\DualModeKeyboard\SDK\LIB\libCH57xBLE.a(sm.o)
                0x000000000000e51e                sm_s1
 .text.smResponderProcessLTKReq
                0x000000000000e5a4      0x1e6 C:\Users\19156\Desktop\DualModeKeyboard\SDK\LIB\libCH57xBLE.a(sm.o)
                0x000000000000e5a4                smResponderProcessLTKReq
 .text.xor_128  0x000000000000e78a       0x28 C:\Users\19156\Desktop\DualModeKeyboard\SDK\LIB\libCH57xBLE.a(sm.o)
                0x000000000000e78a                xor_128
 .text.leftshift_onebit
                0x000000000000e7b2       0x2e C:\Users\19156\Desktop\DualModeKeyboard\SDK\LIB\libCH57xBLE.a(sm.o)
                0x000000000000e7b2                leftshift_onebit
 .text.padding  0x000000000000e7e0       0x38 C:\Users\19156\Desktop\DualModeKeyboard\SDK\LIB\libCH57xBLE.a(sm.o)
                0x000000000000e7e0                padding
 .text.generate_subkey
                0x000000000000e818       0xd0 C:\Users\19156\Desktop\DualModeKeyboard\SDK\LIB\libCH57xBLE.a(sm.o)
                0x000000000000e818                generate_subkey
 .text.sm_CMAC  0x000000000000e8e8      0x16e C:\Users\19156\Desktop\DualModeKeyboard\SDK\LIB\libCH57xBLE.a(sm.o)
                0x000000000000e8e8                sm_CMAC
 .text.smpBuildPairingReqRsp
                0x000000000000ea56       0xc6 C:\Users\19156\Desktop\DualModeKeyboard\SDK\LIB\libCH57xBLE.a(sm.o)
                0x000000000000ea56                smpBuildPairingReqRsp
 .text.smpBuildPairingReq
                0x000000000000eb1c        0xa C:\Users\19156\Desktop\DualModeKeyboard\SDK\LIB\libCH57xBLE.a(sm.o)
                0x000000000000eb1c                smpBuildPairingReq
 .text.smpBuildPairingRsp
                0x000000000000eb26        0xa C:\Users\19156\Desktop\DualModeKeyboard\SDK\LIB\libCH57xBLE.a(sm.o)
                0x000000000000eb26                smpBuildPairingRsp
 .text.sm_c1    0x000000000000eb30       0xb4 C:\Users\19156\Desktop\DualModeKeyboard\SDK\LIB\libCH57xBLE.a(sm.o)
                0x000000000000eb30                sm_c1
 .text.smpBuildSecurityReq
                0x000000000000ebe4       0x1a C:\Users\19156\Desktop\DualModeKeyboard\SDK\LIB\libCH57xBLE.a(sm.o)
                0x000000000000ebe4                smpBuildSecurityReq
 .text.smpInitiatorProcessPairingRsp
                0x000000000000ebfe      0x116 C:\Users\19156\Desktop\DualModeKeyboard\SDK\LIB\libCH57xBLE.a(sm.o)
                0x000000000000ebfe                smpInitiatorProcessPairingRsp
 .text.smpInitiatorProcessIncoming
                0x000000000000ed14      0x23e C:\Users\19156\Desktop\DualModeKeyboard\SDK\LIB\libCH57xBLE.a(sm.o)
                0x000000000000ed14                smpInitiatorProcessIncoming
 .text.smpParseEncInfo
                0x000000000000ef52       0x2a C:\Users\19156\Desktop\DualModeKeyboard\SDK\LIB\libCH57xBLE.a(sm.o)
                0x000000000000ef52                smpParseEncInfo
 .text.smpParseIdentityAddrInfo
                0x000000000000ef7c       0x34 C:\Users\19156\Desktop\DualModeKeyboard\SDK\LIB\libCH57xBLE.a(sm.o)
                0x000000000000ef7c                smpParseIdentityAddrInfo
 .text.smpParseIdentityInfo
                0x000000000000efb0       0x2a C:\Users\19156\Desktop\DualModeKeyboard\SDK\LIB\libCH57xBLE.a(sm.o)
                0x000000000000efb0                smpParseIdentityInfo
 .text.smpParseMasterID
                0x000000000000efda       0x3c C:\Users\19156\Desktop\DualModeKeyboard\SDK\LIB\libCH57xBLE.a(sm.o)
                0x000000000000efda                smpParseMasterID
 .text.smpParsePairingConfirm
                0x000000000000f016       0x2a C:\Users\19156\Desktop\DualModeKeyboard\SDK\LIB\libCH57xBLE.a(sm.o)
                0x000000000000f016                smpParsePairingConfirm
 .text.smpParsePairingFailed
                0x000000000000f040       0x22 C:\Users\19156\Desktop\DualModeKeyboard\SDK\LIB\libCH57xBLE.a(sm.o)
                0x000000000000f040                smpParsePairingFailed
 .text.smpParsePairingRandom
                0x000000000000f062       0x2a C:\Users\19156\Desktop\DualModeKeyboard\SDK\LIB\libCH57xBLE.a(sm.o)
                0x000000000000f062                smpParsePairingRandom
 .text.smpParsePairingReq
                0x000000000000f08c      0x118 C:\Users\19156\Desktop\DualModeKeyboard\SDK\LIB\libCH57xBLE.a(sm.o)
                0x000000000000f08c                smpParsePairingReq
 .text.smpParseSigningInfo
                0x000000000000f1a4       0x2a C:\Users\19156\Desktop\DualModeKeyboard\SDK\LIB\libCH57xBLE.a(sm.o)
                0x000000000000f1a4                smpParseSigningInfo
 .text.smProcessDataMsg
                0x000000000000f1ce       0xec C:\Users\19156\Desktop\DualModeKeyboard\SDK\LIB\libCH57xBLE.a(sm.o)
                0x000000000000f1ce                smProcessDataMsg
 .text.smProcessTMOSMsg
                0x000000000000f2ba       0xd4 C:\Users\19156\Desktop\DualModeKeyboard\SDK\LIB\libCH57xBLE.a(sm.o)
                0x000000000000f2ba                smProcessTMOSMsg
 .text.smpResponderProcessPairingReq
                0x000000000000f38e       0xd6 C:\Users\19156\Desktop\DualModeKeyboard\SDK\LIB\libCH57xBLE.a(sm.o)
                0x000000000000f38e                smpResponderProcessPairingReq
 .text.smpResponderProcessIncoming
                0x000000000000f464      0x24c C:\Users\19156\Desktop\DualModeKeyboard\SDK\LIB\libCH57xBLE.a(sm.o)
                0x000000000000f464                smpResponderProcessIncoming
 .text.SM_CalcRandomAddr